2025-11-01 04:37:04.337 20604-633   AudioRecordImpl         com.babelstream                      D  [audioRecordData][fine] 10s(f:10060 m:79 s:0) : pid 20604 uid 10429 sessionId 7649 sr 48000 ch 1 fmt 1
2025-11-01 04:37:04.439 20604-633   AudioCaptureManager     com.babelstream                      I  level=13
2025-11-01 04:37:04.782 20604-633   RecognitionService      com.babelstream                      I  level=32
2025-11-01 04:37:05.459 20604-633   AudioCaptureManager     com.babelstream                      I  level=18
2025-11-01 04:37:05.802 20604-633   RecognitionService      com.babelstream                      I  level=13
2025-11-01 04:37:06.478 20604-633   AudioCaptureManager     com.babelstream                      I  level=0
2025-11-01 04:37:06.823 20604-633   RecognitionService      com.babelstream                      I  level=34
2025-11-01 04:37:07.498 20604-633   AudioCaptureManager     com.babelstream                      I  level=10
2025-11-01 04:37:07.938 20604-633   RecognitionService      com.babelstream                      I  level=15
2025-11-01 04:37:08.537 20604-633   AudioCaptureManager     com.babelstream                      I  level=21
2025-11-01 04:37:08.959 20604-633   RecognitionService      com.babelstream                      I  level=15
2025-11-01 04:37:09.296 20604-633   AudioRecordImpl         com.babelstream                      D  [audioRecordData][fine] 15s(f:15020 m:79 s:0) : pid 20604 uid 10429 sessionId 7649 sr 48000 ch 1 fmt 1
2025-11-01 04:37:09.558 20604-633   AudioCaptureManager     com.babelstream                      I  level=39
2025-11-01 04:37:10.058 20604-633   RecognitionService      com.babelstream                      I  level=16
2025-11-01 04:37:10.380 14431-14448 android.vending         com.android.vending                  W  ApkAssets: Deleting an ApkAssets object '<empty> and /data/app/~~CppTs5wr6lnyjTv8OkEaIg==/com.babelstream-iq51IwBORPYpffPg0oZp8Q==/base.apk' with 1 weak references
2025-11-01 04:37:10.576 20604-633   AudioCaptureManager     com.babelstream                      I  level=0
2025-11-01 04:37:11.098 20604-633   RecognitionService      com.babelstream                      I  level=38
2025-11-01 04:37:11.220  2313-4109  InputDispatcher         system_server                        W  channel 3531114 com.babelstream/com.babelstream.MainActivity (server)~ dropping inconsistent event: DispatchEntry{resolvedFlags=0, targetFlags=0x0, transform=transform (ROT_0) (SCALE )
                                                                                                        0.7500  -0.0000  0.0000
                                                                                                        -0.0000  0.7500  0.0000
                                                                                                        0.0000  0.0000  1.0000
                                                                                                    } original: MotionEvent(action=HOVER_EXIT)
2025-11-01 04:37:11.599 20604-633   AudioCaptureManager     com.babelstream                      I  level=39
2025-11-01 04:37:12.121 20604-633   RecognitionService      com.babelstream                      I  level=0
2025-11-01 04:37:12.616 20604-633   AudioCaptureManager     com.babelstream                      I  level=0
2025-11-01 04:37:13.223 20604-633   RecognitionService      com.babelstream                      I  level=52
2025-11-01 04:37:13.657 20604-633   AudioCaptureManager     com.babelstream                      I  level=37
2025-11-01 04:37:14.338 20604-633   AudioRecordImpl         com.babelstream                      D  [audioRecordData][fine] 20s(f:20061 m:79 s:0) : pid 20604 uid 10429 sessionId 7649 sr 48000 ch 1 fmt 1
2025-11-01 04:37:14.344 20604-633   RecognitionService      com.babelstream                      I  level=0
2025-11-01 04:37:14.677 20604-633   AudioCaptureManager     com.babelstream                      I  level=0
2025-11-01 04:37:15.443 20604-633   RecognitionService      com.babelstream                      I  level=0
2025-11-01 04:37:15.698 20604-633   AudioCaptureManager     com.babelstream                      I  level=45
2025-11-01 04:37:16.561 20604-633   RecognitionService      com.babelstream                      I  level=0
2025-11-01 04:37:16.717 20604-633   AudioCaptureManager     com.babelstream                      I  level=0
2025-11-01 04:37:17.660 20604-633   RecognitionService      com.babelstream                      I  level=0
2025-11-01 04:37:17.737 20604-633   AudioCaptureManager     com.babelstream                      I  level=0
2025-11-01 04:37:18.684 20604-633   RecognitionService      com.babelstream                      I  level=0
2025-11-01 04:37:18.776 20604-633   AudioCaptureManager     com.babelstream                      I  level=0
2025-11-01 04:37:19.277 20604-633   AudioRecordImpl         com.babelstream                      D  [audioRecordData][fine] 25s(f:25000 m:79 s:0) : pid 20604 uid 10429 sessionId 7649 sr 48000 ch 1 fmt 1
2025-11-01 04:37:19.798 20604-633   AudioCaptureManager     com.babelstream                      I  level=25
2025-11-01 04:37:19.804 20604-633   RecognitionService      com.babelstream                      I  level=25
2025-11-01 04:37:20.816 20604-633   AudioCaptureManager     com.babelstream                      I  level=18
2025-11-01 04:37:20.900 20604-633   RecognitionService      com.babelstream                      I  level=2
2025-11-01 04:37:21.839 20604-633   AudioCaptureManager     com.babelstream                      I  level=43
2025-11-01 04:37:22.023 20604-633   RecognitionService      com.babelstream                      I  level=36
2025-11-01 04:37:22.858 20604-633   AudioCaptureManager     com.babelstream                      I  level=0
2025-11-01 04:37:23.125 20604-633   RecognitionService      com.babelstream                      I  level=25
2025-11-01 04:37:23.896 20604-633   AudioCaptureManager     com.babelstream                      I  level=19
2025-11-01 04:37:24.144 20604-633   RecognitionService      com.babelstream                      I  level=0
2025-11-01 04:37:24.319 20604-633   AudioRecordImpl         com.babelstream                      D  [audioRecordData][fine] 30s(f:30042 m:79 s:0) : pid 20604 uid 10429 sessionId 7649 sr 48000 ch 1 fmt 1
2025-11-01 04:37:24.917 20604-633   AudioCaptureManager     com.babelstream                      I  level=0
2025-11-01 04:37:25.183 20604-633   RecognitionService      com.babelstream                      I  level=2
2025-11-01 04:37:25.344  2313-4109  InputDispatcher         system_server                        W  channel 3531114 com.babelstream/com.babelstream.MainActivity (server)~ dropping inconsistent event: DispatchEntry{resolvedFlags=0, targetFlags=0x0, transform=transform (ROT_0) (SCALE )
                                                                                                        0.7500  -0.0000  0.0000
                                                                                                        -0.0000  0.7500  0.0000
                                                                                                        0.0000  0.0000  1.0000
                                                                                                    } original: MotionEvent(action=HOVER_EXIT)
2025-11-01 04:37:25.355  2313-4109  MIUIInput               system_server                        I  [MotionEvent] publisher action=0x0, deviceId=-1, 166641639, channel '3531114 com.babelstream/com.babelstream.MainActivity (server)'
2025-11-01 04:37:25.356 20604-20604 MIUIInput               com.babelstream                      I  [MotionEvent] ViewRootImpl windowName 'com.babelstream/com.babelstream.MainActivity', { action=ACTION_DOWN, id[0]=0, pointerCount=1, eventTime=166641639, downTime=166641639, phoneEventTime=04:37:25.346 } moveCount:0
2025-11-01 04:37:25.440  2313-4109  MIUIInput               system_server                        I  [MotionEvent] publisher action=0x1, deviceId=-1, 166641732, channel '3531114 com.babelstream/com.babelstream.MainActivity (server)'
2025-11-01 04:37:25.442 20604-20604 MIUIInput               com.babelstream                      I  [MotionEvent] ViewRootImpl windowName 'com.babelstream/com.babelstream.MainActivity', { action=ACTION_UP, id[0]=0, pointerCount=1, eventTime=166641732, downTime=166641639, phoneEventTime=04:37:25.439 } moveCount:0
2025-11-01 04:37:25.521 20604-20604 AudioRecord             com.babelstream                      I  stop mSessionID=7649, packageName: com.babelstream
2025-11-01 04:37:25.522 20604-20604 AudioRecord             com.babelstream                      D  stop(1929): mActive:1
2025-11-01 04:37:25.632  8522-10456 MIUISafety-Monitor      com.miui.securitycenter.remote       W  sync com.babelstream,userId:0,op:27,active:false,isNote:false,isTerminal:false,notify:true
2025-11-01 04:37:25.638  1910-622   AudioFlingerImpl        audioserver                          D  checkForGameParameter_l() set events appname=-com.babelstream
2025-11-01 04:37:25.638  1584-30612 AHAL: AudioStream       android.hardware.audio.service_64    D  astream_in_set_parameters: 2049: Enter: appname=-com.babelstream
2025-11-01 04:37:25.638  1584-30612 AHAL: AudioStreamCustom android.hardware.audio.service_64    D  SetParameters: 892: Enter: kvpairs is appname=-com.babelstream
2025-11-01 04:37:25.638  1584-30612 AHAL: AudioStreamCustom android.hardware.audio.service_64    D  SetParameters: 963: [hal_apptype] SetParameters(), in: set app name -com.babelstream [10, 0x1 0x0]
2025-11-01 04:37:25.638  1584-30612 AHAL: AudioStream       android.hardware.audio.service_64    D  SetParameters: 6352: enter: kvpairs: appname=-com.babelstream
2025-11-01 04:37:25.640 20604-20604 AudioRecord             com.babelstream                      I  stop mSessionID=7649, packageName: com.babelstream
2025-11-01 04:37:25.640 20604-20604 AudioRecord             com.babelstream                      D  stop(1929): mActive:0
2025-11-01 04:37:25.640 20604-20604 AudioRecord             com.babelstream                      I  stop mSessionID=7649, packageName: com.babelstream
2025-11-01 04:37:25.640 20604-20604 AudioRecord             com.babelstream                      D  stop(1929): mActive:0
2025-11-01 04:37:25.641  2313-5862  MediaFunctionStubImpl   system_server                        D  report record event.{"name":"recording_parameters","audio_event":{"device_name":"mic", "packg_name":"com.babelstream", "record_source":"VOICE_COMMUNICATION", "record_encoding":"2", "record_channel_num":"1", "record_sample_rate":"48000", "record_time_during":"32"},"dgt":"null","audio_ext":"null"}
2025-11-01 04:37:25.642 20604-20604 AudioRecordStub         com.babelstream                      D  ~AudioRecordStub() destroy
2025-11-01 04:37:25.642 20604-20604 AudioCaptureManager     com.babelstream                      I  Recording stopped
2025-11-01 04:37:25.647  2313-5862  xlog_client             system_server                        V   xlog_send_java  JNI test, msg is {"name":"recording_parameters","audio_event":{"device_name":"mic", "packg_name":"com.babelstream", "record_source":"VOICE_COMMUNICATION", "record_encoding":"2", "record_channel_num":"1", "record_sample_rate":"48000", "record_time_during":"32"},"dgt":"null","audio_ext":"null"}
2025-11-01 04:37:25.649  2313-4317  MQSserver               system_server                        I  getData len: 512 content: {"name":"recording_parameters","audio_event":{"device_name":"mic", "packg_name":"com.babelstream", "record_source":"VOICE_COMMUNICATION", "record_encoding":"2", "record_channel_num":"1", "record_sample_rate":"48000", "record_time_during":"32"},"dgt":"null","audio_ext":"null"}????????????????????????????????????????????????????????????????????????????????????????????????????????????????????????????????????????????????????????????????????????????????????????????????????????????????????????????????????????????????????????????????????????????????????????????????????????????????????????????????????????????????????????????????????????????????????????????????????????????????????????????????????????????????????????????????????????????????????????
2025-11-01 04:37:25.649  2313-4317  MQSserver               system_server                        D  add count to List : {"name":"recording_parameters","audio_event":{"device_name":"mic","packg_name":"com.babelstream","record_source":"VOICE_COMMUNICATION","record_encoding":"2","record_channel_num":"1","record_sample_rate":"48000","record_time_during":"32"},"dgt":"null","audio_ext":"null","onetrack_count":"1"}
2025-11-01 04:37:25.680  2313-4109  InputDispatcher         system_server                        W  channel 3531114 com.babelstream/com.babelstream.MainActivity (server)~ dropping inconsistent event: DispatchEntry{resolvedFlags=0, targetFlags=0x0, transform=transform (ROT_0) (SCALE )
                                                                                                        0.7500  -0.0000  0.0000
                                                                                                        -0.0000  0.7500  0.0000
                                                                                                        0.0000  0.0000  1.0000
                                                                                                    } original: MotionEvent(action=HOVER_EXIT)
2025-11-01 04:37:26.019 20604-20604 RecognitionService      com.babelstream                      I  status=识别已停止
2025-11-01 04:37:26.022 20604-20604 RecognitionService      com.babelstream                      I  ACTION_STATUS: 识别已停止
2025-11-01 04:37:26.023  2313-5735  AS.AudioService         system_server                        V  setMode(mode=0, pid=20604, uid=10429, caller=com.babelstream)
2025-11-01 04:37:26.024  2313-5862  ActivityManager         system_server                        I  Cancel FGS notification userId: 0 definingUid: 10429 packageName: com.babelstream processName:com.babelstream ChannelId:recognition_channel foregroundNotiWhen:1761943013732 Notiflags:98
2025-11-01 04:37:26.025  2313-2313  NotificationService     system_server                        I  Cancel FGS notification CallingUid: 10429 CallingPid: 20604 Pkg: com.babelstream Id:2 Tag:null UserId:0 MustHaveFlags:0 MustNotHaveFlags:0 Reason:8 foregroundNotiWhen:1761943013732 foregroundNotiFlags:98 foregroundNotiChannelId:recognition_channel
2025-11-01 04:37:26.026  1726-1726  vendor.qti...dl-service ven...re.servicetrackeraidl-service  I  destroyService is called for service : com.babelstream/.RecognitionService
2025-11-01 04:37:26.033  2793-2891  misight_perf            misight                              E   [902002003, com.babelstream, 20604, inputevent , latency]
2025-11-01 04:37:26.036  2793-2891  misight_perf            misight                              E   [902002003, com.babelstream, 20604, inputevent , latency]
2025-11-01 04:37:26.038  2793-2891  misight_perf            misight                              E   [902002003, com.babelstream, 20604, inputevent , latency]
2025-11-01 04:37:26.039  5110-5110  HideDelete...Controller com.android.systemui                 D  onNotificationRemoved 8 0|com.babelstream|2|null|10429
2025-11-01 04:37:26.041 20604-20604 Choreographer           com.babelstream                      I  Skipped 70 frames!  The application may be doing too much work on its main thread.
2025-11-01 04:37:26.043  2793-2891  misight_perf            misight                              E   [902002003, com.babelstream, 20604, inputevent , latency]
2025-11-01 04:37:26.044  2793-2891  misight_perf            misight                              E   [902002003, com.babelstream, 20604, inputevent , latency]
2025-11-01 04:37:26.044  5110-6626  Notificati...iderPublic com.android.systemui                 D  call method=canShowFocus extras=Bundle[{package=com.babelstream}] uid=$s
2025-11-01 04:37:26.044  5110-6626  DatabaseUtils           com.android.systemui                 E  Writing exception to parcel (Ask Gemini)
                                                                                                    java.lang.SecurityException: Package com.babelstream is not owned by uid 10281
                                                                                                    	at com.android.systemui.statusbar.notification.NotificationProviderPublic.call(go/retraceme 30683299122b2655f1793582b37c2c86310d813fe556c12dae2f66b99447f4d9:83)
                                                                                                    	at android.content.ContentProvider.call(ContentProvider.java:2736)
                                                                                                    	at android.content.ContentProvider$Transport.call(ContentProvider.java:639)
                                                                                                    	at android.content.ContentProviderNative.onTransact(ContentProviderNative.java:310)
                                                                                                    	at android.os.Binder.execTransactInternal(Binder.java:1507)
                                                                                                    	at android.os.Binder.execTransact(Binder.java:1451)
2025-11-01 04:37:26.045  2793-2891  misight_perf            misight                              E   [902001003, com.babelstream, 20604, doframe latency due to msg]
2025-11-01 04:37:26.045  5110-6626  NotificationProvider    com.android.systemui                 D  call method=canShowFocus extras=Bundle[{package=com.babelstream}]
2025-11-01 04:37:26.045  9743-11525 FOCUS_NOTI...9743_11525 com.mi.health                        I  content://statusbar.notification/canShowFocus packageName = com.babelstream hasFocusPermission  =true
2025-11-01 04:37:26.046  9743-11525 FOCUS_NOTI...9743_11525 com.mi.health                        I   packageName = com.babelstream hasFocusPermission  =true
2025-11-01 04:37:26.046  9743-11525 NotifySync...9743_11525 com.mi.health                        I  onNotificationRemoved appID:com.babelstream uid:2 key:0|com.babelstream|2|null|10429  reason:REASON_APP_CANCEL
2025-11-01 04:37:26.093  2313-4310  AudioServiceStubImpl    system_server                        D  onUpdateAudioMode audiomode 0 package:com.babelstream
2025-11-01 04:37:26.247  6629-6629  SpaceNotif...ionService com.miui.securitycore.remote         D  onNotificationPosted pkgname:com.babelstream userId:0 currentUserId:0 isFloat: false
2025-11-01 04:37:26.249  9743-11525 NotifySync...9743_11525 com.mi.health                        I  onNotificationPosted Id:2147483647 key:0|com.babelstream|2147483647|ranker_group|10429|ranker_group PackageName:com.babelstream IsOngoing:true PostTime:1761943022928 currentDeviceModel.connected: true
2025-11-01 04:37:26.457  5110-5110  MiuiBubbleSettings      com.android.systemui                 I  com.babelstream 0isAppEnableBubbleNotification: false
2025-11-01 04:37:26.548  4639-5241  Launcher.A...onsMessage com.miui.home                        I  update com.babelstream/ to null