--------- beginning of main
--------- beginning of system
2025-11-01 04:43:06.400  2313-4109  InputDispatcher         system_server                        W  channel 65ecf56 com.babelstream/com.babelstream.MainActivity (server)~ dropping inconsistent event: DispatchEntry{resolvedFlags=0, targetFlags=0x0, transform=transform (ROT_0) (SCALE )
                                                                                                        0.7500  -0.0000  0.0000
                                                                                                        -0.0000  0.7500  0.0000
                                                                                                        0.0000  0.0000  1.0000
                                                                                                    } original: MotionEvent(action=HOVER_EXIT)
2025-11-01 04:43:06.417 25969-9431  com.babelstream         com.babelstream                      I  This is non sticky GC, maxfree is 16777216 minfree is 8388608
2025-11-01 04:43:06.413 25969-25969 FinalizerDaemon         com.babelstream                      W  type=1400 audit(0.0:133604): avc:  denied  { getopt } for  path="/dev/socket/usap_pool_primary" scontext=u:r:untrusted_app:s0:c173,c257,c512,c768 tcontext=u:r:zygote:s0 tclass=unix_stream_socket permissive=0 app=com.babelstream
2025-11-01 04:43:06.419 25969-9444  com.babelstream         com.babelstream                      W  ApkAssets: Deleting an ApkAssets object '<empty> and /product/app/ContentCatcherOS2/ContentCatcherOS2.apk' with 1 weak references
2025-11-01 04:43:06.419 25969-9444  com.babelstream         com.babelstream                      W  ApkAssets: Deleting an ApkAssets object '<empty> and /system_ext/priv-app/RtMiCloudSDK/RtMiCloudSDK.apk' with 1 weak references
2025-11-01 04:43:06.419 25969-9444  com.babelstream         com.babelstream                      W  ApkAssets: Deleting an ApkAssets object '<empty> and /system_ext/app/miuisystem/miuisystem.apk' with 1 weak references
2025-11-01 04:43:06.673 25969-25969 RenderThread            com.babelstream                      W  type=1400 audit(0.0:133605): avc:  denied  { getattr } for  path="/sys/module/metis/parameters/minor_window_app" dev="sysfs" ino=77906 scontext=u:r:untrusted_app:s0:c173,c257,c512,c768 tcontext=u:object_r:sysfs_migt:s0 tclass=file permissive=0 app=com.babelstream
2025-11-01 04:43:06.677 25969-25969 RenderThread            com.babelstream                      W  type=1400 audit(0.0:133606): avc:  denied  { getattr } for  path="/sys/module/metis/parameters/minor_window_app" dev="sysfs" ino=77906 scontext=u:r:untrusted_app:s0:c173,c257,c512,c768 tcontext=u:object_r:sysfs_migt:s0 tclass=file permissive=0 app=com.babelstream
2025-11-01 04:43:06.685 25969-25969 RenderThread            com.babelstream                      W  type=1400 audit(0.0:133607): avc:  denied  { getattr } for  path="/sys/module/metis/parameters/minor_window_app" dev="sysfs" ino=77906 scontext=u:r:untrusted_app:s0:c173,c257,c512,c768 tcontext=u:object_r:sysfs_migt:s0 tclass=file permissive=0 app=com.babelstream
2025-11-01 04:43:06.693 25969-25969 RenderThread            com.babelstream                      W  type=1400 audit(0.0:133608): avc:  denied  { getattr } for  path="/sys/module/metis/parameters/minor_window_app" dev="sysfs" ino=77906 scontext=u:r:untrusted_app:s0:c173,c257,c512,c768 tcontext=u:object_r:sysfs_migt:s0 tclass=file permissive=0 app=com.babelstream
2025-11-01 04:43:07.052  2313-4109  InputDispatcher         system_server                        W  channel 65ecf56 com.babelstream/com.babelstream.MainActivity (server)~ dropping inconsistent event: DispatchEntry{resolvedFlags=0, targetFlags=0x0, transform=transform (ROT_0) (SCALE )
                                                                                                        0.7500  -0.0000  0.0000
                                                                                                        -0.0000  0.7500  0.0000
                                                                                                        0.0000  0.0000  1.0000
                                                                                                    } original: MotionEvent(action=HOVER_EXIT)
2025-11-01 04:43:08.633 25969-25969 RenderThread            com.babelstream                      W  type=1400 audit(0.0:133629): avc:  denied  { getattr } for  path="/sys/module/metis/parameters/minor_window_app" dev="sysfs" ino=77906 scontext=u:r:untrusted_app:s0:c173,c257,c512,c768 tcontext=u:object_r:sysfs_migt:s0 tclass=file permissive=0 app=com.babelstream
2025-11-01 04:43:08.641 25969-25969 RenderThread            com.babelstream                      W  type=1400 audit(0.0:133630): avc:  denied  { getattr } for  path="/sys/module/metis/parameters/minor_window_app" dev="sysfs" ino=77906 scontext=u:r:untrusted_app:s0:c173,c257,c512,c768 tcontext=u:object_r:sysfs_migt:s0 tclass=file permissive=0 app=com.babelstream
2025-11-01 04:43:08.649 25969-25969 RenderThread            com.babelstream                      W  type=1400 audit(0.0:133631): avc:  denied  { getattr } for  path="/sys/module/metis/parameters/minor_window_app" dev="sysfs" ino=77906 scontext=u:r:untrusted_app:s0:c173,c257,c512,c768 tcontext=u:object_r:sysfs_migt:s0 tclass=file permissive=0 app=com.babelstream
2025-11-01 04:43:08.657 25969-25969 RenderThread            com.babelstream                      W  type=1400 audit(0.0:133632): avc:  denied  { getattr } for  path="/sys/module/metis/parameters/minor_window_app" dev="sysfs" ino=77906 scontext=u:r:untrusted_app:s0:c173,c257,c512,c768 tcontext=u:object_r:sysfs_migt:s0 tclass=file permissive=0 app=com.babelstream
2025-11-01 04:43:08.665 25969-25969 RenderThread            com.babelstream                      W  type=1400 audit(0.0:133633): avc:  denied  { getattr } for  path="/sys/module/metis/parameters/minor_window_app" dev="sysfs" ino=77906 scontext=u:r:untrusted_app:s0:c173,c257,c512,c768 tcontext=u:object_r:sysfs_migt:s0 tclass=file permissive=0 app=com.babelstream
2025-11-01 04:43:08.987  2313-4109  InputDispatcher         system_server                        W  channel 65ecf56 com.babelstream/com.babelstream.MainActivity (server)~ dropping inconsistent event: DispatchEntry{resolvedFlags=0, targetFlags=0x0, transform=transform (ROT_0) (SCALE )
                                                                                                        0.7500  -0.0000  0.0000
                                                                                                        -0.0000  0.7500  0.0000
                                                                                                        0.0000  0.0000  1.0000
                                                                                                    } original: MotionEvent(action=HOVER_EXIT)
2025-11-01 04:43:08.994  2313-4109  MIUIInput               system_server                        I  [MotionEvent] publisher action=0x0, deviceId=-1, 166985279, channel '65ecf56 com.babelstream/com.babelstream.MainActivity (server)'
2025-11-01 04:43:09.006 25969-25969 MIUIInput               com.babelstream                      I  [MotionEvent] ViewRootImpl windowName 'com.babelstream/com.babelstream.MainActivity', { action=ACTION_DOWN, id[0]=0, pointerCount=1, eventTime=166985279, downTime=166985279, phoneEventTime=04:43:08.985 } moveCount:0
2025-11-01 04:43:09.121  2313-4109  MIUIInput               system_server                        I  [MotionEvent] publisher action=0x1, deviceId=-1, 166985413, channel '65ecf56 com.babelstream/com.babelstream.MainActivity (server)'
2025-11-01 04:43:09.123 25969-25969 MIUIInput               com.babelstream                      I  [MotionEvent] ViewRootImpl windowName 'com.babelstream/com.babelstream.MainActivity', { action=ACTION_UP, id[0]=0, pointerCount=1, eventTime=166985413, downTime=166985279, phoneEventTime=04:43:09.120 } moveCount:0
2025-11-01 04:43:09.128  2313-5858  ActivityManager         system_server                        I  Background started FGS: Allowed [callingPackage: com.babelstream; callingUid: 10429; uidState: TOP ; uidBFSL: [BFSL]; intent: Intent { act=com.babelstream.RECOGNITION_START cmp=com.babelstream/.RecognitionService }; code:PROC_STATE_TOP; tempAllowListReason:<,reasonCode:SYSTEM_ALLOW_LISTED,duration:9223372036854775807,callingUid:-1>; targetSdkVersion:34; callerTargetSdkVersion:34; startForegroundCount:0; bindFromPackage:null: isBindService:false]
2025-11-01 04:43:09.149 25969-25969 AudioManager            com.babelstream                      D  getMode: mode=0, callApp=com.babelstream
2025-11-01 04:43:09.149  2313-10328 AS.AudioService         system_server                        V  setMode(mode=3, pid=25969, uid=10429, caller=com.babelstream)
2025-11-01 04:43:09.150 25969-25969 RecognitionService      com.babelstream                      I  micMuted(before)=false, audioMode=0
2025-11-01 04:43:09.153 25969-25969 RecognitionService      com.babelstream                      I  micPrivacyBlocked=false
2025-11-01 04:43:09.160 25969-25969 AudioRecordStub         com.babelstream                      D  AudioRecordStub() create
2025-11-01 04:43:09.160 25969-25969 AudioRecordImpl         com.babelstream                      I  initAudioRecordImpl()
2025-11-01 04:43:09.160 25969-25969 AudioRecord             com.babelstream                      D  set(): inputSource 7, sampleRate 48000, format 0x1, channelMask 0x10, frameCount 4096, notificationFrames 0, sessionId 0, transferType 0, flags 0, attributionSource AttributionSourceState{pid: 25969, uid: 10429, deviceId: 0, packageName: com.babelstream, attributionTag: (null), token: binder:0xb400007b840f46f0, renouncedPermissions: [], next: []}uid -1, pid -1
2025-11-01 04:43:09.272  2313-4310  AudioServiceStubImpl    system_server                        D  onUpdateAudioMode audiomode 3 package:com.babelstream
2025-11-01 04:43:09.273  1910-4435  APM_AudioPolicyManager  audioserver                          D  getInputForAttr AudioPlayBackCapture not supported, appName: com.babelstream
2025-11-01 04:43:09.274  1910-4435  AudioPolicyManagerImpl  audioserver                          D  binder call: getPackageName com.babelstream for uid 10429
2025-11-01 04:43:09.316 25969-25969 xlog_client             com.babelstream                      V  xlog_check_permission event name audio_track_message level 0
2025-11-01 04:43:09.317 25969-25969 AudioCaptureManager     com.babelstream                      I  AudioRecord initialized: source=7, sampleRate=48000, buffer=8192
2025-11-01 04:43:09.317 25969-25969 AudioCaptureManager     com.babelstream                      I  AudioRecord source selected: 7, sr=48000
2025-11-01 04:43:09.317 25969-25969 EpFrameworkFactory      com.babelstream                      W  activated: false jar exist: false
2025-11-01 04:43:09.318 25969-25969 AudioRecord             com.babelstream                      I  start mSessionID=7673 start(1938): sync event 0 trigger session 0  packageName: com.babelstream
2025-11-01 04:43:09.320  1910-4435  MiAudioPolicyManager    audioserver                          D  getPackageName: com.babelstream  uid 10429
2025-11-01 04:43:09.321  8522-10456 MIUISafety-Monitor      com.miui.securitycenter.remote       W  sync com.babelstream,userId:0,op:27,active:true,isNote:false,isTerminal:false,notify:true
2025-11-01 04:43:09.321  1910-9661  AudioFlingerImpl        audioserver                          D  checkForGameParameter_l() set events appname=+com.babelstream
2025-11-01 04:43:09.321  1584-3897  AHAL: AudioStream       android.hardware.audio.service_64    D  astream_in_set_parameters: 2049: Enter: appname=+com.babelstream
2025-11-01 04:43:09.321  1584-3897  AHAL: AudioStreamCustom android.hardware.audio.service_64    D  SetParameters: 892: Enter: kvpairs is appname=+com.babelstream
2025-11-01 04:43:09.321  1584-3897  AHAL: AudioStreamCustom android.hardware.audio.service_64    D  SetParameters: 963: [hal_apptype] SetParameters(), in: set app name +com.babelstream [11, 0x1 0x1]
2025-11-01 04:43:09.321  1584-3897  AHAL: AudioStream       android.hardware.audio.service_64    D  SetParameters: 6352: enter: kvpairs: appname=+com.babelstream
2025-11-01 04:43:09.322  1910-4435  APM_AudioPolicyManager  audioserver                          D  startInput input:1822, session:7673, portId:1938, appname com.babelstream, uid 10429)
2025-11-01 04:43:09.327 25969-25969 EpFrameworkFactory      com.babelstream                      W  activated: false jar exist: false
2025-11-01 04:43:09.336 25969-25969 AudioCaptureManager     com.babelstream                      I  Routed device: type=15, name=23116PN5BC
2025-11-01 04:43:09.337 25969-25969 AudioCaptureManager     com.babelstream                      I  Resampling mic from 48000 to 16000
2025-11-01 04:43:09.337 25969-25969 AudioCaptureManager     com.babelstream                      I  Recording started
2025-11-01 04:43:09.338 25969-25969 RecognitionService      com.babelstream                      I  ACTION_STATUS: 麦克风采集已启动: 48000Hz
2025-11-01 04:43:09.343 25969-25969 RealtimeRecognizer      com.babelstream                      I  ws url=wss://dashscope.aliyuncs.com/api-ws/v1/inference, sr=16000, model=gummy-realtime-v1
2025-11-01 04:43:09.373  5110-5110  MiuiBubbleSettings      com.android.systemui                 I  com.babelstream 0isAppEnableBubbleNotification: false
2025-11-01 04:43:09.375  6629-6629  SpaceNotif...ionService com.miui.securitycore.remote         D  onNotificationPosted pkgname:com.babelstream userId:0 currentUserId:0 isFloat: false
2025-11-01 04:43:09.378  9743-11525 NotifySync...9743_11525 com.mi.health                        I  onNotificationPosted Id:2 key:0|com.babelstream|2|null|10429 PackageName:com.babelstream IsOngoing:true PostTime:1761943389149 currentDeviceModel.connected: true
2025-11-01 04:43:09.379 25969-25969 RecognitionService      com.babelstream                      I  status=连接识别服务...
2025-11-01 04:43:09.380 25969-25969 RecognitionService      com.babelstream                      I  ACTION_STATUS: 连接识别服务...
2025-11-01 04:43:09.382  1584-9673  android.ha...service_64 android.hardware.audio.service_64    D  send_sound_recorder_data_to_xlog: msg input_device__type: mobile mic, recorder_app_name: com.babelstream
2025-11-01 04:43:09.383  1584-9673  xlog_client             android.hardware.audio.service_64    D  _xlog_write_flat_msg: send msg {"name":"sound_recorder","audio_event":{"input_device_type":"mobile mic","recorder_app_name":"com.babelstream"},"dgt":"null","audio_ext":"null" }
2025-11-01 04:43:09.384 25969-25969 RecognitionService      com.babelstream                      I  recognizer.start returned=true
2025-11-01 04:43:09.384 25969-25969 RecognitionService      com.babelstream                      I  ACTION_STATUS: 识别中...
2025-11-01 04:43:09.396 25969-9690  TrafficStats            com.babelstream                      D  tagSocket(198) with statsTag=0xffffffff, statsUid=-1
2025-11-01 04:43:09.401  5110-5110  AlertCoordinator        com.android.systemui                 D  onViewBound, buzzBeep for 0|com.babelstream|2|null|10429
2025-11-01 04:43:09.512 25969-9676  AudioCaptureManager     com.babelstream                      I  level=0
2025-11-01 04:43:09.516 25969-9676  RecognitionService      com.babelstream                      I  level=0
2025-11-01 04:43:09.700 25969-9690  RecognitionService      com.babelstream                      I  status=已连接识别服务
2025-11-01 04:43:09.701 25969-9690  RecognitionService      com.babelstream                      I  ACTION_STATUS: 已连接识别服务
2025-11-01 04:43:09.709 25969-9690  RealtimeRecognizer      com.babelstream                      I  sent start cfg: {"type":"start","model":"gummy-realtime-v1","audio":{"format":"pcm_s16le","sample_rate":16000,"channels":1},"transcription":{"enabled":true,"source_language":"auto"},"translation_languages":["zh"]}
2025-11-01 04:43:09.758 25969-9690  RecognitionService      com.babelstream                      I  status=连接关闭中: 1007/Invalid payload data
2025-11-01 04:43:09.759 25969-9690  RecognitionService      com.babelstream                      I  ACTION_STATUS: 连接关闭中: 1007/Invalid payload data
2025-11-01 04:43:09.760 25969-9698  RecognitionService      com.babelstream                      I  status=连接已关闭: 1007/Invalid payload data
2025-11-01 04:43:09.760 25969-9698  RecognitionService      com.babelstream                      I  ACTION_STATUS: 连接已关闭: 1007/Invalid payload data
2025-11-01 04:43:10.530 25969-9676  AudioCaptureManager     com.babelstream                      I  level=0
2025-11-01 04:43:10.610 25969-9676  RecognitionService      com.babelstream                      I  level=0
2025-11-01 04:43:11.548 25969-9676  AudioCaptureManager     com.babelstream                      I  level=33
2025-11-01 04:43:11.733 25969-9676  RecognitionService      com.babelstream                      I  level=34
2025-11-01 04:43:12.565 25969-9676  AudioCaptureManager     com.babelstream                      I  level=0
2025-11-01 04:43:12.839 25969-9676  RecognitionService      com.babelstream                      I  level=26
2025-11-01 04:43:13.606 25969-9676  AudioCaptureManager     com.babelstream                      I  level=15
2025-11-01 04:43:13.859 25969-9676  RecognitionService      com.babelstream                      I  level=26
2025-11-01 04:43:14.627 25969-9676  AudioRecordImpl         com.babelstream                      D  [audioRecordData][fine] 5s(f:5042 m:80 s:0) : pid 25969 uid 10429 sessionId 7673 sr 48000 ch 1 fmt 1
2025-11-01 04:43:14.628 25969-9676  AudioCaptureManager     com.babelstream                      I  level=6
2025-11-01 04:43:14.834 14193-14193 ActivityThread          com.tencent.mobileqq                 D  Package [com.babelstream] reported as REPLACED, but missing application info. Assuming REMOVED.
2025-11-01 04:43:14.840 19785-19785 ActivityThread          com.tencent.mobileqq                 D  Package [com.babelstream] reported as REPLACED, but missing application info. Assuming REMOVED.
2025-11-01 04:43:14.840 14193-14193 ActivityThread          com.tencent.mobileqq                 D  Package [com.babelstream] reported as REPLACED, but missing application info. Assuming REMOVED.
2025-11-01 04:43:14.841 19785-19785 ActivityThread          com.tencent.mobileqq                 D  Package [com.babelstream] reported as REPLACED, but missing application info. Assuming REMOVED.
2025-11-01 04:43:14.972 25969-9676  RecognitionService      com.babelstream                      I  level=0
2025-11-01 04:43:15.646 25969-9676  AudioCaptureManager     com.babelstream                      I  level=0
2025-11-01 04:43:16.076 25969-9676  RecognitionService      com.babelstream                      I  level=39
2025-11-01 04:43:16.667 25969-9676  AudioCaptureManager     com.babelstream                      I  level=0
2025-11-01 04:43:17.194 25969-9676  RecognitionService      com.babelstream                      I  level=2
2025-11-01 04:43:17.688 25969-9676  AudioCaptureManager     com.babelstream                      I  level=37
2025-11-01 04:43:18.210 25969-9676  RecognitionService      com.babelstream                      I  level=4
2025-11-01 04:43:18.729 25969-9676  AudioCaptureManager     com.babelstream                      I  level=0
2025-11-01 04:43:19.229 25969-9676  RecognitionService      com.babelstream                      I  level=45
2025-11-01 04:43:19.646 25969-9676  AudioRecordImpl         com.babelstream                      D  [audioRecordData][fine] 10s(f:10061 m:80 s:0) : pid 25969 uid 10429 sessionId 7673 sr 48000 ch 1 fmt 1
2025-11-01 04:43:19.748 25969-9676  AudioCaptureManager     com.babelstream                      I  level=0
2025-11-01 04:43:20.348 25969-9676  RecognitionService      com.babelstream                      I  level=19
2025-11-01 04:43:20.613  2313-4109  InputDispatcher         system_server                        W  channel 65ecf56 com.babelstream/com.babelstream.MainActivity (server)~ dropping inconsistent event: DispatchEntry{resolvedFlags=0, targetFlags=0x0, transform=transform (ROT_0) (SCALE )
                                                                                                        0.7500  -0.0000  0.0000
                                                                                                        -0.0000  0.7500  0.0000
                                                                                                        0.0000  0.0000  1.0000
                                                                                                    } original: MotionEvent(action=HOVER_EXIT)
2025-11-01 04:43:20.625  2313-4109  MIUIInput               system_server                        I  [MotionEvent] publisher action=0x0, deviceId=-1, 166996910, channel '65ecf56 com.babelstream/com.babelstream.MainActivity (server)'
2025-11-01 04:43:20.626 25969-25969 MIUIInput               com.babelstream                      I  [MotionEvent] ViewRootImpl windowName 'com.babelstream/com.babelstream.MainActivity', { action=ACTION_DOWN, id[0]=0, pointerCount=1, eventTime=166996910, downTime=166996910, phoneEventTime=04:43:20.617 } moveCount:0
2025-11-01 04:43:20.717  2313-4109  MIUIInput               system_server                        I  [MotionEvent] publisher action=0x1, deviceId=-1, 166997008, channel '65ecf56 com.babelstream/com.babelstream.MainActivity (server)'
2025-11-01 04:43:20.718 25969-25969 MIUIInput               com.babelstream                      I  [MotionEvent] ViewRootImpl windowName 'com.babelstream/com.babelstream.MainActivity', { action=ACTION_UP, id[0]=0, pointerCount=1, eventTime=166997008, downTime=166996910, phoneEventTime=04:43:20.715 } moveCount:0
2025-11-01 04:43:20.722  2313-5862  WindowManager           system_server                        E  setClientVisible ActivityRecord{c5f5bf3 u0 com.babelstream/.SettingsActivity true
2025-11-01 04:43:20.724  2313-5862  WindowManager           system_server                        D  Collecting in transition 6996: ActivityRecord{c5f5bf3 u0 com.babelstream/.SettingsActivity t-1} init visibleRequested:false
2025-11-01 04:43:20.724  2313-5862  MiuiFreeformServiceImpl system_server                        D  addLaunchFreeformActivityOptionIfNeed skip due to not find sourceTask: null sourceFfas: null sourceFreeFormActivity: ActivityRecord{db24ae3 u0 com.babelstream/.MainActivity t4037}
2025-11-01 04:43:20.724  2313-5862  MiuiFreeFo...gerService system_server                        D  onStartActivityInner as = Task{db4b23f #4037 type=standard A=10429:com.babelstream} op = null
2025-11-01 04:43:20.728  2313-5862  WindowManager           system_server                        D  setLockTaskAuth: task=Task{db4b23f #4037 type=standard A=10429:com.babelstream} mLockTaskAuth=LOCK_TASK_AUTH_PINNABLE
2025-11-01 04:43:20.729  2313-5862  MiuiFreeFo...gerService system_server                        D  onStartActivityInner as = Task{db4b23f #4037 type=standard A=10429:com.babelstream} op = null
2025-11-01 04:43:20.730  2313-5862  WindowManager           system_server                        D  All the checks have been done, return STARTING_WINDOW_TYPE_NONE. this = ActivityRecord{c5f5bf3 u0 com.babelstream/.SettingsActivity t4037}
2025-11-01 04:43:20.730  2313-5862  WindowManager           system_server                        I  Try to add startingWindow type = STARTING_WINDOW_TYPE_NONE this = ActivityRecord{c5f5bf3 u0 com.babelstream/.SettingsActivity t4037} preAllowTaskSnapshot = true afterAllowTaskSnapshot = true newTask = false taskSwitch = false processRunning = true activityCreated = false activityAllDrawn = false isSnapshotCompatible = false resolvedTheme = 2131755544 theme = 2131755544
2025-11-01 04:43:20.730  2313-5862  PerfStubImpl            system_server                        D  perfWarmLaunchBoost: com.babelstream, -1, 2
2025-11-01 04:43:20.731  2313-5862  WindowManager           system_server                        D  Collecting in transition 6996: ActivityRecord{c5f5bf3 u0 com.babelstream/.SettingsActivity t4037} init visibleRequested:false
2025-11-01 04:43:20.731  2313-5862  ActivityTaskManager     system_server                        I  START u0 {cmp=com.babelstream/.SettingsActivity} with LAUNCH_MULTIPLE from uid 10429 from pid 25969 callingPackage com.babelstream (BAL_ALLOW_VISIBLE_WINDOW) result code=0
2025-11-01 04:43:20.732  5110-5249  SoScStageCoordinator    com.android.systemui                 I  Transition requested:TransitionRequestInfo { type = OPEN, triggerTask = TaskInfo{userId=0 taskId=4037 displayId=0 isRunning=true baseIntent=Intent { act=android.intent.action.MAIN cat=[android.intent.category.LAUNCHER] flg=0x10000000 cmp=com.babelstream/.MainActivity } baseActivity=ComponentInfo{com.babelstream/com.babelstream.MainActivity} topActivity=ComponentInfo{com.babelstream/com.babelstream.SettingsActivity} origActivity=null realActivity=ComponentInfo{com.babelstream/com.babelstream.MainActivity} numActivities=2 lastActiveTime=185471929 supportsSplitScreenMultiWindow=true supportsMultiWindow=true resizeMode=1 isResizeable=true minWidth=-1 minHeight=-1 defaultMinSize=200 token=WCT{android.window.IWindowContainerToken$Stub$Proxy@703924f} topActivityType=1 pictureInPictureParams=null shouldDockBigOverlays=false launchIntoPipHostTaskId=-1 lastParentTaskIdBeforePip=-1 displayCutoutSafeInsets=Rect(0, 110 - 0, 0) topActivityInfo=ActivityInfo{b338ddc com.babelstream.SettingsActivity} launchCookies=[] positionInParent=Point(0, 0) parentTaskId=-1 isFocused=true isVisible=true isVisibleRequested=true isSleeping=false locusId=null displayAreaFeatureId=1 isTopActivityTransparent=false appCompatTaskInfo=AppCompatTaskInfo { topActivityInSizeCompat=false topActivityInMiuiSizeCompat=false topActivityEligibleForLetterboxEducation= falseisLetterboxEducationEnabled= false isLetterboxDoubleTapEnabled= false topActivityEligibleForUserAspectRatioButton= false topActivityBoundsLetterboxed= false isFromLetterboxDoubleTap= false topActivityLetterboxVerticalPosition= -1 topActivityLetterboxHorizontalPosition= -1 topActivityLetterboxWidth=1080 topActivityLetterboxHeight=2400 isUserFullscreenOverrideEnabled=false isSystemFullscreenOverrideEnabled=false cameraCompatTaskInfo=CameraCompatTaskInfo { cameraCompatControlState=hidden freeformCameraCompatMode=inactive}} isImmersive=false mTopActivityRequestOrientation=1 mBehindAppLockPkg=null mOriginatingUid=0 isEmbedded=false shouldBeVisible=true isCreatedByOrganizer=false mIsCastMode=false mTopActivityMediaSize=null mTopActivityRecordName=ActivityRecord{c5f5bf3 u0 com.babelstream/.SettingsActivity t4037} mTopActivityOrientation=-2}, pipTask = null, remoteTransition = null, displayChange = null, flags = 0, debugId = 6996 } isSoScActive:false triggerTask:TaskInfo{userId=0 taskId=4037 displayId=0 isRunning=true baseIntent=Intent { act=android.intent.action.MAIN cat=[android.intent.category.LAUNCHER] flg=0x10000000 cmp=com.babelstream/.MainActivity } baseActivity=ComponentInfo{com.babelstream/com.babelstream.MainActivity} topActivity=ComponentInfo{com.babelstream/com.babelstream.SettingsActivity} origActivity=null realActivity=ComponentInfo{com.babelstream/com.babelstream.MainActivity} numActivities=2 lastActiveTime=185471929 supportsSplitScreenMultiWindow=true supportsMultiWindow=true resizeMode=1 isResizeable=true minWidth=-1 minHeight=-1 defaultMinSize=200 token=WCT{android.window.IWindowContainerToken$Stub$Proxy@703924f} topActivityType=1 pictureInPictureParams=null shouldDockBigOverlays=false launchIntoPipHostTaskId=-1 lastParentTaskIdBeforePip=-1 displayCutoutSafeInsets=Rect(0, 110 - 0, 0) topActivityInfo=ActivityInfo{b338ddc com.babelstream.SettingsActivity} launchCookies=[] positionInParent=Point(0, 0) parentTaskId=-1 isFocused=true isVisible=true isVisibleRequested=true isSleeping=false locusId=null displayAreaFeatureId=1 isTopActivityTransparent=false appCompatTaskInfo=AppCompatTaskInfo { topActivityInSizeCompat=false topActivityInMiuiSizeCompat=false topActivityEligibleForLetterboxEducation= falseisLetterboxEducationEnabled= false isLetterboxDoubleTapEnabled= false topActivityEligibleForUserAspectRatioButton= false topActivityBoundsLetterboxed= false isFromLetterboxDoubleTap= false topActivityLetterboxVerticalPosition= -1 topActivityLetterboxHorizontalPosition= -1 topActivityLetterboxWidth=1080 topActivityLetterboxHeight=2400 isUserFullscreenOverrideEnabled=false isSystemFullscreenOverrideEnabled=false cameraCompatTaskInfo=CameraCompatTaskI
2025-11-01 04:43:20.734 25969-9503  ContentCatcher          com.babelstream                      I  SettingTrigger : unregister status observer com.babelstream.MainActivity
2025-11-01 04:43:20.735  2313-5858  PerfStubImpl            system_server                        D  perfWarmLaunchBoost: com.babelstream, -1, 2
2025-11-01 04:43:20.735  2313-5858  ActivityTaskManager     system_server                        I  The Process com.babelstream Already Exists in BG. So sending its PID: 25969
2025-11-01 04:43:20.736  2313-5858  WindowManager           system_server                        D  Collecting in transition 6996: ActivityRecord{c5f5bf3 u0 com.babelstream/.SettingsActivity t4037} init visibleRequested:false
2025-11-01 04:43:20.736  2313-5858  WindowManager           system_server                        E  setClientVisible ActivityRecord{c5f5bf3 u0 com.babelstream/.SettingsActivity t4037} true
2025-11-01 04:43:20.736  2313-5858  WindowManager           system_server                        D  Collecting in transition 6996: ActivityRecord{db24ae3 u0 com.babelstream/.MainActivity t4037} init visibleRequested:true
2025-11-01 04:43:20.736  2313-5858  WindowManager           system_server                        D  Collecting in transition 6996: ActivityRecord{c5f5bf3 u0 com.babelstream/.SettingsActivity t4037} init visibleRequested:true
2025-11-01 04:43:20.736  2313-5858  WindowManager           system_server                        E  setClientVisible ActivityRecord{c5f5bf3 u0 com.babelstream/.SettingsActivity t4037} true
2025-11-01 04:43:20.749  2313-5858  BLASTSyncEngine         system_server                        I  SyncGroup 6996:  Unfinished container:ActivityRecord{c5f5bf3 u0 com.babelstream/.SettingsActivity t4037}
2025-11-01 04:43:20.749  2313-5858  BLASTSyncEngine         system_server                        I  isActivitySyncFinished isSyncFinished false ActivityRecord{c5f5bf3 u0 com.babelstream/.SettingsActivity t4037}
2025-11-01 04:43:20.750 25969-9476  ActivityThread          com.babelstream                      I  HardwareRenderer preload  done
2025-11-01 04:43:20.751  2313-4370  ProcessManager          system_server                        D  skip notify foregroundAppInfo:ApplicationInfo{f320e5 com.babelstream}
2025-11-01 04:43:20.756 25969-9503  ViewContentFactory      com.babelstream                      D  initViewContentFetcherClass
2025-11-01 04:43:20.756 25969-9503  ContentCatcher          com.babelstream                      I  ViewContentFetcher : ViewContentFetcher
2025-11-01 04:43:20.756 25969-9503  ViewContentFactory      com.babelstream                      D  createInterceptor took 0ms
2025-11-01 04:43:20.757 25969-9503  ContentCatcher          com.babelstream                      I  Interceptor_Catcher : Catcher list invalid for com.babelstream@com.babelstream.SettingsActivity@199994565
2025-11-01 04:43:20.757 25969-9503  ContentCatcher          com.babelstream                      I  Interceptor_Catcher : Get featureInfo from config image_pick_mode
2025-11-01 04:43:20.757 25969-9503  ContentCatcher          com.babelstream                      I  Interceptor_Catcher : Get featureInfo from config pick_mode
2025-11-01 04:43:20.757 25969-25969 ScrollerOp...ionManager com.babelstream                      D  registerConfigChangedListener
2025-11-01 04:43:20.764 25969-9676  AudioCaptureManager     com.babelstream                      I  level=30
2025-11-01 04:43:20.842  4639-5596  RecentsModel            com.miui.home                        W  getRunningTask   taskInfo=TaskInfo{userId=0 taskId=4037 displayId=0 isRunning=true baseIntent=Intent { act=android.intent.action.MAIN cat=[android.intent.category.LAUNCHER] flg=0x10000000 cmp=com.babelstream/.MainActivity } baseActivity=ComponentInfo{com.babelstream/com.babelstream.MainActivity} topActivity=ComponentInfo{com.babelstream/com.babelstream.SettingsActivity} origActivity=null realActivity=ComponentInfo{com.babelstream/com.babelstream.MainActivity} numActivities=2 lastActiveTime=185472044 supportsSplitScreenMultiWindow=true supportsMultiWindow=true resizeMode=1 isResizeable=true minWidth=-1 minHeight=-1 defaultMinSize=200 token=WCT{android.window.IWindowContainerToken$Stub$Proxy@a8a7696} topActivityType=1 pictureInPictureParams=null shouldDockBigOverlays=false launchIntoPipHostTaskId=-1 lastParentTaskIdBeforePip=-1 displayCutoutSafeInsets=Rect(0, 110 - 0, 0) topActivityInfo=ActivityInfo{b1a6217 com.babelstream.SettingsActivity} launchCookies=[] positionInParent=Point(0, 0) parentTaskId=-1 isFocused=true isVisible=true isVisibleRequested=true isSleeping=false locusId=null displayAreaFeatureId=1 isTopActivityTransparent=false appCompatTaskInfo=AppCompatTaskInfo { topActivityInSizeCompat=false topActivityInMiuiSizeCompat=false topActivityEligibleForLetterboxEducation= falseisLetterboxEducationEnabled= false isLetterboxDoubleTapEnabled= false topActivityEligibleForUserAspectRatioButton= false topActivityBoundsLetterboxed= false isFromLetterboxDoubleTap= false topActivityLetterboxVerticalPosition= -1 topActivityLetterboxHorizontalPosition= -1 topActivityLetterboxWidth=1080 topActivityLetterboxHeight=2400 isUserFullscreenOverrideEnabled=false isSystemFullscreenOverrideEnabled=false cameraCompatTaskInfo=CameraCompatTaskInfo { cameraCompatControlState=hidden freeformCameraCompatMode=inactive}} isImmersive=false mTopActivityRequestOrientation=1 mBehindAppLockPkg=null mOriginatingUid=0 isEmbedded=false shouldBeVisible=true isCreatedByOrganizer=false mIsCastMode=false mTopActivityMediaSize=null mTopActivityRecordName=ActivityRecord{c5f5bf3 u0 com.babelstream/.SettingsActivity t4037} mTopActivityOrientation=1}
2025-11-01 04:43:20.842  5110-5110  KeyguardEditorHelper    com.android.systemui                 D  onTopActivityMayChanged, topActivity=ComponentInfo{com.babelstream/com.babelstream.SettingsActivity}; mState=IDEL
2025-11-01 04:43:20.842 25969-25969 SecurityManager         com.babelstream                      D  checkAccessControl flag0
2025-11-01 04:43:20.843 25969-9503  ContentCatcher          com.babelstream                      I  SettingTrigger : register screen QA status observer com.babelstream.SettingsActivity
2025-11-01 04:43:20.844 25969-9503  ContentCatcher          com.babelstream                      I  SettingTrigger : register global collect status observer com.babelstream.SettingsActivity
2025-11-01 04:43:20.844 25969-9503  ContentCat...ListHelper com.babelstream                      I   blackList size: 12 package is com.babelstream isInTaplusWhiteList: true
2025-11-01 04:43:20.845  4639-5596  ActivityManagerWrapper  com.miui.home                        E  getRecentTasksForceIncludingTaskIdIfValid: getRecentTasks: size=8
                                                                                                     mainTaskId=4037   userId=0   windowMode=1   baseIntent=Intent { act=android.intent.action.MAIN flag=268435456 cmp=ComponentInfo{com.babelstream/com.babelstream.MainActivity} }
                                                                                                     mainTaskId=4032   userId=0   windowMode=1   baseIntent=Intent { act=android.intent.action.MAIN flag=270532608 cmp=ComponentInfo{com.tencent.mm/com.tencent.mm.ui.LauncherUI} }
                                                                                                     mainTaskId=4007   userId=0   windowMode=1   baseIntent=Intent { act=null flag=269484032 cmp=ComponentInfo{com.xiaomi.aiasst.vision/com.xiaomi.aiasst.vision.ui.setting.ControlWindowSettingActivity} }
                                                                                                     mainTaskId=4002   userId=0   windowMode=1   baseIntent=Intent { act=android.intent.action.MAIN flag=270532608 cmp=ComponentInfo{com.android.settings/com.android.settings.MainSettings} }
                                                                                                     mainTaskId=4014   userId=0   windowMode=1   baseIntent=Intent { act=android.settings.APPLICATION_DETAILS_SETTINGS flag=268468224 cmp=ComponentInfo{com.android.settings/com.android.settings.applications.InstalledAppDetails} }
                                                                                                     mainTaskId=4001   userId=0   windowMode=1   baseIntent=Intent { act=android.intent.action.MAIN flag=270532608 cmp=ComponentInfo{mark.via/mark.via.Shell} }
                                                                                                     mainTaskId=3992   userId=0   windowMode=1   baseIntent=Intent { act=android.intent.action.SEARCH flag=268435456 cmp=ComponentInfo{com.android.quicksearchbox/com.android.quicksearchbox.SearchActivityTransparent} }
                                                                                                     mainTaskId=3963   userId=0   windowMode=1   baseIntent=Intent { act=android.intent.action.MAIN flag=270532608 cmp=ComponentInfo{com.mi.health/com.xiaomi.fitness.login.SplashActivity} }
2025-11-01 04:43:20.846 25969-25969 ViewRootImpl            com.babelstream                      I  com.babelstream/com.babelstream.SettingsActivity use first frame acceleration
2025-11-01 04:43:20.849  8490-13892 ActivityObserverUtil    com.miui.personalassistant           I  activityResumed ComponentInfo{com.babelstream/com.babelstream.SettingsActivity}
2025-11-01 04:43:20.849  4639-5596  RecentsModel            com.miui.home                        W  getRunningTask   taskInfo=TaskInfo{userId=0 taskId=4037 displayId=0 isRunning=true baseIntent=Intent { act=android.intent.action.MAIN cat=[android.intent.category.LAUNCHER] flg=0x10000000 cmp=com.babelstream/.MainActivity } baseActivity=ComponentInfo{com.babelstream/com.babelstream.MainActivity} topActivity=ComponentInfo{com.babelstream/com.babelstream.SettingsActivity} origActivity=null realActivity=ComponentInfo{com.babelstream/com.babelstream.MainActivity} numActivities=2 lastActiveTime=185472052 supportsSplitScreenMultiWindow=true supportsMultiWindow=true resizeMode=1 isResizeable=true minWidth=-1 minHeight=-1 defaultMinSize=200 token=WCT{android.window.IWindowContainerToken$Stub$Proxy@85908b3} topActivityType=1 pictureInPictureParams=null shouldDockBigOverlays=false launchIntoPipHostTaskId=-1 lastParentTaskIdBeforePip=-1 displayCutoutSafeInsets=Rect(0, 110 - 0, 0) topActivityInfo=ActivityInfo{c016e70 com.babelstream.SettingsActivity} launchCookies=[] positionInParent=Point(0, 0) parentTaskId=-1 isFocused=true isVisible=true isVisibleRequested=true isSleeping=false locusId=null displayAreaFeatureId=1 isTopActivityTransparent=false appCompatTaskInfo=AppCompatTaskInfo { topActivityInSizeCompat=false topActivityInMiuiSizeCompat=false topActivityEligibleForLetterboxEducation= falseisLetterboxEducationEnabled= false isLetterboxDoubleTapEnabled= false topActivityEligibleForUserAspectRatioButton= false topActivityBoundsLetterboxed= false isFromLetterboxDoubleTap= false topActivityLetterboxVerticalPosition= -1 topActivityLetterboxHorizontalPosition= -1 topActivityLetterboxWidth=1080 topActivityLetterboxHeight=2400 isUserFullscreenOverrideEnabled=false isSystemFullscreenOverrideEnabled=false cameraCompatTaskInfo=CameraCompatTaskInfo { cameraCompatControlState=hidden freeformCameraCompatMode=inactive}} isImmersive=false mTopActivityRequestOrientation=1 mBehindAppLockPkg=null mOriginatingUid=0 isEmbedded=false shouldBeVisible=true isCreatedByOrganizer=false mIsCastMode=false mTopActivityMediaSize=null mTopActivityRecordName=ActivityRecord{c5f5bf3 u0 com.babelstream/.SettingsActivity t4037} mTopActivityOrientation=1}
2025-11-01 04:43:20.849  8490-13892 TopActivityMonitor      com.miui.personalassistant           I  send TopActivityChangeEvent=TopActivityChangeEvent(prev=ComponentInfo{com.babelstream/com.babelstream.MainActivity}, current=ComponentInfo{com.babelstream/com.babelstream.SettingsActivity},appChanged=false)
2025-11-01 04:43:20.850 19619-19718 services                com.xiaomi.xmsf                      D  [XMS][observer] ActivityObserver activityResumed packageName: com.babelstream
2025-11-01 04:43:20.850  4639-4639  RecentsImpl             com.miui.home                        D  mActivityStateObserver com.babelstream.SettingsActivity
2025-11-01 04:43:20.850  4639-4639  RecentsImpl             com.miui.home                        W  updateStubViewVisibility, className=com.babelstream.SettingsActivity
2025-11-01 04:43:20.850 25969-25969 DecorViewImmersiveImpl  com.babelstream                      D  onAttachedToWindow:com.babelstream/com.babelstream.SettingsActivity
2025-11-01 04:43:20.850 25969-25969 DecorViewImmersiveImpl  com.babelstream                      D  getWindowType: 1 title:com.babelstream/com.babelstream.SettingsActivity
2025-11-01 04:43:20.850 25969-25969 DecorViewImmersiveImpl  com.babelstream                      D  window type: 1
2025-11-01 04:43:20.850 25969-25969 MiuiNBIManagerImpl      com.babelstream                      D  mRemote has create
2025-11-01 04:43:20.850 25969-25969 DecorViewImmersiveImpl  com.babelstream                      D  isNBIEnable=false
2025-11-01 04:43:20.851 19619-733   AppUpdateXmsfLauncher   com.xiaomi.xmsf                      D  activityResumed intent : Intent { cmp=com.babelstream/.SettingsActivity (has extras) }
2025-11-01 04:43:20.851  2326-9915  VA_ActivityStateHelper  com.miui.voiceassist                 I  activityResumed componentName ComponentInfo{com.babelstream/com.babelstream.SettingsActivity}
2025-11-01 04:43:20.852 15655-15678 auth                    com.xiaomi.xmsf                      D  [XMS][Auth] ActivityObserver activityResumed packageName: com.babelstream
2025-11-01 04:43:20.852  8490-13892 travelServ...erverUtils com.miui.personalassistant           I  activityResumed ComponentInfo{com.babelstream/com.babelstream.SettingsActivity}
2025-11-01 04:43:20.854  4639-5596  ActivityManagerWrapper  com.miui.home                        E  getRecentTasksForceIncludingTaskIdIfValid: getRecentTasks: size=8
                                                                                                     mainTaskId=4037   userId=0   windowMode=1   baseIntent=Intent { act=android.intent.action.MAIN flag=268435456 cmp=ComponentInfo{com.babelstream/com.babelstream.MainActivity} }
                                                                                                     mainTaskId=4032   userId=0   windowMode=1   baseIntent=Intent { act=android.intent.action.MAIN flag=270532608 cmp=ComponentInfo{com.tencent.mm/com.tencent.mm.ui.LauncherUI} }
                                                                                                     mainTaskId=4007   userId=0   windowMode=1   baseIntent=Intent { act=null flag=269484032 cmp=ComponentInfo{com.xiaomi.aiasst.vision/com.xiaomi.aiasst.vision.ui.setting.ControlWindowSettingActivity} }
                                                                                                     mainTaskId=4002   userId=0   windowMode=1   baseIntent=Intent { act=android.intent.action.MAIN flag=270532608 cmp=ComponentInfo{com.android.settings/com.android.settings.MainSettings} }
                                                                                                     mainTaskId=4014   userId=0   windowMode=1   baseIntent=Intent { act=android.settings.APPLICATION_DETAILS_SETTINGS flag=268468224 cmp=ComponentInfo{com.android.settings/com.android.settings.applications.InstalledAppDetails} }
                                                                                                     mainTaskId=4001   userId=0   windowMode=1   baseIntent=Intent { act=android.intent.action.MAIN flag=270532608 cmp=ComponentInfo{mark.via/mark.via.Shell} }
                                                                                                     mainTaskId=3992   userId=0   windowMode=1   baseIntent=Intent { act=android.intent.action.SEARCH flag=268435456 cmp=ComponentInfo{com.android.quicksearchbox/com.android.quicksearchbox.SearchActivityTransparent} }
                                                                                                     mainTaskId=3963   userId=0   windowMode=1   baseIntent=Intent { act=android.intent.action.MAIN flag=270532608 cmp=ComponentInfo{com.mi.health/com.xiaomi.fitness.login.SplashActivity} }
2025-11-01 04:43:20.855  2313-10328 CoreBackPreview         system_server                        D  Window{d804674 u0 com.babelstream/com.babelstream.SettingsActivity}: Setting back callback OnBackInvokedCallbackInfo{mCallback=android.window.IOnBackInvokedCallback$Stub$Proxy@3850f5e, mPriority=0, mIsAnimationCallback=false}
2025-11-01 04:43:20.867  2313-10328 BLASTSyncEngine         system_server                        I  SyncGroup 6996:  Unfinished container:ActivityRecord{c5f5bf3 u0 com.babelstream/.SettingsActivity t4037}
2025-11-01 04:43:20.867  2313-10328 BLASTSyncEngine         system_server                        I  isActivitySyncFinished isSyncFinished false ActivityRecord{c5f5bf3 u0 com.babelstream/.SettingsActivity t4037}
2025-11-01 04:43:20.869  2313-10328 WindowManager           system_server                        D  wms.Input focus has changed to Window{d804674 u0 com.babelstream/com.babelstream.SettingsActivity} display=0 updateInputWindows = true
2025-11-01 04:43:20.869  2313-10328 WindowManager           system_server                        I  Allow fixed rotation for non occludes parent activity r=ActivityRecord{c5f5bf3 u0 com.babelstream/.SettingsActivity t4037}
2025-11-01 04:43:20.870 25969-25969 libc                    com.babelstream                      W  Access denied finding property "vendor.gpp.create_frc_extension"
2025-11-01 04:43:20.879 25969-25969 VRI[SettingsActivity]   com.babelstream                      D  vri.reportNextDraw android.view.ViewRootImpl.performTraversals:4949 android.view.ViewRootImpl.doTraversal:3549 android.view.ViewRootImpl$TraversalRunnable.run:11526 android.view.Choreographer$CallbackRecord.run:1717 android.view.Choreographer$CallbackRecord.run:1726 
2025-11-01 04:43:20.879 25969-25969 VRI[SettingsActivity]   com.babelstream                      D  vri.Setup new sync=wmsSync-VRI[SettingsActivity]#2
2025-11-01 04:43:20.893 25969-9502  HWUI                    com.babelstream                      D  makeCurrent grContext:0xb400007bd4130c70 reset mTextureAvailable
2025-11-01 04:43:20.905 25969-25969 VRI[SettingsActivity]   com.babelstream                      D  vri.reportDrawFinished
2025-11-01 04:43:20.905  2313-10328 WindowManager           system_server                        D  wms.finishDrawingLocked: mDrawState=COMMIT_DRAW_PENDING Window{d804674 u0 com.babelstream/com.babelstream.SettingsActivity} in Surface(name=com.babelstream/com.babelstream.SettingsActivity#73517)/@0xb0a5f3f
2025-11-01 04:43:20.906 25969-25969 Choreographer           com.babelstream                      I  first vsync insert message into MessageQueue Head
2025-11-01 04:43:20.907  2313-2454  WindowManager           system_server                        E  setClientVisible ActivityRecord{c5f5bf3 u0 com.babelstream/.SettingsActivity t4037} true
2025-11-01 04:43:20.907  2313-2454  WindowManager           system_server                        I  wms.showSurfaceRobustly mWin:Window{d804674 u0 com.babelstream/com.babelstream.SettingsActivity}
2025-11-01 04:43:20.907  2313-2454  WindowManager           system_server                        D  Final targets: [ActivityRecord{c5f5bf3 u0 com.babelstream/.SettingsActivity t4037}, ActivityRecord{db24ae3 u0 com.babelstream/.MainActivity t4037}]
2025-11-01 04:43:20.908  2313-2454  WindowManager           system_server                        D  Calling onTransitionReady info={id=6996 t=OPEN f=0x0 trk=0 opt={t=FROM_STYLE} r=[0@Point(0, 0)] c=[{null m=OPEN f=FILLS_TASK leash=Surface(name=ActivityRecord{c5f5bf3 u0 com.babelstream/.SettingsActivity t4037}#73515)/@0x909c44f sb=Rect(0, 0 - 0, 0) eb=Rect(0, 0 - 1080, 2400) d=-1->0 r=-1->0:-1 windowMode=0->1 bc=ff1e1e1e component=com.babelstream/.SettingsActivity v=true},{null m=TO_BACK f=FILLS_TASK leash=Surface(name=ActivityRecord{db24ae3 u0 com.babelstream/.MainActivity t4037}#73497)/@0x111855 sb=Rect(0, 0 - 1080, 2400) eb=Rect(0, 0 - 1080, 2400) d=0 bc=ff1e1e1e component=com.babelstream/.MainActivity v=false}] mk=[false] noAni=[false] df=[false] oa=[true] sa=[false] ho=[false] iSync=[-1]}, mToken=Token{a11cfd3 TransitionRecord{a0efb29 id=6996 type=OPEN flags=0x0}}
2025-11-01 04:43:20.910  5110-5249  MiuiFreefo...eAnimation com.android.systemui                 D  startAnimation change: {null m=OPEN f=FILLS_TASK leash=Surface(name=ActivityRecord{c5f5bf3 u0 com.babelstream/.SettingsActivity t4037}#73515)/@0xe549ee5 sb=Rect(0, 0 - 0, 0) eb=Rect(0, 0 - 1080, 2400) d=-1->0 r=-1->0:-1 windowMode=0->1 bc=ff1e1e1e component=com.babelstream/.SettingsActivity v=true} info.getType(): 1
2025-11-01 04:43:20.910  5110-5249  MiuiFreefo...eAnimation com.android.systemui                 D  startAnimation change: {null m=TO_BACK f=FILLS_TASK leash=Surface(name=ActivityRecord{db24ae3 u0 com.babelstream/.MainActivity t4037}#73497)/@0xc8f9dba sb=Rect(0, 0 - 1080, 2400) eb=Rect(0, 0 - 1080, 2400) d=0 bc=ff1e1e1e component=com.babelstream/.MainActivity v=false} info.getType(): 1
