2025-11-01 05:26:40.297  8522-10456 MIUISafety-Monitor      com.miui.securitycenter.remote       W  sync com.babelstream,userId:0,op:27,active:false,isNote:false,isTerminal:false,notify:true
2025-11-01 05:26:40.297  1584-6882  AHAL: AudioStreamCustom android.hardware.audio.service_64    D  SetParameters: 892: Enter: kvpairs is appname=+com.babelstream
2025-11-01 05:26:40.297  1584-6882  AHAL: AudioStreamCustom android.hardware.audio.service_64    D  SetParameters: 963: [hal_apptype] SetParameters(), in: set app name +com.babelstream [13, 0x1 0x1]
2025-11-01 05:26:40.298  1584-6882  AHAL: AudioStream       android.hardware.audio.service_64    D  SetParameters: 6352: enter: kvpairs: appname=+com.babelstream
2025-11-01 05:26:40.299  8522-10456 MIUISafety-Monitor      com.miui.securitycenter.remote       W  sync com.babelstream,userId:0,op:27,active:true,isNote:false,isTerminal:false,notify:true
2025-11-01 05:26:40.301  1910-4416  APM_AudioPolicyManager  audioserver                          D  startInput input:1894, session:7761, portId:1978, appname com.babelstream, uid 10431)
2025-11-01 05:26:40.317 23544-28437 AudioCaptureManager     com.babelstream                      I  Switched to source=7, sr=44100, routedDevice=15/23116PN5BC
2025-11-01 05:26:40.343  1584-28632 android.ha...service_64 android.hardware.audio.service_64    D  send_sound_recorder_data_to_xlog: msg input_device__type: mobile mic, recorder_app_name: com.babelstream
2025-11-01 05:26:40.343  1584-28632 xlog_client             android.hardware.audio.service_64    D  _xlog_write_flat_msg: send msg {"name":"sound_recorder","audio_event":{"input_device_type":"mobile mic","recorder_app_name":"com.babelstream"},"dgt":"null","audio_ext":"null" }
2025-11-01 05:26:40.464 23544-28437 AudioCaptureManager     com.babelstream                      I  level=0
2025-11-01 05:26:40.469 23544-28437 RecognitionService      com.babelstream                      I  level=0
2025-11-01 05:26:41.486 23544-28437 AudioCaptureManager     com.babelstream                      I  level=0
2025-11-01 05:26:41.588 23544-28437 RecognitionService      com.babelstream                      I  level=0
2025-11-01 05:26:42.505 23544-28437 AudioCaptureManager     com.babelstream                      I  level=0
2025-11-01 05:26:42.506 23544-28437 AudioCaptureManager     com.babelstream                      I  Reconfiguring... try source=1, sr=48000
2025-11-01 05:26:42.509 23544-28437 AudioRecordStub         com.babelstream                      D  AudioRecordStub() create
2025-11-01 05:26:42.510 23544-28437 AudioRecordImpl         com.babelstream                      I  initAudioRecordImpl()
2025-11-01 05:26:42.510 23544-28437 AudioRecord             com.babelstream                      D  set(): inputSource 1, sampleRate 48000, format 0x1, channelMask 0x10, frameCount 4096, notificationFrames 0, sessionId 0, transferType 0, flags 0, attributionSource AttributionSourceState{pid: 23544, uid: 10431, deviceId: 0, packageName: com.babelstream, attributionTag: (null), token: binder:0xb400007b840f18d0, renouncedPermissions: [], next: []}uid -1, pid -1
2025-11-01 05:26:42.524  1910-4424  APM_AudioPolicyManager  audioserver                          D  getInputForAttr AudioPlayBackCapture not supported, appName: com.babelstream
2025-11-01 05:26:42.525  1910-4424  AudioPolicyManagerImpl  audioserver                          D  binder call: getPackageName com.babelstream for uid 10431
2025-11-01 05:26:42.541 23544-28437 xlog_client             com.babelstream                      V  xlog_check_permission event name audio_track_message level 0
2025-11-01 05:26:42.541 23544-28437 AudioRecord             com.babelstream                      I  stop mSessionID=7761, packageName: com.babelstream
2025-11-01 05:26:42.541 23544-28437 AudioRecord             com.babelstream                      D  stop(1978): mActive:1
2025-11-01 05:26:42.645  8522-10456 MIUISafety-Monitor      com.miui.securitycenter.remote       W  sync com.babelstream,userId:0,op:27,active:false,isNote:false,isTerminal:false,notify:true
2025-11-01 05:26:42.649  1910-28631 AudioFlingerImpl        audioserver                          D  checkForGameParameter_l() set events appname=-com.babelstream
2025-11-01 05:26:42.650  1584-6882  AHAL: AudioStream       android.hardware.audio.service_64    D  astream_in_set_parameters: 2049: Enter: appname=-com.babelstream
2025-11-01 05:26:42.650  1584-6882  AHAL: AudioStreamCustom android.hardware.audio.service_64    D  SetParameters: 892: Enter: kvpairs is appname=-com.babelstream
2025-11-01 05:26:42.650  1584-6882  AHAL: AudioStreamCustom android.hardware.audio.service_64    D  SetParameters: 963: [hal_apptype] SetParameters(), in: set app name -com.babelstream [12, 0x1 0x0]
2025-11-01 05:26:42.651  1584-6882  AHAL: AudioStream       android.hardware.audio.service_64    D  SetParameters: 6352: enter: kvpairs: appname=-com.babelstream
2025-11-01 05:26:42.652 23544-28437 AudioRecord             com.babelstream                      I  stop mSessionID=7761, packageName: com.babelstream
2025-11-01 05:26:42.652 23544-28437 AudioRecord             com.babelstream                      D  stop(1978): mActive:0
2025-11-01 05:26:42.652 23544-28437 AudioRecord             com.babelstream                      I  stop mSessionID=7761, packageName: com.babelstream
2025-11-01 05:26:42.652 23544-28437 AudioRecord             com.babelstream                      D  stop(1978): mActive:0
2025-11-01 05:26:42.652  2313-5868  MediaFunctionStubImpl   system_server                        D  report record event.{"name":"recording_parameters","audio_event":{"device_name":"mic", "packg_name":"com.babelstream", "record_source":"VOICE_COMMUNICATION", "record_encoding":"2", "record_channel_num":"1", "record_sample_rate":"44100", "record_time_during":"2"},"dgt":"null","audio_ext":"null"}
2025-11-01 05:26:42.654 23544-28437 AudioRecordStub         com.babelstream                      D  ~AudioRecordStub() destroy
2025-11-01 05:26:42.655 23544-28437 AudioRecord             com.babelstream                      I  start mSessionID=7769 start(1981): sync event 0 trigger session 0  packageName: com.babelstream
2025-11-01 05:26:42.657  2313-5868  xlog_client             system_server                        V   xlog_send_java  JNI test, msg is {"name":"recording_parameters","audio_event":{"device_name":"mic", "packg_name":"com.babelstream", "record_source":"VOICE_COMMUNICATION", "record_encoding":"2", "record_channel_num":"1", "record_sample_rate":"44100", "record_time_during":"2"},"dgt":"null","audio_ext":"null"}
2025-11-01 05:26:42.663  8522-10456 MIUISafety-Monitor      com.miui.securitycenter.remote       W  sync com.babelstream,userId:0,op:27,active:true,isNote:false,isTerminal:false,notify:true
2025-11-01 05:26:42.664  1910-4441  MiAudioPolicyManager    audioserver                          D  getPackageName: com.babelstream  uid 10431
2025-11-01 05:26:42.664  1910-28651 AudioFlingerImpl        audioserver                          D  checkForGameParameter_l() set events appname=+com.babelstream
2025-11-01 05:26:42.664  1584-6882  AHAL: AudioStream       android.hardware.audio.service_64    D  astream_in_set_parameters: 2049: Enter: appname=+com.babelstream
2025-11-01 05:26:42.664  1584-6882  AHAL: AudioStreamCustom android.hardware.audio.service_64    D  SetParameters: 892: Enter: kvpairs is appname=+com.babelstream
2025-11-01 05:26:42.664  1584-6882  AHAL: AudioStreamCustom android.hardware.audio.service_64    D  SetParameters: 963: [hal_apptype] SetParameters(), in: set app name +com.babelstream [13, 0x1 0x1]
2025-11-01 05:26:42.664  1584-6882  AHAL: AudioStream       android.hardware.audio.service_64    D  SetParameters: 6352: enter: kvpairs: appname=+com.babelstream
2025-11-01 05:26:42.665  1910-4441  APM_AudioPolicyManager  audioserver                          D  startInput input:1902, session:7769, portId:1981, appname com.babelstream, uid 10431)
2025-11-01 05:26:42.679 23544-28437 AudioCaptureManager     com.babelstream                      I  Switched to source=1, sr=48000, routedDevice=15/23116PN5BC
2025-11-01 05:26:42.688  1584-28656 android.ha...service_64 android.hardware.audio.service_64    D  send_sound_recorder_data_to_xlog: msg input_device__type: mobile mic, recorder_app_name: com.babelstream
2025-11-01 05:26:42.688  1584-28656 xlog_client             android.hardware.audio.service_64    D  _xlog_write_flat_msg: send msg {"name":"sound_recorder","audio_event":{"input_device_type":"mobile mic","recorder_app_name":"com.babelstream"},"dgt":"null","audio_ext":"null" }
2025-11-01 05:26:42.803 23544-28437 AudioCaptureManager     com.babelstream                      I  level=0
2025-11-01 05:26:42.811 23544-28437 RecognitionService      com.babelstream                      I  level=0
2025-11-01 05:26:43.460 23544-28262 RenderInspector         com.babelstream                      W  QueueBuffer time out on com.babelstream/com.babelstream.MainActivity, count=1, avg=10 ms, max=10 ms.
2025-11-01 05:26:43.823 23544-28437 AudioCaptureManager     com.babelstream                      I  level=14
2025-11-01 05:26:43.906 23544-28437 RecognitionService      com.babelstream                      I  level=15
2025-11-01 05:26:44.843 23544-28437 AudioCaptureManager     com.babelstream                      I  level=15
2025-11-01 05:26:45.026 23544-28437 RecognitionService      com.babelstream                      I  level=16
2025-11-01 05:26:45.864 23544-28437 AudioCaptureManager     com.babelstream                      I  level=14
2025-11-01 05:26:46.128 23544-28437 RecognitionService      com.babelstream                      I  level=14
2025-11-01 05:26:46.903 23544-28437 AudioCaptureManager     com.babelstream                      I  level=17
2025-11-01 05:26:47.046 23544-28262 RenderInspector         com.babelstream                      W  QueueBuffer time out on com.babelstream/com.babelstream.MainActivity, count=1, avg=9 ms, max=9 ms.
2025-11-01 05:26:47.146 23544-28437 RecognitionService      com.babelstream                      I  level=13
2025-11-01 05:26:47.169  2313-4317  MQSserver               system_server                        I  getData len: 512 content: {"name":"recording_parameters","audio_event":{"device_name":"mic", "packg_name":"com.babelstream", "record_source":"VOICE_COMMUNICATION", "record_encoding":"2", "record_channel_num":"1", "record_sample_rate":"48000", "record_time_during":"16"},"dgt":"null","audio_ext":"null"}????????????????????????????????????????????????????????????????????????????????????????????????????????????????????????????????????????????????????????????????????????????????????????????????????????????????????????????????????????????????????????????????????????????????????????????????????????????????????????????????????????????????????????????????????????????????????????????????????????????????????????????????????????????????????????????????????????????????????????
2025-11-01 05:26:47.171  2313-4317  MQSserver               system_server                        D  update RBI json: {"name":"recording_parameters","audio_event":{"device_name":"mic","packg_name":"com.babelstream","record_source":"VOICE_COMMUNICATION","record_encoding":"2","record_channel_num":"1","record_sample_rate":"48000","record_time_during":"16"},"dgt":"null","audio_ext":"null","onetrack_count":"2"}
2025-11-01 05:26:47.171  2313-4317  MQSserver               system_server                        D  updateCount: name: recording_parameters/audio_event : {"device_name":"mic","packg_name":"com.babelstream","record_source":"VOICE_COMMUNICATION","record_encoding":"2","record_channel_num":"1","record_sample_rate":"48000","record_time_during":"16"}
2025-11-01 05:26:47.922 23544-28437 AudioRecordImpl         com.babelstream                      D  [audioRecordData][fine] 5s(f:5040 m:79 s:0) : pid 23544 uid 10431 sessionId 7769 sr 48000 ch 1 fmt 1
2025-11-01 05:26:47.922 23544-28437 AudioCaptureManager     com.babelstream                      I  level=15
2025-11-01 05:26:48.187 23544-28437 RecognitionService      com.babelstream                      I  level=16
2025-11-01 05:26:48.619 23544-28262 RenderInspector         com.babelstream                      W  DequeueBuffer time out on com.babelstream/com.babelstream.MainActivity, count=1, avg=9 ms, max=9 ms.
2025-11-01 05:26:48.942 23544-28437 AudioCaptureManager     com.babelstream                      I  level=13
2025-11-01 05:26:49.206 23544-28437 RecognitionService      com.babelstream                      I  level=15
2025-11-01 05:26:49.519 23544-28262 RenderInspector         com.babelstream                      W  QueueBuffer time out on com.babelstream/com.babelstream.MainActivity, count=1, avg=9 ms, max=9 ms.
2025-11-01 05:26:49.962 23544-28437 AudioCaptureManager     com.babelstream                      I  level=61
2025-11-01 05:26:50.219 23544-28262 RenderInspector         com.babelstream                      W  DequeueBuffer time out on com.babelstream/com.babelstream.MainActivity, count=1, avg=8 ms, max=8 ms.
2025-11-01 05:26:50.306 23544-28437 RecognitionService      com.babelstream                      I  level=15
2025-11-01 05:26:50.672 23544-28108 com.babelstream         com.babelstream                      W  Cleared Reference was only reachable from finalizer (only reported once)
2025-11-01 05:26:50.678 23544-28108 com.babelstream         com.babelstream                      I  This is sticky GC, maxfree is 16777216 minfree is 8388608
2025-11-01 05:26:50.984 23544-28437 AudioCaptureManager     com.babelstream                      I  level=14
2025-11-01 05:26:51.326 23544-28437 RecognitionService      com.babelstream                      I  level=14
2025-11-01 05:26:51.495 23544-28262 RenderInspector         com.babelstream                      W  DequeueBuffer time out on com.babelstream/com.babelstream.MainActivity, count=1, avg=9 ms, max=9 ms.
2025-11-01 05:26:52.009 23544-28262 RenderInspector         com.babelstream                      W  DequeueBuffer time out on com.babelstream/com.babelstream.MainActivity, count=1, avg=8 ms, max=8 ms.
2025-11-01 05:26:52.022 23544-28437 AudioCaptureManager     com.babelstream                      I  level=15
2025-11-01 05:26:52.450 23544-28437 RecognitionService      com.babelstream                      I  level=14
2025-11-01 05:26:52.943 23544-28437 AudioRecordImpl         com.babelstream                      D  [audioRecordData][fine] 10s(f:10061 m:79 s:0) : pid 23544 uid 10431 sessionId 7769 sr 48000 ch 1 fmt 1
2025-11-01 05:26:53.043 23544-28437 AudioCaptureManager     com.babelstream                      I  level=14
2025-11-01 05:26:53.469 23544-28437 RecognitionService      com.babelstream                      I  level=14
2025-11-01 05:26:54.062 23544-28437 AudioCaptureManager     com.babelstream                      I  level=23
2025-11-01 05:26:54.377 23544-28262 RenderInspector         com.babelstream                      W  QueueBuffer time out on com.babelstream/com.babelstream.MainActivity, count=1, avg=12 ms, max=12 ms.
2025-11-01 05:26:54.489 23544-28437 RecognitionService      com.babelstream                      I  level=17
2025-11-01 05:26:55.084 23544-28437 AudioCaptureManager     com.babelstream                      I  level=13
2025-11-01 05:26:55.606 23544-28437 RecognitionService      com.babelstream                      I  level=16
2025-11-01 05:26:56.104 23544-28437 AudioCaptureManager     com.babelstream                      I  level=48
2025-11-01 05:26:56.628 23544-28437 RecognitionService      com.babelstream                      I  level=60
2025-11-01 05:26:57.142 23544-28437 AudioCaptureManager     com.babelstream                      I  level=26
2025-11-01 05:26:57.275 23544-28262 RenderInspector         com.babelstream                      W  QueueBuffer time out on com.babelstream/com.babelstream.MainActivity, count=1, avg=12 ms, max=12 ms.
2025-11-01 05:26:57.646 23544-28437 RecognitionService      com.babelstream                      I  level=15
2025-11-01 05:26:57.902 23544-28437 AudioRecordImpl         com.babelstream                      D  [audioRecordData][fine] 15s(f:15020 m:79 s:0) : pid 23544 uid 10431 sessionId 7769 sr 48000 ch 1 fmt 1
2025-11-01 05:26:58.165 23544-28437 AudioCaptureManager     com.babelstream                      I  level=15
2025-11-01 05:26:58.769 23544-28437 RecognitionService      com.babelstream                      I  level=14
2025-11-01 05:26:59.019 23544-28262 RenderInspector         com.babelstream                      W  DequeueBuffer time out on com.babelstream/com.babelstream.MainActivity, count=2, avg=10 ms, max=10 ms.
2025-11-01 05:26:59.182 23544-28437 AudioCaptureManager     com.babelstream                      I  level=14
2025-11-01 05:26:59.865 23544-28437 RecognitionService      com.babelstream                      I  level=13
2025-11-01 05:27:00.203 23544-28437 AudioCaptureManager     com.babelstream                      I  level=14
2025-11-01 05:27:00.888 23544-28437 RecognitionService      com.babelstream                      I  level=15
2025-11-01 05:27:01.223 23544-28437 AudioCaptureManager     com.babelstream                      I  level=14
2025-11-01 05:27:02.006 23544-28437 RecognitionService      com.babelstream                      I  level=17
2025-11-01 05:27:02.262 23544-28437 AudioCaptureManager     com.babelstream                      I  level=14
2025-11-01 05:27:02.943 23544-28437 AudioRecordImpl         com.babelstream                      D  [audioRecordData][fine] 20s(f:20061 m:79 s:0) : pid 23544 uid 10431 sessionId 7769 sr 48000 ch 1 fmt 1
2025-11-01 05:27:03.106 23544-28437 RecognitionService      com.babelstream                      I  level=14
2025-11-01 05:27:03.284 23544-28437 AudioCaptureManager     com.babelstream                      I  level=16
2025-11-01 05:27:04.228 23544-28437 RecognitionService      com.babelstream                      I  level=16
2025-11-01 05:27:04.304 23544-28437 AudioCaptureManager     com.babelstream                      I  level=13
2025-11-01 05:27:05.324 23544-28437 AudioCaptureManager     com.babelstream                      I  level=16
2025-11-01 05:27:05.327 23544-28437 RecognitionService      com.babelstream                      I  level=16
2025-11-01 05:27:06.343 23544-28437 AudioCaptureManager     com.babelstream                      I  level=14
2025-11-01 05:27:06.449 23544-28437 RecognitionService      com.babelstream                      I  level=14
2025-11-01 05:27:07.382 23544-28437 AudioCaptureManager     com.babelstream                      I  level=15
2025-11-01 05:27:07.466 23544-28437 RecognitionService      com.babelstream                      I  level=14
2025-11-01 05:27:07.886 23544-28437 AudioRecordImpl         com.babelstream                      D  [audioRecordData][fine] 25s(f:25004 m:79 s:0) : pid 23544 uid 10431 sessionId 7769 sr 48000 ch 1 fmt 1
2025-11-01 05:27:07.902 23544-28262 RenderInspector         com.babelstream                      W  DequeueBuffer time out on com.babelstream/com.babelstream.MainActivity, count=1, avg=21 ms, max=21 ms.
2025-11-01 05:27:08.403 23544-28437 AudioCaptureManager     com.babelstream                      I  level=15
2025-11-01 05:27:08.566 23544-28437 RecognitionService      com.babelstream                      I  level=15
2025-11-01 05:27:09.422 23544-28437 AudioCaptureManager     com.babelstream                      I  level=13
2025-11-01 05:27:09.687 23544-28437 RecognitionService      com.babelstream                      I  level=15
2025-11-01 05:27:10.383 23544-28262 RenderInspector         com.babelstream                      W  DequeueBuffer time out on com.babelstream/com.babelstream.MainActivity, count=1, avg=10 ms, max=10 ms.
2025-11-01 05:27:10.443 23544-28437 AudioCaptureManager     com.babelstream                      I  level=16
2025-11-01 05:27:10.784 23544-28437 RecognitionService      com.babelstream                      I  level=15
2025-11-01 05:27:11.462 23544-28437 AudioCaptureManager     com.babelstream                      I  level=15
2025-11-01 05:27:11.615 23544-28262 RenderInspector         com.babelstream                      W  QueueBuffer time out on com.babelstream/com.babelstream.MainActivity, count=1, avg=11 ms, max=11 ms.
2025-11-01 05:27:11.738  2313-4109  InputDispatcher         system_server                        W  channel 38169b com.babelstream/com.babelstream.MainActivity (server)~ dropping inconsistent event: DispatchEntry{resolvedFlags=0, targetFlags=0x0, transform=transform (ROT_0) (SCALE )
                                                                                                        0.7500  -0.0000  0.0000
                                                                                                        -0.0000  0.7500  0.0000
                                                                                                        0.0000  0.0000  1.0000
                                                                                                    } original: MotionEvent(action=HOVER_EXIT)
2025-11-01 05:27:11.747  2313-4109  MIUIInput               system_server                        I  [MotionEvent] publisher action=0x0, deviceId=-1, 169628032, channel '38169b com.babelstream/com.babelstream.MainActivity (server)'
2025-11-01 05:27:11.749 23544-23544 MIUIInput               com.babelstream                      I  [MotionEvent] ViewRootImpl windowName 'com.babelstream/com.babelstream.MainActivity', { action=ACTION_DOWN, id[0]=0, pointerCount=1, eventTime=169628032, downTime=169628032, phoneEventTime=05:27:11.739 } moveCount:0
2025-11-01 05:27:11.849  2313-4109  MIUIInput               system_server                        I  [MotionEvent] publisher action=0x1, deviceId=-1, 169628141, channel '38169b com.babelstream/com.babelstream.MainActivity (server)'
2025-11-01 05:27:11.850 23544-23544 MIUIInput               com.babelstream                      I  [MotionEvent] ViewRootImpl windowName 'com.babelstream/com.babelstream.MainActivity', { action=ACTION_UP, id[0]=0, pointerCount=1, eventTime=169628141, downTime=169628032, phoneEventTime=05:27:11.848 } moveCount:0
2025-11-01 05:27:11.906 23544-28437 RecognitionService      com.babelstream                      I  level=14
2025-11-01 05:27:11.907 23544-23544 AudioRecord             com.babelstream                      I  stop mSessionID=7769, packageName: com.babelstream
2025-11-01 05:27:11.907 23544-23544 AudioRecord             com.babelstream                      D  stop(1981): mActive:1
2025-11-01 05:27:12.006  8522-10456 MIUISafety-Monitor      com.miui.securitycenter.remote       W  sync com.babelstream,userId:0,op:27,active:false,isNote:false,isTerminal:false,notify:true
2025-11-01 05:27:12.013  1910-28651 AudioFlingerImpl        audioserver                          D  checkForGameParameter_l() set events appname=-com.babelstream
2025-11-01 05:27:12.013  1584-640   AHAL: AudioStream       android.hardware.audio.service_64    D  astream_in_set_parameters: 2049: Enter: appname=-com.babelstream
2025-11-01 05:27:12.013  1584-640   AHAL: AudioStreamCustom android.hardware.audio.service_64    D  SetParameters: 892: Enter: kvpairs is appname=-com.babelstream
2025-11-01 05:27:12.013  1584-640   AHAL: AudioStreamCustom android.hardware.audio.service_64    D  SetParameters: 963: [hal_apptype] SetParameters(), in: set app name -com.babelstream [12, 0x1 0x0]
2025-11-01 05:27:12.013  1584-640   AHAL: AudioStream       android.hardware.audio.service_64    D  SetParameters: 6352: enter: kvpairs: appname=-com.babelstream
2025-11-01 05:27:12.015 23544-23544 AudioRecord             com.babelstream                      I  stop mSessionID=7769, packageName: com.babelstream
2025-11-01 05:27:12.015 23544-23544 AudioRecord             com.babelstream                      D  stop(1981): mActive:0
2025-11-01 05:27:12.015 23544-23544 AudioRecord             com.babelstream                      I  stop mSessionID=7769, packageName: com.babelstream
2025-11-01 05:27:12.015 23544-23544 AudioRecord             com.babelstream                      D  stop(1981): mActive:0
2025-11-01 05:27:12.016 23544-23544 AudioRecordStub         com.babelstream                      D  ~AudioRecordStub() destroy
2025-11-01 05:27:12.016  2313-10328 MediaFunctionStubImpl   system_server                        D  report record event.{"name":"recording_parameters","audio_event":{"device_name":"mic", "packg_name":"com.babelstream", "record_source":"MIC", "record_encoding":"2", "record_channel_num":"1", "record_sample_rate":"48000", "record_time_during":"30"},"dgt":"null","audio_ext":"null"}
2025-11-01 05:27:12.016 23544-23544 AudioCaptureManager     com.babelstream                      I  Recording stopped
2025-11-01 05:27:12.020  2313-10328 xlog_client             system_server                        V   xlog_send_java  JNI test, msg is {"name":"recording_parameters","audio_event":{"device_name":"mic", "packg_name":"com.babelstream", "record_source":"MIC", "record_encoding":"2", "record_channel_num":"1", "record_sample_rate":"48000", "record_time_during":"30"},"dgt":"null","audio_ext":"null"}
2025-11-01 05:27:12.107 23544-23544 RecognitionService      com.babelstream                      I  status=
2025-11-01 05:27:12.109 23544-23544 RecognitionService      com.babelstream                      I  ACTION_STATUS: 
2025-11-01 05:27:12.110  2313-10328 AS.AudioService         system_server                        V  setMode(mode=0, pid=23544, uid=10431, caller=com.babelstream)
2025-11-01 05:27:12.111  2313-5735  ActivityManager         system_server                        I  Cancel FGS notification userId: 0 definingUid: 10431 packageName: com.babelstream processName:com.babelstream ChannelId:recognition_channel foregroundNotiWhen:1761945976959 Notiflags:98
2025-11-01 05:27:12.112  2313-2313  NotificationService     system_server                        I  Cancel FGS notification CallingUid: 10431 CallingPid: 23544 Pkg: com.babelstream Id:2 Tag:null UserId:0 MustHaveFlags:0 MustNotHaveFlags:0 Reason:8 foregroundNotiWhen:1761945976959 foregroundNotiFlags:98 foregroundNotiChannelId:recognition_channel
2025-11-01 05:27:12.117  1726-1726  vendor.qti...dl-service ven...re.servicetrackeraidl-service  I  destroyService is called for service : com.babelstream/.RecognitionService
2025-11-01 05:27:12.119 23544-23544 Choreographer           com.babelstream                      I  Skipped 31 frames!  The application may be doing too much work on its main thread.
2025-11-01 05:27:12.134  5110-5110  HideDelete...Controller com.android.systemui                 D  onNotificationRemoved 8 0|com.babelstream|2|null|10431
2025-11-01 05:27:12.136  5110-6572  Notificati...iderPublic com.android.systemui                 D  call method=canShowFocus extras=Bundle[{package=com.babelstream}] uid=$s
2025-11-01 05:27:12.136  5110-6572  DatabaseUtils           com.android.systemui                 E  Writing exception to parcel (Ask Gemini)
                                                                                                    java.lang.SecurityException: Package com.babelstream is not owned by uid 10281
                                                                                                    	at com.android.systemui.statusbar.notification.NotificationProviderPublic.call(go/retraceme 30683299122b2655f1793582b37c2c86310d813fe556c12dae2f66b99447f4d9:83)
                                                                                                    	at android.content.ContentProvider.call(ContentProvider.java:2736)
                                                                                                    	at android.content.ContentProvider$Transport.call(ContentProvider.java:639)
                                                                                                    	at android.content.ContentProviderNative.onTransact(ContentProviderNative.java:310)
                                                                                                    	at android.os.Binder.execTransactInternal(Binder.java:1507)
                                                                                                    	at android.os.Binder.execTransact(Binder.java:1451)
2025-11-01 05:27:12.136  5110-6572  NotificationProvider    com.android.systemui                 D  call method=canShowFocus extras=Bundle[{package=com.babelstream}]
2025-11-01 05:27:12.136  9743-11525 FOCUS_NOTI...9743_11525 com.mi.health                        I  content://statusbar.notification/canShowFocus packageName = com.babelstream hasFocusPermission  =true
2025-11-01 05:27:12.136  9743-11525 FOCUS_NOTI...9743_11525 com.mi.health                        I   packageName = com.babelstream hasFocusPermission  =true
2025-11-01 05:27:12.136  9743-11525 NotifySync...9743_11525 com.mi.health                        I  onNotificationRemoved appID:com.babelstream uid:2 key:0|com.babelstream|2|null|10431  reason:REASON_APP_CANCEL
2025-11-01 05:27:12.344  6629-6629  SpaceNotif...ionService com.miui.securitycore.remote         D  onNotificationPosted pkgname:com.babelstream userId:0 currentUserId:0 isFloat: false
2025-11-01 05:27:12.349  9743-11525 NotifySync...9743_11525 com.mi.health                        I  onNotificationPosted Id:2147483647 key:0|com.babelstream|2147483647|ranker_group|10431|ranker_group PackageName:com.babelstream IsOngoing:true PostTime:1761945977184 currentDeviceModel.connected: true
2025-11-01 05:27:12.562  5110-5110  MiuiBubbleSettings      com.android.systemui                 I  com.babelstream 0isAppEnableBubbleNotification: false
2025-11-01 05:27:12.646  4639-5241  Launcher.A...onsMessage com.miui.home                        I  update com.babelstream/ to null