2025-11-01 05:26:14.739  4639-5596  RecentsModel            com.miui.home                        W  getRunningTask   taskInfo=TaskInfo{userId=0 taskId=4052 displayId=0 isRunning=true baseIntent=Intent { act=android.intent.action.MAIN cat=[android.intent.category.LAUNCHER] flg=0x10200000 cmp=com.babelstream/.MainActivity } baseActivity=ComponentInfo{com.babelstream/com.babelstream.MainActivity} topActivity=ComponentInfo{com.babelstream/com.babelstream.MainActivity} origActivity=null realActivity=ComponentInfo{com.babelstream/com.babelstream.MainActivity} numActivities=1 lastActiveTime=188045943 supportsSplitScreenMultiWindow=true supportsMultiWindow=true resizeMode=1 isResizeable=true minWidth=-1 minHeight=-1 defaultMinSize=200 token=WCT{android.window.IWindowContainerToken$Stub$Proxy@f87545b} topActivityType=1 pictureInPictureParams=null shouldDockBigOverlays=false launchIntoPipHostTaskId=-1 lastParentTaskIdBeforePip=-1 displayCutoutSafeInsets=Rect(0, 110 - 0, 0) topActivityInfo=ActivityInfo{1b4d4f8 com.babelstream.MainActivity} launchCookies=[] positionInParent=Point(0, 0) parentTaskId=-1 isFocused=true isVisible=true isVisibleRequested=true isSleeping=false locusId=null displayAreaFeatureId=1 isTopActivityTransparent=false appCompatTaskInfo=AppCompatTaskInfo { topActivityInSizeCompat=false topActivityInMiuiSizeCompat=false topActivityEligibleForLetterboxEducation= falseisLetterboxEducationEnabled= false isLetterboxDoubleTapEnabled= false topActivityEligibleForUserAspectRatioButton= false topActivityBoundsLetterboxed= false isFromLetterboxDoubleTap= false topActivityLetterboxVerticalPosition= -1 topActivityLetterboxHorizontalPosition= -1 topActivityLetterboxWidth=1080 topActivityLetterboxHeight=2400 isUserFullscreenOverrideEnabled=false isSystemFullscreenOverrideEnabled=false cameraCompatTaskInfo=CameraCompatTaskInfo { cameraCompatControlState=hidden freeformCameraCompatMode=inactive}} isImmersive=false mTopActivityRequestOrientation=1 mBehindAppLockPkg=null mOriginatingUid=0 isEmbedded=false shouldBeVisible=true isCreatedByOrganizer=false mIsCastMode=false mTopActivityMediaSize=null mTopActivityRecordName=ActivityRecord{e641f3c u0 com.babelstream/.MainActivity t4052} mTopActivityOrientation=1}
2025-11-01 05:26:14.741  2313-4132  ImeTracker              system_server                        I  com.babelstream:a73878a9: onRequestHide at ORIGIN_SERVER reason HIDE_UNSPECIFIED_WINDOW fromUser false
2025-11-01 05:26:14.741  2313-4132  ImeTracker              system_server                        I  com.babelstream:a73878a9: onCancelled at PHASE_SERVER_SHOULD_HIDE
2025-11-01 05:26:14.743  4639-5596  ActivityManagerWrapper  com.miui.home                        E  getRecentTasksForceIncludingTaskIdIfValid: getRecentTasks: size=8
                                                                                                     mainTaskId=4052   userId=0   windowMode=1   baseIntent=Intent { act=android.intent.action.MAIN flag=270532608 cmp=ComponentInfo{com.babelstream/com.babelstream.MainActivity} }
                                                                                                     mainTaskId=4051   userId=0   windowMode=1   baseIntent=Intent { act=android.settings.APPLICATION_DETAILS_SETTINGS flag=268468224 cmp=ComponentInfo{com.android.settings/com.android.settings.applications.InstalledAppDetails} }
                                                                                                     mainTaskId=4032   userId=0   windowMode=1   baseIntent=Intent { act=android.intent.action.MAIN flag=270532608 cmp=ComponentInfo{com.tencent.mm/com.tencent.mm.ui.LauncherUI} }
                                                                                                     mainTaskId=4001   userId=0   windowMode=1   baseIntent=Intent { act=android.intent.action.MAIN flag=270532608 cmp=ComponentInfo{mark.via/mark.via.Shell} }
                                                                                                     mainTaskId=4007   userId=0   windowMode=1   baseIntent=Intent { act=null flag=269484032 cmp=ComponentInfo{com.xiaomi.aiasst.vision/com.xiaomi.aiasst.vision.ui.setting.ControlWindowSettingActivity} }
                                                                                                     mainTaskId=4002   userId=0   windowMode=1   baseIntent=Intent { act=android.intent.action.MAIN flag=270532608 cmp=ComponentInfo{com.android.settings/com.android.settings.MainSettings} }
                                                                                                     mainTaskId=3992   userId=0   windowMode=1   baseIntent=Intent { act=android.intent.action.SEARCH flag=268435456 cmp=ComponentInfo{com.android.quicksearchbox/com.android.quicksearchbox.SearchActivityTransparent} }
                                                                                                     mainTaskId=3963   userId=0   windowMode=1   baseIntent=Intent { act=android.intent.action.MAIN flag=270532608 cmp=ComponentInfo{com.mi.health/com.xiaomi.fitness.login.SplashActivity} }
2025-11-01 05:26:14.744  8490-8523  ActivityObserverUtil    com.miui.personalassistant           I  activityResumed ComponentInfo{com.babelstream/com.babelstream.MainActivity}
2025-11-01 05:26:14.745  4639-4639  RecentsImpl             com.miui.home                        D  mActivityStateObserver com.babelstream.MainActivity
2025-11-01 05:26:14.745  8490-8523  TopActivityMonitor      com.miui.personalassistant           I  send TopActivityChangeEvent=TopActivityChangeEvent(prev=ComponentInfo{com.babelstream/com.babelstream.SettingsActivity}, current=ComponentInfo{com.babelstream/com.babelstream.MainActivity},appChanged=false)
2025-11-01 05:26:14.745  4639-4639  RecentsImpl             com.miui.home                        W  updateStubViewVisibility, className=com.babelstream.MainActivity
2025-11-01 05:26:14.748  5110-5110  KeyguardEditorHelper    com.android.systemui                 D  onTopActivityMayChanged, topActivity=ComponentInfo{com.babelstream/com.babelstream.MainActivity}; mState=IDEL
2025-11-01 05:26:14.748 15655-15683 auth                    com.xiaomi.xmsf                      D  [XMS][Auth] ActivityObserver activityResumed packageName: com.babelstream
2025-11-01 05:26:14.749  4639-5596  RecentsModel            com.miui.home                        W  getRunningTask   taskInfo=TaskInfo{userId=0 taskId=4052 displayId=0 isRunning=true baseIntent=Intent { act=android.intent.action.MAIN cat=[android.intent.category.LAUNCHER] flg=0x10200000 cmp=com.babelstream/.MainActivity } baseActivity=ComponentInfo{com.babelstream/com.babelstream.MainActivity} topActivity=ComponentInfo{com.babelstream/com.babelstream.MainActivity} origActivity=null realActivity=ComponentInfo{com.babelstream/com.babelstream.MainActivity} numActivities=1 lastActiveTime=188045951 supportsSplitScreenMultiWindow=true supportsMultiWindow=true resizeMode=1 isResizeable=true minWidth=-1 minHeight=-1 defaultMinSize=200 token=WCT{android.window.IWindowContainerToken$Stub$Proxy@6de48a4} topActivityType=1 pictureInPictureParams=null shouldDockBigOverlays=false launchIntoPipHostTaskId=-1 lastParentTaskIdBeforePip=-1 displayCutoutSafeInsets=Rect(0, 110 - 0, 0) topActivityInfo=ActivityInfo{99f160d com.babelstream.MainActivity} launchCookies=[] positionInParent=Point(0, 0) parentTaskId=-1 isFocused=true isVisible=true isVisibleRequested=true isSleeping=false locusId=null displayAreaFeatureId=1 isTopActivityTransparent=false appCompatTaskInfo=AppCompatTaskInfo { topActivityInSizeCompat=false topActivityInMiuiSizeCompat=false topActivityEligibleForLetterboxEducation= falseisLetterboxEducationEnabled= false isLetterboxDoubleTapEnabled= false topActivityEligibleForUserAspectRatioButton= false topActivityBoundsLetterboxed= false isFromLetterboxDoubleTap= false topActivityLetterboxVerticalPosition= -1 topActivityLetterboxHorizontalPosition= -1 topActivityLetterboxWidth=1080 topActivityLetterboxHeight=2400 isUserFullscreenOverrideEnabled=false isSystemFullscreenOverrideEnabled=false cameraCompatTaskInfo=CameraCompatTaskInfo { cameraCompatControlState=hidden freeformCameraCompatMode=inactive}} isImmersive=false mTopActivityRequestOrientation=1 mBehindAppLockPkg=null mOriginatingUid=0 isEmbedded=false shouldBeVisible=true isCreatedByOrganizer=false mIsCastMode=false mTopActivityMediaSize=null mTopActivityRecordName=ActivityRecord{e641f3c u0 com.babelstream/.MainActivity t4052} mTopActivityOrientation=1}
2025-11-01 05:26:14.750 19619-19718 services                com.xiaomi.xmsf                      D  [XMS][observer] ActivityObserver activityResumed packageName: com.babelstream
2025-11-01 05:26:14.754  4639-5596  ActivityManagerWrapper  com.miui.home                        E  getRecentTasksForceIncludingTaskIdIfValid: getRecentTasks: size=8
                                                                                                     mainTaskId=4052   userId=0   windowMode=1   baseIntent=Intent { act=android.intent.action.MAIN flag=270532608 cmp=ComponentInfo{com.babelstream/com.babelstream.MainActivity} }
                                                                                                     mainTaskId=4051   userId=0   windowMode=1   baseIntent=Intent { act=android.settings.APPLICATION_DETAILS_SETTINGS flag=268468224 cmp=ComponentInfo{com.android.settings/com.android.settings.applications.InstalledAppDetails} }
                                                                                                     mainTaskId=4032   userId=0   windowMode=1   baseIntent=Intent { act=android.intent.action.MAIN flag=270532608 cmp=ComponentInfo{com.tencent.mm/com.tencent.mm.ui.LauncherUI} }
                                                                                                     mainTaskId=4001   userId=0   windowMode=1   baseIntent=Intent { act=android.intent.action.MAIN flag=270532608 cmp=ComponentInfo{mark.via/mark.via.Shell} }
                                                                                                     mainTaskId=4007   userId=0   windowMode=1   baseIntent=Intent { act=null flag=269484032 cmp=ComponentInfo{com.xiaomi.aiasst.vision/com.xiaomi.aiasst.vision.ui.setting.ControlWindowSettingActivity} }
                                                                                                     mainTaskId=4002   userId=0   windowMode=1   baseIntent=Intent { act=android.intent.action.MAIN flag=270532608 cmp=ComponentInfo{com.android.settings/com.android.settings.MainSettings} }
                                                                                                     mainTaskId=3992   userId=0   windowMode=1   baseIntent=Intent { act=android.intent.action.SEARCH flag=268435456 cmp=ComponentInfo{com.android.quicksearchbox/com.android.quicksearchbox.SearchActivityTransparent} }
                                                                                                     mainTaskId=3963   userId=0   windowMode=1   baseIntent=Intent { act=android.intent.action.MAIN flag=270532608 cmp=ComponentInfo{com.mi.health/com.xiaomi.fitness.login.SplashActivity} }
2025-11-01 05:26:14.755  8490-8523  travelServ...erverUtils com.miui.personalassistant           I  activityResumed ComponentInfo{com.babelstream/com.babelstream.MainActivity}
2025-11-01 05:26:14.755 19619-733   AppUpdateXmsfLauncher   com.xiaomi.xmsf                      D  activityResumed intent : Intent { cmp=com.babelstream/.MainActivity (has extras) }
2025-11-01 05:26:14.756  2326-28378 VA_ActivityStateHelper  com.miui.voiceassist                 I  activityResumed componentName ComponentInfo{com.babelstream/com.babelstream.MainActivity}
2025-11-01 05:26:15.238  2313-9480  WindowManager           system_server                        E  setClientVisible ActivityRecord{5f89f53 u0 com.babelstream/.SettingsActivity t4052 f}} false
2025-11-01 05:26:15.239 23544-23544 VRI[SettingsActivity]   com.babelstream                      D  visibilityChanged oldVisibility=true newVisibility=false
2025-11-01 05:26:15.241  5042-5205  DynamicDDSService       .dataservices                        I  handleMessage(ACTIVITY_SUSPEND{appInfo=com.babelstream isFullScreen=}true)
2025-11-01 05:26:15.245 23544-28262 HWUI                    com.babelstream                      D  endAllActiveAnimators on 0xb400007c54132bd0 (RippleDrawable) with handle 0xb400007ba413d9a0
2025-11-01 05:26:15.253 23544-23544 WindowOnBackDispatcher  com.babelstream                      W  sendCancelIfRunning: isInProgress=false callback=android.view.ViewRootImpl$$ExternalSyntheticLambda12@79b5ce4
2025-11-01 05:26:15.253  2313-4845  CoreBackPreview         system_server                        D  Window{e565bfd u0 com.babelstream/com.babelstream.SettingsActivity}: Setting back callback null
2025-11-01 05:26:15.254 23544-23544 DecorViewImmersiveImpl  com.babelstream                      D  onDetachedFromWindow
2025-11-01 05:26:15.255  2313-9480  InputManager-JNI        system_server                        W  Input channel object 'e565bfd com.babelstream/com.babelstream.SettingsActivity (client)' was disposed without first being removed with the input manager!
2025-11-01 05:26:15.263  2313-9480  WindowManager           system_server                        D  setLockTaskAuth: task=Task{9f1f328 #4052 type=standard A=10431:com.babelstream} mLockTaskAuth=LOCK_TASK_AUTH_PINNABLE
2025-11-01 05:26:15.263  2313-2443  SSRU-ResourceUsageProxy system_server                        W  Nonexistent ongoing transaction AW_TOP:5554574 for u:0 pkg:com.babelstream ended
2025-11-01 05:26:15.263  2313-4845  ProcessMemoryCleaner    system_server                        D  check app heap status: com.babelstream, 10540968, 0, 268435456, 4.4291850240000004E8, 0.55
2025-11-01 05:26:15.265  5042-5205  DynamicDDSService       .dataservices                        I  handleMessage(ACTIVITY_INVOKE{appInfo=com.babelstream isFullScreen=}true)
2025-11-01 05:26:16.323 23544-28262 RenderInspector         com.babelstream                      W  DequeueBuffer time out on com.babelstream/com.babelstream.MainActivity, count=1, avg=10 ms, max=10 ms.
2025-11-01 05:26:16.459 23544-28262 RenderInspector         com.babelstream                      W  DequeueBuffer time out on com.babelstream/com.babelstream.MainActivity, count=5, avg=8 ms, max=9 ms.
2025-11-01 05:26:16.789  2313-4109  InputDispatcher         system_server                        W  channel 38169b com.babelstream/com.babelstream.MainActivity (server)~ dropping inconsistent event: DispatchEntry{resolvedFlags=0, targetFlags=0x0, transform=transform (ROT_0) (SCALE )
                                                                                                        0.7500  -0.0000  0.0000
                                                                                                        -0.0000  0.7500  0.0000
                                                                                                        0.0000  0.0000  1.0000
                                                                                                    } original: MotionEvent(action=HOVER_EXIT)
2025-11-01 05:26:16.810  2313-4109  MIUIInput               system_server                        I  [MotionEvent] publisher action=0x0, deviceId=-1, 169573094, channel '38169b com.babelstream/com.babelstream.MainActivity (server)'
2025-11-01 05:26:16.813 23544-23544 MIUIInput               com.babelstream                      I  [MotionEvent] ViewRootImpl windowName 'com.babelstream/com.babelstream.MainActivity', { action=ACTION_DOWN, id[0]=0, pointerCount=1, eventTime=169573094, downTime=169573094, phoneEventTime=05:26:16.801 } moveCount:0
2025-11-01 05:26:16.835 23544-28262 RenderInspector         com.babelstream                      W  DequeueBuffer time out on com.babelstream/com.babelstream.MainActivity, count=1, avg=8 ms, max=8 ms.
2025-11-01 05:26:16.942  2313-4109  MIUIInput               system_server                        I  [MotionEvent] publisher action=0x1, deviceId=-1, 169573234, channel '38169b com.babelstream/com.babelstream.MainActivity (server)'
2025-11-01 05:26:16.950 23544-23544 MIUIInput               com.babelstream                      I  [MotionEvent] ViewRootImpl windowName 'com.babelstream/com.babelstream.MainActivity', { action=ACTION_UP, id[0]=0, pointerCount=1, eventTime=169573234, downTime=169573094, phoneEventTime=05:26:16.941 } moveCount:0
2025-11-01 05:26:16.952  2313-4845  ActivityManager         system_server                        I  Background started FGS: Allowed [callingPackage: com.babelstream; callingUid: 10431; uidState: TOP ; uidBFSL: [BFSL]; intent: Intent { act=com.babelstream.RECOGNITION_START cmp=com.babelstream/.RecognitionService }; code:PROC_STATE_TOP; tempAllowListReason:<null>; targetSdkVersion:34; callerTargetSdkVersion:34; startForegroundCount:0; bindFromPackage:null: isBindService:false]
2025-11-01 05:26:16.961 23544-23544 RecognitionService      com.babelstream                      I  startPipeline: useMic=true, cfgSampleRate=16000, model=gummy-realtime-v1, wsEndpoint=
2025-11-01 05:26:16.963 23544-23544 AudioManager            com.babelstream                      D  getMode: mode=0, callApp=com.babelstream
2025-11-01 05:26:16.963  2313-4027  AS.AudioService         system_server                        V  setMode(mode=3, pid=23544, uid=10431, caller=com.babelstream)
2025-11-01 05:26:16.964 23544-23544 RecognitionService      com.babelstream                      I  micMuted(before)=false, audioMode=0
2025-11-01 05:26:16.966 23544-23544 RecognitionService      com.babelstream                      I  micPrivacyBlocked=false
2025-11-01 05:26:16.972 23544-23544 AudioRecordStub         com.babelstream                      D  AudioRecordStub() create
2025-11-01 05:26:16.972 23544-23544 AudioRecordImpl         com.babelstream                      I  initAudioRecordImpl()
2025-11-01 05:26:16.972 23544-23544 AudioRecord             com.babelstream                      D  set(): inputSource 7, sampleRate 48000, format 0x1, channelMask 0x10, frameCount 4096, notificationFrames 0, sessionId 0, transferType 0, flags 0, attributionSource AttributionSourceState{pid: 23544, uid: 10431, deviceId: 0, packageName: com.babelstream, attributionTag: (null), token: binder:0xb400007b840f18d0, renouncedPermissions: [], next: []}uid -1, pid -1
2025-11-01 05:26:17.078  2313-4310  AudioServiceStubImpl    system_server                        D  onUpdateAudioMode audiomode 3 package:com.babelstream
2025-11-01 05:26:17.082  1910-4435  APM_AudioPolicyManager  audioserver                          D  getInputForAttr AudioPlayBackCapture not supported, appName: com.babelstream
2025-11-01 05:26:17.082  1910-4435  AudioPolicyManagerImpl  audioserver                          D  binder call: getPackageName com.babelstream for uid 10431
2025-11-01 05:26:17.098 23544-23544 xlog_client             com.babelstream                      V  xlog_check_permission event name audio_track_message level 0
2025-11-01 05:26:17.102 23544-23544 AudioCaptureManager     com.babelstream                      I  AudioRecord initialized: source=7, sampleRate=48000, buffer=8192
2025-11-01 05:26:17.102 23544-23544 AudioCaptureManager     com.babelstream                      I  AudioRecord source selected: 7, sr=48000
2025-11-01 05:26:17.102 23544-23544 EpFrameworkFactory      com.babelstream                      W  activated: false jar exist: false
2025-11-01 05:26:17.103 23544-23544 AudioRecord             com.babelstream                      I  start mSessionID=7737 start(1970): sync event 0 trigger session 0  packageName: com.babelstream
2025-11-01 05:26:17.105  1910-4416  MiAudioPolicyManager    audioserver                          D  getPackageName: com.babelstream  uid 10431
2025-11-01 05:26:17.106  1910-28416 AudioFlingerImpl        audioserver                          D  checkForGameParameter_l() set events appname=+com.babelstream
2025-11-01 05:26:17.106  1584-1626  AHAL: AudioStream       android.hardware.audio.service_64    D  astream_in_set_parameters: 2049: Enter: appname=+com.babelstream
2025-11-01 05:26:17.106  1584-1626  AHAL: AudioStreamCustom android.hardware.audio.service_64    D  SetParameters: 892: Enter: kvpairs is appname=+com.babelstream
2025-11-01 05:26:17.106  1584-1626  AHAL: AudioStreamCustom android.hardware.audio.service_64    D  SetParameters: 963: [hal_apptype] SetParameters(), in: set app name +com.babelstream [11, 0x1 0x1]
2025-11-01 05:26:17.106  1584-1626  AHAL: AudioStream       android.hardware.audio.service_64    D  SetParameters: 6352: enter: kvpairs: appname=+com.babelstream
2025-11-01 05:26:17.107  1910-4416  APM_AudioPolicyManager  audioserver                          D  startInput input:1878, session:7737, portId:1970, appname com.babelstream, uid 10431)
2025-11-01 05:26:17.108  8522-10456 MIUISafety-Monitor      com.miui.securitycenter.remote       W  sync com.babelstream,userId:0,op:27,active:true,isNote:false,isTerminal:false,notify:true
2025-11-01 05:26:17.113 23544-23544 EpFrameworkFactory      com.babelstream                      W  activated: false jar exist: false
2025-11-01 05:26:17.119 23544-23544 AudioCaptureManager     com.babelstream                      I  Routed device: type=15, name=23116PN5BC
2025-11-01 05:26:17.119 23544-23544 AudioCaptureManager     com.babelstream                      I  Resampling mic from 48000 to 16000
2025-11-01 05:26:17.119 23544-23544 AudioCaptureManager     com.babelstream                      I  Recording started
2025-11-01 05:26:17.119 23544-23544 RecognitionService      com.babelstream                      I  startPipeline: captureStarted=true, useMic=true
2025-11-01 05:26:17.120 23544-23544 RecognitionService      com.babelstream                      I  ACTION_STATUS: : 48000Hz
2025-11-01 05:26:17.120 23544-23544 RecognitionService      com.babelstream                      I  startPipeline: creating recognizer
2025-11-01 05:26:17.129 23544-23544 RealtimeRecognizer      com.babelstream                      I  ws url=wss://dashscope.aliyuncs.com/api-ws/v1/inference, sr=16000, model=gummy-realtime-v1
2025-11-01 05:26:17.168  1584-28430 android.ha...service_64 android.hardware.audio.service_64    D  send_sound_recorder_data_to_xlog: msg input_device__type: mobile mic, recorder_app_name: com.babelstream
2025-11-01 05:26:17.168  1584-28430 xlog_client             android.hardware.audio.service_64    D  _xlog_write_flat_msg: send msg {"name":"sound_recorder","audio_event":{"input_device_type":"mobile mic","recorder_app_name":"com.babelstream"},"dgt":"null","audio_ext":"null" }
2025-11-01 05:26:17.168  2313-4317  MQSserver               system_server                        I  getData len: 512 content: {"name":"sound_recorder","audio_event":{"input_device_type":"mobile mic","recorder_app_name":"com.babelstream"},"dgt":"null","audio_ext":"null" }??????????????????????????????????????????????????????????????????????????????????????????????????????????????????????????????????????????????????????????????????????????????????????????????????????????????????????????????????????????????????????????????????????????????????????????????????????????????????????????????????????????????????????????????????????????????????????????????????????????????????????????????????????????????????????????????????????????????????????????????????????????????????????????????????????????????????????????????????????????????????????????????????????????????????????????????????????????????????????????????????????????????????????????????????????????????????????????????????????????????????????????????
2025-11-01 05:26:17.168  2313-4317  MQSserver               system_server                        D  update RBI json: {"name":"sound_recorder","audio_event":{"input_device_type":"mobile mic","recorder_app_name":"com.babelstream"},"dgt":"null","audio_ext":"null","onetrack_count":"33"}
2025-11-01 05:26:17.168  2313-4317  MQSserver               system_server                        D  updateCount: name: sound_recorder/audio_event : {"input_device_type":"mobile mic","recorder_app_name":"com.babelstream"}
2025-11-01 05:26:17.174  2313-4845  NotificationService     system_server                        W  Toast already killed. pkg=com.babelstream token=android.os.BinderProxy@5cbec17
2025-11-01 05:26:17.177 23544-23544 RecognitionService      com.babelstream                      I  status=...
2025-11-01 05:26:17.181 23544-23544 RecognitionService      com.babelstream                      I  ACTION_STATUS: ...
2025-11-01 05:26:17.183  9743-11525 NotifySync...9743_11525 com.mi.health                        I  onNotificationPosted Id:2 key:0|com.babelstream|2|null|10431 PackageName:com.babelstream IsOngoing:true PostTime:1761945976962 currentDeviceModel.connected: true
2025-11-01 05:26:17.183  6629-6629  SpaceNotif...ionService com.miui.securitycore.remote         D  onNotificationPosted pkgname:com.babelstream userId:0 currentUserId:0 isFloat: false
2025-11-01 05:26:17.185 23544-23544 RecognitionService      com.babelstream                      I  recognizer.start returned=true
2025-11-01 05:26:17.188 23544-23544 RecognitionService      com.babelstream                      I  ACTION_STATUS: ...
2025-11-01 05:26:17.193  5110-5110  MiuiBubbleSettings      com.android.systemui                 I  com.babelstream 0isAppEnableBubbleNotification: false
2025-11-01 05:26:17.213 23544-28438 TrafficStats            com.babelstream                      D  tagSocket(177) with statsTag=0xffffffff, statsUid=-1
2025-11-01 05:26:17.218 23544-28262 RenderInspector         com.babelstream                      W  DequeueBuffer time out on com.babelstream/com.babelstream.MainActivity, count=7, avg=8 ms, max=10 ms.
2025-11-01 05:26:17.226  5110-5110  AlertCoordinator        com.android.systemui                 D  onViewBound, buzzBeep for 0|com.babelstream|2|null|10431
2025-11-01 05:26:17.303 23544-28437 AudioCaptureManager     com.babelstream                      I  level=0
2025-11-01 05:26:17.307 23544-28437 RecognitionService      com.babelstream                      I  level=0
2025-11-01 05:26:17.401  6629-6629  SpaceNotif...ionService com.miui.securitycore.remote         D  onNotificationPosted pkgname:com.babelstream userId:0 currentUserId:0 isFloat: false
2025-11-01 05:26:17.402  9743-11525 NotifySync...9743_11525 com.mi.health                        I  onNotificationPosted Id:2147483647 key:0|com.babelstream|2147483647|ranker_group|10431|ranker_group PackageName:com.babelstream IsOngoing:true PostTime:1761945977184 currentDeviceModel.connected: true
2025-11-01 05:26:17.476  2313-4027  PerfShielderService     system_server                        D  com.babelstream|com.babelstream/com.babelstream.MainActivity|301|169573485517863|235|0|7
2025-11-01 05:26:17.478  8192-10084 MiuiPerfServiceClient   com.miui.daemon                      W  interceptAndQueuing:23544|com.babelstream|301|235|169573485517863|Slow main thread|7
2025-11-01 05:26:17.617  5110-5110  MiuiBubbleSettings      com.android.systemui                 I  com.babelstream 0isAppEnableBubbleNotification: false
2025-11-01 05:26:17.659  5110-5110  AlertCoordinator        com.android.systemui                 D  onViewBound, buzzBeep for 0|com.babelstream|2147483647|ranker_group|10431|ranker_group
2025-11-01 05:26:17.676 23544-28438 RecognitionService      com.babelstream                      I  status=
2025-11-01 05:26:17.677 23544-28438 RecognitionService      com.babelstream                      I  ACTION_STATUS: 
2025-11-01 05:26:17.684 23544-28438 RealtimeRecognizer      com.babelstream                      I  sent start cfg: {"type":"start","model":"gummy-realtime-v1","audio":{"format":"pcm_s16le","sample_rate":16000,"channels":1},"transcription":{"enabled":true,"source_language":"auto"},"translation_languages":["zh"]}
2025-11-01 05:26:17.733 23544-28438 RealtimeRecognizer      com.babelstream                      I  recv: {"header":{"event":"task-failed","error_code":"InvalidParameter","error_message":"Missing required parameter 'header'! Please follow the protocol!","attributes":{}},"payload":{}}
2025-11-01 05:26:17.736 23544-28438 RecognitionService      com.babelstream                      I  status=: 1007/Invalid payload data
2025-11-01 05:26:17.737 23544-28438 RecognitionService      com.babelstream                      I  ACTION_STATUS: : 1007/Invalid payload data
2025-11-01 05:26:17.737 23544-28447 RecognitionService      com.babelstream                      I  status=: 1007/Invalid payload data
2025-11-01 05:26:17.738 23544-28447 RecognitionService      com.babelstream                      I  ACTION_STATUS: : 1007/Invalid payload data
2025-11-01 05:26:17.781 23544-23544 MiInputConsumer         com.babelstream                      I  optimized resample latency: 1940908 ns
2025-11-01 05:26:18.325 23544-28437 AudioCaptureManager     com.babelstream                      I  level=0
2025-11-01 05:26:18.327 23544-28439 RealtimeRecognizer      com.babelstream                      I  sent response.create
2025-11-01 05:26:18.328 23544-28437 RecognitionService      com.babelstream                      I  level=0
2025-11-01 05:26:19.344 23544-28437 AudioCaptureManager     com.babelstream                      I  level=0
2025-11-01 05:26:19.349 23544-28437 RecognitionService      com.babelstream                      I  level=0
2025-11-01 05:26:20.364 23544-28437 AudioCaptureManager     com.babelstream                      I  level=23
2025-11-01 05:26:20.375 23544-28437 RecognitionService      com.babelstream                      I  level=23
2025-11-01 05:26:21.405 23544-28437 AudioCaptureManager     com.babelstream                      I  level=36
2025-11-01 05:26:21.411 23544-28437 RecognitionService      com.babelstream                      I  level=36
2025-11-01 05:26:21.840 23544-28262 RenderInspector         com.babelstream                      W  DequeueBuffer time out on com.babelstream/com.babelstream.MainActivity, count=1, avg=9 ms, max=9 ms.
2025-11-01 05:26:21.997 23544-28262 RenderInspector         com.babelstream                      W  DequeueBuffer time out on com.babelstream/com.babelstream.MainActivity, count=2, avg=9 ms, max=10 ms.
2025-11-01 05:26:22.425 23544-28437 AudioRecordImpl         com.babelstream                      D  [audioRecordData][fine] 5s(f:5042 m:81 s:0) : pid 23544 uid 10431 sessionId 7737 sr 48000 ch 1 fmt 1
2025-11-01 05:26:22.425 23544-28437 AudioCaptureManager     com.babelstream                      I  level=35
2025-11-01 05:26:22.430 23544-28437 RecognitionService      com.babelstream                      I  level=35
2025-11-01 05:26:23.443 23544-28437 AudioCaptureManager     com.babelstream                      I  level=12
2025-11-01 05:26:23.529 23544-28437 RecognitionService      com.babelstream                      I  level=7
2025-11-01 05:26:24.464 23544-28437 AudioCaptureManager     com.babelstream                      I  level=0
2025-11-01 05:26:24.651 23544-28437 RecognitionService      com.babelstream                      I  level=52
2025-11-01 05:26:25.485 23544-28437 AudioCaptureManager     com.babelstream                      I  level=42
2025-11-01 05:26:25.750 23544-28437 RecognitionService      com.babelstream                      I  level=38
2025-11-01 05:26:26.523 23544-28437 AudioCaptureManager     com.babelstream                      I  level=44
2025-11-01 05:26:26.771 23544-28437 RecognitionService      com.babelstream                      I  level=28
2025-11-01 05:26:27.445 23544-28437 AudioRecordImpl         com.babelstream                      D  [audioRecordData][fine] 10s(f:10062 m:81 s:0) : pid 23544 uid 10431 sessionId 7737 sr 48000 ch 1 fmt 1
2025-11-01 05:26:27.544 23544-28437 AudioCaptureManager     com.babelstream                      I  level=0
2025-11-01 05:26:27.810 23544-28437 RecognitionService      com.babelstream                      I  level=0
2025-11-01 05:26:28.568 23544-28437 AudioCaptureManager     com.babelstream                      I  level=34
2025-11-01 05:26:28.831 23544-28437 RecognitionService      com.babelstream                      I  level=50
2025-11-01 05:26:29.583 23544-28437 AudioCaptureManager     com.babelstream                      I  level=12
2025-11-01 05:26:29.931 23544-28437 RecognitionService      com.babelstream                      I  level=0
2025-11-01 05:26:30.603 23544-28437 AudioCaptureManager     com.babelstream                      I  level=0
2025-11-01 05:26:31.048 23544-28437 RecognitionService      com.babelstream                      I  level=0
2025-11-01 05:26:31.645 23544-28437 AudioCaptureManager     com.babelstream                      I  level=0
2025-11-01 05:26:32.148 23544-28437 RecognitionService      com.babelstream                      I  level=0
2025-11-01 05:26:32.403 23544-28437 AudioRecordImpl         com.babelstream                      D  [audioRecordData][fine] 15s(f:15020 m:81 s:0) : pid 23544 uid 10431 sessionId 7737 sr 48000 ch 1 fmt 1
2025-11-01 05:26:32.665 23544-28437 AudioCaptureManager     com.babelstream                      I  level=0
2025-11-01 05:26:33.023 23544-28437 AudioCaptureManager     com.babelstream                      I  Reconfiguring... try source=7, sr=11025
2025-11-01 05:26:33.026 23544-28437 AudioRecordStub         com.babelstream                      D  AudioRecordStub() create
2025-11-01 05:26:33.027 23544-28437 AudioRecordImpl         com.babelstream                      I  initAudioRecordImpl()
2025-11-01 05:26:33.027 23544-28437 AudioRecord             com.babelstream                      D  set(): inputSource 7, sampleRate 11025, format 0x1, channelMask 0x10, frameCount 4096, notificationFrames 0, sessionId 0, transferType 0, flags 0, attributionSource AttributionSourceState{pid: 23544, uid: 10431, deviceId: 0, packageName: com.babelstream, attributionTag: (null), token: binder:0xb400007b840f18d0, renouncedPermissions: [], next: []}uid -1, pid -1
2025-11-01 05:26:33.041  1910-4441  APM_AudioPolicyManager  audioserver                          D  getInputForAttr AudioPlayBackCapture not supported, appName: com.babelstream
2025-11-01 05:26:33.042  1910-4441  AudioPolicyManagerImpl  audioserver                          D  binder call: getPackageName com.babelstream for uid 10431
2025-11-01 05:26:33.065 23544-28437 xlog_client             com.babelstream                      V  xlog_check_permission event name audio_track_message level 0
2025-11-01 05:26:33.065 23544-28437 AudioRecord             com.babelstream                      I  stop mSessionID=7737, packageName: com.babelstream
2025-11-01 05:26:33.065 23544-28437 AudioRecord             com.babelstream                      D  stop(1970): mActive:1
2025-11-01 05:26:33.165  8522-10456 MIUISafety-Monitor      com.miui.securitycenter.remote       W  sync com.babelstream,userId:0,op:27,active:false,isNote:false,isTerminal:false,notify:true
2025-11-01 05:26:33.169  1910-28416 AudioFlingerImpl        audioserver                          D  checkForGameParameter_l() set events appname=-com.babelstream
2025-11-01 05:26:33.170  1584-1626  AHAL: AudioStream       android.hardware.audio.service_64    D  astream_in_set_parameters: 2049: Enter: appname=-com.babelstream
2025-11-01 05:26:33.170  1584-1626  AHAL: AudioStreamCustom android.hardware.audio.service_64    D  SetParameters: 892: Enter: kvpairs is appname=-com.babelstream
2025-11-01 05:26:33.170  1584-1626  AHAL: AudioStreamCustom android.hardware.audio.service_64    D  SetParameters: 963: [hal_apptype] SetParameters(), in: set app name -com.babelstream [10, 0x1 0x0]
2025-11-01 05:26:33.170  1584-1626  AHAL: AudioStream       android.hardware.audio.service_64    D  SetParameters: 6352: enter: kvpairs: appname=-com.babelstream
2025-11-01 05:26:33.171  2313-5868  MediaFunctionStubImpl   system_server                        D  report record event.{"name":"recording_parameters","audio_event":{"device_name":"mic", "packg_name":"com.babelstream", "record_source":"VOICE_COMMUNICATION", "record_encoding":"2", "record_channel_num":"1", "record_sample_rate":"48000", "record_time_during":"16"},"dgt":"null","audio_ext":"null"}
2025-11-01 05:26:33.172 23544-28437 AudioRecord             com.babelstream                      I  stop mSessionID=7737, packageName: com.babelstream
2025-11-01 05:26:33.172 23544-28437 AudioRecord             com.babelstream                      D  stop(1970): mActive:0
2025-11-01 05:26:33.172 23544-28437 AudioRecord             com.babelstream                      I  stop mSessionID=7737, packageName: com.babelstream
2025-11-01 05:26:33.172 23544-28437 AudioRecord             com.babelstream                      D  stop(1970): mActive:0
2025-11-01 05:26:33.173 23544-28437 AudioRecordStub         com.babelstream                      D  ~AudioRecordStub() destroy
2025-11-01 05:26:33.174 23544-28437 AudioRecord             com.babelstream                      I  start mSessionID=7745 start(1972): sync event 0 trigger session 0  packageName: com.babelstream
2025-11-01 05:26:33.174  2313-5868  xlog_client             system_server                        V   xlog_send_java  JNI test, msg is {"name":"recording_parameters","audio_event":{"device_name":"mic", "packg_name":"com.babelstream", "record_source":"VOICE_COMMUNICATION", "record_encoding":"2", "record_channel_num":"1", "record_sample_rate":"48000", "record_time_during":"16"},"dgt":"null","audio_ext":"null"}
2025-11-01 05:26:33.178  1910-4311  MiAudioPolicyManager    audioserver                          D  getPackageName: com.babelstream  uid 10431
2025-11-01 05:26:33.179  1910-28416 AudioFlingerImpl        audioserver                          D  checkForGameParameter_l() set events appname=+com.babelstream
2025-11-01 05:26:33.179  1584-1626  AHAL: AudioStream       android.hardware.audio.service_64    D  astream_in_set_parameters: 2049: Enter: appname=+com.babelstream
2025-11-01 05:26:33.179  1584-1626  AHAL: AudioStreamCustom android.hardware.audio.service_64    D  SetParameters: 892: Enter: kvpairs is appname=+com.babelstream
2025-11-01 05:26:33.179  1584-1626  AHAL: AudioStreamCustom android.hardware.audio.service_64    D  SetParameters: 963: [hal_apptype] SetParameters(), in: set app name +com.babelstream [11, 0x1 0x1]
2025-11-01 05:26:33.179  8522-10456 MIUISafety-Monitor      com.miui.securitycenter.remote       W  sync com.babelstream,userId:0,op:27,active:true,isNote:false,isTerminal:false,notify:true
2025-11-01 05:26:33.179  1584-1626  AHAL: AudioStream       android.hardware.audio.service_64    D  SetParameters: 6352: enter: kvpairs: appname=+com.babelstream
2025-11-01 05:26:33.181  1910-4311  APM_AudioPolicyManager  audioserver                          D  startInput input:1878, session:7745, portId:1972, appname com.babelstream, uid 10431)
2025-11-01 05:26:33.193 23544-28437 AudioCaptureManager     com.babelstream                      I  Switched to source=7, sr=11025, routedDevice=15/23116PN5BC
2025-11-01 05:26:33.215  1584-28430 android.ha...service_64 android.hardware.audio.service_64    D  send_sound_recorder_data_to_xlog: msg input_device__type: mobile mic, recorder_app_name: com.babelstream
2025-11-01 05:26:33.215  1584-28430 xlog_client             android.hardware.audio.service_64    D  _xlog_write_flat_msg: send msg {"name":"sound_recorder","audio_event":{"input_device_type":"mobile mic","recorder_app_name":"com.babelstream"},"dgt":"null","audio_ext":"null" }
2025-11-01 05:26:33.623 23544-28437 AudioCaptureManager     com.babelstream                      I  level=0
2025-11-01 05:26:33.628 23544-28437 RecognitionService      com.babelstream                      I  level=0
2025-11-01 05:26:34.369 23544-28437 RecognitionService      com.babelstream                      I  ACTION_STATUS: 
2025-11-01 05:26:34.745 23544-28437 AudioCaptureManager     com.babelstream                      I  level=0
2025-11-01 05:26:34.750 23544-28437 RecognitionService      com.babelstream                      I  level=0
2025-11-01 05:26:35.864 23544-28437 AudioCaptureManager     com.babelstream                      I  level=0
2025-11-01 05:26:35.865 23544-28437 AudioCaptureManager     com.babelstream                      I  Reconfiguring... try source=7, sr=22050
2025-11-01 05:26:35.867 23544-28437 AudioRecordStub         com.babelstream                      D  AudioRecordStub() create
2025-11-01 05:26:35.869 23544-28437 AudioRecordImpl         com.babelstream                      I  initAudioRecordImpl()
2025-11-01 05:26:35.869 23544-28437 AudioRecord             com.babelstream                      D  set(): inputSource 7, sampleRate 22050, format 0x1, channelMask 0x10, frameCount 4096, notificationFrames 0, sessionId 0, transferType 0, flags 0, attributionSource AttributionSourceState{pid: 23544, uid: 10431, deviceId: 0, packageName: com.babelstream, attributionTag: (null), token: binder:0xb400007b840f18d0, renouncedPermissions: [], next: []}uid -1, pid -1
2025-11-01 05:26:35.883  1910-4403  APM_AudioPolicyManager  audioserver                          D  getInputForAttr AudioPlayBackCapture not supported, appName: com.babelstream
2025-11-01 05:26:35.885  1910-4403  AudioPolicyManagerImpl  audioserver                          D  binder call: getPackageName com.babelstream for uid 10431
2025-11-01 05:26:37.183 23544-28437 xlog_client             com.babelstream                      V  xlog_check_permission event name audio_track_message level 0
2025-11-01 05:26:37.184 23544-28437 AudioRecord             com.babelstream                      I  stop mSessionID=7745, packageName: com.babelstream
2025-11-01 05:26:37.184 23544-28437 AudioRecord             com.babelstream                      D  stop(1972): mActive:1
2025-11-01 05:26:37.184 23544-28437 AudioRecord             com.babelstream                      I  stop mSessionID=7745, packageName: com.babelstream
2025-11-01 05:26:37.184 23544-28437 AudioRecord             com.babelstream                      D  stop(1972): mActive:0
2025-11-01 05:26:37.184 23544-28437 AudioRecord             com.babelstream                      I  stop mSessionID=7745, packageName: com.babelstream
2025-11-01 05:26:37.184 23544-28437 AudioRecord             com.babelstream                      D  stop(1972): mActive:0
2025-11-01 05:26:37.185  2313-5860  MediaFunctionStubImpl   system_server                        D  report record event.{"name":"recording_parameters","audio_event":{"device_name":"mic", "packg_name":"com.babelstream", "record_source":"VOICE_COMMUNICATION", "record_encoding":"2", "record_channel_num":"1", "record_sample_rate":"11025", "record_time_during":"4"},"dgt":"null","audio_ext":"null"}
2025-11-01 05:26:37.185 23544-28437 AudioRecordStub         com.babelstream                      D  ~AudioRecordStub() destroy
2025-11-01 05:26:37.185 23544-28437 AudioRecord             com.babelstream                      I  start mSessionID=7753 start(1975): sync event 0 trigger session 0  packageName: com.babelstream
2025-11-01 05:26:37.185  2313-5860  xlog_client             system_server                        V   xlog_send_java  JNI test, msg is {"name":"recording_parameters","audio_event":{"device_name":"mic", "packg_name":"com.babelstream", "record_source":"VOICE_COMMUNICATION", "record_encoding":"2", "record_channel_num":"1", "record_sample_rate":"11025", "record_time_during":"4"},"dgt":"null","audio_ext":"null"}
2025-11-01 05:26:37.189  8522-10456 MIUISafety-Monitor      com.miui.securitycenter.remote       W  sync com.babelstream,userId:0,op:27,active:false,isNote:false,isTerminal:false,notify:true
2025-11-01 05:26:37.190  1910-4398  MiAudioPolicyManager    audioserver                          D  getPackageName: com.babelstream  uid 10431
2025-11-01 05:26:37.190  8522-10456 MIUISafety-Monitor      com.miui.securitycenter.remote       W  sync com.babelstream,userId:0,op:27,active:true,isNote:false,isTerminal:false,notify:true
2025-11-01 05:26:37.191  1910-28597 AudioFlingerImpl        audioserver                          D  checkForGameParameter_l() set events appname=+com.babelstream
2025-11-01 05:26:37.192  1584-640   AHAL: AudioStream       android.hardware.audio.service_64    D  astream_in_set_parameters: 2049: Enter: appname=+com.babelstream
2025-11-01 05:26:37.192  1584-640   AHAL: AudioStreamCustom android.hardware.audio.service_64    D  SetParameters: 892: Enter: kvpairs is appname=+com.babelstream
2025-11-01 05:26:37.192  1584-640   AHAL: AudioStreamCustom android.hardware.audio.service_64    D  SetParameters: 963: [hal_apptype] SetParameters(), in: set app name +com.babelstream [12, 0x1 0x1]
2025-11-01 05:26:37.192  1584-640   AHAL: AudioStream       android.hardware.audio.service_64    D  SetParameters: 6352: enter: kvpairs: appname=+com.babelstream
2025-11-01 05:26:37.193  1910-4398  APM_AudioPolicyManager  audioserver                          D  startInput input:1886, session:7753, portId:1975, appname com.babelstream, uid 10431)
2025-11-01 05:26:37.209 23544-28437 AudioCaptureManager     com.babelstream                      I  Switched to source=7, sr=22050, routedDevice=15/23116PN5BC
2025-11-01 05:26:37.234  1584-28598 android.ha...service_64 android.hardware.audio.service_64    D  send_sound_recorder_data_to_xlog: msg input_device__type: mobile mic, recorder_app_name: com.babelstream
2025-11-01 05:26:37.234  1584-28598 xlog_client             android.hardware.audio.service_64    D  _xlog_write_flat_msg: send msg {"name":"sound_recorder","audio_event":{"input_device_type":"mobile mic","recorder_app_name":"com.babelstream"},"dgt":"null","audio_ext":"null" }
2025-11-01 05:26:37.469 23544-28437 AudioCaptureManager     com.babelstream                      I  level=0
2025-11-01 05:26:37.476 23544-28437 RecognitionService      com.babelstream                      I  level=0
2025-11-01 05:26:38.584 23544-28437 AudioCaptureManager     com.babelstream                      I  level=0
2025-11-01 05:26:38.591 23544-28437 RecognitionService      com.babelstream                      I  level=0
2025-11-01 05:26:39.512 23544-28437 AudioCaptureManager     com.babelstream                      I  Reconfiguring... try source=7, sr=44100
2025-11-01 05:26:39.513 23544-28437 AudioRecordStub         com.babelstream                      D  AudioRecordStub() create
2025-11-01 05:26:39.515 23544-28437 AudioRecordImpl         com.babelstream                      I  initAudioRecordImpl()
2025-11-01 05:26:39.515 23544-28437 AudioRecord             com.babelstream                      D  set(): inputSource 7, sampleRate 44100, format 0x1, channelMask 0x10, frameCount 4096, notificationFrames 0, sessionId 0, transferType 0, flags 0, attributionSource AttributionSourceState{pid: 23544, uid: 10431, deviceId: 0, packageName: com.babelstream, attributionTag: (null), token: binder:0xb400007b840f18d0, renouncedPermissions: [], next: []}uid -1, pid -1
2025-11-01 05:26:39.524  1910-4416  APM_AudioPolicyManager  audioserver                          D  getInputForAttr AudioPlayBackCapture not supported, appName: com.babelstream
2025-11-01 05:26:39.525  1910-4416  AudioPolicyManagerImpl  audioserver                          D  binder call: getPackageName com.babelstream for uid 10431
2025-11-01 05:26:40.288 23544-28437 xlog_client             com.babelstream                      V  xlog_check_permission event name audio_track_message level 0
2025-11-01 05:26:40.288 23544-28437 AudioRecord             com.babelstream                      I  stop mSessionID=7753, packageName: com.babelstream
2025-11-01 05:26:40.288 23544-28437 AudioRecord             com.babelstream                      D  stop(1975): mActive:1
2025-11-01 05:26:40.289 23544-28437 AudioRecord             com.babelstream                      I  stop mSessionID=7753, packageName: com.babelstream
2025-11-01 05:26:40.289 23544-28437 AudioRecord             com.babelstream                      D  stop(1975): mActive:0
2025-11-01 05:26:40.289  2313-5868  MediaFunctionStubImpl   system_server                        D  report record event.{"name":"recording_parameters","audio_event":{"device_name":"mic", "packg_name":"com.babelstream", "record_source":"VOICE_COMMUNICATION", "record_encoding":"2", "record_channel_num":"1", "record_sample_rate":"22050", "record_time_during":"3"},"dgt":"null","audio_ext":"null"}
2025-11-01 05:26:40.289 23544-28437 AudioRecord             com.babelstream                      I  stop mSessionID=7753, packageName: com.babelstream
2025-11-01 05:26:40.289 23544-28437 AudioRecord             com.babelstream                      D  stop(1975): mActive:0
2025-11-01 05:26:40.290 23544-28437 AudioRecordStub         com.babelstream                      D  ~AudioRecordStub() destroy
2025-11-01 05:26:40.291 23544-28437 AudioRecord             com.babelstream                      I  start mSessionID=7761 start(1978): sync event 0 trigger session 0  packageName: com.babelstream
2025-11-01 05:26:40.295  1910-4416  MiAudioPolicyManager    audioserver                          D  getPackageName: com.babelstream  uid 10431
2025-11-01 05:26:40.296  1910-28631 AudioFlingerImpl        audioserver                          D  checkForGameParameter_l() set events appname=+com.babelstream
2025-11-01 05:26:40.296  1584-6882  AHAL: AudioStream       android.hardware.audio.service_64    D  astream_in_set_parameters: 2049: Enter: appname=+com.babelstream
2025-11-01 05:26:40.297  2313-5868  xlog_client             system_server                        V   xlog_send_java  JNI test, msg is {"name":"recording_parameters","audio_event":{"device_name":"mic", "packg_name":"com.babelstream", "record_source":"VOICE_COMMUNICATION", "record_encoding":"2", "record_channel_num":"1", "record_sample_rate":"22050", "record_time_during":"3"},"dgt":"null","audio_ext":"null"}
