2025-11-01 23:53:06.573  2976-2976  adbd                    adbd                                 I  in ShellService: am force-stop com.babelstream
2025-11-01 23:53:06.591  2976-2976  adbd                    adbd                                 I  in ShellService: am force-stop com.babelstream
2025-11-01 23:53:06.632  2313-5758  ActivityManager         system_server                        I  Force stopping com.babelstream appid=10431 user=0: from process:15695
2025-11-01 23:53:06.640  2313-5758  ClipboardServiceI       system_server                        I  removeActivePermissionOwnerForPackage: paste client  clear self pkg = com.babelstream
2025-11-01 23:53:06.642  2313-5758  AppsFilter              system_server                        I  interaction: PackageSetting{1380dc4 com.android.microdroid.empty_payload/10247} -> PackageSetting{2edfc8e com.babelstream/10431} BLOCKED
2025-11-01 23:53:06.642  2313-5758  AppsFilter              system_server                        I  interaction: PackageSetting{48a4230 com.rongcard.eid/10150} -> PackageSetting{2edfc8e com.babelstream/10431} BLOCKED
2025-11-01 23:53:06.642  2313-5758  ActivityManager         system_server                        W  Invalid packageName: com.babelstream
2025-11-01 23:53:06.642  2313-5758  ActivityManager         system_server                        W  Invalid packageName: com.babelstream
2025-11-01 23:53:06.648  2313-5758  ActivityManager         system_server                        I  Force stopping com.babelstream appid=10431 user=0: from process:15696
2025-11-01 23:53:06.650  2313-5758  ClipboardServiceI       system_server                        I  removeActivePermissionOwnerForPackage: paste client  clear self pkg = com.babelstream
2025-11-01 23:53:06.651  2313-5758  AppsFilter              system_server                        I  interaction: PackageSetting{1380dc4 com.android.microdroid.empty_payload/10247} -> PackageSetting{2edfc8e com.babelstream/10431} BLOCKED
2025-11-01 23:53:06.651  2313-5758  AppsFilter              system_server                        I  interaction: PackageSetting{48a4230 com.rongcard.eid/10150} -> PackageSetting{2edfc8e com.babelstream/10431} BLOCKED
2025-11-01 23:53:06.651  2313-5758  ActivityManager         system_server                        W  Invalid packageName: com.babelstream
2025-11-01 23:53:06.651  2313-5758  ActivityManager         system_server                        W  Invalid packageName: com.babelstream
2025-11-01 23:53:06.657  5076-5076  CarrierSvcBindHelper    com.android.phone                    D  onHandleForceStop: [com.babelstream]
2025-11-01 23:53:06.658  5076-5076  CarrierSvcBindHelper    com.android.phone                    D  onHandleForceStop: [com.babelstream]
2025-11-01 23:53:06.920  2976-2976  adbd                    adbd                                 I  in ShellService: am force-stop com.babelstream
2025-11-01 23:53:06.966  2313-5758  ActivityManager         system_server                        I  Force stopping com.babelstream appid=10431 user=0: from process:15732
2025-11-01 23:53:06.970  2313-5758  ClipboardServiceI       system_server                        I  removeActivePermissionOwnerForPackage: paste client  clear self pkg = com.babelstream
2025-11-01 23:53:06.971  2313-5758  AppsFilter              system_server                        I  interaction: PackageSetting{1380dc4 com.android.microdroid.empty_payload/10247} -> PackageSetting{2edfc8e com.babelstream/10431} BLOCKED
2025-11-01 23:53:06.971  2313-5758  AppsFilter              system_server                        I  interaction: PackageSetting{48a4230 com.rongcard.eid/10150} -> PackageSetting{2edfc8e com.babelstream/10431} BLOCKED
2025-11-01 23:53:06.971  2313-5758  ActivityManager         system_server                        W  Invalid packageName: com.babelstream
2025-11-01 23:53:06.971  2313-5758  ActivityManager         system_server                        W  Invalid packageName: com.babelstream
2025-11-01 23:53:06.979  5076-5076  CarrierSvcBindHelper    com.android.phone                    D  onHandleForceStop: [com.babelstream]
2025-11-01 23:53:07.209  2976-2976  adbd                    adbd                                 I  in ShellService: am start -n com.babelstream/com.babelstream.MainActivity -a android.intent.action.MAIN -c android.intent.category.LAUNCHER --splashscreen-show-icon
2025-11-01 23:53:07.261  2313-9477  XSpaceMana...erviceImpl system_server                        W  checkXSpaceControl, from:com.android.shell, to:com.babelstream, with act:android.intent.action.MAIN, callingUserId:0, toUserId:0
2025-11-01 23:53:07.264  2313-9477  WindowManager           system_server                        E  setClientVisible ActivityRecord{e7639e4 u0 com.babelstream/.MainActivity true
2025-11-01 23:53:07.266  2313-9477  WindowManager           system_server                        D  Collecting in transition 7623: ActivityRecord{e7639e4 u0 com.babelstream/.MainActivity t-1} init visibleRequested:false
2025-11-01 23:53:07.268  2313-9477  MiGgameTyp...cationImpl system_server                        D  checkIfGameBeSupported app:com.babelstream
2025-11-01 23:53:07.268  2313-9477  WindowManager           system_server                        I  When perf version exceed 2.3, MiGTStub result: false, gameType: 1, packageName: com.babelstream
2025-11-01 23:53:07.268  2313-9477  MiGgameTyp...cationImpl system_server                        D  checkIfGameBeSupported app:com.babelstream
2025-11-01 23:53:07.269  2313-9477  WindowManager           system_server                        D  setLockTaskAuth: task=Task{64f1050 #4129 type=standard A=10431:com.babelstream} mLockTaskAuth=LOCK_TASK_AUTH_PINNABLE
2025-11-01 23:53:07.269  2313-9477  WindowManager           system_server                        D  Collecting in transition 7623: Task{64f1050 #4129 type=standard A=10431:com.babelstream} init visibleRequested:false
2025-11-01 23:53:07.270  2313-9477  WindowManager           system_server                        D  setLockTaskAuth: task=Task{64f1050 #4129 type=standard A=10431:com.babelstream} mLockTaskAuth=LOCK_TASK_AUTH_PINNABLE
2025-11-01 23:53:07.270  2313-9477  MiuiFreeFo...gerService system_server                        D  onStartActivityInner as = Task{64f1050 #4129 type=standard A=10431:com.babelstream} op = ActivityOptions(66416751), mPackageName=null, mAnimationType=-1, mStartX=0, mStartY=0, mWidth=0, mHeight=0, mLaunchDisplayId=-1, mLaunchBoundsnull, mElementSurfaceTransition = null, activityOptionsInjector=ActivityOptionsInjector={freeformScale: -1.0, miniFreeformMode: false, needAnimation: true, useCustomLaunchBounds:false}
2025-11-01 23:53:07.271  2313-9477  WindowManager           system_server                        I  Try to add startingWindow type = STARTING_WINDOW_TYPE_SPLASH_SCREEN this = ActivityRecord{e7639e4 u0 com.babelstream/.MainActivity t4129} preAllowTaskSnapshot = true afterAllowTaskSnapshot = true newTask = true taskSwitch = true processRunning = false activityCreated = false activityAllDrawn = false isSnapshotCompatible = false resolvedTheme = 2131755544 theme = 2131755544
2025-11-01 23:53:07.271  5042-5205  DynamicDDSService       .dataservices                        I  handleMessage(ACTIVITY_INVOKE{appInfo=com.babelstream isFullScreen=}true)
2025-11-01 23:53:07.272  2313-9477  WindowManager           system_server                        D  Collecting in transition 7623: ActivityRecord{e7639e4 u0 com.babelstream/.MainActivity t4129} init visibleRequested:false
2025-11-01 23:53:07.273  2313-9477  ActivityTaskManager     system_server                        I  START u0 {act=android.intent.action.MAIN cat=[android.intent.category.LAUNCHER] flg=0x10000000 cmp=com.babelstream/.MainActivity} with LAUNCH_MULTIPLE from uid 2000 from pid 15742 callingPackage com.android.shell (BAL_ALLOW_PERMISSION) result code=0
2025-11-01 23:53:07.273  5110-5249  SoScStageCoordinator    com.android.systemui                 I  Transition requested:TransitionRequestInfo { type = OPEN, triggerTask = TaskInfo{userId=0 taskId=4129 displayId=0 isRunning=true baseIntent=Intent { act=android.intent.action.MAIN cat=[android.intent.category.LAUNCHER] flg=0x10000000 cmp=com.babelstream/.MainActivity } baseActivity=ComponentInfo{com.babelstream/com.babelstream.MainActivity} topActivity=ComponentInfo{com.babelstream/com.babelstream.MainActivity} origActivity=null realActivity=ComponentInfo{com.babelstream/com.babelstream.MainActivity} numActivities=1 lastActiveTime=254458471 supportsSplitScreenMultiWindow=true supportsMultiWindow=true resizeMode=1 isResizeable=true minWidth=-1 minHeight=-1 defaultMinSize=200 token=WCT{android.window.IWindowContainerToken$Stub$Proxy@c203f53} topActivityType=1 pictureInPictureParams=null shouldDockBigOverlays=false launchIntoPipHostTaskId=-1 lastParentTaskIdBeforePip=-1 displayCutoutSafeInsets=Rect(0, 110 - 0, 0) topActivityInfo=ActivityInfo{a387090 com.babelstream.MainActivity} launchCookies=[] positionInParent=Point(0, 0) parentTaskId=-1 isFocused=false isVisible=false isVisibleRequested=false isSleeping=false locusId=null displayAreaFeatureId=1 isTopActivityTransparent=false appCompatTaskInfo=AppCompatTaskInfo { topActivityInSizeCompat=false topActivityInMiuiSizeCompat=false topActivityEligibleForLetterboxEducation= falseisLetterboxEducationEnabled= false isLetterboxDoubleTapEnabled= false topActivityEligibleForUserAspectRatioButton= false topActivityBoundsLetterboxed= false isFromLetterboxDoubleTap= false topActivityLetterboxVerticalPosition= -1 topActivityLetterboxHorizontalPosition= -1 topActivityLetterboxWidth=1080 topActivityLetterboxHeight=2400 isUserFullscreenOverrideEnabled=false isSystemFullscreenOverrideEnabled=false cameraCompatTaskInfo=CameraCompatTaskInfo { cameraCompatControlState=hidden freeformCameraCompatMode=inactive}} isImmersive=false mTopActivityRequestOrientation=-2 mBehindAppLockPkg=null mOriginatingUid=0 isEmbedded=false shouldBeVisible=true isCreatedByOrganizer=false mIsCastMode=false mTopActivityMediaSize=null mTopActivityRecordName=ActivityRecord{e7639e4 u0 com.babelstream/.MainActivity t4129} mTopActivityOrientation=-2}, pipTask = null, remoteTransition = null, displayChange = null, flags = 0, debugId = 7623 } isSoScActive:false triggerTask:TaskInfo{userId=0 taskId=4129 displayId=0 isRunning=true baseIntent=Intent { act=android.intent.action.MAIN cat=[android.intent.category.LAUNCHER] flg=0x10000000 cmp=com.babelstream/.MainActivity } baseActivity=ComponentInfo{com.babelstream/com.babelstream.MainActivity} topActivity=ComponentInfo{com.babelstream/com.babelstream.MainActivity} origActivity=null realActivity=ComponentInfo{com.babelstream/com.babelstream.MainActivity} numActivities=1 lastActiveTime=254458471 supportsSplitScreenMultiWindow=true supportsMultiWindow=true resizeMode=1 isResizeable=true minWidth=-1 minHeight=-1 defaultMinSize=200 token=WCT{android.window.IWindowContainerToken$Stub$Proxy@c203f53} topActivityType=1 pictureInPictureParams=null shouldDockBigOverlays=false launchIntoPipHostTaskId=-1 lastParentTaskIdBeforePip=-1 displayCutoutSafeInsets=Rect(0, 110 - 0, 0) topActivityInfo=ActivityInfo{a387090 com.babelstream.MainActivity} launchCookies=[] positionInParent=Point(0, 0) parentTaskId=-1 isFocused=false isVisible=false isVisibleRequested=false isSleeping=false locusId=null displayAreaFeatureId=1 isTopActivityTransparent=false appCompatTaskInfo=AppCompatTaskInfo { topActivityInSizeCompat=false topActivityInMiuiSizeCompat=false topActivityEligibleForLetterboxEducation= falseisLetterboxEducationEnabled= false isLetterboxDoubleTapEnabled= false topActivityEligibleForUserAspectRatioButton= false topActivityBoundsLetterboxed= false isFromLetterboxDoubleTap= false topActivityLetterboxVerticalPosition= -1 topActivityLetterboxHorizontalPosition= -1 topActivityLetterboxWidth=1080 topActivityLetterboxHeight=2400 isUserFullscreenOverrideEnabled=false isSystemFullscreenOverrideEnabled=false cameraCompatTaskInfo=CameraCompatTaskInfo { cameraC
2025-11-01 23:53:07.278  5110-5110  KeyguardEditorHelper    com.android.systemui                 D  onTopActivityMayChanged, topActivity=ComponentInfo{com.babelstream/com.babelstream.MainActivity}; mState=IDEL
2025-11-01 23:53:07.278  2313-5758  AppsFilter              system_server                        I  interaction: PackageSetting{1380dc4 com.android.microdroid.empty_payload/10247} -> PackageSetting{1cde414 com.babelstream/10431} BLOCKED
2025-11-01 23:53:07.278  2313-5758  AppsFilter              system_server                        I  interaction: PackageSetting{48a4230 com.rongcard.eid/10150} -> PackageSetting{1cde414 com.babelstream/10431} BLOCKED
2025-11-01 23:53:07.279  2313-5758  WindowManager           system_server                        D  Collecting in transition 7623: ActivityRecord{e7639e4 u0 com.babelstream/.MainActivity t4129} init visibleRequested:false
2025-11-01 23:53:07.280  2313-5758  WindowManager           system_server                        E  setClientVisible ActivityRecord{e7639e4 u0 com.babelstream/.MainActivity t4129} true
2025-11-01 23:53:07.282  5110-5408  ViewRootImpl            com.android.systemui                 I  Splash Screen com.babelstream use first frame acceleration
2025-11-01 23:53:07.323  2313-9477  WindowManager           system_server                        I  Add startingWindow, surfaceControl = Surface(name=738fb9 Splash Screen com.babelstream#82319)/@0xcc9535f layerId = 82319
2025-11-01 23:53:07.327 14769-14769 Zygote                  usap64                               E  process_name_ptr:14769 com.babelstream
2025-11-01 23:53:07.328 14769-14769 Zygote                  usap64                               E  SetMemoryProtected process_name_ptr:14769 com.babelstream
2025-11-01 23:53:07.334 14769-14769 com.babelstream         usap64                               I  Late-enabling -Xcheck:jni
2025-11-01 23:53:07.345 14769-14769 com.babelstream         usap64                               I  Using CollectorTypeCC GC.
2025-11-01 23:53:07.366  2313-2454  WindowManager           system_server                        D  isSyncFinished true. this: Window{738fb9 u0 Splash Screen com.babelstream}
2025-11-01 23:53:07.366  2313-2454  WindowManager           system_server                        D  isSyncFinished true. this: Window{738fb9 u0 Splash Screen com.babelstream}
2025-11-01 23:53:07.366  2313-2454  SmartPower...m/10431(0) system_server                        I  died->visible(56297ms) R(become visible) adj=-10000.
2025-11-01 23:53:07.366  2313-2454  WindowManager           system_server                        E  setClientVisible ActivityRecord{e7639e4 u0 com.babelstream/.MainActivity t4129} true
2025-11-01 23:53:07.367  2313-2454  WindowManager           system_server                        D  Final targets: [Task{64f1050 #4129 type=standard A=10431:com.babelstream}, Task{154d59b #1 type=home}]
2025-11-01 23:53:07.368  2313-2454  WindowManager           system_server                        D  Calling onTransitionReady info={id=7623 t=OPEN f=0x4000000 trk=0 r=[0@Point(0, 0)] c=[{WCT{RemoteToken{ff8de0a Task{64f1050 #4129 type=standard A=10431:com.babelstream}}} m=OPEN f=NONE leash=Surface(name=Task=4129#82315)/@0x7728613 sb=Rect(0, 0 - 1080, 2400) eb=Rect(0, 0 - 1080, 2400) d=0 taskParent=-1 v=true},{WCT{RemoteToken{8b2b1a0 Task{154d59b #1 type=home}}} m=TO_BACK f=SHOW_WALLPAPER leash=Surface(name=Task=1#47)/@0xa0835aa sb=Rect(0, 0 - 1080, 2400) eb=Rect(0, 0 - 1080, 2400) d=0 taskParent=-1 v=false}] mk=[false] noAni=[false] df=[false] oa=[false] sa=[false] ho=[false] iSync=[-1]}, mToken=Token{659c67b TransitionRecord{b74fd02 id=7623 type=OPEN flags=0x0}}
2025-11-01 23:53:07.368  2313-4622  BarFollowAnimation      system_server                        I  Execute startStatusBarAnimation for info = {id=7623 t=OPEN f=0x4000000 trk=0 r=[0@Point(0, 0)] c=[{WCT{RemoteToken{ff8de0a Task{64f1050 #4129 type=standard A=10431:com.babelstream}}} m=OPEN f=NONE leash=Surface(name=Task=4129#82315)/@0x7728613 sb=Rect(0, 0 - 1080, 2400) eb=Rect(0, 0 - 1080, 2400) d=0 taskParent=-1 v=true},{WCT{RemoteToken{8b2b1a0 Task{154d59b #1 type=home}}} m=TO_BACK f=SHOW_WALLPAPER leash=Surface(name=Task=1#47)/@0xa0835aa sb=Rect(0, 0 - 1080, 2400) eb=Rect(0, 0 - 1080, 2400) d=0 taskParent=-1 v=false}] mk=[false] noAni=[false] df=[false] oa=[false] sa=[false] ho=[false] iSync=[-1]} mStatusState = -1 mIsFromApp = false isRecent = false
2025-11-01 23:53:07.369  2313-9477  CoreBackPreview         system_server                        D  Window{738fb9 u0 Splash Screen com.babelstream}: Setting back callback OnBackInvokedCallbackInfo{mCallback=android.window.IOnBackInvokedCallback$Stub$Proxy@cd52c98, mPriority=0, mIsAnimationCallback=false}
2025-11-01 23:53:07.371  2313-5758  ActivityManager         system_server                        I  Start proc 14769:com.babelstream/u0a431 for next-top-activity {com.babelstream/com.babelstream.MainActivity} caller=com.android.shell
2025-11-01 23:53:07.373  1747-1747  qspmHal                 vendor.qti.qspmhal-service           E  setAppInfoH atPid = 14769, gpuFname:com.babelstream, gpuFver:91
2025-11-01 23:53:07.413  2313-9478  WindowManager           system_server                        I  Allow fixed rotation for not collecting:ActivityRecord{e7639e4 u0 com.babelstream/.MainActivity t4129}
2025-11-01 23:53:07.420  4639-5596  RecentsModel            com.miui.home                        W  getRunningTask   taskInfo=TaskInfo{userId=0 taskId=4129 displayId=0 isRunning=true baseIntent=Intent { act=android.intent.action.MAIN cat=[android.intent.category.LAUNCHER] flg=0x10000000 cmp=com.babelstream/.MainActivity } baseActivity=ComponentInfo{com.babelstream/com.babelstream.MainActivity} topActivity=ComponentInfo{com.babelstream/com.babelstream.MainActivity} origActivity=null realActivity=ComponentInfo{com.babelstream/com.babelstream.MainActivity} numActivities=1 lastActiveTime=254458621 supportsSplitScreenMultiWindow=true supportsMultiWindow=true resizeMode=1 isResizeable=true minWidth=-1 minHeight=-1 defaultMinSize=200 token=WCT{android.window.IWindowContainerToken$Stub$Proxy@175cbba} topActivityType=1 pictureInPictureParams=null shouldDockBigOverlays=false launchIntoPipHostTaskId=-1 lastParentTaskIdBeforePip=-1 displayCutoutSafeInsets=Rect(0, 110 - 0, 0) topActivityInfo=ActivityInfo{f169a6b com.babelstream.MainActivity} launchCookies=[] positionInParent=Point(0, 0) parentTaskId=-1 isFocused=false isVisible=true isVisibleRequested=true isSleeping=false locusId=null displayAreaFeatureId=1 isTopActivityTransparent=false appCompatTaskInfo=AppCompatTaskInfo { topActivityInSizeCompat=false topActivityInMiuiSizeCompat=false topActivityEligibleForLetterboxEducation= falseisLetterboxEducationEnabled= false isLetterboxDoubleTapEnabled= false topActivityEligibleForUserAspectRatioButton= false topActivityBoundsLetterboxed= false isFromLetterboxDoubleTap= false topActivityLetterboxVerticalPosition= -1 topActivityLetterboxHorizontalPosition= -1 topActivityLetterboxWidth=1080 topActivityLetterboxHeight=2400 isUserFullscreenOverrideEnabled=false isSystemFullscreenOverrideEnabled=false cameraCompatTaskInfo=CameraCompatTaskInfo { cameraCompatControlState=hidden freeformCameraCompatMode=inactive}} isImmersive=false mTopActivityRequestOrientation=1 mBehindAppLockPkg=null mOriginatingUid=0 isEmbedded=false shouldBeVisible=true isCreatedByOrganizer=false mIsCastMode=false mTopActivityMediaSize=null mTopActivityRecordName=ActivityRecord{e7639e4 u0 com.babelstream/.MainActivity t4129} mTopActivityOrientation=1}
2025-11-01 23:53:07.425  2313-2454  WindowManager           system_server                        I  wms.showSurfaceRobustly mWin:Window{738fb9 u0 Splash Screen com.babelstream}
2025-11-01 23:53:07.429 14769-14769 nativeloader            usap64                               D  Load /data/user/0/com.babelstream/code_cache/startup_agents/11c0cda9-agent.so using system ns (caller=<unknown>): ok
2025-11-01 23:53:07.432 14769-14769 com.babelstream         usap64                               W  DexFile /data/data/com.babelstream/code_cache/.studio/instruments-479e236f.jar is in boot class path but is not in a known location
2025-11-01 23:53:07.433  4639-5596  ActivityManagerWrapper  com.miui.home                        E  getRecentTasksForceIncludingTaskIdIfValid: getRecentTasks: size=12
                                                                                                     mainTaskId=4129   userId=0   windowMode=1   baseIntent=Intent { act=android.intent.action.MAIN flag=268435456 cmp=ComponentInfo{com.babelstream/com.babelstream.MainActivity} }
                                                                                                     mainTaskId=4109   userId=999   windowMode=1   baseIntent=Intent { act=null flag=872415232 cmp=ComponentInfo{com.tencent.mm/com.tencent.mm.ui.LauncherUI} }
                                                                                                     mainTaskId=4097   userId=0   windowMode=1   baseIntent=Intent { act=android.intent.action.MAIN flag=270532608 cmp=ComponentInfo{com.tencent.mm/com.tencent.mm.ui.LauncherUI} }
                                                                                                     mainTaskId=4108   userId=0   windowMode=1   baseIntent=Intent { act=android.intent.action.MAIN flag=270532608 cmp=ComponentInfo{tv.danmaku.bili/tv.danmaku.bili.MainActivityV2} }
                                                                                                     mainTaskId=4085   userId=0   windowMode=1   baseIntent=Intent { act=android.intent.action.MAIN flag=270532608 cmp=ComponentInfo{com.copymanga.app/com.copymanga.app.MainActivity} }
                                                                                                     mainTaskId=4107   userId=0   windowMode=1   baseIntent=Intent { act=android.intent.action.MAIN flag=270532608 cmp=ComponentInfo{com.android.camera/com.android.camera.Camera} }
                                                                                                     mainTaskId=4101   userId=0   windowMode=1   baseIntent=Intent { act=android.intent.action.MAIN flag=270532608 cmp=ComponentInfo{com.xunmeng.pinduoduo/com.xunmeng.pinduoduo.ui.activity.MainFrameActivity} }
                                                                                                     mainTaskId=4001   userId=0   windowMode=1   baseIntent=Intent { act=android.intent.action.MAIN flag=270532608 cmp=ComponentInfo{mark.via/mark.via.Shell} }
                                                                                                     mainTaskId=4081   userId=0   windowMode=1   baseIntent=Intent { act=android.intent.action.MAIN flag=270532608 cmp=ComponentInfo{com.clouddrive2.clouddrive2/com.clouddrive2.clouddrive2.MainActivity} }
                                                                                                     mainTaskId=4080   userId=0   windowMode=1   baseIntent=Intent { act=android.intent.action.MAIN flag=270532608 cmp=ComponentInfo{com.twitter.android/com.twitter.android.StartActivity} }
                                                                                                     mainTaskId=4007   userId=0   windowMode=1   baseIntent=Intent { act=null flag=269484032 cmp=ComponentInfo{com.xiaomi.aiasst.vision/com.xiaomi.aiasst.vision.ui.setting.ControlWindowSettingActivity} }
                                                                                                     mainTaskId=4002   userId=0   windowMode=1   baseIntent=Intent { act=android.intent.action.MAIN flag=270532608 cmp=ComponentInfo{com.android.settings/com.android.settings.MainSettings} }
2025-11-01 23:53:07.435  8388-14983 SQLiteLog               com.qualcomm.qti.workloadclassifier  W  (28) double-quoted string literal: "com.babelstream"
2025-11-01 23:53:07.437  4639-5596  RecentsModel            com.miui.home                        W  getRunningTask   taskInfo=TaskInfo{userId=0 taskId=4129 displayId=0 isRunning=true baseIntent=Intent { act=android.intent.action.MAIN cat=[android.intent.category.LAUNCHER] flg=0x10000000 cmp=com.babelstream/.MainActivity } baseActivity=ComponentInfo{com.babelstream/com.babelstream.MainActivity} topActivity=ComponentInfo{com.babelstream/com.babelstream.MainActivity} origActivity=null realActivity=ComponentInfo{com.babelstream/com.babelstream.MainActivity} numActivities=1 lastActiveTime=254458639 supportsSplitScreenMultiWindow=true supportsMultiWindow=true resizeMode=1 isResizeable=true minWidth=-1 minHeight=-1 defaultMinSize=200 token=WCT{android.window.IWindowContainerToken$Stub$Proxy@6027247} topActivityType=1 pictureInPictureParams=null shouldDockBigOverlays=false launchIntoPipHostTaskId=-1 lastParentTaskIdBeforePip=-1 displayCutoutSafeInsets=Rect(0, 110 - 0, 0) topActivityInfo=ActivityInfo{7c67a74 com.babelstream.MainActivity} launchCookies=[] positionInParent=Point(0, 0) parentTaskId=-1 isFocused=false isVisible=true isVisibleRequested=true isSleeping=false locusId=null displayAreaFeatureId=1 isTopActivityTransparent=false appCompatTaskInfo=AppCompatTaskInfo { topActivityInSizeCompat=false topActivityInMiuiSizeCompat=false topActivityEligibleForLetterboxEducation= falseisLetterboxEducationEnabled= false isLetterboxDoubleTapEnabled= false topActivityEligibleForUserAspectRatioButton= false topActivityBoundsLetterboxed= false isFromLetterboxDoubleTap= false topActivityLetterboxVerticalPosition= -1 topActivityLetterboxHorizontalPosition= -1 topActivityLetterboxWidth=1080 topActivityLetterboxHeight=2400 isUserFullscreenOverrideEnabled=false isSystemFullscreenOverrideEnabled=false cameraCompatTaskInfo=CameraCompatTaskInfo { cameraCompatControlState=hidden freeformCameraCompatMode=inactive}} isImmersive=false mTopActivityRequestOrientation=1 mBehindAppLockPkg=null mOriginatingUid=0 isEmbedded=false shouldBeVisible=true isCreatedByOrganizer=false mIsCastMode=false mTopActivityMediaSize=null mTopActivityRecordName=ActivityRecord{e7639e4 u0 com.babelstream/.MainActivity t4129} mTopActivityOrientation=1}
2025-11-01 23:53:07.440  4639-5596  ActivityManagerWrapper  com.miui.home                        E  getRecentTasksForceIncludingTaskIdIfValid: getRecentTasks: size=12
                                                                                                     mainTaskId=4129   userId=0   windowMode=1   baseIntent=Intent { act=android.intent.action.MAIN flag=268435456 cmp=ComponentInfo{com.babelstream/com.babelstream.MainActivity} }
                                                                                                     mainTaskId=4109   userId=999   windowMode=1   baseIntent=Intent { act=null flag=872415232 cmp=ComponentInfo{com.tencent.mm/com.tencent.mm.ui.LauncherUI} }
                                                                                                     mainTaskId=4097   userId=0   windowMode=1   baseIntent=Intent { act=android.intent.action.MAIN flag=270532608 cmp=ComponentInfo{com.tencent.mm/com.tencent.mm.ui.LauncherUI} }
                                                                                                     mainTaskId=4108   userId=0   windowMode=1   baseIntent=Intent { act=android.intent.action.MAIN flag=270532608 cmp=ComponentInfo{tv.danmaku.bili/tv.danmaku.bili.MainActivityV2} }
                                                                                                     mainTaskId=4085   userId=0   windowMode=1   baseIntent=Intent { act=android.intent.action.MAIN flag=270532608 cmp=ComponentInfo{com.copymanga.app/com.copymanga.app.MainActivity} }
                                                                                                     mainTaskId=4107   userId=0   windowMode=1   baseIntent=Intent { act=android.intent.action.MAIN flag=270532608 cmp=ComponentInfo{com.android.camera/com.android.camera.Camera} }
                                                                                                     mainTaskId=4101   userId=0   windowMode=1   baseIntent=Intent { act=android.intent.action.MAIN flag=270532608 cmp=ComponentInfo{com.xunmeng.pinduoduo/com.xunmeng.pinduoduo.ui.activity.MainFrameActivity} }
                                                                                                     mainTaskId=4001   userId=0   windowMode=1   baseIntent=Intent { act=android.intent.action.MAIN flag=270532608 cmp=ComponentInfo{mark.via/mark.via.Shell} }
                                                                                                     mainTaskId=4081   userId=0   windowMode=1   baseIntent=Intent { act=android.intent.action.MAIN flag=270532608 cmp=ComponentInfo{com.clouddrive2.clouddrive2/com.clouddrive2.clouddrive2.MainActivity} }
                                                                                                     mainTaskId=4080   userId=0   windowMode=1   baseIntent=Intent { act=android.intent.action.MAIN flag=270532608 cmp=ComponentInfo{com.twitter.android/com.twitter.android.StartActivity} }
                                                                                                     mainTaskId=4007   userId=0   windowMode=1   baseIntent=Intent { act=null flag=269484032 cmp=ComponentInfo{com.xiaomi.aiasst.vision/com.xiaomi.aiasst.vision.ui.setting.ControlWindowSettingActivity} }
                                                                                                     mainTaskId=4002   userId=0   windowMode=1   baseIntent=Intent { act=android.intent.action.MAIN flag=270532608 cmp=ComponentInfo{com.android.settings/com.android.settings.MainSettings} }
2025-11-01 23:53:07.472 14769-14769 com.babelstream         usap64                               W  Redefining intrinsic method java.lang.Thread java.lang.Thread.currentThread(). This may cause the unexpected use of the original definition of java.lang.Thread java.lang.Thread.currentThread()in methods that have already been compiled.
2025-11-01 23:53:07.472 14769-14769 com.babelstream         usap64                               W  Redefining intrinsic method boolean java.lang.Thread.interrupted(). This may cause the unexpected use of the original definition of boolean java.lang.Thread.interrupted()in methods that have already been compiled.
---------------------------- PROCESS STARTED (14769) for package com.babelstream ----------------------------
2025-11-01 23:53:07.491 14769-14769 CompatChangeReporter    com.babelstream                      D  Compat change id reported: 242716250; UID 10431; state: ENABLED
2025-11-01 23:53:07.500 14769-14769 ActivityThread          com.babelstream                      D  setEmbeddedParam packageName=com.babelstream processName=com.babelstream isEmbedded=false isIsolated=false
2025-11-01 23:53:07.506 14769-14769 ziparchive              com.babelstream                      W  Unable to open '/data/data/com.babelstream/code_cache/.overlay/base.apk/classes3.dm': No such file or directory
2025-11-01 23:53:07.506 14769-14769 ziparchive              com.babelstream                      W  Unable to open '/data/app/~~3EprXo88kxNryT0ms1-ekQ==/com.babelstream-gNUcvPk-YyitRh9rXKE9Sw==/base.dm': No such file or directory
2025-11-01 23:53:07.506 14769-14769 ziparchive              com.babelstream                      W  Unable to open '/data/app/~~3EprXo88kxNryT0ms1-ekQ==/com.babelstream-gNUcvPk-YyitRh9rXKE9Sw==/base.dm': No such file or directory
2025-11-01 23:53:07.554 14769-14769 nativeloader            com.babelstream                      D  Configuring clns-7 for other apk /data/app/~~3EprXo88kxNryT0ms1-ekQ==/com.babelstream-gNUcvPk-YyitRh9rXKE9Sw==/base.apk. target_sdk_version=34, uses_libraries=, library_path=/data/app/~~3EprXo88kxNryT0ms1-ekQ==/com.babelstream-gNUcvPk-YyitRh9rXKE9Sw==/lib/arm64:/data/app/~~3EprXo88kxNryT0ms1-ekQ==/com.babelstream-gNUcvPk-YyitRh9rXKE9Sw==/base.apk!/lib/arm64-v8a, permitted_path=/data:/mnt/expand:/data/user/0/com.babelstream
2025-11-01 23:53:07.554  2313-5758  AppsFilter              system_server                        I  interaction: PackageSetting{1cde414 com.babelstream/10431} -> PackageSetting{477487e com.android.cts.priv.ctsshim/10238} BLOCKED
2025-11-01 23:53:07.555  2313-5758  AppsFilter              system_server                        I  interaction: PackageSetting{1cde414 com.babelstream/10431} -> PackageSetting{e5471df com.baidu.homework/10317} BLOCKED
2025-11-01 23:53:07.555  2313-5758  AppsFilter              system_server                        I  interaction: PackageSetting{1cde414 com.babelstream/10431} -> PackageSetting{6209e2c com.android.uwb.resources/10236} BLOCKED
2025-11-01 23:53:07.555  2313-5758  AppsFilter              system_server                        I  interaction: PackageSetting{1cde414 com.babelstream/10431} -> PackageSetting{90c27aa com.android.internal.display.cutout.emulation.corner/10007} BLOCKED
2025-11-01 23:53:07.555  2313-5758  AppsFilter              system_server                        I  interaction: PackageSetting{1cde414 com.babelstream/10431} -> PackageSetting{5bedf9b com.android.internal.display.cutout.emulation.double/10011} BLOCKED
2025-11-01 23:53:07.555  2313-5758  AppsFilter              system_server                        I  interaction: PackageSetting{1cde414 com.babelstream/10431} -> PackageSetting{e1cf0f5 com.unionpay.tsmservice.mi/10182} BLOCKED
2025-11-01 23:53:07.555  2313-5758  AppsFilter              system_server                        I  interaction: PackageSetting{1cde414 com.babelstream/10431} -> PackageSetting{63b6e8a com.android.healthconnect.controller/10240} BLOCKED
2025-11-01 23:53:07.555  2313-5758  AppsFilter              system_server                        I  interaction: PackageSetting{1cde414 com.babelstream/10431} -> PackageSetting{bb84cfb com.google.android.googlequicksearchbox/10069} BLOCKED
2025-11-01 23:53:07.555  2313-5758  AppsFilter              system_server                        I  interaction: PackageSetting{1cde414 com.babelstream/10431} -> PackageSetting{a0f7118 org.telegram.messenger/10392} BLOCKED
2025-11-01 23:53:07.555  2313-5758  AppsFilter              system_server                        I  interaction: PackageSetting{1cde414 com.babelstream/10431} -> PackageSetting{d98a771 com.google.android.onetimeinitializer/10122} BLOCKED
2025-11-01 23:53:07.555  2313-5758  AppsFilter              system_server                        I  interaction: PackageSetting{1cde414 com.babelstream/10431} -> PackageSetting{f69e956 com.android.health.connect.backuprestore/10241} BLOCKED
2025-11-01 23:53:07.555  2313-5758  AppsFilter              system_server                        I  interaction: PackageSetting{1cde414 com.babelstream/10431} -> PackageSetting{3b4bdd7 com.google.android.ext.shared/10148} BLOCKED
2025-11-01 23:53:07.556  2313-5758  AppsFilter              system_server                        I  interaction: PackageSetting{1cde414 com.babelstream/10431} -> PackageSetting{11686c4 cn.com.chsi.chsiapp/10053} BLOCKED
2025-11-01 23:53:07.556  2313-5758  AppsFilter              system_server                        I  interaction: PackageSetting{1cde414 com.babelstream/10431} -> PackageSetting{33f49ad com.android.virtualmachine.res/10248} BLOCKED
2025-11-01 23:53:07.556  2313-5758  AppsFilter              system_server                        I  interaction: PackageSetting{1cde414 com.babelstream/10431} -> PackageSetting{33344e2 com.android.bankabc/10359} BLOCKED
2025-11-01 23:53:07.556  2313-5758  AppsFilter              system_server                        I  interaction: PackageSetting{1cde414 com.babelstream/10431} -> PackageSetting{49d6073 com.chaoxing.mobile/10338} BLOCKED
2025-11-01 23:53:07.556  2313-5758  AppsFilter              system_server                        I  interaction: PackageSetting{1cde414 com.babelstream/10431} -> PackageSetting{6574b30 com.video.wx.c1/10221} BLOCKED
2025-11-01 23:53:07.556  2313-5758  AppsFilter              system_server                        I  interaction: PackageSetting{1cde414 com.babelstream/10431} -> PackageSetting{581bd44 com.tencent.qqmusic/10285} BLOCKED
2025-11-01 23:53:07.556  2313-5758  AppsFilter              system_server                        I  interaction: PackageSetting{1cde414 com.babelstream/10431} -> PackageSetting{544cd2e com.sinovatech.unicom.ui/10366} BLOCKED
2025-11-01 23:53:07.556  2313-5758  AppsFilter              system_server                        I  interaction: PackageSetting{1cde414 com.babelstream/10431} -> PackageSetting{3b41305 com.android.providers.telephony.auto_generated_characteristics_rro/10337} BLOCKED
2025-11-01 23:53:07.556  2313-5758  AppsFilter              system_server                        I  interaction: PackageSetting{1cde414 com.babelstream/10431} -> PackageSetting{46390cf com.xiaomi.gamecenter.sdk.service/10137} BLOCKED
2025-11-01 23:53:07.556  2313-5758  AppsFilter              system_server                        I  interaction: PackageSetting{1cde414 com.babelstream/10431} -> PackageSetting{39dea5c com.android.htmlviewer/10089} BLOCKED
2025-11-01 23:53:07.556  2313-5758  AppsFilter              system_server                        I  interaction: PackageSetting{1cde414 com.babelstream/10431} -> PackageSetting{6cd0165 com.hexin.plat.android/10301} BLOCKED
2025-11-01 23:53:07.556  2313-5758  AppsFilter              system_server                        I  interaction: PackageSetting{1cde414 com.babelstream/10431} -> PackageSetting{4d48e3a com.miui.gallery/10267} BLOCKED
2025-11-01 23:53:07.556  2313-5758  AppsFilter              system_server                        I  interaction: PackageSetting{1cde414 com.babelstream/10431} -> PackageSetting{cb26aeb com.hihanhan.one.rt45/10388} BLOCKED
2025-11-01 23:53:07.556  2313-5758  AppsFilter              system_server                        I  interaction: PackageSetting{1cde414 com.babelstream/10431} -> PackageSetting{14d5048 com.ruguoapp.jike/10419} BLOCKED
2025-11-01 23:53:07.556  2313-5758  AppsFilter              system_server                        I  interaction: PackageSetting{1cde414 com.babelstream/10431} -> PackageSetting{c114ee1 com.quicinc.voice.activation/10209} BLOCKED
2025-11-01 23:53:07.556  2313-5758  AppsFilter              system_server                        I  interaction: PackageSetting{1cde414 com.babelstream/10431} -> PackageSetting{c6d5406 com.plan.kot32.tomatotime/10313} BLOCKED
2025-11-01 23:53:07.556  2313-5758  AppsFilter              system_server                        I  interaction: PackageSetting{1cde414 com.babelstream/10431} -> PackageSetting{80d1774 com.paypal.android.p2pmobile/10325} BLOCKED
2025-11-01 23:53:07.556  2313-5758  AppsFilter              system_server                        I  interaction: PackageSetting{1cde414 com.babelstream/10431} -> PackageSetting{90b28f4 cmb.pb/10370} BLOCKED
2025-11-01 23:53:07.556  2313-5758  AppsFilter              system_server                        I  interaction: PackageSetting{1cde414 com.babelstream/10431} -> PackageSetting{f2f81d com.discord/10322} BLOCKED
2025-11-01 23:53:07.556  2313-5758  AppsFilter              system_server                        I  interaction: PackageSetting{1cde414 com.babelstream/10431} -> PackageSetting{27aaa92 com.openai.chatgpt/10420} BLOCKED
2025-11-01 23:53:07.556  2313-5758  AppsFilter              system_server                        I  interaction: PackageSetting{1cde414 com.babelstream/10431} -> PackageSetting{d1f4c63 cn.gov.tax.its/10039} BLOCKED
2025-11-01 23:53:07.556  2313-5758  AppsFilter              system_server                        I  interaction: PackageSetting{1cde414 com.babelstream/10431} -> PackageSetting{72be060 com.aliyun.tongyi/10399} BLOCKED
2025-11-01 23:53:07.556  2313-5758  AppsFilter              system_server                        I  interaction: PackageSetting{1cde414 com.babelstream/10431} -> PackageSetting{64bf919 jp.pxv.android/10314} BLOCKED
2025-11-01 23:53:07.556  2313-5758  AppsFilter              system_server                        I  interaction: PackageSetting{1cde414 com.babelstream/10431} -> PackageSetting{694ddde com.dmzj.manhua/10318} BLOCKED
2025-11-01 23:53:07.556  2313-5758  AppsFilter              system_server                        I  interaction: PackageSetting{1cde414 com.babelstream/10431} -> PackageSetting{b04bbf com.mistycloud.android/10400} BLOCKED
2025-11-01 23:53:07.556  2313-5758  AppsFilter              system_server                        I  interaction: PackageSetting{1cde414 com.babelstream/10431} -> PackageSetting{6dea28c com.google.android.configupdater/10121} BLOCKED
2025-11-01 23:53:07.556  2313-5758  AppsFilter              system_server                        I  interaction: PackageSetting{1cde414 com.babelstream/10431} -> PackageSetting{69a0dd5 com.github.android/10315} BLOCKED
2025-11-01 23:53:07.556  2313-5758  AppsFilter              system_server                        I  interaction: PackageSetting{1cde414 com.babelstream/10431} -> PackageSetting{78cf9ea com.luojilab.player/10368} BLOCKED
2025-11-01 23:53:07.556  2313-5758  AppsFilter              system_server                        I  interaction: PackageSetting{1cde414 com.babelstream/10431} -> PackageSetting{27e4db com.android.soundrecorder/10266} BLOCKED
2025-11-01 23:53:07.556  2313-5758  AppsFilter              system_server                        I  interaction: PackageSetting{1cde414 com.babelstream/10431} -> PackageSetting{5195b78 com.baidu.input_mi/10258} BLOCKED
2025-11-01 23:53:07.556  2313-5758  AppsFilter              system_server                        I  interaction: PackageSetting{1cde414 com.babelstream/10431} -> PackageSetting{c7ab251 com.proximabeta.nikke/10365} BLOCKED
2025-11-01 23:53:07.556  2313-5758  AppsFilter              system_server                        I  interaction: PackageSetting{1cde414 com.babelstream/10431} -> PackageSetting{e38cab6 com.google.ar.lens/10367} BLOCKED
2025-11-01 23:53:07.556  2313-5758  AppsFilter              system_server                        I  interaction: PackageSetting{1cde414 com.babelstream/10431} -> PackageSetting{ab5f3b7 com.android.safetycenter.resources/10253} BLOCKED
2025-11-01 23:53:07.556  2313-5758  AppsFilter              system_server                        I  interaction: PackageSetting{1cde414 com.babelstream/10431} -> PackageSetting{644b724 com.android.providers.downloads.ui/10257} BLOCKED
2025-11-01 23:53:07.556  2313-5758  AppsFilter              system_server                        I  interaction: PackageSetting{1cde414 com.babelstream/10431} -> PackageSetting{4e7228d com.android.simappdialog/10111} BLOCKED
2025-11-01 23:53:07.556  2313-5758  AppsFilter              system_server                        I  interaction: PackageSetting{1cde414 com.babelstream/10431} -> PackageSetting{8fedc42 com.xingin.xhs/10375} BLOCKED
2025-11-01 23:53:07.556  2313-5758  AppsFilter              system_server                        I  interaction: PackageSetting{1cde414 com.babelstream/10431} -> PackageSetting{8ac1453 com.android.connectivity.resources/10233} BLOCKED
2025-11-01 23:53:07.556  2313-5758  AppsFilter              system_server                        I  interaction: PackageSetting{1cde414 com.babelstream/10431} -> PackageSetting{aa82190 com.tencent.mm/10321} BLOCKED
2025-11-01 23:53:07.556  2313-5758  AppsFilter              system_server                        I  interaction: PackageSetting{1cde414 com.babelstream/10431} -> PackageSetting{9305a89 com.tencent.mp/10293} BLOCKED
2025-11-01 23:53:07.556  2313-5758  AppsFilter              system_server                        I  interaction: PackageSetting{1cde414 com.babelstream/10431} -> PackageSetting{faea962 com.android.internal.display.cutout.emulation.hole/10012} BLOCKED
2025-11-01 23:53:07.556  2313-5758  AppsFilter              system_server                        I  interaction: PackageSetting{1cde414 com.babelstream/10431} -> PackageSetting{8c62af3 com.android.internal.display.cutout.emulation.tall/10010} BLOCKED
2025-11-01 23:53:07.556  2313-5758  AppsFilter              system_server                        I  interaction: PackageSetting{1cde414 com.babelstream/10431} -> PackageSetting{4227a8e com.android.modulemetadata/10171} BLOCKED
2025-11-01 23:53:07.556  2313-5758  AppsFilter              system_server                        I  interaction: PackageSetting{1cde414 com.babelstream/10431} -> PackageSetting{eb5ec2 com.xiaomi.mibrain.speech/10271} BLOCKED
2025-11-01 23:53:07.556  2313-5758  AppsFilter              system_server                        I  interaction: PackageSetting{1cde414 com.babelstream/10431} -> PackageSetting{d95c6bc com.chinamworld.bocmbci/10418} BLOCKED
2025-11-01 23:53:07.556  2313-5758  AppsFilter              system_server                        I  interaction: PackageSetting{1cde414 com.babelstream/10431} -> PackageSetting{b51f9ae com.android.internal.systemui.navbar.threebutton/10049} BLOCKED
2025-11-01 23:53:07.556  2313-5758  AppsFilter              system_server                        I  interaction: PackageSetting{1cde414 com.babelstream/10431} -> PackageSetting{cbb1645 com.umetrip.android.msky.app/10358} BLOCKED
2025-11-01 23:53:07.556  2313-5758  AppsFilter              system_server                        I  interaction: PackageSetting{1cde414 com.babelstream/10431} -> PackageSetting{acfb19a com.android.wifi.dialog/10206} BLOCKED
2025-11-01 23:53:07.556  2313-5758  AppsFilter              system_server                        I  interaction: PackageSetting{1cde414 com.babelstream/10431} -> PackageSetting{9a7bacb com.android.contacts/10131} BLOCKED
2025-11-01 23:53:07.556  2313-5758  AppsFilter              system_server                        I  interaction: PackageSetting{1cde414 com.babelstream/10431} -> PackageSetting{b5692a8 com.miui.securitymanager/10265} BLOCKED
2025-11-01 23:53:07.556  2313-5758  AppsFilter              system_server                        I  interaction: PackageSetting{1cde414 com.babelstream/10431} -> PackageSetting{a7bd1c1 com.mi.health/10281} BLOCKED
2025-11-01 23:53:07.556  2313-5758  AppsFilter              system_server                        I  interaction: PackageSetting{1cde414 com.babelstream/10431} -> PackageSetting{ce74d66 cn.wps.moffice_eng.xiaomi.lite/10276} BLOCKED
2025-11-01 23:53:07.556  2313-5758  AppsFilter              system_server                        I  interaction: PackageSetting{1cde414 com.babelstream/10431} -> PackageSetting{af538a7 com.lanzouq.zdfxdk.i1598/10100} BLOCKED
2025-11-01 23:53:07.556  2313-5758  AppsFilter              system_server                        I  interaction: PackageSetting{1cde414 com.babelstream/10431} -> PackageSetting{9d63154 org.telegram.messenger.web/10341} BLOCKED
2025-11-01 23:53:07.556  2313-5758  AppsFilter              system_server                        I  interaction: PackageSetting{1cde414 com.babelstream/10431} -> PackageSetting{e32c8fd com.android.mms/10139} BLOCKED
2025-11-01 23:53:07.556  2313-5758  AppsFilter              system_server                        I  interaction: PackageSetting{1cde414 com.babelstream/10431} -> PackageSetting{58ad9f2 com.mfashiongallery.emag/10256} BLOCKED
2025-11-01 23:53:07.556  2313-5758  AppsFilter              system_server                        I  interaction: PackageSetting{1cde414 com.babelstream/10431} -> PackageSetting{db2b843 com.icbc/10372} BLOCKED
2025-11-01 23:53:07.556  2313-5758  AppsFilter              system_server                        I  interaction: PackageSetting{1cde414 com.babelstream/10431} -> PackageSetting{f0ec0 app.podcast.cosmos/10342} BLOCKED
2025-11-01 23:53:07.556  2313-5758  AppsFilter              system_server                        I  interaction: PackageSetting{1cde414 com.babelstream/10431} -> PackageSetting{567f7f9 com.miui.player/10283} BLOCKED
2025-11-01 23:53:07.556  2313-5758  AppsFilter              system_server                        I  interaction: PackageSetting{1cde414 com.babelstream/10431} -> PackageSetting{e68a33e com.miui.miservice/10255} BLOCKED
2025-11-01 23:53:07.556  2313-5758  AppsFilter              system_server                        I  interaction: PackageSetting{1cde414 com.babelstream/10431} -> PackageSetting{43e959f com.google.android.gm/10355} BLOCKED
2025-11-01 23:53:07.556  2313-5758  AppsFilter              system_server                        I  interaction: PackageSetting{1cde414 com.babelstream/10431} -> PackageSetting{83656ec bin.mt.plus/10320} BLOCKED
2025-11-01 23:53:07.556  2313-5758  AppsFilter              system_server                        I  interaction: PackageSetting{1cde414 com.babelstream/10431} -> PackageSetting{4271ab5 com.android.compos.payload/10251} BLOCKED
2025-11-01 23:53:07.556  2313-5758  AppsFilter              system_server                        I  interaction: PackageSetting{1cde414 com.babelstream/10431} -> PackageSetting{bc7b54a com.android.settings.intelligence/10140} BLOCKED
2025-11-01 23:53:07.556  2313-5758  AppsFilter              system_server                        I  interaction: PackageSetting{1cde414 com.babelstream/10431} -> PackageSetting{e80ecbb com.android.calendar/10260} BLOCKED
2025-11-01 23:53:07.556  2313-5758  AppsFilter              system_server                        I  interaction: PackageSetting{1cde414 com.babelstream/10431} -> PackageSetting{8a7f5d8 com.thinkwu.live/10110} BLOCKED
2025-11-01 23:53:07.556  2313-5758  AppsFilter              system_server                        I  interaction: PackageSetting{1cde414 com.babelstream/10431} -> PackageSetting{97bad31 com.miui.virtualsim/10273} BLOCKED
2025-11-01 23:53:07.556  2313-5758  AppsFilter              system_server                        I  interaction: PackageSetting{1cde414 com.babelstream/10431} -> PackageSetting{d53dc16 cn.gov.pbc.dcep/10406} BLOCKED
