2025-11-01 23:57:04.927 15477-16816 iDST::AsrCeiIf:316      com.babelstream                      I  asr cei set param cei_param_json_cfg_string, value {"cei":{"cei_param_version":"2.2.0","cei_param_device_type":"car","cei_param_reco_mode":0,"cei_param_log_level":2,"cei_param_debug_path":"asr_debug","cei_param_is_debug_enable":false,"cei_param_resource_path":"","cei_param_resource_is_multi_language":false,"cei_param_audio_format_str":"16k16bitmono","cei_param_mcs_mode":0,"cei_param_work_mode":0,"cei_param_max_cache_frames":1000,"cei_param_is_aec_bf_active":false,"cei_param_is_agc_active":false,"cei_param_is_vad_active":false,"cei_param_is_kws_active":false,"cei_param_is_sr_active":true},"asp":{"asp_param_is_process_parallel":false,"asp_param_is_input_debug_enable":false,"asp_param_is_output_debug_enable":false,"asp_param_debug_path":"asr_debug","asp_param_is_callback_enable":false,"asp_param_callback_period_frames":5},"vad":{"vad_param_is_input_debug_enable":false,"vad_param_is_output_debug_enable":false,"vad_param_debug_path":"asr_debug","vad_param_asleep_speech_noise_thres":-0.8,"va
2025-11-01 23:57:04.927 15477-16816 iDST::AsrCeiIf:316      com.babelstream                      I  _param_awake_speech_noise_thres":-0.5,"vad_param_asleep_max_speech_segment_time":300000,"vad_param_awake_max_speech_segment_time":60000,"vad_param_asleep_block_size":3,"vad_param_awake_block_size":3,"vad_param_front_timeout_interval":8000,"vad_param_tail_timeout_interval":800,"vad_param_is_detect_start":true,"vad_param_is_detect_end":true},"kws":{"kws_param_is_input_debug_enable":false,"kws_param_is_output_debug_enable":false,"kws_param_debug_path":"asr_debug","kws_param_is_process_parallel":false,"kws_param_front_extend_frames":10,"kws_param_tail_extend_frames":5,"kws_param_encoder_type_str":"opu","kws_param_encoder_bitrate":16000,"kws_param_encoder_complexity":2,"kws_param_callback_period_ms":100,"kws_param_max_frames_per_callback":25,"kws_param_max_bytes_per_callback":16000},"sr":{"sr_param_is_input_debug_enable":false,"sr_param_is_output_debug_enable":false,"sr_param_debug_path":"asr_debug","sr_param_is_itn_enable":true,"sr_param_is_do_conf_filter":false,"sr_param_is_process_parall
2025-11-01 23:57:04.927 15477-16816 iDST::AsrCeiIf:316      com.babelstream                      I  l":true,"sr_param_is_need_result":false,"sr_param_is_need_voice":true,"sr_param_ngram_conf_thres":65.0,"sr_param_jsgf_conf_thres":65.0,"sr_param_encoder_type_str":"opu","sr_param_encoder_bitrate":16000,"sr_param_encoder_complexity":2,"sr_param_callback_period_ms":100,"sr_param_max_frames_per_callback":25,"sr_param_max_bytes_per_callback":16000},"ou":{"oss_upload_param_is_enable":false,"oss_upload_param_asp_in":false,"oss_upload_param_asp_out":false,"oss_upload_param_vad_in":false,"oss_upload_param_vad_out":false,"oss_upload_param_kws_in":false,"oss_upload_param_kws_susp_in":false,"oss_upload_param_kws_out":false,"oss_upload_param_kws_susp_out":false,"oss_upload_param_sr_in":false}}
2025-11-01 23:57:04.927 15477-16816 iDST::AsrCeiIf:276      com.babelstream                      I  asr cei init with file_path=, save_path=, packed_file=null log_level=3 mode=0 func_mode=0x11111111
2025-11-01 23:57:04.927 15477-16816 AlsCei::As...Impl, Main com.babelstream                      I  set log level 3
2025-11-01 23:57:04.927 15477-16816 AlsCei::As...Impl, Main com.babelstream                      I  version is 0.824-V20251010114822.
2025-11-01 23:57:04.927 15477-16816 AlsCei::As...Impl, Main com.babelstream                      I  compiled by shichen.fsc at /home/shichen.fsc/code/public/nui_dev/se, git commit is 45573a1b20008c4ea6841803e224c35f90ead35d
2025-11-01 23:57:04.927 15477-16816 AlsCei::As...Impl, Main com.babelstream                      I  initialize [begin]
2025-11-01 23:57:04.927 15477-16816 AlsCei::As...Impl, Main com.babelstream                      I  empty sys path and cfg json setted: {"cei":{"cei_param_version":"2.2.0","cei_param_device_type":"car","cei_param_reco_mode":0,"cei_param_log_level":2,"cei_param_debug_path":"asr_debug","cei_param_is_debug_enable":false,"cei_param_resource_path":"","cei_param_resource_is_multi_language":false,"cei_param_audio_format_str":"16k16bitmono","cei_param_mcs_mode":0,"cei_param_work_mode":0,"cei_param_max_cache_frames":1000,"cei_param_is_aec_bf_active":false,"cei_param_is_agc_active":false,"cei_param_is_vad_active":false,"cei_param_is_kws_active":false,"cei_param_is_sr_active":true},"asp":{"asp_param_is_process_parallel":false,"asp_param_is_input_debug_enable":false,"asp_param_is_output_debug_enable":false,"asp_param_debug_path":"asr_debug","asp_param_is_callback_enable":false,"asp_param_callback_period_frames":5},"vad":{"vad_param_is_input_debug_enable":false,"vad_param_is_output_debug_enable":false,"vad_param_debug_path":"asr_debug","vad_param_asleep_speech_noise_thres":-0.8,"vad_param_awake_speech_noise_thres":-0.5
2025-11-01 23:57:04.927 15477-16816 AlsSdk::SrImpl, Main    com.babelstream                      I  sr create [begin]
2025-11-01 23:57:04.927 15477-16816 AlsSdk::SrImpl, Main    com.babelstream                      I  callback audio data every 5 frames
2025-11-01 23:57:04.927 15477-16816 AlsSdk::SrImpl, Main    com.babelstream                      I  sr create [done]
2025-11-01 23:57:04.927 15477-16816 AlsCei::As...Impl, Main com.babelstream                      W  The assets dir is not set, skip InitVed.
2025-11-01 23:57:04.927 15477-16816 AlsCei::As...Impl, Main com.babelstream                      I  initialize [done]
2025-11-01 23:57:04.927 15477-16816 iDST::AsrE...andler:658 com.babelstream                      I  cei init with ret=0
2025-11-01 23:57:04.927 15477-16816 iDST::AsrE...andler:666 com.babelstream                      I  cei init done
2025-11-01 23:57:04.927 15477-16816 iDST::AsrCeiIf:329      com.babelstream                      I  asr cei get param vad_param_tail_timeout_interval, value 
2025-11-01 23:57:04.927 15477-16816 iDST::AsrCeiIf:329      com.babelstream                      I  asr cei get param vad_param_front_timeout_interval, value 
2025-11-01 23:57:04.927 15477-16816 iDST::AsrCeiIf:329      com.babelstream                      I  asr cei get param kws_param_model_version, value 
2025-11-01 23:57:04.927 15477-16816 iDST::AsrE...andler:686 com.babelstream                      I  get kws_model_ver 
2025-11-01 23:57:04.927 15477-16816 iDST::AsrE...andler:688 com.babelstream                      I  context kws_model_ver 
2025-11-01 23:57:04.927 15477-16816 AlsCei::As...Impl, Main com.babelstream                      W  ved does not exist, skip ...
2025-11-01 23:57:04.927 15477-16816 AlsCei::AsrCeiImpl, Ved com.babelstream                      W  ignore local engine, skip GetKeywordsParams ...
2025-11-01 23:57:04.927 15477-16816 iDST::AsrE...andler:704 com.babelstream                      I  do_wwv(false) from config
2025-11-01 23:57:04.927 15477-16816 iDST::NlsDAManager:100  com.babelstream                      I  NlsDaManager init
2025-11-01 23:57:04.927 15477-16816 iDST::AsrE...andler:748 com.babelstream                      I  init nls asr
2025-11-01 23:57:04.927 15477-16816 iDST::NlsConfig:65      com.babelstream                      D  nls config get_service_protocol 1
2025-11-01 23:57:04.927 15477-16816 iDST::NlsConfig:5       com.babelstream                      D  nls config get_url wss://dashscope.aliyuncs.com/api-ws/v1/inference
2025-11-01 23:57:04.927 15477-16816 iDST::NlsConfig:10      com.babelstream                      D  nls config get_apikey sk-54
2025-11-01 23:57:04.927 15477-16816 iDST::NlsAsr:586        com.babelstream                      I  url=wss://dashscope.aliyuncs.com/api-ws/v1/inference apikey=sk-5430dc5d8799428e8d44ccd475650140
2025-11-01 23:57:04.928 15477-16816 iDST::NThread:67        com.babelstream                      V  thread nls_asr_thread start
2025-11-01 23:57:04.928 15477-16818 iDST::EasyLooper:148    com.babelstream                      D  RebuildEpollLocked: open epoll_fd_ 216
2025-11-01 23:57:04.928 15477-16816 iDST::AsrE...andler:752 com.babelstream                      I  init nls st ->
2025-11-01 23:57:04.928 15477-16816 iDST::NlsConfig:62      com.babelstream                      I  nls config get_enable_stash_partial_result true
2025-11-01 23:57:04.928 15477-16816 iDST::NlsConfig:65      com.babelstream                      D  nls config get_service_protocol 1
2025-11-01 23:57:04.928 15477-16816 iDST::NlsConfig:5       com.babelstream                      D  nls config get_url wss://dashscope.aliyuncs.com/api-ws/v1/inference
2025-11-01 23:57:04.928 15477-16816 iDST::NlsConfig:10      com.babelstream                      D  nls config get_apikey sk-54
2025-11-01 23:57:04.928 15477-16816 iDST::NlsSt:810         com.babelstream                      I  url=wss://dashscope.aliyuncs.com/api-ws/v1/inference apikey=sk-5430dc5d8799428e8d44ccd475650140, enable/true stash_partial_result
2025-11-01 23:57:04.928 15477-16816 iDST::NThread:67        com.babelstream                      V  thread nls_st_thread start
2025-11-01 23:57:04.928 15477-16819 iDST::EasyLooper:148    com.babelstream                      D  RebuildEpollLocked: open epoll_fd_ 218
2025-11-01 23:57:04.928 15477-16816 iDST::AsrE...andler:771 com.babelstream                      I  init nls va
2025-11-01 23:57:04.928 15477-16816 iDST::AsrE...andler:781 com.babelstream                      W  DashScope protocol ignore OSS.
2025-11-01 23:57:04.928 15477-16816 iDST::AsrA...ration:182 com.babelstream                      I  setListener
2025-11-01 23:57:04.928 15477-16816 iDST::AsrA...ration:185 com.babelstream                      I  setListener finish
2025-11-01 23:57:04.929 15477-16816 iDST::Reco...anager:658 com.babelstream                      D  PushNewListener
2025-11-01 23:57:04.929 15477-16816 iDST::Reco...anager:679 com.babelstream                      I  RecorderManager Initialize
2025-11-01 23:57:04.929 15477-16816 iDST::Audi...agerIf:106 com.babelstream                      I  init CallbackThread
2025-11-01 23:57:04.929 15477-16816 iDST::NThread:67        com.babelstream                      V  thread recorder_thread start
2025-11-01 23:57:04.929 15477-16821 iDST::EasyLooper:148    com.babelstream                      D  RebuildEpollLocked: open epoll_fd_ 220
2025-11-01 23:57:04.929 15477-16821 iDST::Reco...anager:237 com.babelstream                      I  RecorderThread(0xb400007d241154d0) init
2025-11-01 23:57:04.929 15477-16816 iDST::Reco...Manager:87 com.babelstream                      D  RecorderManager(0xb400007d34153310)->RecorderThread(0xb400007d241154d0)->RecorderTask(0xb400007cc413da68)
2025-11-01 23:57:04.929 15477-16816 iDST::Reco...anager:734 com.babelstream                      D  GetEnableRecorderSave false!
2025-11-01 23:57:04.929 15477-16816 iDST::AsrCeiIf:316      com.babelstream                      I  asr cei set param cei_param_log_level, value 3
2025-11-01 23:57:04.929 15477-16816 iDST::AsrCeiIf:316      com.babelstream                      I  asr cei set param cei_param_debug_path, value 
2025-11-01 23:57:04.929 15477-16816 iDST::AsrE...andler:883 com.babelstream                      I  disable nuisdk_log
2025-11-01 23:57:04.929 15477-16816 iDST::AsrEngine:2873    com.babelstream                      I  on asr init with success flag:true
2025-11-01 23:57:04.929 15477-16806 iDST::AsrEngine:760     com.babelstream                      I  will not push audio data to user.
2025-11-01 23:57:04.929 15477-16806 iDST::AsrEngine:1701    com.babelstream                      I  InitAudioProcess
2025-11-01 23:57:04.929 15477-16806 iDST::AsrEngine:1811    com.babelstream                      I  WavDebugInit disable nuisdk_log, and disable save_wav
2025-11-01 23:57:04.929 15477-16806 iDST::KwsC...grapher:22 com.babelstream                      I  KwsChoreographer Initialize
2025-11-01 23:57:04.929 15477-16806 iDST::NlsConfig:7       com.babelstream                      W  nls config get_key is nullptr
2025-11-01 23:57:04.929 15477-16806 iDST::NlsConfig:12      com.babelstream                      D  nls config get_device_id c9f480378d37a5c0
2025-11-01 23:57:04.929 15477-16806 iDST::NlsConfig:63      com.babelstream                      I  nls config get_enable_event_tracker true
2025-11-01 23:57:04.929 15477-16806 iDST::EtEasyMgr:39      com.babelstream                      I  Initialize ->
2025-11-01 23:57:04.929 15477-16806 iDST::EtEasyMgr:140     com.babelstream                      I  Initialize done!
2025-11-01 23:57:04.929 15477-16806 iDST::AsrEngine:493     com.babelstream                      I  disable debug wwv
2025-11-01 23:57:04.930 15477-16806 iDST::AsrEngine:496     com.babelstream                      I  do_wwv=false mode=1
2025-11-01 23:57:04.930 15477-16806 iDST::AsrEngine:518     com.babelstream                      I  disable wwv
2025-11-01 23:57:04.930 15477-16806 iDST::KwsC...rapher:118 com.babelstream                      I  Reset
2025-11-01 23:57:04.930 15477-16814 iDST::Dial...allback:14 com.babelstream                      I  [DialogEventCallback::DialogEventHandler::HandleMessage] Get Message (8)MSG_ASR_EVENT_ASR_INIT
2025-11-01 23:57:04.930 15477-16814 iDST::Dial...eImpl:1937 com.babelstream                      I  asr init done with init_state flag:true
2025-11-01 23:57:04.930 15477-16806 iDST::StateMachine:45   com.babelstream                      I  Idle -- Initialize --> Idle
2025-11-01 23:57:04.930 15477-16806 iDST::DialogeEngine:31  com.babelstream                      V  RegisterDialogListener
2025-11-01 23:57:04.930 15477-16806 iDST::NuiAbsLayer:1773  com.babelstream                      D  NuiSdk(0xb400007c14107a90)->NuiAbsLayer(0xb400007d141a19f0)->Nui(0xb400007d141a19f0)->DialogEngine(0xb400007c14107fb0)
2025-11-01 23:57:04.930 15477-16806 iDST::NuiAbsLayer:2486  com.babelstream                      I  NuiAbsLayer[0xb400007d141a19f0] api init ret 0
2025-11-01 23:57:04.930 15477-16806 iDST::NuiAbsLayer:2551  com.babelstream                      I  sync call or api async callback is nullptr skip. msg:2/MSG_API_INIT.
2025-11-01 23:57:04.930 15477-15477 iDST::NUISDK:330        com.babelstream                      I  nui_initialize result:0
2025-11-01 23:57:04.930 15477-15477 iDST::NativeNui:709     com.babelstream                      I  nui init done with ret:0 and cost 0+11ms.
2025-11-01 23:57:04.930 15477-15477 SdkGummyClient          com.babelstream                      I  initialize ret=0
2025-11-01 23:57:04.930 15477-15477 NativeNui_JAVA          com.babelstream                      I  set param with {"service_type":4,"nls_config":{"model":"gummy-realtime-v1","sr_format":"pcm","sample_rate":"16000","transcription_enabled":true,"translation_enabled":true,"translation_target_languages":["zh"]}}
2025-11-01 23:57:04.930 15477-15477 iDST::NUISDK:421        com.babelstream                      I  sync invoke
2025-11-01 23:57:04.930 15477-15477 iDST::NuiAbsLayer:2689  com.babelstream                      I  send message 9:MSG_API_SET_PARAMS
2025-11-01 23:57:04.930 15477-16806 iDST::File...anager:102 com.babelstream                      V  SetParams {"service_type":4,"nls_config":{"model":"gummy-realtime-v1","sr_format":"pcm","sample_rate":"16000","transcription_enabled":true,"translation_enabled":true,"translation_target_languages":["zh"]}}
2025-11-01 23:57:04.930 15477-16806 iDST::FileTransConfig:1 com.babelstream                      W  cannot find url in params
2025-11-01 23:57:04.930 15477-16806 iDST::FileTransConfig:2 com.babelstream                      W  cannot find app_key in params
2025-11-01 23:57:04.930 15477-16806 iDST::FileTransConfig:3 com.babelstream                      W  cannot find token in params
2025-11-01 23:57:04.930 15477-16806 iDST::FileTransConfig:5 com.babelstream                      W  cannot find apikey in params
2025-11-01 23:57:04.930 15477-16806 iDST::FileTransConfig:8 com.babelstream                      W  cannot find direct_ip in params
2025-11-01 23:57:04.930 15477-16806 iDST::File...sConfig:10 com.babelstream                      W  cannot find file_path in params
2025-11-01 23:57:04.930 15477-16806 iDST::File...sConfig:11 com.babelstream                      W  cannot find audio_address in params
2025-11-01 23:57:04.930 15477-16806 iDST::File...sConfig:12 com.babelstream                      W  cannot find device_id in params
2025-11-01 23:57:04.930 15477-16806 iDST::File...sConfig:14 com.babelstream                      W  cannot find async_request in params
2025-11-01 23:57:04.930 15477-16806 iDST::File...sConfig:15 com.babelstream                      W  cannot find service_protocol in params
2025-11-01 23:57:04.930 15477-16806 iDST::File...sConfig:16 com.babelstream                      W  cannot find enable_event_tracker in params
2025-11-01 23:57:04.930 15477-16806 iDST::File...sConfig:19 com.babelstream                      W  cannot find file_urls in params
2025-11-01 23:57:04.930 15477-16806 iDST::File...sConfig:96 com.babelstream                      I  add KEY[ service_protocol ] as VALUE[1]
2025-11-01 23:57:04.930 15477-16806 iDST::FileTransConfig:7 com.babelstream                      W  cannot find enable_words in params
2025-11-01 23:57:04.930 15477-16806 iDST::FileTransConfig:8 com.babelstream                      W  cannot find enable_sample_rate_adaptive in params
2025-11-01 23:57:04.930 15477-16806 iDST::FileTransConfig:9 com.babelstream                      W  cannot find enable_callback in params
2025-11-01 23:57:04.930 15477-16806 iDST::File...sConfig:10 com.babelstream                      W  cannot find auto_split in params
2025-11-01 23:57:04.930 15477-16806 iDST::File...sConfig:11 com.babelstream                      W  cannot find enable_unify_post in params
2025-11-01 23:57:04.930 15477-16806 iDST::File...sConfig:15 com.babelstream                      W  cannot find enable_inverse_text_normalization in params
2025-11-01 23:57:04.930 15477-16806 iDST::File...sConfig:16 com.babelstream                      W  cannot find enable_disfluency in params
2025-11-01 23:57:04.930 15477-16806 iDST::File...sConfig:18 com.babelstream                      W  cannot find enable_word_level_result in params
2025-11-01 23:57:04.930 15477-16806 iDST::File...sConfig:23 com.babelstream                      W  cannot find first_channel_only in params
2025-11-01 23:57:04.930 15477-16806 iDST::File...sConfig:25 com.babelstream                      W  cannot find enable_timestamp_alignment in params
2025-11-01 23:57:04.930 15477-16806 iDST::File...sConfig:27 com.babelstream                      W  cannot find callback_url in params
2025-11-01 23:57:04.930 15477-16806 iDST::File...sConfig:29 com.babelstream                      W  cannot find customization_id in params
2025-11-01 23:57:04.930 15477-16806 iDST::File...sConfig:30 com.babelstream                      W  cannot find class_vocabulary_id in params
2025-11-01 23:57:04.930 15477-16806 iDST::File...sConfig:32 com.babelstream                      W  cannot find vocabulary_id in params
2025-11-01 23:57:04.930 15477-16806 iDST::File...sConfig:35 com.babelstream                      W  cannot find special_word_filter in params
2025-11-01 23:57:04.930 15477-16806 iDST::File...sConfig:38 com.babelstream                      W  cannot find max_end_silence in params
2025-11-01 23:57:04.930 15477-16806 iDST::File...sConfig:39 com.babelstream                      W  cannot find max_single_segment_time in params
2025-11-01 23:57:04.930 15477-16806 iDST::File...sConfig:41 com.babelstream                      E  sample_rate should be an int
2025-11-01 23:57:04.930 15477-16806 iDST::File...anager:107 com.babelstream                      E  set parameter failed 240002
2025-11-01 23:57:04.930 15477-16806 iDST::NuiAbsLayer:1989  com.babelstream                      E  config sample_rate only support int
2025-11-01 23:57:04.930 15477-16806 iDST::NuiAbsLayer:2499  com.babelstream                      I  NuiAbsLayer[0xb400007d141a19f0] api set params ret 240002
2025-11-01 23:57:04.930 15477-16806 iDST::NuiAbsLayer:2551  com.babelstream                      I  sync call or api async callback is nullptr skip. msg:9/MSG_API_SET_PARAMS.
2025-11-01 23:57:04.930 15477-15477 iDST::NUISDK:429        com.babelstream                      I  nui_set_params result:240002
2025-11-01 23:57:04.930 15477-15477 SdkGummyClient          com.babelstream                      I  setParams ret=240002
2025-11-01 23:57:04.930 15477-15477 iDST::NativeNui:765     com.babelstream                      I  sync start dialog
2025-11-01 23:57:04.930 15477-15477 iDST::NUISDK:436        com.babelstream                      I  [Key Events] nui_dialog_start vad_mode:1
2025-11-01 23:57:04.930 15477-15477 iDST::NUISDK:438        com.babelstream                      I  sync invoke
2025-11-01 23:57:04.930 15477-15477 iDST::NuiAbsLayer:2689  com.babelstream                      I  send message 4:MSG_API_START
2025-11-01 23:57:04.930 15477-16806 iDST::NuiAbsLayer:2030  com.babelstream                      I  load dialog params {}
2025-11-01 23:57:04.931 15477-16806 iDST::NuiAbsLayer:2038  com.babelstream                      I  nui start vad mode 1
2025-11-01 23:57:04.931 15477-16806 iDST::DialogConfig:585  com.babelstream                      I  sr model is empty
2025-11-01 23:57:04.931 15477-16806 iDST::DialogConfig:608  com.babelstream                      I  model is empty
2025-11-01 23:57:04.931 15477-16806 iDST::DialogConfig:621  com.babelstream                      I  random uuid=3d6a18e778a94150814c8c8bb3a34f91
2025-11-01 23:57:04.931 15477-16806 iDST::DialogConfig:428  com.babelstream                      I  dialog without uuid use 3d6a18e778a94150814c8c8bb3a34f91
2025-11-01 23:57:04.931 15477-16806 iDST::DialogConfig:621  com.babelstream                      I  random uuid=7b6b98a2fcf3419ebf8cb19a0768f01a
2025-11-01 23:57:04.931 15477-16806 iDST::NuiAbsLayer:2226  com.babelstream                      I  gender detection 0
2025-11-01 23:57:04.931 15477-16806 iDST::DialogeEngine:37  com.babelstream                      V  DialogEngine(0xb400007c14107fb0) StartDialog
2025-11-01 23:57:04.931 15477-16806 iDST::AsrEngine:1418    com.babelstream                      I  prepare
2025-11-01 23:57:04.931 15477-16806 iDST::AsrEngine:854     com.babelstream                      I  SetVadMode with mode[1] enable_cloud_vad[0]
2025-11-01 23:57:04.931 15477-16816 iDST::AsrE...ndler:1622 com.babelstream                      D  HandleMessage[SET_VAD]
2025-11-01 23:57:04.931 15477-16816 iDST::AsrCeiIf:316      com.babelstream                      I  asr cei set param cei_param_work_mode, value 1
2025-11-01 23:57:04.931 15477-16806 iDST::AsrEngine:2661    com.babelstream                      I  RestoreVadBackTimeout
2025-11-01 23:57:04.931 15477-16816 iDST::AsrE...ndler:1626 com.babelstream                      D  HandleMessage[SET_VAD_TIMEOUT]
2025-11-01 23:57:04.931 15477-16816 iDST::AsrE...ndler:1115 com.babelstream                      I  set vad back timeout with 0
2025-11-01 23:57:04.931 15477-16816 iDST::AsrCeiIf:316      com.babelstream                      I  asr cei set param vad_param_tail_timeout_interval, value 0
2025-11-01 23:57:04.931 15477-16816 iDST::AsrCeiIf:320      com.babelstream                      E  asr cei set ret 2, param vad_param_tail_timeout_interval, value 0
2025-11-01 23:57:04.931 15477-16816 iDST::AsrCeiIf:316      com.babelstream                      I  asr cei set param vad_param_awake_tail_lookahead_time, value 0
2025-11-01 23:57:04.931 15477-16816 iDST::AsrCeiIf:320      com.babelstream                      E  asr cei set ret 2, param vad_param_awake_tail_lookahead_time, value 0
2025-11-01 23:57:04.931 15477-16816 iDST::AsrCeiIf:329      com.babelstream                      I  asr cei get param vad_param_tail_timeout_interval, value 0
2025-11-01 23:57:04.931 15477-16816 iDST::AsrE...ndler:1628 com.babelstream                      I  HandleAsrCmdSetVadTimeout done
2025-11-01 23:57:04.931 15477-16806 iDST::AsrEngine:2674    com.babelstream                      I  RestoreVadBackTimeout done
2025-11-01 23:57:04.931 15477-16806 iDST::AsrEngine:2678    com.babelstream                      I  RestoreVadFrontTimeout
2025-11-01 23:57:04.931 15477-16816 iDST::AsrE...ndler:1626 com.babelstream                      D  HandleMessage[SET_VAD_TIMEOUT]
2025-11-01 23:57:04.931 15477-16816 iDST::AsrE...ndler:1104 com.babelstream                      I  set vad front timeout with 0
2025-11-01 23:57:04.931 15477-16816 iDST::AsrCeiIf:316      com.babelstream                      I  asr cei set param vad_param_front_timeout_interval, value 0
2025-11-01 23:57:04.931 15477-16816 iDST::AsrCeiIf:320      com.babelstream                      E  asr cei set ret 2, param vad_param_front_timeout_interval, value 0
2025-11-01 23:57:04.931 15477-16816 iDST::AsrCeiIf:329      com.babelstream                      I  asr cei get param vad_param_front_timeout_interval, value 0
2025-11-01 23:57:04.931 15477-16816 iDST::AsrE...ndler:1628 com.babelstream                      I  HandleAsrCmdSetVadTimeout done
2025-11-01 23:57:04.931 15477-16806 iDST::Dial...neImpl:454 com.babelstream                      I  alloc new dialog[0] with vad_mode:1
2025-11-01 23:57:04.931 15477-16806 iDST::Dial...neImpl:529 com.babelstream                      W  no such field mode keep empty
2025-11-01 23:57:04.931 15477-16806 iDST::AsrEngine:1893    com.babelstream                      W  context is null on start
2025-11-01 23:57:04.931 15477-16806 iDST::ttssdk_itf:220    com.babelstream                      V  key=font_name
2025-11-01 23:57:04.931 15477-16806 iDST::ttssdk_itf:251    com.babelstream                      I  kTtsInstance=nullptr
2025-11-01 23:57:04.931 15477-16806 iDST::AsrEngine:1914    com.babelstream                      I  service_type is 3
2025-11-01 23:57:04.931 15477-16806 iDST::AsrEngine:1612    com.babelstream                      D  UpdateNlsConfig ->
2025-11-01 23:57:04.931 15477-16806 iDST::AsrEngine:1620    com.babelstream                      I  dialog config key  and apikey 
2025-11-01 23:57:04.931 15477-16806 iDST::AsrEngine:1634    com.babelstream                      I  last dialog config key  and apikey 
2025-11-01 23:57:04.931 15477-16806 iDST::AsrEngine:1929    com.babelstream                      I  load dialog config with uuid=7b6b98a2fcf3419ebf8cb19a0768f01a userdata={}
2025-11-01 23:57:04.931 15477-16806 iDST::AsrEngine:1936    com.babelstream                      I  enable wuw hint(0)
2025-11-01 23:57:04.931 15477-16806 iDST::NlsConfig:54      com.babelstream                      W  nls config get_sr_model is nullptr
2025-11-01 23:57:04.931 15477-16806 iDST::AsrEngine:1962    com.babelstream                      I  keeps use nls config asr model [(null)]
2025-11-01 23:57:04.931 15477-16806 iDST::NlsConfig:54      com.babelstream                      W  nls config get_sr_model is nullptr
2025-11-01 23:57:04.931 15477-16806 iDST::NlsConfig:27      com.babelstream                      W  nls config get_enable_direct_host is nullptr
2025-11-01 23:57:04.931 15477-16806 iDST::AsrEngine:2003    com.babelstream                      I  gender detect=0
2025-11-01 23:57:04.931 15477-16806 iDST::Tracer:121        com.babelstream                      I  Tracer::Reset
2025-11-01 23:57:04.931 15477-16806 iDST::Tracer:198        com.babelstream                      D  Tracer::SetTaskId
2025-11-01 23:57:04.931 15477-16806 iDST::Tracer:200        com.babelstream                      I  Tracer::SetTaskId 
2025-11-01 23:57:04.931 15477-16806 iDST::NlsConfig:56      com.babelstream                      W  nls config get_wuw_model is nullptr
2025-11-01 23:57:04.931 15477-16806 iDST::Tracer:121        com.babelstream                      I  Tracer::Reset
2025-11-01 23:57:04.931 15477-16806 iDST::Tracer:84         com.babelstream                      D  generate timestamp 1762012624931[2025-11-01_23:57:04.931856]
2025-11-01 23:57:04.931 15477-16806 iDST::StateMachine:45   com.babelstream                      I  Idle -- Start --> Start
2025-11-01 23:57:04.931 15477-16816 iDST::AsrE...ndler:1609 com.babelstream                      D  HandleMessage[ASR_START]
2025-11-01 23:57:04.931 15477-16816 iDST::AsrCeiIf:316      com.babelstream                      I  asr cei set param vad_param_front_timeout_interval, value 0
2025-11-01 23:57:04.931 15477-16816 iDST::AsrCeiIf:320      com.babelstream                      E  asr cei set ret 2, param vad_param_front_timeout_interval, value 0
2025-11-01 23:57:04.931 15477-16816 iDST::AsrE...andler:991 com.babelstream                      D  GetWuwSuspThres 0
2025-11-01 23:57:04.931 15477-16816 iDST::AsrE...ndler:1038 com.babelstream                      I  disable vad ossupload
2025-11-01 23:57:04.931 15477-16816 iDST::AsrCeiIf:316      com.babelstream                      I  asr cei set param oss_upload_param_vad_in, value false
2025-11-01 23:57:04.931 15477-16816 iDST::AsrE...ndler:1057 com.babelstream                      I  disable aec kws ossupload
2025-11-01 23:57:04.931 15477-16816 iDST::AsrCeiIf:316      com.babelstream                      I  asr cei set param oss_upload_param_is_aec_upload, value false
2025-11-01 23:57:04.931 15477-16816 iDST::AsrCeiIf:491      com.babelstream                      I  asr cei start with grammar_tag=default_tag is_need_result=0
2025-11-01 23:57:04.931 15477-16816 AlsCei::As...Impl, Main com.babelstream                      W  ved does not exist, skip ...
2025-11-01 23:57:04.931 15477-16816 AlsCei::As...Impl, Main com.babelstream                      I  version is 0.824-V20251010114822.
2025-11-01 23:57:04.932 15477-16816 AlsCei::As...Impl, Main com.babelstream                      I  compiled by shichen.fsc at /home/shichen.fsc/code/public/nui_dev/se, git commit is 45573a1b20008c4ea6841803e224c35f90ead35d
2025-11-01 23:57:04.932 15477-16816 AlsCei::As...Impl, Main com.babelstream                      W  ved does not exist, skip ...
2025-11-01 23:57:04.932 15477-16816 AlsCei::As...l, Profile com.babelstream                      I  set log level to 3
2025-11-01 23:57:04.932 15477-16816 AlsCei::AsrCeiImpl, Sr  com.babelstream                      I  start sr with grammar default_tag [begin]
2025-11-01 23:57:04.932 15477-16816 AlsSdk::SrImpl, Main    com.babelstream                      I  create encode thread [begin]
2025-11-01 23:57:04.932 15477-16816 AlsSdk::SrImpl, Main    com.babelstream                      I  create encode thread [done]
2025-11-01 23:57:04.932 15477-16816 AlsSdk::SrImpl, Main    com.babelstream                      I  create callback thread [begin]
2025-11-01 23:57:04.932 15477-16816 AlsSdk::SrImpl, Main    com.babelstream                      I  create callback thread [done]
2025-11-01 23:57:04.932 15477-16816 AlsCei::AsrCeiImpl, Sr  com.babelstream                      I  start sr with grammar default_tag [done]
2025-11-01 23:57:04.932 15477-16816 AlsCei::As...Impl, Main com.babelstream                      W  ignore local engine, skip StartVed ...
2025-11-01 23:57:04.932 15477-16816 iDST::Reco...anager:882 com.babelstream                      I  RecorderManager(0xb400007d34153310) RecorderThread(0xb400007d241154d0) start
2025-11-01 23:57:04.932 15477-16821 iDST::Reco...anager:241 com.babelstream                      I  RecorderThread(0xb400007d241154d0) start
2025-11-01 23:57:04.932 15477-16820 iDST::AudioManagerIf:64 com.babelstream                      I  kAudioStateOpen
2025-11-01 23:57:04.932 15477-16822 AlsSdk::SrImpl, Encode  com.babelstream                      I  encode thread started
2025-11-01 23:57:04.932 15477-16822 AlsSdk::AliOpus         com.babelstream                      I  framesamplenum:320
2025-11-01 23:57:04.932 15477-16820 iDST::NativeNui:533     com.babelstream                      I  [0xb400007c14107a90] audio state change to 0(0:OPEN 1:PAUSE 2:CLOSE)
2025-11-01 23:57:04.932 15477-16823 AlsSdk::Sr..., Callback com.babelstream                      I  callback thread started
2025-11-01 23:57:04.932 15477-16820 SdkGummyClient          com.babelstream                      I  audioState=STATE_OPEN
2025-11-01 23:57:04.932 15477-16820 iDST::NativeNui:536     com.babelstream                      I  [0xb400007c14107a90] audio state callback done
2025-11-01 23:57:04.932 15477-16821 iDST::Audi...agerIf:169 com.babelstream                      I  wait open complete
2025-11-01 23:57:04.932 15477-16821 iDST::Reco...anager:273 com.babelstream                      I  use recording interval 10, first provide data will callback 50ms later.
2025-11-01 23:57:04.932 15477-16816 iDST::Reco...anager:123 com.babelstream                      I  start end
2025-11-01 23:57:04.932 15477-16806 iDST::NuiAbsLayer:619   com.babelstream                      I  [0xb400007d141a19f0] dialogListenerOnEvent 0 [kEventAsrInitialized]
2025-11-01 23:57:04.932 15477-16806 iDST::NuiAbsLayer:976   com.babelstream                      D  invalid event 0 [kEventAsrInitialized]
2025-11-01 23:57:04.932 15477-16806 iDST::Dial...neImpl:561 com.babelstream                      I  start dialog end
2025-11-01 23:57:04.932 15477-16806 iDST::NuiAbsLayer:2275  com.babelstream                      I  update dialog id 7b6b98a2fcf3419ebf8cb19a0768f01a
2025-11-01 23:57:04.932 15477-16806 iDST::NuiAbsLayer:2503  com.babelstream                      I  NuiAbsLayer[0xb400007d141a19f0] api start ret 0
2025-11-01 23:57:04.932 15477-16806 iDST::NuiAbsLayer:2551  com.babelstream                      I  sync call or api async callback is nullptr skip. msg:4/MSG_API_START.
2025-11-01 23:57:04.932 15477-15477 iDST::NUISDK:451        com.babelstream                      I  nui_dialog_start result:0
2025-11-01 23:57:04.932 15477-15477 SdkGummyClient          com.babelstream                      I  startDialog ret=0
2025-11-01 23:57:04.932 15477-15477 RecognitionService      com.babelstream                      I  status=识别中...
2025-11-01 23:57:04.933 15477-15477 RecognitionService      com.babelstream                      I  ACTION_STATUS: 识别中...
2025-11-01 23:57:04.933 15477-15477 RecognitionService      com.babelstream                      I  recognizer.start returned=true
2025-11-01 23:57:04.933 15477-15477 RecognitionService      com.babelstream                      I  ACTION_STATUS: 识别中...
2025-11-01 23:57:04.933 15477-15477 RenderThread            com.babelstream                      W  type=1400 audit(0.0:156842): avc:  denied  { getattr } for  path="/sys/module/metis/parameters/minor_window_app" dev="sysfs" ino=77906 scontext=u:r:untrusted_app:s0:c175,c257,c512,c768 tcontext=u:object_r:sysfs_migt:s0 tclass=file permissive=0 app=com.babelstream
2025-11-01 23:57:04.957 15477-15477 RenderThread            com.babelstream                      W  type=1400 audit(0.0:156843): avc:  denied  { getattr } for  path="/sys/module/metis/parameters/minor_window_app" dev="sysfs" ino=77906 scontext=u:r:untrusted_app:s0:c175,c257,c512,c768 tcontext=u:object_r:sysfs_migt:s0 tclass=file permissive=0 app=com.babelstream
2025-11-01 23:57:04.965 15477-15477 RenderThread            com.babelstream                      W  type=1400 audit(0.0:156844): avc:  denied  { getattr } for  path="/sys/module/metis/parameters/minor_window_app" dev="sysfs" ino=77906 scontext=u:r:untrusted_app:s0:c175,c257,c512,c768 tcontext=u:object_r:sysfs_migt:s0 tclass=file permissive=0 app=com.babelstream
2025-11-01 23:57:04.977 15477-15477 RenderThread            com.babelstream                      W  type=1400 audit(0.0:156845): avc:  denied  { getattr } for  path="/sys/module/metis/parameters/minor_window_app" dev="sysfs" ino=77906 scontext=u:r:untrusted_app:s0:c175,c257,c512,c768 tcontext=u:object_r:sysfs_migt:s0 tclass=file permissive=0 app=com.babelstream
2025-11-01 23:57:04.982 15477-16820 iDST::Dial...eImpl:1427 com.babelstream                      I  try to get first user audio data with buffer(0xb400007be40e4d10) and len(640) and callback(0x7a8c5b8f8c).
2025-11-01 23:57:04.982 15477-16820 iDST::NuiAbsLayer:993   com.babelstream                      I  try to get first user audio data with buffer(0xb400007be40e4d10) and len(640) and callback(0x7a90566c5c).
2025-11-01 23:57:04.983 15477-16820 iDST::NativeNui:518     com.babelstream                      I  user(0xb400007c14107a90) return invalid len=0
2025-11-01 23:57:04.983 15477-16820 iDST::Dial...eImpl:1432 com.babelstream                      I  get first user audio data 0bytes.
2025-11-01 23:57:04.981 15477-15477 RenderThread            com.babelstream                      W  type=1400 audit(0.0:156846): avc:  denied  { getattr } for  path="/sys/module/metis/parameters/minor_window_app" dev="sysfs" ino=77906 scontext=u:r:untrusted_app:s0:c175,c257,c512,c768 tcontext=u:object_r:sysfs_migt:s0 tclass=file permissive=0 app=com.babelstream
2025-11-01 23:57:04.985  2313-8020  PreStartingCapture      system_server                        D  Remove bitmap after load, pkg: com.babelstream  mBitmapDrawableCache: {}
2025-11-01 23:57:04.993 15477-16820 iDST::NativeNui:518     com.babelstream                      I  user(0xb400007c14107a90) return invalid len=0
2025-11-01 23:57:04.999  6629-6629  SpaceNotif...ionService com.miui.securitycore.remote         D  onNotificationPosted pkgname:com.babelstream userId:0 currentUserId:0 isFloat: false
2025-11-01 23:57:05.001  9743-11525 NotifySync...9743_11525 com.mi.health                        I  onNotificationPosted Id:2 key:0|com.babelstream|2|null|10431 PackageName:com.babelstream IsOngoing:true PostTime:1762012624789 currentDeviceModel.connected: true
2025-11-01 23:57:05.003  5110-5110  MiuiBubbleSettings      com.android.systemui                 I  com.babelstream 0isAppEnableBubbleNotification: false
2025-11-01 23:57:05.004 15477-16820 iDST::NativeNui:518     com.babelstream                      I  user(0xb400007c14107a90) return invalid len=0
2025-11-01 23:57:05.014 15477-16820 iDST::NativeNui:518     com.babelstream                      I  user(0xb400007c14107a90) return invalid len=0
2025-11-01 23:57:05.019  5110-5110  AlertCoordinator        com.android.systemui                 D  onViewBound, buzzBeep for 0|com.babelstream|2|null|10431
2025-11-01 23:57:05.025 15477-16820 iDST::NativeNui:518     com.babelstream                      I  user(0xb400007c14107a90) return invalid len=0
2025-11-01 23:57:05.036 15477-16820 iDST::NativeNui:518     com.babelstream                      I  user(0xb400007c14107a90) return invalid len=0
2025-11-01 23:57:05.046 15477-16820 iDST::NativeNui:518     com.babelstream                      I  user(0xb400007c14107a90) return invalid len=0
2025-11-01 23:57:05.047 15477-16793 AudioCaptureManager     com.babelstream                      I  level=0
2025-11-01 23:57:05.052 15477-16793 RecognitionService      com.babelstream                      I  level=0
2025-11-01 23:57:05.056 15477-16821 SdkGummyClient          com.babelstream                      V  rms=-160.0
2025-11-01 23:57:05.057 15477-16821 AlsCei::As...Impl, Main com.babelstream                      W  ved does not exist, skip ...
2025-11-01 23:57:05.057 15477-16821 SdkGummyClient          com.babelstream                      V  rms=-160.0
2025-11-01 23:57:05.057 15477-16821 AlsCei::As...Impl, Main com.babelstream                      W  ved does not exist, skip ...
2025-11-01 23:57:05.057 15477-16821 SdkGummyClient          com.babelstream                      V  rms=-160.0
2025-11-01 23:57:05.057 15477-16821 AlsCei::As...Impl, Main com.babelstream                      W  ved does not exist, skip ...
2025-11-01 23:57:05.058 15477-16821 SdkGummyClient          com.babelstream                      V  rms=-160.0
2025-11-01 23:57:05.058 15477-16821 AlsCei::As...Impl, Main com.babelstream                      W  ved does not exist, skip ...
2025-11-01 23:57:05.058 15477-16821 SdkGummyClient          com.babelstream                      V  rms=-160.0
2025-11-01 23:57:05.064 15477-16823 AlsSdk::Sr..., Callback com.babelstream                      I  break in case 39
2025-11-01 23:57:05.065 15477-16823 AlsCei::SdkListener     com.babelstream                      I  OnDebugWavPath: 
2025-11-01 23:57:05.065 15477-16823 iDST::AsrCeiIf:167      com.babelstream                      D  OnDebugWavPath
2025-11-01 23:57:05.065 15477-16823 iDST::AsrCeiIf:804      com.babelstream                      I  debug path type=5, path=
2025-11-01 23:57:05.065 15477-16823 iDST::AsrCeiIf:170      com.babelstream                      I  OnDebugWavPath done
2025-11-01 23:57:05.065 15477-16823 AlsCei::SdkListener     com.babelstream                      I  OnVoiceStart
2025-11-01 23:57:05.065 15477-16823 iDST::AsrCeiIf:82       com.babelstream                      D  OnVoiceStart
2025-11-01 23:57:05.065 15477-16823 iDST::AsrCeiIf:736      com.babelstream                      I  [Key Events] cei OnVoiceStart
2025-11-01 23:57:05.065 15477-16817 iDST::AsrCeiIf:693      com.babelstream                      I  cei callback MSG_ON_DEBUG_PATH
2025-11-01 23:57:05.065 15477-16817 iDST::AsrCeiIf:648      com.babelstream                      I  cei callback MSG_VOICE_START
2025-11-01 23:57:05.065 15477-16817 iDST::AsrEngine:3304    com.babelstream                      I  on voice start vad_mode=1
2025-11-01 23:57:05.065 15477-16817 iDST::AsrEngine:3306    com.babelstream                      I  get sr callback data type 5
2025-11-01 23:57:05.065 15477-16817 iDST::StateMachine:45   com.babelstream                      I  Start -- VoiceStart --> Asr
2025-11-01 23:57:05.065 15477-16817 iDST::Tracer:84         com.babelstream                      D  generate timestamp 1762012625065[2025-11-01_23:57:05.065878]
2025-11-01 23:57:05.065 15477-16817 iDST::AsrNlsWrapper:35  com.babelstream                      W  current session isnot ready with service_type:3.
2025-11-01 23:57:05.065 15477-16817 iDST::Dial...eImpl:1483 com.babelstream                      I  RequestUpdateDialog
2025-11-01 23:57:05.065 15477-16817 iDST::Dial...eImpl:1495 com.babelstream                      E  RequestUpdateDialog with listener null
2025-11-01 23:57:05.065 15477-16817 iDST::AsrNlsWrapper:94  com.babelstream                      I  dialog user data not update
2025-11-01 23:57:05.065 15477-16817 iDST::AsrNlsWrapper:98  com.babelstream                      I  vad start with tiangong or vad mode vad/p2t
2025-11-01 23:57:05.065 15477-16817 iDST::AsrNlsWrapper:129 com.babelstream                      I  start with uuid[7b6b98a2fcf3419ebf8cb19a0768f01a] task_id[]
2025-11-01 23:57:05.065 15477-16817 iDST::AsrNlsWrapper:130 com.babelstream                      I  user_data={}
2025-11-01 23:57:05.065 15477-16817 iDST::AsrNlsWrapper:131 com.babelstream                      I  service_type is 3
2025-11-01 23:57:05.065 15477-16817 iDST::AsrNlsWrapper:148 com.babelstream                      I  start va do_si_out 0, enable_dialog 0
2025-11-01 23:57:05.066 15477-16817 iDST::NlsVA:226         com.babelstream                      I  start VA with param=>wuw= wuw_model= vpr_service_id= vpr_group_id=  enable_cloud_vad=0 enable_cloud_vad=0 host=null cloud_vad_front_sil=10000 cloud_vad_end_sil=800 speech_model= speech_custom_id= vocabulary= dialog_id=7b6b98a2fcf3419ebf8cb19a0768f01a dialog_context={} dialog_params=[{name, auto_wakeup}{value, false}] tts_format= voice= domain= tts_sample_rate=16000 volume=50 speech_rate=0 pitch_rate=0 method=0 start_tasks=[ asr] stop_tasks=[]
2025-11-01 23:57:05.066 15477-16817 iDST::INls...stParam:68 com.babelstream                      I  INlsRequestParam set param TaskId fadbb0ba8c904871bbfa5a8b9ee3b58b
2025-11-01 23:57:05.066 15477-16817 iDST::NlsConfig:5       com.babelstream                      D  nls config get_url wss://dashscope.aliyuncs.com/api-ws/v1/inference
2025-11-01 23:57:05.066 15477-16817 iDST::NLS:592           com.babelstream                      I  set Url with wss://dashscope.aliyuncs.com/api-ws/v1/inference
2025-11-01 23:57:05.066 15477-16817 iDST::NlsConfig:7       com.babelstream                      W  nls config get_key is nullptr
2025-11-01 23:57:05.066 15477-16817 iDST::NLS:592           com.babelstream                      I  set appkey with (null)
2025-11-01 23:57:05.066 15477-16817 libc                    com.babelstream                      I  handling signal: 11
2025-11-01 23:57:05.066 15477-16817 libc                    com.babelstream                      A  Fatal signal 11 (SIGSEGV), code 1 (SEGV_MAPERR), fault addr 0x0 in tid 16817 (com.babelstream), pid 15477 (com.babelstream)
2025-11-01 23:57:05.066 15477-16817 libc                    com.babelstream                      I  debuggerd_dispatch_pseudothread start. crashing tid: 16817
2025-11-01 23:57:05.081 15477-16817 libc                    com.babelstream                      I  crash_dump pid: 16825
2025-11-01 23:57:05.081 15477-16820 iDST::NativeNui:518     com.babelstream                      I  user(0xb400007c14107a90) return invalid len=0
2025-11-01 23:57:05.092 15477-16820 iDST::NativeNui:518     com.babelstream                      I  user(0xb400007c14107a90) return invalid len=0
2025-11-01 23:57:05.102 15477-16820 iDST::NativeNui:518     com.babelstream                      I  user(0xb400007c14107a90) return invalid len=0
2025-11-01 23:57:05.125 15477-16820 iDST::NativeNui:518     com.babelstream                      I  user(0xb400007c14107a90) return invalid len=0
2025-11-01 23:57:05.136 15477-16821 SdkGummyClient          com.babelstream                      V  rms=-160.0
2025-11-01 23:57:05.136 15477-16821 AlsCei::As...Impl, Main com.babelstream                      W  ved does not exist, skip ...
2025-11-01 23:57:05.137 15477-16821 SdkGummyClient          com.babelstream                      V  rms=-160.0
2025-11-01 23:57:05.137 15477-16821 AlsCei::As...Impl, Main com.babelstream                      W  ved does not exist, skip ...
2025-11-01 23:57:05.137 15477-16821 SdkGummyClient          com.babelstream                      V  rms=-110.75188
2025-11-01 23:57:05.137 15477-16821 AlsCei::As...Impl, Main com.babelstream                      W  ved does not exist, skip ...
2025-11-01 23:57:05.137 15477-16821 SdkGummyClient          com.babelstream                      V  rms=-92.4405
2025-11-01 23:57:05.138 15477-16821 AlsCei::As...Impl, Main com.babelstream                      W  ved does not exist, skip ...
2025-11-01 23:57:05.138 15477-16821 SdkGummyClient          com.babelstream                      V  rms=-66.15801
2025-11-01 23:57:05.148 15477-16820 iDST::NativeNui:518     com.babelstream                      I  user(0xb400007c14107a90) return invalid len=0
2025-11-01 23:57:05.155 15477-16823 AlsCei::SdkListener     com.babelstream                      V  OnVoiceData: 125 bytes
2025-11-01 23:57:05.155 15477-16823 iDST::AsrCeiIf:743      com.babelstream                      V  cei OnVoiceData with 125bytes
2025-11-01 23:57:05.155 15477-16823 AlsCei::SdkListener     com.babelstream                      V  OnVoiceData: 125 bytes finished
2025-11-01 23:57:05.159 15477-16820 iDST::NativeNui:518     com.babelstream                      I  user(0xb400007c14107a90) return invalid len=0
2025-11-01 23:57:05.170 15477-16820 iDST::NativeNui:518     com.babelstream                      I  user(0xb400007c14107a90) return invalid len=0
2025-11-01 23:57:05.180 15477-16820 iDST::NativeNui:518     com.babelstream                      I  user(0xb400007c14107a90) return invalid len=0
2025-11-01 23:57:05.189  4639-4639  TransitionCallback      com.miui.home                        I  clear leash = Surface(name=TL_Surface(name=Task=4132#82397)/@0x859b4d6_transition-leash#82405)/@0xc54186b, key = ComponentInfo{com.babelstream/com.babelstream.MainActivity}#4132
2025-11-01 23:57:05.191 15477-16820 iDST::NativeNui:518     com.babelstream                      I  user(0xb400007c14107a90) return invalid len=0
2025-11-01 23:57:05.201 15477-16820 iDST::NativeNui:518     com.babelstream                      I  user(0xb400007c14107a90) return invalid len=0
2025-11-01 23:57:05.212 15477-16821 SdkGummyClient          com.babelstream                      V  rms=-57.61135
2025-11-01 23:57:05.212 15477-16821 AlsCei::As...Impl, Main com.babelstream                      W  ved does not exist, skip ...
2025-11-01 23:57:05.212 15477-16821 SdkGummyClient          com.babelstream                      V  rms=-57.418106
2025-11-01 23:57:05.212 15477-16821 AlsCei::As...Impl, Main com.babelstream                      W  ved does not exist, skip ...
2025-11-01 23:57:05.213 15477-16821 SdkGummyClient          com.babelstream                      V  rms=-47.183273
2025-11-01 23:57:05.213 15477-16821 AlsCei::As...Impl, Main com.babelstream                      W  ved does not exist, skip ...
2025-11-01 23:57:05.214 15477-16821 SdkGummyClient          com.babelstream                      V  rms=-47.003296
2025-11-01 23:57:05.214 15477-16821 AlsCei::As...Impl, Main com.babelstream                      W  ved does not exist, skip ...
2025-11-01 23:57:05.214 15477-16821 SdkGummyClient          com.babelstream                      V  rms=-44.501312
2