2025-11-01 23:56:58.894 15108-16560 iDST::AsrCeiIf:316      com.babelstream                      I  asr cei set param cei_param_debug_path, value 
2025-11-01 23:56:58.894 15108-16560 iDST::AsrE...andler:883 com.babelstream                      I  disable nuisdk_log
2025-11-01 23:56:58.894 15108-16560 iDST::AsrEngine:2873    com.babelstream                      I  on asr init with success flag:true
2025-11-01 23:56:58.894 15108-16559 iDST::Dial...allback:14 com.babelstream                      I  [DialogEventCallback::DialogEventHandler::HandleMessage] Get Message (8)MSG_ASR_EVENT_ASR_INIT
2025-11-01 23:56:58.894 15108-16559 iDST::Dial...eImpl:1937 com.babelstream                      I  asr init done with init_state flag:true
2025-11-01 23:56:58.894 15108-16555 iDST::AsrEngine:760     com.babelstream                      I  will not push audio data to user.
2025-11-01 23:56:58.894 15108-16555 iDST::AsrEngine:1701    com.babelstream                      I  InitAudioProcess
2025-11-01 23:56:58.894 15108-16555 iDST::AsrEngine:1811    com.babelstream                      I  WavDebugInit disable nuisdk_log, and disable save_wav
2025-11-01 23:56:58.894 15108-16555 iDST::KwsC...grapher:22 com.babelstream                      I  KwsChoreographer Initialize
2025-11-01 23:56:58.894 15108-16555 iDST::NlsConfig:7       com.babelstream                      W  nls config get_key is nullptr
2025-11-01 23:56:58.894 15108-16555 iDST::NlsConfig:12      com.babelstream                      D  nls config get_device_id c9f480378d37a5c0
2025-11-01 23:56:58.894 15108-16555 iDST::NlsConfig:63      com.babelstream                      I  nls config get_enable_event_tracker true
2025-11-01 23:56:58.894 15108-16555 iDST::EtEasyMgr:39      com.babelstream                      I  Initialize ->
2025-11-01 23:56:58.894 15108-16555 iDST::EtEasyMgr:140     com.babelstream                      I  Initialize done!
2025-11-01 23:56:58.894 15108-16555 iDST::AsrEngine:493     com.babelstream                      I  disable debug wwv
2025-11-01 23:56:58.894 15108-16555 iDST::AsrEngine:496     com.babelstream                      I  do_wwv=false mode=1
2025-11-01 23:56:58.894 15108-16555 iDST::AsrEngine:518     com.babelstream                      I  disable wwv
2025-11-01 23:56:58.894 15108-16555 iDST::KwsC...rapher:118 com.babelstream                      I  Reset
2025-11-01 23:56:58.894 15108-16555 iDST::StateMachine:45   com.babelstream                      I  Idle -- Initialize --> Idle
2025-11-01 23:56:58.895 15108-16555 iDST::DialogeEngine:31  com.babelstream                      V  RegisterDialogListener
2025-11-01 23:56:58.895 15108-16555 iDST::NuiAbsLayer:1773  com.babelstream                      D  NuiSdk(0xb400007c1411d910)->NuiAbsLayer(0xb400007d141e6310)->Nui(0xb400007d141e6310)->DialogEngine(0xb400007c1411e030)
2025-11-01 23:56:58.895 15108-16555 iDST::NuiAbsLayer:2486  com.babelstream                      I  NuiAbsLayer[0xb400007d141e6310] api init ret 0
2025-11-01 23:56:58.895 15108-16555 iDST::NuiAbsLayer:2551  com.babelstream                      I  sync call or api async callback is nullptr skip. msg:2/MSG_API_INIT.
2025-11-01 23:56:58.895 15108-15108 iDST::NUISDK:330        com.babelstream                      I  nui_initialize result:0
2025-11-01 23:56:58.895 15108-15108 iDST::NativeNui:709     com.babelstream                      I  nui init done with ret:0 and cost 0+8ms.
2025-11-01 23:56:58.895 15108-15108 SdkGummyClient          com.babelstream                      I  initialize ret=0
2025-11-01 23:56:58.895 15108-15108 NativeNui_JAVA          com.babelstream                      I  set param with {"service_type":4,"nls_config":{"model":"gummy-realtime-v1","sr_format":"pcm","sample_rate":"16000","transcription_enabled":true,"translation_enabled":true,"translation_target_languages":["zh"]}}
2025-11-01 23:56:58.895 15108-15108 iDST::NUISDK:421        com.babelstream                      I  sync invoke
2025-11-01 23:56:58.895 15108-15108 iDST::NuiAbsLayer:2689  com.babelstream                      I  send message 9:MSG_API_SET_PARAMS
2025-11-01 23:56:58.895 15108-16555 iDST::File...anager:102 com.babelstream                      V  SetParams {"service_type":4,"nls_config":{"model":"gummy-realtime-v1","sr_format":"pcm","sample_rate":"16000","transcription_enabled":true,"translation_enabled":true,"translation_target_languages":["zh"]}}
2025-11-01 23:56:58.895 15108-16555 iDST::FileTransConfig:1 com.babelstream                      W  cannot find url in params
2025-11-01 23:56:58.895 15108-16555 iDST::FileTransConfig:2 com.babelstream                      W  cannot find app_key in params
2025-11-01 23:56:58.895 15108-16555 iDST::FileTransConfig:3 com.babelstream                      W  cannot find token in params
2025-11-01 23:56:58.895 15108-16555 iDST::FileTransConfig:5 com.babelstream                      W  cannot find apikey in params
2025-11-01 23:56:58.895  1584-16494 xlog_client             android.hardware.audio.service_64    D  _xlog_write_flat_msg: send msg {"name":"sound_recorder","audio_event":{"input_device_type":"mobile mic","recorder_app_name":"com.babelstream"},"dgt":"null","audio_ext":"null" }
2025-11-01 23:56:58.895 15108-16555 iDST::FileTransConfig:8 com.babelstream                      W  cannot find direct_ip in params
2025-11-01 23:56:58.895 15108-16555 iDST::File...sConfig:10 com.babelstream                      W  cannot find file_path in params
2025-11-01 23:56:58.895 15108-16555 iDST::File...sConfig:11 com.babelstream                      W  cannot find audio_address in params
2025-11-01 23:56:58.895 15108-16555 iDST::File...sConfig:12 com.babelstream                      W  cannot find device_id in params
2025-11-01 23:56:58.895 15108-16555 iDST::File...sConfig:14 com.babelstream                      W  cannot find async_request in params
2025-11-01 23:56:58.895 15108-16555 iDST::File...sConfig:15 com.babelstream                      W  cannot find service_protocol in params
2025-11-01 23:56:58.895 15108-16555 iDST::File...sConfig:16 com.babelstream                      W  cannot find enable_event_tracker in params
2025-11-01 23:56:58.895 15108-16555 iDST::File...sConfig:19 com.babelstream                      W  cannot find file_urls in params
2025-11-01 23:56:58.895 15108-16555 iDST::File...sConfig:96 com.babelstream                      I  add KEY[ service_protocol ] as VALUE[1]
2025-11-01 23:56:58.895 15108-16555 iDST::FileTransConfig:7 com.babelstream                      W  cannot find enable_words in params
2025-11-01 23:56:58.895 15108-16555 iDST::FileTransConfig:8 com.babelstream                      W  cannot find enable_sample_rate_adaptive in params
2025-11-01 23:56:58.895 15108-16555 iDST::FileTransConfig:9 com.babelstream                      W  cannot find enable_callback in params
2025-11-01 23:56:58.895 15108-16555 iDST::File...sConfig:10 com.babelstream                      W  cannot find auto_split in params
2025-11-01 23:56:58.895 15108-16555 iDST::File...sConfig:11 com.babelstream                      W  cannot find enable_unify_post in params
2025-11-01 23:56:58.895 15108-16555 iDST::File...sConfig:15 com.babelstream                      W  cannot find enable_inverse_text_normalization in params
2025-11-01 23:56:58.895 15108-16555 iDST::File...sConfig:16 com.babelstream                      W  cannot find enable_disfluency in params
2025-11-01 23:56:58.895 15108-16555 iDST::File...sConfig:18 com.babelstream                      W  cannot find enable_word_level_result in params
2025-11-01 23:56:58.895 15108-16555 iDST::File...sConfig:23 com.babelstream                      W  cannot find first_channel_only in params
2025-11-01 23:56:58.895 15108-16555 iDST::File...sConfig:25 com.babelstream                      W  cannot find enable_timestamp_alignment in params
2025-11-01 23:56:58.895 15108-16555 iDST::File...sConfig:27 com.babelstream                      W  cannot find callback_url in params
2025-11-01 23:56:58.896 15108-16555 iDST::File...sConfig:29 com.babelstream                      W  cannot find customization_id in params
2025-11-01 23:56:58.896 15108-16555 iDST::File...sConfig:30 com.babelstream                      W  cannot find class_vocabulary_id in params
2025-11-01 23:56:58.896 15108-16555 iDST::File...sConfig:32 com.babelstream                      W  cannot find vocabulary_id in params
2025-11-01 23:56:58.896 15108-16555 iDST::File...sConfig:35 com.babelstream                      W  cannot find special_word_filter in params
2025-11-01 23:56:58.896 15108-16555 iDST::File...sConfig:38 com.babelstream                      W  cannot find max_end_silence in params
2025-11-01 23:56:58.896 15108-16555 iDST::File...sConfig:39 com.babelstream                      W  cannot find max_single_segment_time in params
2025-11-01 23:56:58.896 15108-16555 iDST::File...sConfig:41 com.babelstream                      E  sample_rate should be an int
2025-11-01 23:56:58.896 15108-16555 iDST::File...anager:107 com.babelstream                      E  set parameter failed 240002
2025-11-01 23:56:58.896 15108-16555 iDST::NuiAbsLayer:1989  com.babelstream                      E  config sample_rate only support int
2025-11-01 23:56:58.896 15108-16555 iDST::NuiAbsLayer:2499  com.babelstream                      I  NuiAbsLayer[0xb400007d141e6310] api set params ret 240002
2025-11-01 23:56:58.896 15108-16555 iDST::NuiAbsLayer:2551  com.babelstream                      I  sync call or api async callback is nullptr skip. msg:9/MSG_API_SET_PARAMS.
2025-11-01 23:56:58.896  2313-4317  MQSserver               system_server                        I  getData len: 512 content: {"name":"sound_recorder","audio_event":{"input_device_type":"mobile mic","recorder_app_name":"com.babelstream"},"dgt":"null","audio_ext":"null" }??????????????????????????????????????????????????????????????????????????????????????????????????????????????????????????????????????????????????????????????????????????????????????????????????????????????????????????????????????????????????????????????????????????????????????????????????????????????????????????????????????????????????????????????????????????????????????????????????????????????????????????????????????????????????????????????????????????????????????????????????????????????????????????????????????????????????????????????????????????????????????????????????????????????????????????????????????????????????????????????????????????????????????????????????????????????????????????????????????????????????????????????
2025-11-01 23:56:58.896 15108-15108 iDST::NUISDK:429        com.babelstream                      I  nui_set_params result:240002
2025-11-01 23:56:58.896 15108-15108 SdkGummyClient          com.babelstream                      I  setParams ret=240002
2025-11-01 23:56:58.896  2313-4317  MQSserver               system_server                        D  update RBI json: {"name":"sound_recorder","audio_event":{"input_device_type":"mobile mic","recorder_app_name":"com.babelstream"},"dgt":"null","audio_ext":"null","onetrack_count":"150"}
2025-11-01 23:56:58.896  2313-4317  MQSserver               system_server                        D  updateCount: name: sound_recorder/audio_event : {"input_device_type":"mobile mic","recorder_app_name":"com.babelstream"}
2025-11-01 23:56:58.896 15108-15108 iDST::NativeNui:765     com.babelstream                      I  sync start dialog
2025-11-01 23:56:58.896 15108-15108 iDST::NUISDK:436        com.babelstream                      I  [Key Events] nui_dialog_start vad_mode:1
2025-11-01 23:56:58.896 15108-15108 iDST::NUISDK:438        com.babelstream                      I  sync invoke
2025-11-01 23:56:58.896 15108-15108 iDST::NuiAbsLayer:2689  com.babelstream                      I  send message 4:MSG_API_START
2025-11-01 23:56:58.896 15108-16555 iDST::NuiAbsLayer:2030  com.babelstream                      I  load dialog params {}
2025-11-01 23:56:58.896 15108-16555 iDST::NuiAbsLayer:2038  com.babelstream                      I  nui start vad mode 1
2025-11-01 23:56:58.896 15108-16555 iDST::DialogConfig:585  com.babelstream                      I  sr model is empty
2025-11-01 23:56:58.896 15108-16555 iDST::DialogConfig:608  com.babelstream                      I  model is empty
2025-11-01 23:56:58.896 15108-16555 iDST::DialogConfig:621  com.babelstream                      I  random uuid=59b0c63757c74df8b8137936129922ef
2025-11-01 23:56:58.896 15108-16555 iDST::DialogConfig:428  com.babelstream                      I  dialog without uuid use 59b0c63757c74df8b8137936129922ef
2025-11-01 23:56:58.896 15108-16555 iDST::DialogConfig:621  com.babelstream                      I  random uuid=711e0f2a13db454f9cd928d14eab0296
2025-11-01 23:56:58.896 15108-16555 iDST::NuiAbsLayer:2226  com.babelstream                      I  gender detection 0
2025-11-01 23:56:58.896 15108-16555 iDST::DialogeEngine:37  com.babelstream                      V  DialogEngine(0xb400007c1411e030) StartDialog
2025-11-01 23:56:58.896 15108-16555 iDST::AsrEngine:1418    com.babelstream                      I  prepare
2025-11-01 23:56:58.896 15108-16555 iDST::AsrEngine:854     com.babelstream                      I  SetVadMode with mode[1] enable_cloud_vad[0]
2025-11-01 23:56:58.896 15108-16560 iDST::AsrE...ndler:1622 com.babelstream                      D  HandleMessage[SET_VAD]
2025-11-01 23:56:58.896 15108-16560 iDST::AsrCeiIf:316      com.babelstream                      I  asr cei set param cei_param_work_mode, value 1
2025-11-01 23:56:58.896 15108-16555 iDST::AsrEngine:2661    com.babelstream                      I  RestoreVadBackTimeout
2025-11-01 23:56:58.897 15108-16560 iDST::AsrE...ndler:1626 com.babelstream                      D  HandleMessage[SET_VAD_TIMEOUT]
2025-11-01 23:56:58.897 15108-16560 iDST::AsrE...ndler:1115 com.babelstream                      I  set vad back timeout with 0
2025-11-01 23:56:58.897 15108-16560 iDST::AsrCeiIf:316      com.babelstream                      I  asr cei set param vad_param_tail_timeout_interval, value 0
2025-11-01 23:56:58.897 15108-16560 iDST::AsrCeiIf:320      com.babelstream                      E  asr cei set ret 2, param vad_param_tail_timeout_interval, value 0
2025-11-01 23:56:58.897 15108-16560 iDST::AsrCeiIf:316      com.babelstream                      I  asr cei set param vad_param_awake_tail_lookahead_time, value 0
2025-11-01 23:56:58.897 15108-16560 iDST::AsrCeiIf:320      com.babelstream                      E  asr cei set ret 2, param vad_param_awake_tail_lookahead_time, value 0
2025-11-01 23:56:58.897 15108-16560 iDST::AsrCeiIf:329      com.babelstream                      I  asr cei get param vad_param_tail_timeout_interval, value 0
2025-11-01 23:56:58.897 15108-16560 iDST::AsrE...ndler:1628 com.babelstream                      I  HandleAsrCmdSetVadTimeout done
2025-11-01 23:56:58.897 15108-16555 iDST::AsrEngine:2674    com.babelstream                      I  RestoreVadBackTimeout done
2025-11-01 23:56:58.897 15108-16555 iDST::AsrEngine:2678    com.babelstream                      I  RestoreVadFrontTimeout
2025-11-01 23:56:58.897 15108-16560 iDST::AsrE...ndler:1626 com.babelstream                      D  HandleMessage[SET_VAD_TIMEOUT]
2025-11-01 23:56:58.897 15108-16560 iDST::AsrE...ndler:1104 com.babelstream                      I  set vad front timeout with 0
2025-11-01 23:56:58.897 15108-16560 iDST::AsrCeiIf:316      com.babelstream                      I  asr cei set param vad_param_front_timeout_interval, value 0
2025-11-01 23:56:58.897 15108-16560 iDST::AsrCeiIf:320      com.babelstream                      E  asr cei set ret 2, param vad_param_front_timeout_interval, value 0
2025-11-01 23:56:58.897 15108-16560 iDST::AsrCeiIf:329      com.babelstream                      I  asr cei get param vad_param_front_timeout_interval, value 0
2025-11-01 23:56:58.897 15108-16560 iDST::AsrE...ndler:1628 com.babelstream                      I  HandleAsrCmdSetVadTimeout done
2025-11-01 23:56:58.897 15108-16555 iDST::Dial...neImpl:454 com.babelstream                      I  alloc new dialog[0] with vad_mode:1
2025-11-01 23:56:58.897 15108-16555 iDST::Dial...neImpl:529 com.babelstream                      W  no such field mode keep empty
2025-11-01 23:56:58.897 15108-16555 iDST::AsrEngine:1893    com.babelstream                      W  context is null on start
2025-11-01 23:56:58.897 15108-16555 iDST::ttssdk_itf:220    com.babelstream                      V  key=font_name
2025-11-01 23:56:58.897 15108-16555 iDST::ttssdk_itf:251    com.babelstream                      I  kTtsInstance=nullptr
2025-11-01 23:56:58.897 15108-16555 iDST::AsrEngine:1914    com.babelstream                      I  service_type is 3
2025-11-01 23:56:58.897 15108-16555 iDST::AsrEngine:1612    com.babelstream                      D  UpdateNlsConfig ->
2025-11-01 23:56:58.897 15108-16555 iDST::AsrEngine:1620    com.babelstream                      I  dialog config key  and apikey 
2025-11-01 23:56:58.897 15108-16555 iDST::AsrEngine:1634    com.babelstream                      I  last dialog config key  and apikey 
2025-11-01 23:56:58.897 15108-16555 iDST::AsrEngine:1929    com.babelstream                      I  load dialog config with uuid=711e0f2a13db454f9cd928d14eab0296 userdata={}
2025-11-01 23:56:58.897 15108-16555 iDST::AsrEngine:1936    com.babelstream                      I  enable wuw hint(0)
2025-11-01 23:56:58.897 15108-16555 iDST::NlsConfig:54      com.babelstream                      W  nls config get_sr_model is nullptr
2025-11-01 23:56:58.897 15108-16555 iDST::AsrEngine:1962    com.babelstream                      I  keeps use nls config asr model [(null)]
2025-11-01 23:56:58.897 15108-16555 iDST::NlsConfig:54      com.babelstream                      W  nls config get_sr_model is nullptr
2025-11-01 23:56:58.897 15108-16555 iDST::NlsConfig:27      com.babelstream                      W  nls config get_enable_direct_host is nullptr
2025-11-01 23:56:58.897 15108-16555 iDST::AsrEngine:2003    com.babelstream                      I  gender detect=0
2025-11-01 23:56:58.897 15108-16555 iDST::Tracer:121        com.babelstream                      I  Tracer::Reset
2025-11-01 23:56:58.897 15108-16555 iDST::Tracer:198        com.babelstream                      D  Tracer::SetTaskId
2025-11-01 23:56:58.897 15108-16555 iDST::Tracer:200        com.babelstream                      I  Tracer::SetTaskId 
2025-11-01 23:56:58.897 15108-16555 iDST::NlsConfig:56      com.babelstream                      W  nls config get_wuw_model is nullptr
2025-11-01 23:56:58.897 15108-16555 iDST::Tracer:121        com.babelstream                      I  Tracer::Reset
2025-11-01 23:56:58.897 15108-16555 iDST::Tracer:84         com.babelstream                      D  generate timestamp 1762012618897[2025-11-01_23:56:58.897614]
2025-11-01 23:56:58.897 15108-16555 iDST::StateMachine:45   com.babelstream                      I  Idle -- Start --> Start
2025-11-01 23:56:58.897 15108-16560 iDST::AsrE...ndler:1609 com.babelstream                      D  HandleMessage[ASR_START]
2025-11-01 23:56:58.897 15108-16560 iDST::AsrCeiIf:316      com.babelstream                      I  asr cei set param vad_param_front_timeout_interval, value 0
2025-11-01 23:56:58.897 15108-16560 iDST::AsrCeiIf:320      com.babelstream                      E  asr cei set ret 2, param vad_param_front_timeout_interval, value 0
2025-11-01 23:56:58.897 15108-16560 iDST::AsrE...andler:991 com.babelstream                      D  GetWuwSuspThres 0
2025-11-01 23:56:58.897 15108-16560 iDST::AsrE...ndler:1038 com.babelstream                      I  disable vad ossupload
2025-11-01 23:56:58.897 15108-16560 iDST::AsrCeiIf:316      com.babelstream                      I  asr cei set param oss_upload_param_vad_in, value false
2025-11-01 23:56:58.897 15108-16560 iDST::AsrE...ndler:1057 com.babelstream                      I  disable aec kws ossupload
2025-11-01 23:56:58.897 15108-16560 iDST::AsrCeiIf:316      com.babelstream                      I  asr cei set param oss_upload_param_is_aec_upload, value false
2025-11-01 23:56:58.897 15108-16560 iDST::AsrCeiIf:491      com.babelstream                      I  asr cei start with grammar_tag=default_tag is_need_result=0
2025-11-01 23:56:58.897 15108-16560 AlsCei::As...Impl, Main com.babelstream                      W  ved does not exist, skip ...
2025-11-01 23:56:58.897 15108-16560 AlsCei::As...Impl, Main com.babelstream                      I  version is 0.824-V20251010114822.
2025-11-01 23:56:58.897 15108-16560 AlsCei::As...Impl, Main com.babelstream                      I  compiled by shichen.fsc at /home/shichen.fsc/code/public/nui_dev/se, git commit is 45573a1b20008c4ea6841803e224c35f90ead35d
2025-11-01 23:56:58.897 15108-16560 AlsCei::As...Impl, Main com.babelstream                      W  ved does not exist, skip ...
2025-11-01 23:56:58.897 15108-16560 AlsCei::As...l, Profile com.babelstream                      I  set log level to 3
2025-11-01 23:56:58.897 15108-16560 AlsCei::AsrCeiImpl, Sr  com.babelstream                      I  start sr with grammar default_tag [begin]
2025-11-01 23:56:58.897 15108-16560 AlsSdk::SrImpl, Main    com.babelstream                      I  create encode thread [begin]
2025-11-01 23:56:58.897 15108-16560 AlsSdk::SrImpl, Main    com.babelstream                      I  create encode thread [done]
2025-11-01 23:56:58.897 15108-16560 AlsSdk::SrImpl, Main    com.babelstream                      I  create callback thread [begin]
2025-11-01 23:56:58.897 15108-16573 AlsSdk::SrImpl, Encode  com.babelstream                      I  encode thread started
2025-11-01 23:56:58.898 15108-16560 AlsSdk::SrImpl, Main    com.babelstream                      I  create callback thread [done]
2025-11-01 23:56:58.898 15108-16560 AlsCei::AsrCeiImpl, Sr  com.babelstream                      I  start sr with grammar default_tag [done]
2025-11-01 23:56:58.898 15108-16560 AlsCei::As...Impl, Main com.babelstream                      W  ignore local engine, skip StartVed ...
2025-11-01 23:56:58.898 15108-16574 AlsSdk::Sr..., Callback com.babelstream                      I  callback thread started
2025-11-01 23:56:58.898 15108-16560 iDST::Reco...anager:882 com.babelstream                      I  RecorderManager(0xb400007d34232200) RecorderThread(0xb400007d24116810) start
2025-11-01 23:56:58.898 15108-16573 AlsSdk::AliOpus         com.babelstream                      I  framesamplenum:320
2025-11-01 23:56:58.898 15108-16572 iDST::Reco...anager:241 com.babelstream                      I  RecorderThread(0xb400007d24116810) start
2025-11-01 23:56:58.898 15108-16571 iDST::AudioManagerIf:64 com.babelstream                      I  kAudioStateOpen
2025-11-01 23:56:58.898 15108-16571 iDST::NativeNui:533     com.babelstream                      I  [0xb400007c1411d910] audio state change to 0(0:OPEN 1:PAUSE 2:CLOSE)
2025-11-01 23:56:58.898 15108-16571 SdkGummyClient          com.babelstream                      I  audioState=STATE_OPEN
2025-11-01 23:56:58.898 15108-16571 iDST::NativeNui:536     com.babelstream                      I  [0xb400007c1411d910] audio state callback done
2025-11-01 23:56:58.898 15108-16572 iDST::Audi...agerIf:169 com.babelstream                      I  wait open complete
2025-11-01 23:56:58.898 15108-16572 iDST::Reco...anager:273 com.babelstream                      I  use recording interval 10, first provide data will callback 50ms later.
2025-11-01 23:56:58.898 15108-16560 iDST::Reco...anager:123 com.babelstream                      I  start end
2025-11-01 23:56:58.898 15108-16555 iDST::NuiAbsLayer:619   com.babelstream                      I  [0xb400007d141e6310] dialogListenerOnEvent 0 [kEventAsrInitialized]
2025-11-01 23:56:58.898 15108-16555 iDST::NuiAbsLayer:976   com.babelstream                      D  invalid event 0 [kEventAsrInitialized]
2025-11-01 23:56:58.898 15108-16555 iDST::Dial...neImpl:561 com.babelstream                      I  start dialog end
2025-11-01 23:56:58.898 15108-16555 iDST::NuiAbsLayer:2275  com.babelstream                      I  update dialog id 711e0f2a13db454f9cd928d14eab0296
2025-11-01 23:56:58.898 15108-16555 iDST::NuiAbsLayer:2503  com.babelstream                      I  NuiAbsLayer[0xb400007d141e6310] api start ret 0
2025-11-01 23:56:58.898 15108-16555 iDST::NuiAbsLayer:2551  com.babelstream                      I  sync call or api async callback is nullptr skip. msg:4/MSG_API_START.
2025-11-01 23:56:58.898 15108-15108 iDST::NUISDK:451        com.babelstream                      I  nui_dialog_start result:0
2025-11-01 23:56:58.899 15108-15108 SdkGummyClient          com.babelstream                      I  startDialog ret=0
2025-11-01 23:56:58.899 15108-15108 RecognitionService      com.babelstream                      I  status=识别中...
2025-11-01 23:56:58.899 15108-15108 RecognitionService      com.babelstream                      I  ACTION_STATUS: 识别中...
2025-11-01 23:56:58.899 15108-15108 RecognitionService      com.babelstream                      I  recognizer.start returned=true
2025-11-01 23:56:58.899 15108-15108 RecognitionService      com.babelstream                      I  ACTION_STATUS: 识别中...
2025-11-01 23:56:58.900 15108-15108 Choreographer           com.babelstream                      I  Skipped 35 frames!  The application may be doing too much work on its main thread.
2025-11-01 23:56:58.948 15108-16571 iDST::Dial...eImpl:1427 com.babelstream                      I  try to get first user audio data with buffer(0xb400007be4107c70) and len(640) and callback(0x7a90c2ff8c).
2025-11-01 23:56:58.949 15108-16571 iDST::NuiAbsLayer:993   com.babelstream                      I  try to get first user audio data with buffer(0xb400007be4107c70) and len(640) and callback(0x7b176e3c5c).
2025-11-01 23:56:58.949 15108-16571 iDST::NativeNui:518     com.babelstream                      I  user(0xb400007c1411d910) return invalid len=0
2025-11-01 23:56:58.949 15108-16571 iDST::Dial...eImpl:1432 com.babelstream                      I  get first user audio data 0bytes.
2025-11-01 23:56:58.960 15108-16571 iDST::NativeNui:518     com.babelstream                      I  user(0xb400007c1411d910) return invalid len=0
2025-11-01 23:56:58.971 15108-16571 iDST::NativeNui:518     com.babelstream                      I  user(0xb400007c1411d910) return invalid len=0
2025-11-01 23:56:58.982 15108-16571 iDST::NativeNui:518     com.babelstream                      I  user(0xb400007c1411d910) return invalid len=0
2025-11-01 23:56:58.992 15108-16571 iDST::NativeNui:518     com.babelstream                      I  user(0xb400007c1411d910) return invalid len=0
2025-11-01 23:56:59.002 15108-16571 iDST::NativeNui:518     com.babelstream                      I  user(0xb400007c1411d910) return invalid len=0
2025-11-01 23:56:59.013 15108-16571 iDST::NativeNui:518     com.babelstream                      I  user(0xb400007c1411d910) return invalid len=0
2025-11-01 23:56:59.024 15108-16571 iDST::NativeNui:518     com.babelstream                      I  user(0xb400007c1411d910) return invalid len=0
2025-11-01 23:56:59.028 15108-16497 AudioCaptureManager     com.babelstream                      I  level=0
2025-11-01 23:56:59.034 15108-16497 RecognitionService      com.babelstream                      I  level=0
2025-11-01 23:56:59.035 15108-16572 SdkGummyClient          com.babelstream                      V  rms=-160.0
2025-11-01 23:56:59.035 15108-16572 AlsCei::As...Impl, Main com.babelstream                      W  ved does not exist, skip ...
2025-11-01 23:56:59.036 15108-16572 SdkGummyClient          com.babelstream                      V  rms=-160.0
2025-11-01 23:56:59.036 15108-16572 AlsCei::As...Impl, Main com.babelstream                      W  ved does not exist, skip ...
2025-11-01 23:56:59.036 15108-16572 SdkGummyClient          com.babelstream                      V  rms=-160.0
2025-11-01 23:56:59.036 15108-16572 AlsCei::As...Impl, Main com.babelstream                      W  ved does not exist, skip ...
2025-11-01 23:56:59.037 15108-16572 SdkGummyClient          com.babelstream                      V  rms=-160.0
2025-11-01 23:56:59.037 15108-16572 AlsCei::As...Impl, Main com.babelstream                      W  ved does not exist, skip ...
2025-11-01 23:56:59.037 15108-16572 SdkGummyClient          com.babelstream                      V  rms=-160.0
2025-11-01 23:56:59.048 15108-16571 iDST::NativeNui:518     com.babelstream                      I  user(0xb400007c1411d910) return invalid len=0
2025-11-01 23:56:59.050 15108-16574 AlsSdk::Sr..., Callback com.babelstream                      I  break in case 39
2025-11-01 23:56:59.051 15108-16574 AlsCei::SdkListener     com.babelstream                      I  OnDebugWavPath: 
2025-11-01 23:56:59.051 15108-16574 iDST::AsrCeiIf:167      com.babelstream                      D  OnDebugWavPath
2025-11-01 23:56:59.051 15108-16574 iDST::AsrCeiIf:804      com.babelstream                      I  debug path type=5, path=
2025-11-01 23:56:59.051 15108-16561 iDST::AsrCeiIf:693      com.babelstream                      I  cei callback MSG_ON_DEBUG_PATH
2025-11-01 23:56:59.051 15108-16574 iDST::AsrCeiIf:170      com.babelstream                      I  OnDebugWavPath done
2025-11-01 23:56:59.051 15108-16574 AlsCei::SdkListener     com.babelstream                      I  OnVoiceStart
2025-11-01 23:56:59.051 15108-16574 iDST::AsrCeiIf:82       com.babelstream                      D  OnVoiceStart
2025-11-01 23:56:59.051 15108-16574 iDST::AsrCeiIf:736      com.babelstream                      I  [Key Events] cei OnVoiceStart
2025-11-01 23:56:59.051 15108-16561 iDST::AsrCeiIf:648      com.babelstream                      I  cei callback MSG_VOICE_START
2025-11-01 23:56:59.051 15108-16561 iDST::AsrEngine:3304    com.babelstream                      I  on voice start vad_mode=1
2025-11-01 23:56:59.051 15108-16561 iDST::AsrEngine:3306    com.babelstream                      I  get sr callback data type 5
2025-11-01 23:56:59.051 15108-16561 iDST::StateMachine:45   com.babelstream                      I  Start -- VoiceStart --> Asr
2025-11-01 23:56:59.051 15108-16561 iDST::Tracer:84         com.babelstream                      D  generate timestamp 1762012619051[2025-11-01_23:56:59.051586]
2025-11-01 23:56:59.051 15108-16561 iDST::AsrNlsWrapper:35  com.babelstream                      W  current session isnot ready with service_type:3.
2025-11-01 23:56:59.051 15108-16561 iDST::Dial...eImpl:1483 com.babelstream                      I  RequestUpdateDialog
2025-11-01 23:56:59.051 15108-16561 iDST::Dial...eImpl:1495 com.babelstream                      E  RequestUpdateDialog with listener null
2025-11-01 23:56:59.051 15108-16561 iDST::AsrNlsWrapper:94  com.babelstream                      I  dialog user data not update
2025-11-01 23:56:59.051 15108-16561 iDST::AsrNlsWrapper:98  com.babelstream                      I  vad start with tiangong or vad mode vad/p2t
2025-11-01 23:56:59.051 15108-16561 iDST::AsrNlsWrapper:129 com.babelstream                      I  start with uuid[711e0f2a13db454f9cd928d14eab0296] task_id[]
2025-11-01 23:56:59.051 15108-16561 iDST::AsrNlsWrapper:130 com.babelstream                      I  user_data={}
2025-11-01 23:56:59.051 15108-16561 iDST::AsrNlsWrapper:131 com.babelstream                      I  service_type is 3
2025-11-01 23:56:59.051 15108-16561 iDST::AsrNlsWrapper:148 com.babelstream                      I  start va do_si_out 0, enable_dialog 0
2025-11-01 23:56:59.051 15108-16561 iDST::NlsVA:226         com.babelstream                      I  start VA with param=>wuw= wuw_model= vpr_service_id= vpr_group_id=  enable_cloud_vad=0 enable_cloud_vad=0 host=null cloud_vad_front_sil=10000 cloud_vad_end_sil=800 speech_model= speech_custom_id= vocabulary= dialog_id=711e0f2a13db454f9cd928d14eab0296 dialog_context={} dialog_params=[{name, auto_wakeup}{value, false}] tts_format= voice= domain= tts_sample_rate=16000 volume=50 speech_rate=0 pitch_rate=0 method=0 start_tasks=[ asr] stop_tasks=[]
2025-11-01 23:56:59.051 15108-16561 iDST::INls...stParam:68 com.babelstream                      I  INlsRequestParam set param TaskId feee9024432547a38adffb34ba603d16
2025-11-01 23:56:59.052 15108-16561 iDST::NlsConfig:5       com.babelstream                      D  nls config get_url wss://dashscope.aliyuncs.com/api-ws/v1/inference
2025-11-01 23:56:59.052 15108-16561 iDST::NLS:592           com.babelstream                      I  set Url with wss://dashscope.aliyuncs.com/api-ws/v1/inference
2025-11-01 23:56:59.052 15108-16561 iDST::NlsConfig:7       com.babelstream                      W  nls config get_key is nullptr
2025-11-01 23:56:59.052 15108-16561 iDST::NLS:592           com.babelstream                      I  set appkey with (null)
2025-11-01 23:56:59.052 15108-16561 libc                    com.babelstream                      I  handling signal: 11
2025-11-01 23:56:59.053 15108-16561 libc                    com.babelstream                      A  Fatal signal 11 (SIGSEGV), code 1 (SEGV_MAPERR), fault addr 0x0 in tid 16561 (com.babelstream), pid 15108 (com.babelstream)
2025-11-01 23:56:59.053 15108-16561 libc                    com.babelstream                      I  debuggerd_dispatch_pseudothread start. crashing tid: 16561
2025-11-01 23:56:59.053  9743-11525 NotifySync...9743_11525 com.mi.health                        I  onNotificationPosted Id:2147483647 key:0|com.babelstream|2147483647|ranker_group|10431|ranker_group PackageName:com.babelstream IsOngoing:true PostTime:1762012618831 currentDeviceModel.connected: true
2025-11-01 23:56:59.056  6629-6629  SpaceNotif...ionService com.miui.securitycore.remote         D  onNotificationPosted pkgname:com.babelstream userId:0 currentUserId:0 isFloat: false
2025-11-01 23:56:59.070 15108-16561 libc                    com.babelstream                      I  crash_dump pid: 16576
2025-11-01 23:56:59.071 15108-16571 iDST::NativeNui:518     com.babelstream                      I  user(0xb400007c1411d910) return invalid len=0
2025-11-01 23:56:59.081 15108-16571 iDST::NativeNui:518     com.babelstream                      I  user(0xb400007c1411d910) return invalid len=0
2025-11-01 23:56:59.092 15108-16571 iDST::NativeNui:518     com.babelstream                      I  user(0xb400007c1411d910) return invalid len=0
2025-11-01 23:56:59.103 15108-16571 iDST::NativeNui:518     com.babelstream                      I  user(0xb400007c1411d910) return invalid len=0
2025-11-01 23:56:59.145 15108-16572 SdkGummyClient          com.babelstream                      V  rms=-160.0
2025-11-01 23:56:59.145 15108-16572 AlsCei::As...Impl, Main com.babelstream                      W  ved does not exist, skip ...
2025-11-01 23:56:59.145 15108-16572 SdkGummyClient          com.babelstream                      V  rms=-160.0
2025-11-01 23:56:59.145 15108-16572 AlsCei::As...Impl, Main com.babelstream                      W  ved does not exist, skip ...
2025-11-01 23:56:59.146 15108-16572 SdkGummyClient          com.babelstream                      V  rms=-105.88605
2025-11-01 23:56:59.146 15108-16572 AlsCei::As...Impl, Main com.babelstream                      W  ved does not exist, skip ...
2025-11-01 23:56:59.146 15108-16572 SdkGummyClient          com.babelstream                      V  rms=-98.545616
2025-11-01 23:56:59.146 15108-16572 AlsCei::As...Impl, Main com.babelstream                      W  ved does not exist, skip ...
2025-11-01 23:56:59.146 15108-16572 SdkGummyClient          com.babelstream                      V  rms=-108.31184
2025-11-01 23:56:59.157 15108-16571 iDST::NativeNui:518     com.babelstream                      I  user(0xb400007c1411d910) return invalid len=0
2025-11-01 23:56:59.164 15108-16574 AlsCei::SdkListener     com.babelstream                      V  OnVoiceData: 128 bytes
2025-11-01 23:56:59.165 15108-16574 iDST::AsrCeiIf:743      com.babelstream                      V  cei OnVoiceData with 128bytes
2025-11-01 23:56:59.165 15108-16574 AlsCei::SdkListener     com.babelstream                      V  OnVoiceData: 128 bytes finished
2025-11-01 23:56:59.167 15108-16571 iDST::NativeNui:518     com.babelstream                      I  user(0xb400007c1411d910) return invalid len=0
2025-11-01 23:56:59.178 15108-16571 iDST::NativeNui:518     com.babelstream                      I  user(0xb400007c1411d910) return invalid len=0
2025-11-01 23:56:59.188 15108-16571 iDST::NativeNui:518     com.babelstream                      I  user(0xb400007c1411d910) return invalid len=0
2025-11-01 23:56:59.199 15108-16572 SdkGummyClient          com.babelstream                      V  rms=-110.33282
2025-11-01 23:56:59.199 15108-16572 AlsCei::As...Impl, Main com.babelstream                      W  ved does not exist, skip ...
2025-11-01 23:56:59.199 15108-16572 SdkGummyClient          com.babelstream                      V  rms=-90.35208
2025-11-01 23:56:59.200 15108-16572 AlsCei::As...Impl, Main com.babelstream                      W  ved does not exist, skip ...
2025-11-01 23:56:59.200 15108-16572 SdkGummyClient          com.babelstream                      V  rms=-69.11795
2025-11-01 23:56:59.200 15108-16572 AlsCei::As...Impl, Main com.babelstream                      W  ved does not exist, skip ...
2025-11-01 23:56:59.201 15108-16572 SdkGummyClient          com.babelstream                      V  rms=-56.244484
2025-11-01 23:56:59.201 15108-16572 AlsCei::As...Impl, Main com.babelstream                      W  ved does not exist, skip ...
2025-11-01 23:56:59.201 15108-16572 SdkGummyClient          com.babelstream                      V  rms=-51.028862
2025-11-01 23:56:59.206  2313-5860  PerfShielderService     system_server                        D  com.babelstream|com.babelstream/com.babelstream.MainActivity|376|236215196197442|301|0|9
2025-11-01 23:56:59.207  8192-8314  MiuiPerfServiceClient   com.miui.daemon                      W  interceptAndQueuing:15108|com.babelstream|376|301|236215196197442|Slow main thread|9
2025-11-01 23:56:59.212 15108-16571 iDST::NativeNui:518     com.babelstream                      I  user(0xb400007c1411d910) return invalid len=0
2025-11-01 23:56:59.222 15108-16571 iDST::NativeNui:518     com.babelstream                      I  user(0xb400007c1411d910) return invalid len=0
2025-11-01 23:56:59.233 15108-16571 iDST::NativeNui:518     com.babelstream                      I  user(0xb400007c1411d910) return invalid len=0
2025-11-01 23:56:59.243 15108-16571 iDST::NativeNui:518     com.babelstream                      I  user(0xb400007c1411d910) return invalid len=0
2025-11-01 23:56:59.254 15108-16571 iDST::NativeNui:518     com.babelstream                      I  user(0xb400007c1411d910) return invalid len=0
2025-11-01 23:56:59.264  5110-5110  MiuiBubbleSettings      com.android.systemui                 I  com.babelstream 0isAppEnableBubbleNotification: false
2025-11-01 23:56:59.265 15108-16571 iDST::NativeNui:518     com.babelstream                      I  user(0xb400007c1411d910) return invalid len=0
2025-11-01 23:56:59.275 15108-16571 iDST::NativeNui:518     com.babelstream                      I  user(0xb400007c1411d910) return invalid len=0
2025-11-01 23:56:59.285 15108-16571 iDST::NativeNui:518     com.babelstream                      I  user(0xb400007c1411d910) return invalid len=0
2025-11-01 23:56:59.289  5110-5110  AlertCoordinator        com.android.systemui                 D  onViewBound, buzzBeep for 0|com.babelstream|2147483647|ranker_group|10431|ranker_group
2025-11-01 23:56:59.296 15108-16572 SdkGummyClient          com.babelstream                      V  rms=-45.708714
2025-11-01 23:56:59.296 15108-16572 AlsCei::As...Impl, Main com.babelstream                      W  ved does not exist, skip ...
2025-11-01 23:56:59.296 15108-16572 SdkGummyClient          com.babelstream                      V  rms=-46.24775
2025-11-01 23:56:59.297 15108-16572 AlsCei::As...Impl, Main com.babelstream                      W  ved does not exist, skip ...
2025-11-01 23:56:59.297 15108-16572 SdkGummyClient          com.babelstream                      V  rms=-45.392746
2025-11-01 23:56:59.297 15108-16572 AlsCei::As...Impl, Main com.babelstream                      W  ved does not exist, skip ...
2025-11-01 23:56:59.297 15108-16572 SdkGummyClient          com.babelstream                      V  rms=-44.760483
2025-11-01 23:56:59.297 15108-16572 AlsCei::As...Impl, Main com.babelstream                      W  ved does not exist, skip ...
2025-11-01 23:56:59.298 15108-16572 SdkGummyClient          com.babelstream                      V  rms=-44.696693
2025-11-01 23:56:59.299 15108-16572 AlsCei::As...Impl, Main com.babelstream                      W  ved does not exist, skip ...
2025-11-01 23:56:59.299 15108-16572 SdkGummyClient          com.babelstream                      V  rms=-54.116512
2025-11-01 23:56:59.309 15108-16574 AlsCei::SdkListener     com.babelstream                      V  OnVoiceData: 398 bytes
2025-11-01 23:56:59.309 15108-16574 iDST::AsrCeiIf:743      com.babelstream                      V  cei OnVoiceData with 398bytes
2025-11-01 23:56:59.309 15108-16574 AlsCei::SdkListener     com.babelstream                      V  OnVoiceData: 398 bytes finished
2025-11-01 23:56:59.309 15108-16571 iDST::NativeNui:518     com.babelstream                      I  user(0xb400007c1411d910) return invalid len=0
2025-11-01 23:56:59.319 15108-16571 iDST::NativeNui:518     com.babelstream                      I  user(0xb400007c1411d910) return invalid len=0
2025-11-01 23:56:59.330 15108-16571 iDST::NativeNui:518     com.babelstream                      I  user(0xb400007c1411d910) return invalid len=0
2025-11-01 23:56:59.340 15108-16571 iDST::NativeNui:518     com.babelstream                      I  user(0xb400007c1411d910) return invalid len=0
2025-11-01 23:56:59.351 15108-16571 iDST::NativeNui:518     com.babelstream                      I  user(0xb400007c1411d910) return invalid len=0
2025-11-01 23:56:59.361 15108-16571 iDST::NativeNui:518     com.babelstream                      I  user(0xb400007c1411d910) return invalid len=0
2025-11-01 23:56:59.372 15108-16572 SdkGummyClient          com.babelstream                      V  rms=-42.842445
2025-11-01 23:56:59.372 15108-16572 AlsCei::As...Impl, Main com.babelstream                      W  ved does not exist, skip ...
2025-11-01 23:56:59.372 15108-16572 SdkGummyClient          com.babelstream                      V  rms=-39.790413
2025-11-01 23:56:59.372 15108-16572 AlsCei::As...Impl, Main com.babelstream                      W  ved does not exist, skip ...
2025-11-01 23:56:59.373 15108-16572 SdkGummyClient          com.babelstream                      V  rms=-38.16037
2025-11-01 23:56:59.373 15108-16572 AlsCei::As...Impl, Main com.babelstream                      W  ved does not exist, skip ...
2025-11-01 23:56:59.373 15108-16572 SdkGummyClient          com.babelstream                      V  rms=-37.274002
2025-11-01 23:56:59.373 15108-16572 AlsCei::As...Impl, Main com.babelstream                      W  ved does not exist, skip ...
2025-11-01 23:56:59.374 15108-16572 SdkGummyClient          com.babelstream                      V  rms=-36.50935
2025-11-01 23:56:59.384 15108-16571 iDST::NativeNui:518     com.babelstream                      I  user(0xb400007c1411d910) return invalid len=0
2025-11-01 23:56:59.396 15108-16571 iDST::NativeNui:518     com.babelstream                      I  user(0xb400007c1411d910) return invalid len=0
2025-11-01 23:56:59.409 15108-16571 iDST::NativeNui:518     com.babelstream                      I  user(0xb400007c1411d910) return invalid len=0
2025-11-01 23:56:59.420 15108-16571 iDST::NativeNui:518     com.babelstream                      I  user(0xb400007c1411d910) return invalid len=0
2025-11-01 23:56:59.430 15108-16571 iDST::NativeNui:518     com.babelstream                      I  user(0xb400007c1411d910) return invalid len=0
2025-11-01 23:56:59.441 15108-16571 iDST::NativeNui:518     com.babelstream                      I  user(0xb400007c1411d910) return invalid len=0
2025-11-01 23:56:59.453 15108-16572 SdkGummyClient          com.babelstream                      V  rms=-40.09981
2025-11-01 23:56:59.453 15108-16572 AlsCei::As...Impl, Main com.babelstream                      W  ved does not exist, skip ...
2025-11-01 23:56:59.453 15108-16572 SdkGummyClient          com.babelstream                      V  rms=-40.769173
2025-11-01 23:56:59.453 15108-16572 AlsCei::As...Impl, Main com.babelstream                      W  ved does not exist, skip ...
2025-11-01 23:56:59.454 15108-16572 SdkGummyClient          com.babelstream                      V  rms=-44.225983
2025-11-01 23:56:59.454 15108-16572 AlsCei::As...Impl, Main com.babelstream                      W  ved does not exist, skip ...
2025-11-01 23:56:59.454 15108-16572 SdkGummyClient          com.babelstream                      V  rms=-46.422318
2025-11-01 23:56:59.454 15108-16572 AlsCei::As...Impl, Main com.babelstream                      W  ved does not exist, skip ...
2025-11-01 23:56:59.455 15108-16572 SdkGummyClient          com.babelstream                      V  rms=-49.69048
2025-11-01 23:56:59.465 15108-16571 iDST::NativeNui:518     com.babelstream                      I  user(0xb400007c1411d910) return invalid len=0
2025-11-01 23:56:59.471 15108-16574 AlsCei::SdkListener     com.babelstream                      V  OnVoiceData: 352 bytes
2025-11-01 23:56:59.471 15108-16574 iDST::AsrCeiIf:743      com.babelstream                      V  cei OnVoiceData with 352bytes
2025-11-01 23:56:59.471 15108-16574 AlsCei::SdkListener     com.babelstream                      V  OnVoiceData: 352 bytes finished
---------------------------- PROCESS STARTED (16579) for package com.babelstream ----------------------------
2025-11-01 23:56:59.476 15108-16571 iDST::NativeNui:518     com.babelstream                      I  user(0xb400007c1411d910) return invalid len=0
2025-11-01 23:56:59.487 15108-16571 iDST::NativeNui:518     com.babelstream                      I  user(0xb400007c1411d910) return invalid len=0
2025-11-01 23:56:59.497 15108-16571 iDST::NativeNui:518     com.babelstream                      I  user(0xb400007c1411d910) return invalid len=0
2025-11-01 23:56:59.508 15108-16571 iDST::NativeNui:518     com.babelstream                      I  user(0xb400007c1411d910) return invalid len=0
2025-11-01 23:56:59.519 15108-16571 iDST::NativeNui:518     com.babelstream                      I  user(0xb400007c1411d910) return invalid len=0
2025-11-01 23:56:59.529 15108-16571 iDST::NativeNui:518     com.babelstream                      I  user(0xb400007c1411d910) return invalid len=0
2025-11-01 23:56:59.540 15108-16572 SdkGummyClient          com.babelstream                      V  rms=-50.74138
2025-11-01 23:56:59.540 15108-16572 AlsCei::As...Impl, Main com.babelstream                      W  ved does not exist, skip ...
2025-11-01 23:56:59.540 15108-16572 SdkGummyClient          com.babelstream                      V  rms=-52.1877
2025-11-01 23:56:59.541 15108-16572 AlsCei::As...Impl, Main com.babelstream                      W  ved does not exist, skip ...
2025-11-01 23:56:59.541 15108-16572 SdkGummyClient          com.babelstream                      V  rms=-53.871227
2025-11-01 23:56:59.541 15108-16572 AlsCei::As...Impl, Main com.babelstream                      W  ved does not exist, skip ...
2025-11-01 23:56:59.543 15108-16572 SdkGummyClient          com.babelstream                      V  rms=-58.3799
2025-11-01 23:56:59.544 15108-16572 AlsCei::As...Impl, Main com.babelstream                      W  ved does not exist, skip ...
2025-11-01 23:56:59.545 15108-16572 SdkGummyClient          com.babelstream                      V  rms=-63.230732
2025-11-01 23:56:59.556 15108-16571 iDST::NativeNui:518     com.babelstream                      I  user(0xb400007c1411d910) return invalid len=0
2025-11-01 23:56:59.566 15108-16571 iDST::NativeNui:518     com.babelstream                      I  user(0xb400007c1411d910) return invalid len=0
2025-11-01 23:56:59.577 15108-16571 iDST::NativeNui:518     com.babelstream                      I  user(0xb400007c1411d910) return invalid len=0
2025-11-01 23:56:59.587 15108-16571 iDST::NativeNui:518     com.babelstream                      I  user(0xb400007c1411d910) return invalid len=0
2025-11-01 23:56:59.598 15108-16571 iDST::NativeNui:518     com.babelstream                      I  user(0xb400007c1411d910) return invalid len=0
2025-11-01 23:56:59.608 15108-16571 iDST::NativeNui:518     com.babelstream                      I  user(0xb400007c1411d910) return invalid len=0
2025-11-01 23:56:59.618 15108-16571 iDST::NativeNui:518     com.babelstream                      I  user(0xb400007c1411d910) return invalid len=0
2025-11-01 23:56:59.629 15108-16572 SdkGummyClient          com.babelstream                      V  rms=-70.83293
2025-11-01 23:56:59.630 15108-16572 AlsCei::As...Impl, Main com.babelstream                      W  ved does not exist, skip ...
2025-11-01 23:56:59.630 15108-16572 SdkGummyClient          com.babelstream                      V  rms=-76.39775
2025-11-01 23:56:59.630 15108-16572 AlsCei::As...Impl, Main com.babelstream                      W  ved does not exist, skip ...
2025-11-01 23:56:59.630 15108-16572 SdkGummyClient          com.babelstream                      V  rms=-83.15069
2025-11-01 23:56:59.630 15108-16572 AlsCei::As...Impl, Main com.babelstream                      W  ved does not exist, skip ...
2025-11-01 23:56:59.631 15108-16572 SdkGummyClient          com.babelstream                      V  rms=-74.01964
2025-11-01 23:56:59.631 15108-16572 AlsCei::As...Impl, Main com.babelstream                      W  ved does not exist, skip ...
2025-11-01 23:56:59.631 15108-16572 SdkGummyClient          com.babelstream                      V  rms=-69.53446
2025-11-01 23:56:59.631 15108-16572 AlsCei::As...Impl, Main com.babelstream                      W  ved does not exist, skip ...
