2025-11-01 23:57:03.895  2313-9477  AppsFilter              system_server                        I  interaction: PackageSetting{d6578de com.babelstream/10431} -> PackageSetting{78cf9ea com.luojilab.player/10368} BLOCKED
2025-11-01 23:57:03.895  2313-9477  AppsFilter              system_server                        I  interaction: PackageSetting{d6578de com.babelstream/10431} -> PackageSetting{27e4db com.android.soundrecorder/10266} BLOCKED
2025-11-01 23:57:03.895  2313-9477  AppsFilter              system_server                        I  interaction: PackageSetting{d6578de com.babelstream/10431} -> PackageSetting{5195b78 com.baidu.input_mi/10258} BLOCKED
2025-11-01 23:57:03.895  2313-9477  AppsFilter              system_server                        I  interaction: PackageSetting{d6578de com.babelstream/10431} -> PackageSetting{c7ab251 com.proximabeta.nikke/10365} BLOCKED
2025-11-01 23:57:03.895  2313-9477  AppsFilter              system_server                        I  interaction: PackageSetting{d6578de com.babelstream/10431} -> PackageSetting{e38cab6 com.google.ar.lens/10367} BLOCKED
2025-11-01 23:57:03.895  2313-9477  AppsFilter              system_server                        I  interaction: PackageSetting{d6578de com.babelstream/10431} -> PackageSetting{ab5f3b7 com.android.safetycenter.resources/10253} BLOCKED
2025-11-01 23:57:03.895  2313-9477  AppsFilter              system_server                        I  interaction: PackageSetting{d6578de com.babelstream/10431} -> PackageSetting{644b724 com.android.providers.downloads.ui/10257} BLOCKED
2025-11-01 23:57:03.895  2313-9477  AppsFilter              system_server                        I  interaction: PackageSetting{d6578de com.babelstream/10431} -> PackageSetting{4e7228d com.android.simappdialog/10111} BLOCKED
2025-11-01 23:57:03.896  2313-9477  AppsFilter              system_server                        I  interaction: PackageSetting{d6578de com.babelstream/10431} -> PackageSetting{8fedc42 com.xingin.xhs/10375} BLOCKED
2025-11-01 23:57:03.896  2313-9477  AppsFilter              system_server                        I  interaction: PackageSetting{d6578de com.babelstream/10431} -> PackageSetting{8ac1453 com.android.connectivity.resources/10233} BLOCKED
2025-11-01 23:57:03.896  2313-9477  AppsFilter              system_server                        I  interaction: PackageSetting{d6578de com.babelstream/10431} -> PackageSetting{aa82190 com.tencent.mm/10321} BLOCKED
2025-11-01 23:57:03.896  2313-9477  AppsFilter              system_server                        I  interaction: PackageSetting{d6578de com.babelstream/10431} -> PackageSetting{9305a89 com.tencent.mp/10293} BLOCKED
2025-11-01 23:57:03.896  2313-9477  AppsFilter              system_server                        I  interaction: PackageSetting{d6578de com.babelstream/10431} -> PackageSetting{faea962 com.android.internal.display.cutout.emulation.hole/10012} BLOCKED
2025-11-01 23:57:03.896  2313-9477  AppsFilter              system_server                        I  interaction: PackageSetting{d6578de com.babelstream/10431} -> PackageSetting{8c62af3 com.android.internal.display.cutout.emulation.tall/10010} BLOCKED
2025-11-01 23:57:03.896  2313-9477  AppsFilter              system_server                        I  interaction: PackageSetting{d6578de com.babelstream/10431} -> PackageSetting{4227a8e com.android.modulemetadata/10171} BLOCKED
2025-11-01 23:57:03.896  2313-9477  AppsFilter              system_server                        I  interaction: PackageSetting{d6578de com.babelstream/10431} -> PackageSetting{eb5ec2 com.xiaomi.mibrain.speech/10271} BLOCKED
2025-11-01 23:57:03.896  2313-9477  AppsFilter              system_server                        I  interaction: PackageSetting{d6578de com.babelstream/10431} -> PackageSetting{d95c6bc com.chinamworld.bocmbci/10418} BLOCKED
2025-11-01 23:57:03.896  2313-9477  AppsFilter              system_server                        I  interaction: PackageSetting{d6578de com.babelstream/10431} -> PackageSetting{b51f9ae com.android.internal.systemui.navbar.threebutton/10049} BLOCKED
2025-11-01 23:57:03.896  2313-9477  AppsFilter              system_server                        I  interaction: PackageSetting{d6578de com.babelstream/10431} -> PackageSetting{cbb1645 com.umetrip.android.msky.app/10358} BLOCKED
2025-11-01 23:57:03.896  2313-9477  AppsFilter              system_server                        I  interaction: PackageSetting{d6578de com.babelstream/10431} -> PackageSetting{acfb19a com.android.wifi.dialog/10206} BLOCKED
2025-11-01 23:57:03.896  2313-9477  AppsFilter              system_server                        I  interaction: PackageSetting{d6578de com.babelstream/10431} -> PackageSetting{9a7bacb com.android.contacts/10131} BLOCKED
2025-11-01 23:57:03.896  2313-9477  AppsFilter              system_server                        I  interaction: PackageSetting{d6578de com.babelstream/10431} -> PackageSetting{b5692a8 com.miui.securitymanager/10265} BLOCKED
2025-11-01 23:57:03.896  2313-9477  AppsFilter              system_server                        I  interaction: PackageSetting{d6578de com.babelstream/10431} -> PackageSetting{a7bd1c1 com.mi.health/10281} BLOCKED
2025-11-01 23:57:03.896  2313-9477  AppsFilter              system_server                        I  interaction: PackageSetting{d6578de com.babelstream/10431} -> PackageSetting{ce74d66 cn.wps.moffice_eng.xiaomi.lite/10276} BLOCKED
2025-11-01 23:57:03.896  2313-9477  AppsFilter              system_server                        I  interaction: PackageSetting{d6578de com.babelstream/10431} -> PackageSetting{af538a7 com.lanzouq.zdfxdk.i1598/10100} BLOCKED
2025-11-01 23:57:03.896  2313-9477  AppsFilter              system_server                        I  interaction: PackageSetting{d6578de com.babelstream/10431} -> PackageSetting{9d63154 org.telegram.messenger.web/10341} BLOCKED
2025-11-01 23:57:03.896  2313-9477  AppsFilter              system_server                        I  interaction: PackageSetting{d6578de com.babelstream/10431} -> PackageSetting{e32c8fd com.android.mms/10139} BLOCKED
2025-11-01 23:57:03.896  2313-9477  AppsFilter              system_server                        I  interaction: PackageSetting{d6578de com.babelstream/10431} -> PackageSetting{58ad9f2 com.mfashiongallery.emag/10256} BLOCKED
2025-11-01 23:57:03.896  2313-9477  AppsFilter              system_server                        I  interaction: PackageSetting{d6578de com.babelstream/10431} -> PackageSetting{db2b843 com.icbc/10372} BLOCKED
2025-11-01 23:57:03.896  2313-9477  AppsFilter              system_server                        I  interaction: PackageSetting{d6578de com.babelstream/10431} -> PackageSetting{f0ec0 app.podcast.cosmos/10342} BLOCKED
2025-11-01 23:57:03.896  2313-9477  AppsFilter              system_server                        I  interaction: PackageSetting{d6578de com.babelstream/10431} -> PackageSetting{567f7f9 com.miui.player/10283} BLOCKED
2025-11-01 23:57:03.896  2313-9477  AppsFilter              system_server                        I  interaction: PackageSetting{d6578de com.babelstream/10431} -> PackageSetting{e68a33e com.miui.miservice/10255} BLOCKED
2025-11-01 23:57:03.896  2313-9477  AppsFilter              system_server                        I  interaction: PackageSetting{d6578de com.babelstream/10431} -> PackageSetting{43e959f com.google.android.gm/10355} BLOCKED
2025-11-01 23:57:03.896  2313-9477  AppsFilter              system_server                        I  interaction: PackageSetting{d6578de com.babelstream/10431} -> PackageSetting{83656ec bin.mt.plus/10320} BLOCKED
2025-11-01 23:57:03.896  2313-9477  AppsFilter              system_server                        I  interaction: PackageSetting{d6578de com.babelstream/10431} -> PackageSetting{4271ab5 com.android.compos.payload/10251} BLOCKED
2025-11-01 23:57:03.896  2313-9477  AppsFilter              system_server                        I  interaction: PackageSetting{d6578de com.babelstream/10431} -> PackageSetting{bc7b54a com.android.settings.intelligence/10140} BLOCKED
2025-11-01 23:57:03.896  2313-9477  AppsFilter              system_server                        I  interaction: PackageSetting{d6578de com.babelstream/10431} -> PackageSetting{e80ecbb com.android.calendar/10260} BLOCKED
2025-11-01 23:57:03.896  2313-9477  AppsFilter              system_server                        I  interaction: PackageSetting{d6578de com.babelstream/10431} -> PackageSetting{8a7f5d8 com.thinkwu.live/10110} BLOCKED
2025-11-01 23:57:03.896  2313-9477  AppsFilter              system_server                        I  interaction: PackageSetting{d6578de com.babelstream/10431} -> PackageSetting{97bad31 com.miui.virtualsim/10273} BLOCKED
2025-11-01 23:57:03.896  2313-9477  AppsFilter              system_server                        I  interaction: PackageSetting{d6578de com.babelstream/10431} -> PackageSetting{d53dc16 cn.gov.pbc.dcep/10406} BLOCKED
2025-11-01 23:57:03.896  2313-9477  AppsFilter              system_server                        I  interaction: PackageSetting{d6578de com.babelstream/10431} -> PackageSetting{8c79997 com.android.printspooler/10223} BLOCKED
2025-11-01 23:57:03.896  2313-9477  AppsFilter              system_server                        I  interaction: PackageSetting{d6578de com.babelstream/10431} -> PackageSetting{f929784 com.android.dreams.basic/10103} BLOCKED
2025-11-01 23:57:03.896  2313-9477  AppsFilter              system_server                        I  interaction: PackageSetting{d6578de com.babelstream/10431} -> PackageSetting{1e39ed9 com.copymanga.app/10327} BLOCKED
2025-11-01 23:57:03.896  2313-9477  AppsFilter              system_server                        I  interaction: PackageSetting{d6578de com.babelstream/10431} -> PackageSetting{fa9a3a2 com.android.incallui/10124} BLOCKED
2025-11-01 23:57:03.896  2313-9477  AppsFilter              system_server                        I  interaction: PackageSetting{d6578de com.babelstream/10431} -> PackageSetting{c623833 com.duokan.phone.remotecontroller/10278} BLOCKED
2025-11-01 23:57:03.896  2313-9477  AppsFilter              system_server                        I  interaction: PackageSetting{d6578de com.babelstream/10431} -> PackageSetting{d63a7f0 com.android.rkpdapp/10252} BLOCKED
2025-11-01 23:57:03.896  2313-9477  AppsFilter              system_server                        I  interaction: PackageSetting{d6578de com.babelstream/10431} -> PackageSetting{439d169 com.xunmeng.pinduoduo/10303} BLOCKED
2025-11-01 23:57:03.896  2313-9477  AppsFilter              system_server                        I  interaction: PackageSetting{d6578de com.babelstream/10431} -> PackageSetting{d6c890d com.newcall.overlay.miui/10326} BLOCKED
2025-11-01 23:57:03.896  2313-9477  AppsFilter              system_server                        I  interaction: PackageSetting{d6578de com.babelstream/10431} -> PackageSetting{aa257ee com.tencent.weread/10333} BLOCKED
2025-11-01 23:57:03.896  2313-9477  AppsFilter              system_server                        I  interaction: PackageSetting{d6578de com.babelstream/10431} -> PackageSetting{dfe248f com.tencent.wework/10377} BLOCKED
2025-11-01 23:57:03.896  2313-9477  AppsFilter              system_server                        I  interaction: PackageSetting{d6578de com.babelstream/10431} -> PackageSetting{40c1ed3 android.auto_generated_characteristics_rro/10344} BLOCKED
2025-11-01 23:57:03.896  2313-9477  AppsFilter              system_server                        I  interaction: PackageSetting{d6578de com.babelstream/10431} -> PackageSetting{69a1c4c com.twitter.android/10328} BLOCKED
2025-11-01 23:57:03.896  2313-9477  AppsFilter              system_server                        I  interaction: PackageSetting{d6578de com.babelstream/10431} -> PackageSetting{3951b25 com.android.musicfx/10094} BLOCKED
2025-11-01 23:57:03.896  2313-9477  AppsFilter              system_server                        I  interaction: PackageSetting{d6578de com.babelstream/10431} -> PackageSetting{86004fa com.google.android.apps.bard/10413} BLOCKED
2025-11-01 23:57:03.896  2313-9477  AppsFilter              system_server                        I  interaction: PackageSetting{d6578de com.babelstream/10431} -> PackageSetting{5c27aab com.oculus.twilight/10316} BLOCKED
2025-11-01 23:57:03.897  2313-9477  AppsFilter              system_server                        I  interaction: PackageSetting{d6578de com.babelstream/10431} -> PackageSetting{708508 cn.com.essence.stock/10291} BLOCKED
2025-11-01 23:57:03.897  2313-9477  AppsFilter              system_server                        I  interaction: PackageSetting{d6578de com.babelstream/10431} -> PackageSetting{36e5f15 com.eusoft.eudic/10371} BLOCKED
2025-11-01 23:57:03.897  2313-9477  AppsFilter              system_server                        I  interaction: PackageSetting{d6578de com.babelstream/10431} -> PackageSetting{4a144a1 com.google.android.webview/10185} BLOCKED
2025-11-01 23:57:03.897  2313-9477  AppsFilter              system_server                        I  interaction: PackageSetting{d6578de com.babelstream/10431} -> PackageSetting{11976c6 com.mipay.wallet/10286} BLOCKED
2025-11-01 23:57:03.897  2313-9477  AppsFilter              system_server                        I  interaction: PackageSetting{d6578de com.babelstream/10431} -> PackageSetting{d2c1687 com.ktls.fileinfo/10329} BLOCKED
2025-11-01 23:57:03.897  2313-9477  AppsFilter              system_server                        I  interaction: PackageSetting{d6578de com.babelstream/10431} -> PackageSetting{d49b28 com.android.phone.auto_generated_characteristics_rro/10334} BLOCKED
2025-11-01 23:57:03.897  2313-9477  AppsFilter              system_server                        I  interaction: PackageSetting{d6578de com.babelstream/10431} -> PackageSetting{e0ce9b4 mark.via/10347} BLOCKED
2025-11-01 23:57:03.897  2313-9477  AppsFilter              system_server                        I  interaction: PackageSetting{d6578de com.babelstream/10431} -> PackageSetting{fec89dd com.android.chrome/10116} BLOCKED
2025-11-01 23:57:03.897  2313-9477  AppsFilter              system_server                        I  interaction: PackageSetting{d6578de com.babelstream/10431} -> PackageSetting{7a63952 com.xiaomi.mico/10051} BLOCKED
2025-11-01 23:57:03.897  2313-9477  AppsFilter              system_server                        I  interaction: PackageSetting{d6578de com.babelstream/10431} -> PackageSetting{ea99423 com.ss.android.merchant/10296} BLOCKED
2025-11-01 23:57:03.897  2313-9477  AppsFilter              system_server                        I  interaction: PackageSetting{d6578de com.babelstream/10431} -> PackageSetting{52d4a18 com.ss.android.ugc.aweme/10361} BLOCKED
2025-11-01 23:57:03.897  2313-9477  AppsFilter              system_server                        I  interaction: PackageSetting{d6578de com.babelstream/10431} -> PackageSetting{eace6d9 com.android.wifi.resources/10249} BLOCKED
2025-11-01 23:57:03.897  2313-9477  AppsFilter              system_server                        I  interaction: PackageSetting{d6578de com.babelstream/10431} -> PackageSetting{2ca989e com.tencent.mobileqq/10272} BLOCKED
2025-11-01 23:57:03.897  2313-9477  AppsFilter              system_server                        I  interaction: PackageSetting{d6578de com.babelstream/10431} -> PackageSetting{84e283e com.ss.android.lark/10352} BLOCKED
2025-11-01 23:57:03.897  2313-9477  AppsFilter              system_server                        I  interaction: PackageSetting{d6578de com.babelstream/10431} -> PackageSetting{8bfbb4c com.jingcai.apps.qualitydev/10363} BLOCKED
2025-11-01 23:57:03.897  2313-9477  AppsFilter              system_server                        I  interaction: PackageSetting{d6578de com.babelstream/10431} -> PackageSetting{d7c1795 com.jiaohua_browser/10348} BLOCKED
2025-11-01 23:57:03.897  2313-9477  AppsFilter              system_server                        I  interaction: PackageSetting{d6578de com.babelstream/10431} -> PackageSetting{f43a0aa ru.zdevs.zarchiver.pro/10214} BLOCKED
2025-11-01 23:57:03.897  2313-9477  AppsFilter              system_server                        I  interaction: PackageSetting{d6578de com.babelstream/10431} -> PackageSetting{83b649b com.dmzjsq.manhua/10350} BLOCKED
2025-11-01 23:57:03.897  2313-9477  AppsFilter              system_server                        I  interaction: PackageSetting{d6578de com.babelstream/10431} -> PackageSetting{3fa2fbe com.android.theme.font.notoserifsource/10016} BLOCKED
2025-11-01 23:57:03.897  2313-9477  AppsFilter              system_server                        I  interaction: PackageSetting{d6578de com.babelstream/10431} -> PackageSetting{4d34038 hello.litiaotiao.app/10323} BLOCKED
2025-11-01 23:57:03.897  2313-9477  AppsFilter              system_server                        I  interaction: PackageSetting{d6578de com.babelstream/10431} -> PackageSetting{86df76c com.android.internal.display.cutout.emulation.waterfall/10014} BLOCKED
2025-11-01 23:57:03.897  2313-9477  AppsFilter              system_server                        I  interaction: PackageSetting{d6578de com.babelstream/10431} -> PackageSetting{8ff4629 com.gotokeep.keep/10294} BLOCKED
2025-11-01 23:57:03.897  2313-9477  AppsFilter              system_server                        I  interaction: PackageSetting{d6578de com.babelstream/10431} -> PackageSetting{6931d76 com.iflytek.inputmethod.miui/10277} BLOCKED
2025-11-01 23:57:03.897  2313-9477  AppsFilter              system_server                        I  interaction: PackageSetting{d6578de com.babelstream/10431} -> PackageSetting{1ef9b79 com.clouddrive2.clouddrive2/10397} BLOCKED
2025-11-01 23:57:03.897  2313-9477  AppsFilter              system_server                        I  interaction: PackageSetting{d6578de com.babelstream/10431} -> PackageSetting{69827e4 com.unionpay/10335} BLOCKED
2025-11-01 23:57:03.897  2313-9477  AppsFilter              system_server                        I  interaction: PackageSetting{d6578de com.babelstream/10431} -> PackageSetting{c60ebb1 com.android.internal.systemui.navbar.transparent/10064} BLOCKED
2025-11-01 23:57:03.897  2313-9477  AppsFilter              system_server                        I  interaction: PackageSetting{d6578de com.babelstream/10431} -> PackageSetting{948a44d com.miui.newhome/10288} BLOCKED
2025-11-01 23:57:03.897  2313-9477  AppsFilter              system_server                        I  interaction: PackageSetting{d6578de com.babelstream/10431} -> PackageSetting{68b9b02 com.miui.video/10287} BLOCKED
2025-11-01 23:57:03.897  2313-9477  AppsFilter              system_server                        I  interaction: PackageSetting{d6578de com.babelstream/10431} -> PackageSetting{837cc13 com.google.android.printservice.recommendation/10151} BLOCKED
2025-11-01 23:57:03.897  2313-9477  AppsFilter              system_server                        I  interaction: PackageSetting{d6578de com.babelstream/10431} -> PackageSetting{9a1de50 com.google.android.apps.photos/10261} BLOCKED
2025-11-01 23:57:03.897  2313-9477  AppsFilter              system_server                        I  interaction: PackageSetting{d6578de com.babelstream/10431} -> PackageSetting{d883849 com.google.android.documentsui/10093} BLOCKED
2025-11-01 23:57:03.897  2313-9477  AppsFilter              system_server                        I  interaction: PackageSetting{d6578de com.babelstream/10431} -> PackageSetting{59c654e com.google.android.accessibility.switchaccess/10181} BLOCKED
2025-11-01 23:57:03.897  2313-9477  AppsFilter              system_server                        I  interaction: PackageSetting{d6578de com.babelstream/10431} -> PackageSetting{2c9166f com.sohu.inputmethod.sogou.xiaomi/10179} BLOCKED
2025-11-01 23:57:03.897  2313-9477  AppsFilter              system_server                        I  interaction: PackageSetting{d6578de com.babelstream/10431} -> PackageSetting{d4e8f7c com.baidu.BaiduMap/10284} BLOCKED
2025-11-01 23:57:03.897  2313-9477  AppsFilter              system_server                        I  interaction: PackageSetting{d6578de com.babelstream/10431} -> PackageSetting{131005 com.zhihu.android/10307} BLOCKED
2025-11-01 23:57:03.897  2313-9477  AppsFilter              system_server                        I  interaction: PackageSetting{d6578de com.babelstream/10431} -> PackageSetting{fdd885a com.cmschina.stock/10407} BLOCKED
2025-11-01 23:57:03.897  2313-9477  AppsFilter              system_server                        I  interaction: PackageSetting{d6578de com.babelstream/10431} -> PackageSetting{7aaa8b com.android.providers.partnerbookmarks/10108} BLOCKED
2025-11-01 23:57:03.897  2313-9477  AppsFilter              system_server                        I  interaction: PackageSetting{d6578de com.babelstream/10431} -> PackageSetting{6b32768 com.android.smspush/10229} BLOCKED
2025-11-01 23:57:03.897  2313-9477  AppsFilter              system_server                        I  interaction: PackageSetting{d6578de com.babelstream/10431} -> PackageSetting{2b9a781 dji.mimo/10398} BLOCKED
2025-11-01 23:57:03.897  2313-9477  AppsFilter              system_server                        I  interaction: PackageSetting{d6578de com.babelstream/10431} -> PackageSetting{8dbd026 com.miui.calculator/10259} BLOCKED
2025-11-01 23:57:03.897  2313-9477  AppsFilter              system_server                        I  interaction: PackageSetting{d6578de com.babelstream/10431} -> PackageSetting{2676467 org.autojs.apkbuilderplugin/10336} BLOCKED
2025-11-01 23:57:03.897  2313-9477  AppsFilter              system_server                        I  interaction: PackageSetting{d6578de com.babelstream/10431} -> PackageSetting{5475214 com.android.wallpaper.livepicker/10091} BLOCKED
2025-11-01 23:57:03.897  2313-9477  AppsFilter              system_server                        I  interaction: PackageSetting{d6578de com.babelstream/10431} -> PackageSetting{9d83abd com.android.cellbroadcastreceiver.module/10382} BLOCKED
2025-11-01 23:57:03.897  2313-9477  AppsFilter              system_server                        I  interaction: PackageSetting{d6578de com.babelstream/10431} -> PackageSetting{e24c8b2 com.supercell.brawlstars/10395} BLOCKED
2025-11-01 23:57:03.897  2313-9477  AppsFilter              system_server                        I  interaction: PackageSetting{d6578de com.babelstream/10431} -> PackageSetting{67be003 com.android.apps.tag/10099} BLOCKED
2025-11-01 23:57:03.897  2313-9477  AppsFilter              system_server                        I  interaction: PackageSetting{d6578de com.babelstream/10431} -> PackageSetting{6517b80 com.android.imsserviceentitlement/10369} BLOCKED
2025-11-01 23:57:03.897  2313-9477  AppsFilter              system_server                        I  interaction: PackageSetting{d6578de com.babelstream/10431} -> PackageSetting{952c5b9 com.android.appsearch.apk/10383} BLOCKED
2025-11-01 23:57:03.897  2313-9477  AppsFilter              system_server                        I  interaction: PackageSetting{d6578de com.babelstream/10431} -> PackageSetting{692bdfe com.xueqiu.android/10389} BLOCKED
2025-11-01 23:57:03.897  2313-9477  AppsFilter              system_server                        I  interaction: PackageSetting{d6578de com.babelstream/10431} -> PackageSetting{2d2795f com.cainiao.wireless/10292} BLOCKED
2025-11-01 23:57:03.897  2313-9477  AppsFilter              system_server                        I  interaction: PackageSetting{d6578de com.babelstream/10431} -> PackageSetting{312cfac com.ss.android.ugc.livepro/10351} BLOCKED
2025-11-01 23:57:03.897  2313-9477  AppsFilter              system_server                        I  interaction: PackageSetting{d6578de com.babelstream/10431} -> PackageSetting{797bfea com.miui.weather2/10270} BLOCKED
2025-11-01 23:57:03.897  2313-9477  AppsFilter              system_server                        I  interaction: PackageSetting{d6578de com.babelstream/10431} -> PackageSetting{a58bc0a com.jingdong.app.mall/10289} BLOCKED
2025-11-01 23:57:03.897  2313-9477  AppsFilter              system_server                        I  interaction: PackageSetting{d6578de com.babelstream/10431} -> PackageSetting{acf4c7b com.xiaomi.scanner/10275} BLOCKED
2025-11-01 23:57:03.897  2313-9477  AppsFilter              system_server                        I  interaction: PackageSetting{d6578de com.babelstream/10431} -> PackageSetting{5b33a98 com.binance.dev/10052} BLOCKED
2025-11-01 23:57:03.897  2313-9477  AppsFilter              system_server                        I  interaction: PackageSetting{d6578de com.babelstream/10431} -> PackageSetting{2ba72f1 com.taobao.idlefish/10264} BLOCKED
2025-11-01 23:57:03.897  2313-9477  AppsFilter              system_server                        I  interaction: PackageSetting{d6578de com.babelstream/10431} -> PackageSetting{fce8ed6 com.anthropic.claude/10396} BLOCKED
2025-11-01 23:57:03.897  2313-9477  AppsFilter              system_server                        I  interaction: PackageSetting{d6578de com.babelstream/10431} -> PackageSetting{9fc3557 com.ylmf.androidclient/10306} BLOCKED
2025-11-01 23:57:03.897  2313-9477  AppsFilter              system_server                        I  interaction: PackageSetting{d6578de com.babelstream/10431} -> PackageSetting{fd5baf7 com.android.cts.ctsshim/10239} BLOCKED
2025-11-01 23:57:03.897  2313-9477  AppsFilter              system_server                        I  interaction: PackageSetting{d6578de com.babelstream/10431} -> PackageSetting{ed6844 com.miui.mediaeditor/10274} BLOCKED
2025-11-01 23:57:03.897  2313-9477  AppsFilter              system_server                        I  interaction: PackageSetting{d6578de com.babelstream/10431} -> PackageSetting{3724d2d com.tencent.wemeet.app/10374} BLOCKED
2025-11-01 23:57:03.897  2313-9477  AppsFilter              system_server                        I  interaction: PackageSetting{d6578de com.babelstream/10431} -> PackageSetting{8fcc262 com.miui.yellowpage/10135} BLOCKED
2025-11-01 23:57:03.897  2313-9477  AppsFilter              system_server                        I  interaction: PackageSetting{d6578de com.babelstream/10431} -> PackageSetting{a4cff3 com.positron_it.zlib/10332} BLOCKED
2025-11-01 23:57:03.897  2313-9477  AppsFilter              system_server                        I  interaction: PackageSetting{d6578de com.babelstream/10431} -> PackageSetting{1380dc4 com.android.microdroid.empty_payload/10247} BLOCKED
2025-11-01 23:57:03.897  2313-9477  AppsFilter              system_server                        I  interaction: PackageSetting{d6578de com.babelstream/10431} -> PackageSetting{67ac4b0 com.finhub.fenbeitong/10411} BLOCKED
2025-11-01 23:57:03.897  2313-9477  AppsFilter              system_server                        I  interaction: PackageSetting{d6578de com.babelstream/10431} -> PackageSetting{a538f29 com.android.email/10263} BLOCKED
2025-11-01 23:57:03.897  2313-9477  AppsFilter              system_server                        I  interaction: PackageSetting{d6578de com.babelstream/10431} -> PackageSetting{de8a2ae com.android.music/10173} BLOCKED
2025-11-01 23:57:03.897  2313-9477  AppsFilter              system_server                        I  interaction: PackageSetting{d6578de com.babelstream/10431} -> PackageSetting{e32784f com.picacomic.fregata/10345} BLOCKED
2025-11-01 23:57:03.897  2313-9477  AppsFilter              system_server                        I  interaction: PackageSetting{d6578de com.babelstream/10431} -> PackageSetting{83f7bdc com.leadship.fenchuan/10310} BLOCKED
2025-11-01 23:57:03.897  2313-9477  AppsFilter              system_server                        I  interaction: PackageSetting{d6578de com.babelstream/10431} -> PackageSetting{2ecf4e5 com.android.hotspot2.osulogin/10250} BLOCKED
2025-11-01 23:57:03.898  2313-9477  AppsFilter              system_server                        I  interaction: PackageSetting{d6578de com.babelstream/10431} -> PackageSetting{5759864 com.android.companiondevicemanager.auto_generated_characteristics_rro/10002} BLOCKED
2025-11-01 23:57:03.898  2313-9477  AppsFilter              system_server                        I  interaction: PackageSetting{d6578de com.babelstream/10431} -> PackageSetting{fa03bba com.google.android.gms.location.history/10149} BLOCKED
2025-11-01 23:57:03.898  2313-9477  AppsFilter              system_server                        I  interaction: PackageSetting{d6578de com.babelstream/10431} -> PackageSetting{60bbf82 com.android.internal.systemui.navbar.gestural/10050} BLOCKED
2025-11-01 23:57:03.898  2313-9477  AppsFilter              system_server                        I  interaction: PackageSetting{d6578de com.babelstream/10431} -> PackageSetting{5484a6b ytbcvv22edasb.ytbczx2qwag/10376} BLOCKED
2025-11-01 23:57:03.898  2313-9477  AppsFilter              system_server                        I  interaction: PackageSetting{d6578de com.babelstream/10431} -> PackageSetting{3679c8 com.android.deskclock/10262} BLOCKED
2025-11-01 23:57:03.898 15477-16765 ViewContentFactory      com.babelstream                      D  initViewContentFetcherClass
2025-11-01 23:57:03.898  2313-9477  AppsFilter              system_server                        I  interaction: PackageSetting{d6578de com.babelstream/10431} -> PackageSetting{8fcfa61 com.android.bluetoothmidiservice/10101} BLOCKED
2025-11-01 23:57:03.898  2313-9477  AppsFilter              system_server                        I  interaction: PackageSetting{d6578de com.babelstream/10431} -> PackageSetting{65986 com.yitong.mbank.psbc/10175} BLOCKED
2025-11-01 23:57:03.898 15477-16765 ViewContentFactory      com.babelstream                      D  getInterceptorPackageInfo
2025-11-01 23:57:03.898  2313-9477  AppsFilter              system_server                        I  interaction: PackageSetting{d6578de com.babelstream/10431} -> PackageSetting{59f2247 com.baidu.netdisk/10282} BLOCKED
2025-11-01 23:57:03.898  2313-9477  AppsFilter              system_server                        I  interaction: PackageSetting{d6578de com.babelstream/10431} -> PackageSetting{aba5c5c com.taobao.taobao/10330} BLOCKED
2025-11-01 23:57:03.898  2313-9477  AppsFilter              system_server                        I  interaction: PackageSetting{d6578de com.babelstream/10431} -> PackageSetting{baddb9d com.xiaomi.smarthome/10279} BLOCKED
2025-11-01 23:57:03.898  2313-9477  AppsFilter              system_server                        I  interaction: PackageSetting{d6578de com.babelstream/10431} -> PackageSetting{7e94685 com.qualcomm.qti.server.wigig.tethering.rro/10378} BLOCKED
2025-11-01 23:57:03.898  2313-9477  AppsFilter              system_server                        I  interaction: PackageSetting{d6578de com.babelstream/10431} -> PackageSetting{a5e8812 com.flomo.app/10343} BLOCKED
2025-11-01 23:57:03.898  2313-9477  AppsFilter              system_server                        I  interaction: PackageSetting{d6578de com.babelstream/10431} -> PackageSetting{7a19be3 com.netease.cloudmusic/10280} BLOCKED
2025-11-01 23:57:03.898  2313-9477  AppsFilter              system_server                        I  interaction: PackageSetting{d6578de com.babelstream/10431} -> PackageSetting{1e0b9e0 com.ct.client/10304} BLOCKED
2025-11-01 23:57:03.898  2313-9477  AppsFilter              system_server                        I  interaction: PackageSetting{d6578de com.babelstream/10431} -> PackageSetting{fc81534 tv.danmaku.bili/10381} BLOCKED
2025-11-01 23:57:03.898  2313-9477  AppsFilter              system_server                        I  interaction: PackageSetting{d6578de com.babelstream/10431} -> PackageSetting{899135e com.android.captiveportallogin/10105} BLOCKED
2025-11-01 23:57:03.898 15477-16765 ViewContentFactory      com.babelstream                      D  getInitialApplication took 0ms
2025-11-01 23:57:03.898  2313-9477  AppsFilter              system_server                        I  interaction: PackageSetting{d6578de com.babelstream/10431} -> PackageSetting{5c8133f com.fenbi.android.solar/10331} BLOCKED
2025-11-01 23:57:03.898  2313-9477  AppsFilter              system_server                        I  interaction: PackageSetting{d6578de com.babelstream/10431} -> PackageSetting{dc7940c com.yiban.app/10353} BLOCKED
2025-11-01 23:57:03.898  2313-9477  AppsFilter              system_server                        I  interaction: PackageSetting{d6578de com.babelstream/10431} -> PackageSetting{a5de155 com.unnoo.quan/10349} BLOCKED
2025-11-01 23:57:03.898 15477-16765 ViewContentFactory      com.babelstream                      D  packageInfo.packageName: com.miui.contentcatcher
2025-11-01 23:57:03.898  2313-9477  AppsFilter              system_server                        I  interaction: PackageSetting{d6578de com.babelstream/10431} -> PackageSetting{15f076a com.eg.android.AlipayGphone/10297} BLOCKED
2025-11-01 23:57:03.898  2313-9477  AppsFilter              system_server                        I  interaction: PackageSetting{d6578de com.babelstream/10431} -> PackageSetting{fb4a45b com.github.metacubex.clash.meta/10379} BLOCKED
2025-11-01 23:57:03.898  2313-9477  AppsFilter              system_server                        I  interaction: PackageSetting{d6578de com.babelstream/10431} -> PackageSetting{35fe4f8 cn.wps.moffice_eng/10295} BLOCKED
2025-11-01 23:57:03.898  2313-9477  AppsFilter              system_server                        I  interaction: PackageSetting{d6578de com.babelstream/10431} -> PackageSetting{7683dd1 com.miui.core/10191} BLOCKED
2025-11-01 23:57:03.898  2313-9477  AppsFilter              system_server                        I  interaction: PackageSetting{d6578de com.babelstream/10431} -> PackageSetting{ade3036 com.taobao.trip/10356} BLOCKED
2025-11-01 23:57:03.898 15477-16765 ViewContentFactory      com.babelstream                      D  initViewContentFetcherClass took 0ms
2025-11-01 23:57:03.899 15477-16765 ContentCatcher          com.babelstream                      I  ViewContentFetcher : ViewContentFetcher
2025-11-01 23:57:03.899 15477-16765 ViewContentFactory      com.babelstream                      D  createInterceptor took 1ms
2025-11-01 23:57:03.901 15477-16765 ContentCatcher          com.babelstream                      I  Interceptor_Catcher : Catcher list invalid for com.babelstream@com.babelstream.MainActivity@140217349
2025-11-01 23:57:03.901 15477-16765 ContentCatcher          com.babelstream                      I  Interceptor_Catcher : Get featureInfo from config image_pick_mode
2025-11-01 23:57:03.903 15477-16765 ContentCatcher          com.babelstream                      I  Interceptor_Catcher : Get featureInfo from config pick_mode
2025-11-01 23:57:03.909 15477-15477 libc                    com.babelstream                      W  Access denied finding property "ro.vendor.df.effect.conflict"
2025-11-01 23:57:03.905 15477-15477 com.babelstream         com.babelstream                      W  type=1400 audit(0.0:156813): avc:  denied  { read } for  name="u:object_r:vendor_displayfeature_prop:s0" dev="tmpfs" ino=479 scontext=u:r:untrusted_app:s0:c175,c257,c512,c768 tcontext=u:object_r:vendor_displayfeature_prop:s0 tclass=file permissive=0 app=com.babelstream
2025-11-01 23:57:03.911 15477-15477 ScrollerOp...ionManager com.babelstream                      D  registerConfigChangedListener
2025-11-01 23:57:03.911 15477-15477 libc                    com.babelstream                      W  Access denied finding property "ro.vendor.mi_sf.new_dynamic_refresh_rate"
2025-11-01 23:57:03.911 15477-15477 SplineOverScroller      com.babelstream                      D  dynamic params is false
2025-11-01 23:57:03.909 15477-15477 com.babelstream         com.babelstream                      W  type=1400 audit(0.0:156814): avc:  denied  { read } for  name="u:object_r:vendor_displayfeature_prop:s0" dev="tmpfs" ino=479 scontext=u:r:untrusted_app:s0:c175,c257,c512,c768 tcontext=u:object_r:vendor_displayfeature_prop:s0 tclass=file permissive=0 app=com.babelstream
2025-11-01 23:57:03.913  8522-11001 BeautyService           com.miui.securitycenter.remote       I  onForegroundInfoChanged: Cur=com.babelstream	 last=com.miui.home
2025-11-01 23:57:03.928 15477-15477 MainActivity            com.babelstream                      I  onCreate
2025-11-01 23:57:03.936 15477-15477 MainActivity            com.babelstream                      I  onStart
2025-11-01 23:57:03.940 15477-15477 SecurityManager         com.babelstream                      D  checkAccessControl flag0
2025-11-01 23:57:03.940 15477-15477 MainActivity            com.babelstream                      I  onResume
2025-11-01 23:57:03.941 15477-16765 ContentCatcher          com.babelstream                      I  SettingTrigger : register screen QA status observer com.babelstream.MainActivity
2025-11-01 23:57:03.943 15477-16765 ContentCatcher          com.babelstream                      I  SettingTrigger : register global collect status observer com.babelstream.MainActivity
2025-11-01 23:57:03.946 15477-16765 ContentCat...ListHelper com.babelstream                      I   mActivities isEmpty
2025-11-01 23:57:03.947 15477-16765 ContentCat...ListHelper com.babelstream                      I   blackList size: 12 package is com.babelstream isInTaplusWhiteList: true
2025-11-01 23:57:03.950 15477-15477 RenderLite              com.babelstream                      D  trim renderNode enable: false
2025-11-01 23:57:03.955 15477-15477 FramePredict            com.babelstream                      D  init success
2025-11-01 23:57:03.956 15477-16769 FramePredict            com.babelstream                      E  registerContentObserver fail
2025-11-01 23:57:03.967 15477-15477 ViewRootImpl            com.babelstream                      I  com.babelstream/com.babelstream.MainActivity use first frame acceleration
2025-11-01 23:57:03.971 15477-15477 DecorViewImmersiveImpl  com.babelstream                      D  onAttachedToWindow:com.babelstream/com.babelstream.MainActivity
2025-11-01 23:57:03.972  8490-13665 ActivityObserverUtil    com.miui.personalassistant           I  activityResumed ComponentInfo{com.babelstream/com.babelstream.MainActivity}
2025-11-01 23:57:03.972  4414-4444  AppUpdateXmsfLauncher   com.xiaomi.xmsf                      D  activityResumed intent : Intent { cmp=com.babelstream/.MainActivity (has extras) }
2025-11-01 23:57:03.973 15477-15477 DecorViewImmersiveImpl  com.babelstream                      D  getWindowType: 1 title:com.babelstream/com.babelstream.MainActivity
2025-11-01 23:57:03.973  8490-13665 TopActivityMonitor      com.miui.personalassistant           I  send TopActivityChangeEvent=TopActivityChangeEvent(prev=ComponentInfo{com.miui.home/com.miui.home.launcher.Launcher}, current=ComponentInfo{com.babelstream/com.babelstream.MainActivity},appChanged=true)
2025-11-01 23:57:03.973 15477-15477 DecorViewImmersiveImpl  com.babelstream                      D  window type: 1
2025-11-01 23:57:03.973  5031-16490 VA_ActivityStateHelper  com.miui.voiceassist                 I  activityResumed componentName ComponentInfo{com.babelstream/com.babelstream.MainActivity}
2025-11-01 23:57:03.973 15655-15683 auth                    com.xiaomi.xmsf                      D  [XMS][Auth] ActivityObserver activityResumed packageName: com.babelstream
2025-11-01 23:57:03.974  8490-13665 travelServ...erverUtils com.miui.personalassistant           I  activityResumed ComponentInfo{com.babelstream/com.babelstream.MainActivity}
2025-11-01 23:57:03.974 15477-15477 MiuiNBIManagerImpl      com.babelstream                      D  init success,pkgName=com.babelstream mIsNBIEnable=false mActivityRules=ActivityRules{}}
2025-11-01 23:57:03.974 15477-15477 DecorViewImmersiveImpl  com.babelstream                      D  isNBIEnable=false
2025-11-01 23:57:03.975  4414-4444  services                com.xiaomi.xmsf                      D  [XMS][observer] ActivityObserver activityResumed packageName: com.babelstream
2025-11-01 23:57:03.977  2313-5856  CoreBackPreview         system_server                        D  Window{b2430d4 u0 com.babelstream/com.babelstream.MainActivity}: Setting back callback OnBackInvokedCallbackInfo{mCallback=android.window.IOnBackInvokedCallback$Stub$Proxy@4fd8640, mPriority=0, mIsAnimationCallback=false}
2025-11-01 23:57:03.986  4639-4639  RecentsImpl             com.miui.home                        D  mActivityStateObserver com.babelstream.MainActivity
2025-11-01 23:57:03.993  2313-8688  WindowManager           system_server                        D  wms.Input focus has changed to Window{b2430d4 u0 com.babelstream/com.babelstream.MainActivity} display=0 updateInputWindows = true
2025-11-01 23:57:03.993  2313-8688  WindowManager           system_server                        I  Allow fixed rotation for not collecting:ActivityRecord{95f07f2 u0 com.babelstream/.MainActivity t4132}
2025-11-01 23:57:03.993  2313-8688  WindowManager           system_server                        I  Allow fixed rotation for non occludes parent activity r=ActivityRecord{95f07f2 u0 com.babelstream/.MainActivity t4132}
2025-11-01 23:57:03.996  4639-4639  RecentsImpl             com.miui.home                        W  updateStubViewVisibility, className=com.babelstream.MainActivity
2025-11-01 23:57:03.998 15477-15477 libc                    com.babelstream                      W  Access denied finding property "vendor.gpp.create_frc_extension"
2025-11-01 23:57:04.001 15477-15477 VRI[MainActivity]       com.babelstream                      D  vri.reportNextDraw android.view.ViewRootImpl.performTraversals:4949 android.view.ViewRootImpl.doTraversal:3549 android.view.ViewRootImpl$TraversalRunnable.run:11526 android.view.Choreographer$CallbackRecord.run:1717 android.view.Choreographer$CallbackRecord.run:1726 
2025-11-01 23:57:04.001 15477-15477 VRI[MainActivity]       com.babelstream                      D  vri.Setup new sync=wmsSync-VRI[MainActivity]#0
2025-11-01 23:57:04.001 15191-16771 ConnectionInfo          com.xiaomi.xmsf                      I  [XMS][SDK_BASE_VERSION: 1.0.10] binder call invoke success source: com.xiaomi.xms.atom.IClientAI$Stub$Proxy@ef7fb4e, method: public abstract java.lang.String com.xiaomi.xms.atom.IClientAI.compute(android.os.Bundle) throws android.os.RemoteException, args: [Bundle[{wait_time=500, model_id=44, input={"request_type":2,"xmsf_version":70004060,"trigger_id":"74544514988;#;4a0ea1dc-9e16-4b86-9047-4f7d4cee9286","device_status":{"networkType":1,"batteryLevels":41,"lowPowerMode":false},"now_front_app":"com.babelstream","is_screen_on":true,"dnd_mode_switch":true,"game_mode_switch":false,"game_mode_switch_enabled":false}, pkg_name=com.xiaomi.xmsf}]], result: {"code":200,"data":"{\"is_device_idle\":false,\"not_idle_reason\":1002}","msg":"1.3.0:success"}, serviceName: atom
2025-11-01 23:57:04.007 15477-16763 HWUI                    com.babelstream                      D  makeCurrent grContext:0xb400007bd4108410 reset mTextureAvailable
2025-11-01 23:57:04.008 15477-16763 com.babelstream         com.babelstream                      D  MiuiProcessManagerServiceStub setSchedFifo
2025-11-01 23:57:04.008 15477-16763 MiuiProcessManagerImpl  com.babelstream                      I  setSchedFifo pid:15477, mode:3
2025-11-01 23:57:04.013 15477-15477 RenderThread            com.babelstream                      W  type=1400 audit(0.0:156815): avc:  denied  { getattr } for  path="/sys/module/metis/parameters/minor_window_app" dev="sysfs" ino=77906 scontext=u:r:untrusted_app:s0:c175,c257,c512,c768 tcontext=u:object_r:sysfs_migt:s0 tclass=file permissive=0 app=com.babelstream
2025-11-01 23:57:04.019 15477-15477 VRI[MainActivity]       com.babelstream                      D  vri.reportDrawFinished
2025-11-01 23:57:04.019 15477-15477 Choreographer           com.babelstream                      I  first vsync insert message into MessageQueue Head
2025-11-01 23:57:04.019  2313-8688  WindowManager           system_server                        D  wms.finishDrawingLocked: mDrawState=COMMIT_DRAW_PENDING Window{b2430d4 u0 com.babelstream/com.babelstream.MainActivity} in Surface(name=com.babelstream/com.babelstream.MainActivity#82412)/@0x71aa6be
2025-11-01 23:57:04.017 15477-15477 RenderThread            com.babelstream                      W  type=1400 audit(0.0:156816): avc:  denied  { getattr } for  path="/sys/module/metis/parameters/minor_window_app" dev="sysfs" ino=77906 scontext=u:r:untrusted_app:s0:c175,c257,c512,c768 tcontext=u:object_r:sysfs_migt:s0 tclass=file permissive=0 app=com.babelstream
2025-11-01 23:57:04.023  2313-2454  WindowManager           system_server                        I  onFirstWindowDrawn, try to remove startingWindow. this = ActivityRecord{95f07f2 u0 com.babelstream/.MainActivity t4132} associatedTask = null isMainWindow = true mStartingWindow = Window{deae5ee u0 Splash Screen com.babelstream} mStartingData = SplashScreenStartingData{433a34a waitForSyncTransactionCommit=false removeAfterTransaction= 0}
2025-11-01 23:57:04.023  2313-2454  TaskSnapshot_CInjector  system_server                        W  doSnapshotQS()...ago! activity=com.babelstream/.MainActivity, state=RESUMED, lastVisibleTime=0
2025-11-01 23:57:04.024  2313-2440  ziparchive              system_server                        W  Unable to open '/data/app/~~gXXT-w-DP86lP6l5H7COOw==/com.babelstream-CmMDFW1ftSsB8e1S0Auh5g==/base.dm': No such file or directory
2025-11-01 23:57:04.028  2313-2440  ActivityTaskManager     system_server                        I  Displayed com.babelstream/.MainActivity for user 0: +459ms
2025-11-01 23:57:04.033  2313-5856  CoreBackPreview         system_server                        D  Window{deae5ee u0 Splash Screen com.babelstream}: Setting back callback null
2025-11-01 23:57:04.033  2313-9477  WindowManager           system_server                        D  Starting window removed Window{deae5ee u0 Splash Screen com.babelstream}
2025-11-01 23:57:04.033  2313-9477  InputManager-JNI        system_server                        W  Input channel object 'deae5ee Splash Screen com.babelstream (client)' was disposed without first being removed with the input manager!
2025-11-01 23:57:04.067 10947-11417 HeavyPackageIdentify    com.xiaomi.joyose                    I  splitMode: false, splitPackages: null, foregroundPkg: com.babelstream
2025-11-01 23:57:04.076  2313-2454  WindowManager           system_server                        I  wms.showSurfaceRobustly mWin:Window{b2430d4 u0 com.babelstream/com.babelstream.MainActivity}
2025-11-01 23:57:04.097 15477-15477 HandWritingStubImpl     com.babelstream                      I  refreshLastKeyboardType: 1
2025-11-01 23:57:04.097 15477-15477 HandWritingStubImpl     com.babelstream                      I  getCurrentKeyboardType: 1
2025-11-01 23:57:04.098  2313-4132  ImeTracker              system_server                        I  com.babelstream:d04fa683: onRequestHide at ORIGIN_SERVER reason HIDE_UNSPECIFIED_WINDOW fromUser false
2025-11-01 23:57:04.098  2313-4132  ImeTracker              system_server                        I  com.babelstream:d04fa683: onCancelled at PHASE_SERVER_SHOULD_HIDE
2025-11-01 23:57:04.103 15477-15477 HandWritingStubImpl     com.babelstream                      I  getCurrentKeyboardType: 1
2025-11-01 23:57:04.173  2313-2453  TaskSnapshot_CInjector  system_server                        W  isTop()...current=com.babelstream/.MainActivity, topActivity=com.babelstream/.MainActivity
2025-11-01 23:57:04.190  2313-2454  WindowManager           system_server                        I  StartingWindow exit animation finished, win = Window{deae5ee u0 Splash Screen com.babelstream EXITING} remove = true
2025-11-01 23:57:04.190  2313-2454  WindowManager           system_server                        D  postWindowRemoveCleanupLocked: Removing startingWindow Window{deae5ee u0 Splash Screen com.babelstream} from ActivityRecord{95f07f2 u0 com.babelstream/.MainActivity t4132} activity = ActivityRecord{95f07f2 u0 com.babelstream/.MainActivity t4132}
2025-11-01 23:57:04.206 15477-16737 com.babelstream         com.babelstream                      I  Compiler allocated 4215KB to compile void android.widget.TextView.<init>(android.content.Context, android.util.AttributeSet, int, int)
2025-11-01 23:57:04.333 15477-15477 RenderThread            com.babelstream                      W  type=1400 audit(0.0:156817): avc:  denied  { getattr } for  path="/sys/module/metis/parameters/minor_window_app" dev="sysfs" ino=77906 scontext=u:r:untrusted_app:s0:c175,c257,c512,c768 tcontext=u:object_r:sysfs_migt:s0 tclass=file permissive=0 app=com.babelstream
2025-11-01 23:57:04.341 15477-15477 RenderThread            com.babelstream                      W  type=1400 audit(0.0:156818): avc:  denied  { getattr } for  path="/sys/module/metis/parameters/minor_window_app" dev="sysfs" ino=77906 scontext=u:r:untrusted_app:s0:c175,c257,c512,c768 tcontext=u:object_r:sysfs_migt:s0 tclass=file permissive=0 app=com.babelstream
2025-11-01 23:57:04.375 15477-16737 com.babelstream         com.babelstream                      I  Compiler allocated 5390KB to compile void android.view.ViewRootImpl.performTraversals()
2025-11-01 23:57:04.392  2313-8688  Transition              system_server                        I  finishTransition: updateLastSurfacePosition tf=Task{651b13e #4132 type=standard A=10431:com.babelstream}
