2025-11-01 23:57:04.410  4639-5596  RecentsModel            com.miui.home                        W  getRunningTask   taskInfo=TaskInfo{userId=0 taskId=4132 displayId=0 isRunning=true baseIntent=Intent { act=android.intent.action.MAIN cat=[android.intent.category.LAUNCHER] flg=0x10200000 cmp=com.babelstream/.MainActivity } baseActivity=ComponentInfo{com.babelstream/com.babelstream.MainActivity} topActivity=ComponentInfo{com.babelstream/com.babelstream.MainActivity} origActivity=null realActivity=ComponentInfo{com.babelstream/com.babelstream.MainActivity} numActivities=1 lastActiveTime=254695613 supportsSplitScreenMultiWindow=true supportsMultiWindow=true resizeMode=1 isResizeable=true minWidth=-1 minHeight=-1 defaultMinSize=200 token=WCT{android.window.IWindowContainerToken$Stub$Proxy@e011101} topActivityType=1 pictureInPictureParams=null shouldDockBigOverlays=false launchIntoPipHostTaskId=-1 lastParentTaskIdBeforePip=-1 displayCutoutSafeInsets=Rect(0, 110 - 0, 0) topActivityInfo=ActivityInfo{168bba6 com.babelstream.MainActivity} launchCookies=[] positionInParent=Point(0, 0) parentTaskId=-1 isFocused=true isVisible=true isVisibleRequested=true isSleeping=false locusId=null displayAreaFeatureId=1 isTopActivityTransparent=false appCompatTaskInfo=AppCompatTaskInfo { topActivityInSizeCompat=false topActivityInMiuiSizeCompat=false topActivityEligibleForLetterboxEducation= falseisLetterboxEducationEnabled= false isLetterboxDoubleTapEnabled= false topActivityEligibleForUserAspectRatioButton= false topActivityBoundsLetterboxed= false isFromLetterboxDoubleTap= false topActivityLetterboxVerticalPosition= -1 topActivityLetterboxHorizontalPosition= -1 topActivityLetterboxWidth=1080 topActivityLetterboxHeight=2400 isUserFullscreenOverrideEnabled=false isSystemFullscreenOverrideEnabled=false cameraCompatTaskInfo=CameraCompatTaskInfo { cameraCompatControlState=hidden freeformCameraCompatMode=inactive}} isImmersive=false mTopActivityRequestOrientation=1 mBehindAppLockPkg=null mOriginatingUid=0 isEmbedded=false shouldBeVisible=true isCreatedByOrganizer=false mIsCastMode=false mTopActivityMediaSize=null mTopActivityRecordName=ActivityRecord{95f07f2 u0 com.babelstream/.MainActivity t4132} mTopActivityOrientation=1}
2025-11-01 23:57:04.416  4639-5596  ActivityManagerWrapper  com.miui.home                        E  getRecentTasksForceIncludingTaskIdIfValid: getRecentTasks: size=12
                                                                                                     mainTaskId=4132   userId=0   windowMode=1   baseIntent=Intent { act=android.intent.action.MAIN flag=270532608 cmp=ComponentInfo{com.babelstream/com.babelstream.MainActivity} }
                                                                                                     mainTaskId=4109   userId=999   windowMode=1   baseIntent=Intent { act=null flag=872415232 cmp=ComponentInfo{com.tencent.mm/com.tencent.mm.ui.LauncherUI} }
                                                                                                     mainTaskId=4097   userId=0   windowMode=1   baseIntent=Intent { act=android.intent.action.MAIN flag=270532608 cmp=ComponentInfo{com.tencent.mm/com.tencent.mm.ui.LauncherUI} }
                                                                                                     mainTaskId=4108   userId=0   windowMode=1   baseIntent=Intent { act=android.intent.action.MAIN flag=270532608 cmp=ComponentInfo{tv.danmaku.bili/tv.danmaku.bili.MainActivityV2} }
                                                                                                     mainTaskId=4085   userId=0   windowMode=1   baseIntent=Intent { act=android.intent.action.MAIN flag=270532608 cmp=ComponentInfo{com.copymanga.app/com.copymanga.app.MainActivity} }
                                                                                                     mainTaskId=4107   userId=0   windowMode=1   baseIntent=Intent { act=android.intent.action.MAIN flag=270532608 cmp=ComponentInfo{com.android.camera/com.android.camera.Camera} }
                                                                                                     mainTaskId=4101   userId=0   windowMode=1   baseIntent=Intent { act=android.intent.action.MAIN flag=270532608 cmp=ComponentInfo{com.xunmeng.pinduoduo/com.xunmeng.pinduoduo.ui.activity.MainFrameActivity} }
                                                                                                     mainTaskId=4001   userId=0   windowMode=1   baseIntent=Intent { act=android.intent.action.MAIN flag=270532608 cmp=ComponentInfo{mark.via/mark.via.Shell} }
                                                                                                     mainTaskId=4081   userId=0   windowMode=1   baseIntent=Intent { act=android.intent.action.MAIN flag=270532608 cmp=ComponentInfo{com.clouddrive2.clouddrive2/com.clouddrive2.clouddrive2.MainActivity} }
                                                                                                     mainTaskId=4080   userId=0   windowMode=1   baseIntent=Intent { act=android.intent.action.MAIN flag=270532608 cmp=ComponentInfo{com.twitter.android/com.twitter.android.StartActivity} }
                                                                                                     mainTaskId=4007   userId=0   windowMode=1   baseIntent=Intent { act=null flag=269484032 cmp=ComponentInfo{com.xiaomi.aiasst.vision/com.xiaomi.aiasst.vision.ui.setting.ControlWindowSettingActivity} }
                                                                                                     mainTaskId=4002   userId=0   windowMode=1   baseIntent=Intent { act=android.intent.action.MAIN flag=270532608 cmp=ComponentInfo{com.android.settings/com.android.settings.MainSettings} }
2025-11-01 23:57:04.429  5031-5853  VA_ActivityUtils        com.miui.voiceassist                 D  getTopActivity packageName:ComponentInfo{com.babelstream/com.babelstream.MainActivity}
2025-11-01 23:57:04.429  5031-5853  VA_AppStateWatcher      com.miui.voiceassist                 D  currentPkgName:com.babelstream, className:com.babelstream.MainActivity, lastPkgName:com.miui.home
2025-11-01 23:57:04.430  5031-5031  VA_TopAppC...edObserver com.miui.voiceassist                 D  onAppChanged...com.babelstream
2025-11-01 23:57:04.430  5031-5031  VA__LAS_LocalAppSearch  com.miui.voiceassist                 I  onTopAppChanged: com.babelstream
2025-11-01 23:57:04.430  5031-5031  VA_HybridL...leListener com.miui.voiceassist                 I  onTopAppChanged: newApp=com.babelstream from=com.miui.home fromPkg=com.babelstream
2025-11-01 23:57:04.431  5031-5031  VA_ContextObserver      com.miui.voiceassist                 I  onForegroundAppChanged:, newApp:com.babelstream, className:com.babelstream.MainActivity, from:com.miui.home
2025-11-01 23:57:04.434  5031-16490 VA_Voicesdk:Util        com.miui.voiceassist                 D  getTopActivityNotXiaoAi componentNameComponentInfo{com.babelstream/com.babelstream.MainActivity}
2025-11-01 23:57:04.436  5031-16490 VA_Voicesdk:Util        com.miui.voiceassist                 D  componentNameComponentInfo{com.babelstream/com.babelstream.MainActivity}
2025-11-01 23:57:04.436  5031-16490 VA_ContextsUtils        com.miui.voiceassist                 I  getExternalStateContext pageName:com.babelstream.MainActivity topClass:com.babelstream.MainActivity isExistPicCard:false isMultiWindowMode:false
2025-11-01 23:57:04.448  2313-4845  ClipboardServiceI       system_server                        I  checkProviderWakePathForClipboard: com.babelstreamis not a activePermissionOwner
2025-11-01 23:57:04.462  5031-16490 VA_ContextObserver      com.miui.voiceassist                 I  uploadChangedContext:[{"header":{"name":"ExternalState","namespace":"UIController"},"payload":{"current_activity":"com.babelstream.MainActivity","current_exist_image":false,"current_interface":"com.babelstream.MainActivity","multi_window_mode":false}}, {"header":{"name":"AppDetailV1","namespace":"Application"},"payload":{"available_apps":[{"is_background":false,"pkg_name":"com.ss.android.ugc.aweme","version_code":360301,"version_name":"36.3.0"},{"is_background":true,"pkg_name":"com.miui.voiceassist","version_code":507008051,"version_name":"7.8.51.0016"},{"is_background":false,"pkg_name":"com.xiaomi.scanner","version_code":1322032446,"version_name":"15.9.41"},{"is_background":false,"pkg_name":"com.eg.android.AlipayGphone","version_code":3211,"version_name":"10.7.90.8100"},{"is_background":true,"pkg_name":"com.miui.securitycenter","version_code":40001110,"version_name":"11.1.0-250911.0.1"},{"is_background":false,"pkg_name":"com.miui.video","version_code":2025102490,"version_name":"v2025102490(MiVideo-UN)"},{"is_background":false,"pkg_name":"com.zhihu.android","version_code":27114,"version_name":"10.71.0"},{"is_background":true,"pkg_name":"com.tencent.mm","version_code":2940,"version_name":"8.0.64"},{"is_background":false,"pkg_name":"com.xunmeng.pinduoduo","version_code":78100,"version_name":"7.81.0"},{"is_background":true,"pkg_name":"com.tencent.mobileqq","version_code":11820,"version_name":"9.2.25"},{"is_background":true,"pkg_name":"com.xiaomi.market","version_code":40006140,"version_name":"4.105.0"},{"is_background":true,"pkg_name":"com.miui.notes","version_code":1319,"version_name":"1.3.1.9"},{"is_background":true,"pkg_name":"com.xiaomi.aireco","version_code":101017002,"version_name":"1.17.2.5hh9"},{"is_background":true,"pkg_name":"com.android.camera","version_code":610004800,"version_name":"6.1.000480.0"},{"is_background":false,"pkg_name":"cmb.pb","version_code":1321,"version_name":"13.2.0"},{"is_background":true,"pkg_name":"tv.danmaku.bili","version_code":8680200,"version_name":"8.68.0"},{"is_background":true,"pkg_name":"com.mi.health","version_code":347005,"version_name":"3.47.5"},{"is_background":false,"pkg_name":"com.taobao.taobao","version_code":812,"version_name":"10.54.0"},{"is_background":true,"pkg_name":"com.miui.gallery","version_code":528800,"version_name":"4.2.13.0"},{"is_background":true,"pkg_name":"com.android.settings","version_code":35,"version_name":"15"},{"is_background":false,"pkg_name":"com.jingdong.app.mall","version_code":101721,"version_name":"15.2.60"},{"category":"drivemode","is_background":false,"pkg_name":"com.xiaomi.drivemode","version_code":-1,"version_name":"PACKAGE_NOT_INSTALLED"},{"category":"MUSIC","is_background":false,"pkg_name":"smart","version_code":0,"version_name":"PACKAGE_NOT_INSTALLED"},{"category":"MUSIC","is_background":false,"pkg_name":"com.miui.player","version_code":4340002,"version_name":"4.34.0.2"},{"category":"MUSIC","is_background":true,"pkg_name":"com.tencent.qqmusic","version_code":6558,"version_name":"14.9.5.8"},{"category":"MUSIC","is_background":false,"pkg_name":"com.netease.cloudmusic","version_code":9003000,"version_name":"9.3.0"},{"category":"STATION","is_background":false,"pkg_name":"com.luojilab.player","version_code":20250429,"version_name":"12.13.0"},{"category":"MAP","is_background":false,"pkg_name":"com.baidu.BaiduMap","version_code":1550,"version_name":"21.8.0"},{"category":"FOOD","is_background":false,"pkg_name":"com.sankuai.meituan","version_code":1200450203,"version_name":"12.45.203"},{"category":"QUICK_APP","framework_version":1310,"is_background":true,"pkg_name":"com.miui.hybrid","version_code":13100001,"version_name":"1.31.0.0"},{"app_name":"BabelStream","is_background":false,"pkg_name":"com.babelstream","version_code":9,"version_name":"1.08"},{"category":"deskclock","is_background":true,"pkg_name":"com.android.deskclock","version_code":1304005100,"version_name":"16.51.0"},{"category":"ai_translation","is_background":true,"pkg_name":"com.xiaomi.aiasst.vision","version_code":540060140,"version_name":"5
2025-11-01 23:57:04.665  2313-4109  InputDispatcher         system_server                        W  channel b2430d4 com.babelstream/com.babelstream.MainActivity (server)~ dropping inconsistent event: DispatchEntry{resolvedFlags=0, targetFlags=0x0, transform=transform (ROT_0) (SCALE )
                                                                                                        0.7500  -0.0000  0.0000
                                                                                                        -0.0000  0.7500  0.0000
                                                                                                        0.0000  0.0000  1.0000
                                                                                                    } original: MotionEvent(action=HOVER_EXIT)
2025-11-01 23:57:04.667  2313-4109  MIUIInput               system_server                        I  [MotionEvent] publisher action=0x0, deviceId=-1, 236220958, channel 'b2430d4 com.babelstream/com.babelstream.MainActivity (server)'
2025-11-01 23:57:04.669 15477-15477 MIUIInput               com.babelstream                      I  [MotionEvent] ViewRootImpl windowName 'com.babelstream/com.babelstream.MainActivity', { action=ACTION_DOWN, id[0]=0, pointerCount=1, eventTime=236220958, downTime=236220958, phoneEventTime=23:57:04.665 } moveCount:0
2025-11-01 23:57:04.775  2313-4109  MIUIInput               system_server                        I  [MotionEvent] publisher action=0x1, deviceId=-1, 236221068, channel 'b2430d4 com.babelstream/com.babelstream.MainActivity (server)'
2025-11-01 23:57:04.777 15477-15477 MIUIInput               com.babelstream                      I  [MotionEvent] ViewRootImpl windowName 'com.babelstream/com.babelstream.MainActivity', { action=ACTION_UP, id[0]=0, pointerCount=1, eventTime=236221068, downTime=236220958, phoneEventTime=23:57:04.775 } moveCount:0
2025-11-01 23:57:04.778  2313-5856  ActivityManager         system_server                        I  Background started FGS: Allowed [callingPackage: com.babelstream; callingUid: 10431; uidState: TOP ; uidBFSL: [BFSL]; intent: Intent { act=com.babelstream.RECOGNITION_START cmp=com.babelstream/.RecognitionService }; code:PROC_STATE_TOP; tempAllowListReason:<null>; targetSdkVersion:34; callerTargetSdkVersion:34; startForegroundCount:0; bindFromPackage:null: isBindService:false]
2025-11-01 23:57:04.782 15477-15477 RecognitionService      com.babelstream                      I  onCreate
2025-11-01 23:57:04.782 15477-15477 RecognitionService      com.babelstream                      I  ACTION_STATUS: RecognitionService onCreate
2025-11-01 23:57:04.788 15477-15477 RecognitionService      com.babelstream                      I  startPipeline: useMic=true, cfgSampleRate=16000, model=gummy-realtime-v1, wsEndpoint=
2025-11-01 23:57:04.789 15477-15477 AudioManager            com.babelstream                      D  getMode: mode=0, callApp=com.babelstream
2025-11-01 23:57:04.789  2313-8688  AS.AudioService         system_server                        V  setMode(mode=3, pid=15477, uid=10431, caller=com.babelstream)
2025-11-01 23:57:04.789 15477-15477 RecognitionService      com.babelstream                      I  micMuted(before)=false, audioMode=0
2025-11-01 23:57:04.791 15477-15477 RecognitionService      com.babelstream                      I  micPrivacyBlocked=false
2025-11-01 23:57:04.795 15477-15477 AudioRecordStub         com.babelstream                      D  AudioRecordStub() create
2025-11-01 23:57:04.795 15477-15477 AudioRecordImpl         com.babelstream                      I  initAudioRecordImpl()
2025-11-01 23:57:04.795 15477-15477 AudioRecord             com.babelstream                      D  set(): inputSource 7, sampleRate 48000, format 0x1, channelMask 0x10, frameCount 4096, notificationFrames 0, sessionId 0, transferType 0, flags 0, attributionSource AttributionSourceState{pid: 15477, uid: 10431, deviceId: 0, packageName: com.babelstream, attributionTag: (null), token: binder:0xb400007b840f1030, renouncedPermissions: [], next: []}uid -1, pid -1
2025-11-01 23:57:04.872  1910-4416  APM_AudioPolicyManager  audioserver                          D  getInputForAttr AudioPlayBackCapture not supported, appName: com.babelstream
2025-11-01 23:57:04.872  1910-4416  AudioPolicyManagerImpl  audioserver                          D  binder call: getPackageName com.babelstream for uid 10431
2025-11-01 23:57:04.882  2313-4310  AudioServiceStubImpl    system_server                        D  onUpdateAudioMode audiomode 3 package:com.babelstream
2025-11-01 23:57:04.882 15477-15477 xlog_client             com.babelstream                      V  xlog_check_permission event name audio_track_message level 0
2025-11-01 23:57:04.882 15477-15477 AudioCaptureManager     com.babelstream                      I  AudioRecord initialized: source=7, sampleRate=48000, buffer=8192
2025-11-01 23:57:04.882 15477-15477 AudioCaptureManager     com.babelstream                      I  AudioRecord source selected: 7, sr=48000
2025-11-01 23:57:04.882 15477-15477 EpFrameworkFactory      com.babelstream                      W  activated: false jar exist: false
2025-11-01 23:57:04.883 15477-15477 AudioRecord             com.babelstream                      I  start mSessionID=9353 start(2522): sync event 0 trigger session 0  packageName: com.babelstream
2025-11-01 23:57:04.884  1910-4419  MiAudioPolicyManager    audioserver                          D  getPackageName: com.babelstream  uid 10431
2025-11-01 23:57:04.884  1910-16788 AudioFlingerImpl        audioserver                          D  checkForGameParameter_l() set events appname=+com.babelstream
2025-11-01 23:57:04.884  1584-1627  AHAL: AudioStream       android.hardware.audio.service_64    D  astream_in_set_parameters: 2049: Enter: appname=+com.babelstream
2025-11-01 23:57:04.884  1584-1627  AHAL: AudioStreamCustom android.hardware.audio.service_64    D  SetParameters: 892: Enter: kvpairs is appname=+com.babelstream
2025-11-01 23:57:04.884  1584-1627  AHAL: AudioStreamCustom android.hardware.audio.service_64    D  SetParameters: 963: [hal_apptype] SetParameters(), in: set app name +com.babelstream [37, 0x1 0x1]
2025-11-01 23:57:04.884  1584-1627  AHAL: AudioStream       android.hardware.audio.service_64    D  SetParameters: 6352: enter: kvpairs: appname=+com.babelstream
2025-11-01 23:57:04.885  8522-10456 MIUISafety-Monitor      com.miui.securitycenter.remote       W  sync com.babelstream,userId:0,op:27,active:true,isNote:false,isTerminal:false,notify:true
2025-11-01 23:57:04.885  1910-4419  APM_AudioPolicyManager  audioserver                          D  startInput input:2662, session:9353, portId:2522, appname com.babelstream, uid 10431)
2025-11-01 23:57:04.888 15477-15477 EpFrameworkFactory      com.babelstream                      W  activated: false jar exist: false
2025-11-01 23:57:04.893 15477-15477 AudioCaptureManager     com.babelstream                      I  Routed device: type=15, name=23116PN5BC
2025-11-01 23:57:04.893 15477-15477 AudioCaptureManager     com.babelstream                      I  Resampling mic from 48000 to 16000
2025-11-01 23:57:04.893 15477-15477 AudioCaptureManager     com.babelstream                      I  Recording started
2025-11-01 23:57:04.893 15477-15477 RecognitionService      com.babelstream                      I  startPipeline: captureStarted=true, useMic=true
2025-11-01 23:57:04.894 15477-15477 RecognitionService      com.babelstream                      I  ACTION_STATUS: 麦克风采集已启动: 48000Hz
2025-11-01 23:57:04.894 15477-15477 RecognitionService      com.babelstream                      I  startPipeline: creating recognizer
2025-11-01 23:57:04.894 15477-15477 NativeNui_JAVA          com.babelstream                      I  load library neonui
2025-11-01 23:57:04.917 15477-15477 nativeloader            com.babelstream                      D  Load /data/app/~~gXXT-w-DP86lP6l5H7COOw==/com.babelstream-CmMDFW1ftSsB8e1S0Auh5g==/base.apk!/lib/arm64-v8a/libneonuijni_public.so using ns clns-7 from class loader (caller=/data/app/~~gXXT-w-DP86lP6l5H7COOw==/com.babelstream-CmMDFW1ftSsB8e1S0Auh5g==/base.apk): ok
2025-11-01 23:57:04.917 15477-15477 iDST::NativeNui:2341    com.babelstream                      I  register_native_method
2025-11-01 23:57:04.917 15477-15477 TEST                    com.babelstream                      I  register_native_method2
2025-11-01 23:57:04.917 15477-15477 iDST::NativeNui:124     com.babelstream                      V  init_jni enter
2025-11-01 23:57:04.917 15477-15477 iDST::NativeNui:194     com.babelstream                      V  init_jni exit
2025-11-01 23:57:04.917 15477-15477 iDST::NativeNui:2112    com.babelstream                      V  tts_init_jni enter
2025-11-01 23:57:04.917 15477-15477 iDST::NativeNui:2135    com.babelstream                      V  tts init_jni exit
2025-11-01 23:57:04.917 15477-15477 iDST::NativeNui:2139    com.babelstream                      V  stream_input_tts_init_jni enter
2025-11-01 23:57:04.917 15477-15477 iDST::NativeNui:2166    com.babelstream                      V  stream_input_tts init_jni exit
2025-11-01 23:57:04.917 15477-15477 NativeNui_JAVA          com.babelstream                      I  load library succeeded
2025-11-01 23:57:04.917 15477-15477 NativeNui_JAVA          com.babelstream                      I  load library done
2025-11-01 23:57:04.917 15477-15477 iDST::Nui:31            com.babelstream                      V  new NuiImpl
2025-11-01 23:57:04.917 15477-15477 iDST::Auth:9            com.babelstream                      V  construct ...
2025-11-01 23:57:04.917 15477-15477 iDST::NThread:67        com.babelstream                      V  thread abs_handler_thread start
2025-11-01 23:57:04.917 15477-16806 iDST::EasyLooper:148    com.babelstream                      D  RebuildEpollLocked: open epoll_fd_ 205
2025-11-01 23:57:04.917 15477-15477 iDST::NUISDK:60         com.babelstream                      D  new NuiAbsLayer(0xb400007d141a19f0) done in NuiSdk(0xb400007c14107a90)
2025-11-01 23:57:04.917 15477-15477 iDST::NativeNui:620     com.babelstream                      I  new nuisdk 0xb400007c14107a90
2025-11-01 23:57:04.917 15477-16806 iDST::NuiAbsLayer:2472  com.babelstream                      I  NuiAbsLayer[0xb400007d141a19f0] abs layer init
2025-11-01 23:57:04.917 15477-16806 iDST::NuiAbsLayer:2474  com.babelstream                      I  NuiAbsLayer[0xb400007d141a19f0] abs layer init done.
2025-11-01 23:57:04.917 15477-15477 NativeNui_JAVA          com.babelstream                      I  nui handle = -5476376613969954160
2025-11-01 23:57:04.918 15477-15477 RecognitionService      com.babelstream                      I  status=初始化SDK...
2025-11-01 23:57:04.918 15477-15477 RecognitionService      com.babelstream                      I  ACTION_STATUS: 初始化SDK...
2025-11-01 23:57:04.919 15477-15477 CommonUtils             com.babelstream                      D  service_mode: 1
2025-11-01 23:57:04.919 15477-15477 iDST::NativeNui:639     com.babelstream                      V  native_init 0xb400007c14107a90 ->
2025-11-01 23:57:04.919 15477-15477 iDST::NativeNui:642     com.babelstream                      V  native_init 0xb400007c14107a90 locked ->
2025-11-01 23:57:04.919 15477-15477 iDST::NativeNui:684     com.babelstream                      D  log_track_callback handler:0x7a905675e8 in jni.
2025-11-01 23:57:04.919 15477-15477 iDST::NativeNui:692     com.babelstream                      I  sync init
2025-11-01 23:57:04.919 15477-15477 iDST::Utils:150         com.babelstream                      V  TextUtils::GetVersion major 2 middle 7 minor 0
2025-11-01 23:57:04.919 15477-15477 iDST::Utils:165         com.babelstream                      V  TextUtils::GetVersion is V2.7.0-039-20251010
2025-11-01 23:57:04.919 15477-15477 iDST::NUISDK:212        com.babelstream                      I  NUI SDK VER <V2.7.0-039-20251010> DATE <Oct 10 2025>
2025-11-01 23:57:04.919 15477-15477 iDST::NUISDK:214        com.babelstream                      I  NUI GIT SHA [sha1]:1306a4b [author]:shichen.fsc [time]:2025-10-10 10:47:49 +0800 [commit]:[V2.6.9] StreaminputTTS supports audio decoder of MP3. [branch]: (HEAD -> release/2.7.x/baseline, origin/release/2.7.x/baseline)
2025-11-01 23:57:04.919 15477-15477 iDST::Utils:204         com.babelstream                      V  TextUtils::GetAppCode is 039
2025-11-01 23:57:04.919 15477-15477 iDST::NUISDK:217        com.babelstream                      I  NUI PRODUCT NAME <dash_nls_wakeup_tts_openssl> APP CODE <039>
2025-11-01 23:57:04.919 15477-15477 iDST::NUISDK:218        com.babelstream                      I  log level 0(0:VERBOSE, 4:ERROR)
2025-11-01 23:57:04.919 15477-15477 iDST::NUISDK:270        com.babelstream                      I  sync invoke
2025-11-01 23:57:04.919 15477-15477 iDST::NUISDK:130        com.babelstream                      W  cannot find workspace in params
2025-11-01 23:57:04.919 15477-15477 iDST::NUISDK:131        com.babelstream                      I  add KEY[service_mode] as VALUE[1]
2025-11-01 23:57:04.919 15477-15477 iDST::NUISDK:133        com.babelstream                      W  cannot find service_protocol in params
2025-11-01 23:57:04.919 15477-15477 iDST::NUISDK:89         com.babelstream                      I  Empty workspace can be ignored
2025-11-01 23:57:04.919 15477-15477 iDST::NUISDK:139        com.babelstream                      W  cannot find debug_path in params
2025-11-01 23:57:04.919 15477-15477 iDST::NUISDK:140        com.babelstream                      I  add KEY[url] as VALUE[wss://dashscope.aliyuncs.com/api-ws/v1/inference]
2025-11-01 23:57:04.919 15477-15477 iDST::NUISDK:150        com.babelstream                      I  add KEY[apikey] as VALUE[sk-5430dc5d8799428e8d44ccd475650140]
2025-11-01 23:57:04.919 15477-15477 iDST::NUISDK:159        com.babelstream                      W  cannot find custom_header_param in params
2025-11-01 23:57:04.919 15477-15477 iDST::NUISDK:160        com.babelstream                      W  cannot find custom_header_key in params
2025-11-01 23:57:04.919 15477-15477 iDST::NUISDK:161        com.babelstream                      W  cannot find debug_wwv in params
2025-11-01 23:57:04.919 15477-15477 iDST::NUISDK:162        com.babelstream                      W  cannot find sdk_code in params
2025-11-01 23:57:04.919 15477-15477 iDST::NUISDK:163        com.babelstream                      I  add KEY[hardware_info] as VALUE[{"manufacturer":"Xiaomi","brand":"Xiaomi","model":"23116PN5BC","product":"shennong","hardware":"qcom"}]
2025-11-01 23:57:04.919 15477-15477 iDST::NUISDK:168        com.babelstream                      I  add KEY[device_id] as VALUE[c9f480378d37a5c0]
2025-11-01 23:57:04.919 15477-15477 iDST::NUISDK:173        com.babelstream                      W  cannot find env in params
2025-11-01 23:57:04.919 15477-15477 iDST::NUISDK:174        com.babelstream                      W  cannot find audio_update_manually in params
2025-11-01 23:57:04.919 15477-15477 iDST::NUISDK:175        com.babelstream                      W  cannot find enable_wwv in params
2025-11-01 23:57:04.919 15477-15477 iDST::NUISDK:176        com.babelstream                      W  cannot find partial_asr_timeout in params
2025-11-01 23:57:04.919 15477-15477 iDST::NUISDK:177        com.babelstream                      W  cannot find asr_timeout in params
2025-11-01 23:57:04.919 15477-15477 iDST::NUISDK:178        com.babelstream                      W  cannot find dialog_timeout in params
2025-11-01 23:57:04.919 15477-15477 iDST::NUISDK:179        com.babelstream                      W  cannot find connection_timeout in params
2025-11-01 23:57:04.919 15477-15477 iDST::NUISDK:180        com.babelstream                      W  cannot find want_orig_result in params
2025-11-01 23:57:04.919 15477-15477 iDST::NUISDK:181        com.babelstream                      W  cannot find enable_dialog in params
2025-11-01 23:57:04.919 15477-15477 iDST::NUISDK:182        com.babelstream                      W  cannot find enable_recorder_by_user in params
2025-11-01 23:57:04.919 15477-15477 iDST::NUISDK:183        com.babelstream                      W  cannot find save_wav in params
2025-11-01 23:57:04.919 15477-15477 iDST::NUISDK:184        com.babelstream                      W  cannot find sample_rate in params
2025-11-01 23:57:04.919 15477-15477 iDST::NUISDK:185        com.babelstream                      W  cannot find sr_format in params
2025-11-01 23:57:04.919 15477-15477 iDST::NUISDK:186        com.babelstream                      W  cannot find upgrade_file in params
2025-11-01 23:57:04.919 15477-15477 iDST::NUISDK:187        com.babelstream                      W  cannot find auth_host in params
2025-11-01 23:57:04.919 15477-15477 iDST::NUISDK:188        com.babelstream                      W  cannot find auth_url in params
2025-11-01 23:57:04.919 15477-15477 iDST::NUISDK:189        com.babelstream                      W  cannot find fun_mode in params
2025-11-01 23:57:04.919 15477-15477 iDST::NUISDK:190        com.babelstream                      W  cannot find stop_wait_time_ms in params
2025-11-01 23:57:04.919 15477-15477 iDST::NUISDK:192        com.babelstream                      W  cannot find Joker in params
2025-11-01 23:57:04.919 15477-15477 iDST::NUISDK:194        com.babelstream                      W  cannot find stash_partial_result in params
2025-11-01 23:57:04.919 15477-15477 iDST::NUISDK:196        com.babelstream                      W  cannot find log_track_level in params
2025-11-01 23:57:04.919 15477-15477 iDST::NUISDK:198        com.babelstream                      W  cannot find kws_params in params
2025-11-01 23:57:04.919 15477-15477 iDST::NUISDK:200        com.babelstream                      W  cannot find enable_event_tracker in params
2025-11-01 23:57:04.919 15477-15477 iDST::NuiAbsLayer:2689  com.babelstream                      I  send message 2:MSG_API_INIT
2025-11-01 23:57:04.920 15477-16806 iDST::NuiAbsLayer:2484  com.babelstream                      I  NuiAbsLayer[0xb400007d141a19f0] api init start ...
2025-11-01 23:57:04.920 15477-16806 iDST::NuiAbsLayer:2650  com.babelstream                      I  cannot find sdk_code, insert default ().
2025-11-01 23:57:04.920 15477-16806 iDST::NuiAbsLayer:2650  com.babelstream                      I  cannot find save_wav, insert default ().
2025-11-01 23:57:04.920 15477-16806 iDST::NuiAbsLayer:2650  com.babelstream                      I  cannot find debug_path, insert default ().
2025-11-01 23:57:04.920 15477-16806 iDST::NuiAbsLayer:2650  com.babelstream                      I  cannot find env, insert default ().
2025-11-01 23:57:04.920 15477-16806 iDST::NuiAbsLayer:2650  com.babelstream                      I  cannot find keep_alive, insert default ().
2025-11-01 23:57:04.920 15477-16806 iDST::NuiAbsLayer:2650  com.babelstream                      I  cannot find audio_update_manually, insert default ().
2025-11-01 23:57:04.920 15477-16806 iDST::NuiAbsLayer:2650  com.babelstream                      I  cannot find enable_wwv, insert default ().
2025-11-01 23:57:04.920 15477-16806 iDST::NuiAbsLayer:2650  com.babelstream                      I  cannot find partial_asr_timeout, insert default ().
2025-11-01 23:57:04.920 15477-16806 iDST::NuiAbsLayer:2650  com.babelstream                      I  cannot find asr_timeout, insert default ().
2025-11-01 23:57:04.920 15477-16806 iDST::NuiAbsLayer:2650  com.babelstream                      I  cannot find dialog_timeout, insert default ().
2025-11-01 23:57:04.920 15477-16806 iDST::NuiAbsLayer:2650  com.babelstream                      I  cannot find connection_timeout, insert default ().
2025-11-01 23:57:04.920 15477-16806 iDST::NuiAbsLayer:2650  com.babelstream                      I  cannot find stop_wait_time_ms, insert default ().
2025-11-01 23:57:04.920 15477-16806 iDST::NuiAbsLayer:2650  com.babelstream                      I  cannot find debug_wwv, insert default ().
2025-11-01 23:57:04.920 15477-16806 iDST::NuiAbsLayer:2650  com.babelstream                      I  cannot find want_orig_result, insert default ().
2025-11-01 23:57:04.920 15477-16806 iDST::NuiAbsLayer:2650  com.babelstream                      I  cannot find enable_dialog, insert default ().
2025-11-01 23:57:04.920 15477-16806 iDST::NuiAbsLayer:2650  com.babelstream                      I  cannot find enable_recorder_by_user, insert default ().
2025-11-01 23:57:04.920 15477-16806 iDST::NuiAbsLayer:2650  com.babelstream                      I  cannot find sample_rate, insert default ().
2025-11-01 23:57:04.920 15477-16806 iDST::NuiAbsLayer:2650  com.babelstream                      I  cannot find sr_format, insert default ().
2025-11-01 23:57:04.920 15477-16806 iDST::NuiAbsLayer:2650  com.babelstream                      I  cannot find upgrade_file, insert default ().
2025-11-01 23:57:04.920 15477-16806 iDST::NuiAbsLayer:2650  com.babelstream                      I  cannot find kws_params, insert default ().
2025-11-01 23:57:04.920 15477-16806 iDST::NuiAbsLayer:2650  com.babelstream                      I  cannot find fun_mode, insert default ().
2025-11-01 23:57:04.920 15477-16806 iDST::NuiAbsLayer:2650  com.babelstream                      I  cannot find enable_event_tracker, insert default ().
2025-11-01 23:57:04.920 15477-16806 iDST::NuiAbsLayer:1271  com.babelstream                      W  workspace is null
2025-11-01 23:57:04.920 15477-16806 iDST::NuiAbsLayer:2671  com.babelstream                      I  cannot find max_log_file_size, insert default ().
2025-11-01 23:57:04.920 15477-16806 iDST::NuiAbsLayer:2650  com.babelstream                      I  cannot find log_track_level, insert default ().
2025-11-01 23:57:04.920 15477-16806 iDST::NuiAbsLayer:1341  com.babelstream                      I  log level is 0 and max log file size is 104857600bytes, log track level is 5.
2025-11-01 23:57:04.920 15477-16806 iDST::NuiAbsLayer:1406  com.babelstream                      I  service mode(1) with no need for auth register...
2025-11-01 23:57:04.920 15477-16806 iDST::File...Manager:55 com.babelstream                      I  Initialize
2025-11-01 23:57:04.920 15477-16806 iDST::NThread:67        com.babelstream                      V  thread file_trans_manager_thread start
2025-11-01 23:57:04.924 15477-16807 iDST::EasyLooper:148    com.babelstream                      D  RebuildEpollLocked: open epoll_fd_ 208
2025-11-01 23:57:04.924 15477-16806 iDST::File...Manager:96 com.babelstream                      V  RegisterFileTransListener
2025-11-01 23:57:04.924 15477-16806 iDST::File...anager:102 com.babelstream                      V  SetParams {"apikey":"sk-5430dc5d8799428e8d44ccd475650140","device_id":"c9f480378d37a5c0","url":"wss://dashscope.aliyuncs.com/api-ws/v1/inference"}
2025-11-01 23:57:04.924 15477-16806 iDST::FileTransConfig:1 com.babelstream                      I  add KEY[url] as VALUE[wss://dashscope.aliyuncs.com/api-ws/v1/inference]
2025-11-01 23:57:04.924 15477-16806 iDST::FileTransConfig:2 com.babelstream                      W  cannot find app_key in params
2025-11-01 23:57:04.924 15477-16806 iDST::FileTransConfig:3 com.babelstream                      W  cannot find token in params
2025-11-01 23:57:04.924 15477-16806 iDST::FileTransConfig:5 com.babelstream                      I  add KEY[apikey] as VALUE[sk-5430dc5d8799428e8d44ccd475650140]
2025-11-01 23:57:04.924 15477-16806 iDST::FileTransConfig:8 com.babelstream                      W  cannot find direct_ip in params
2025-11-01 23:57:04.924 15477-16806 iDST::File...sConfig:10 com.babelstream                      W  cannot find file_path in params
2025-11-01 23:57:04.924 15477-16806 iDST::File...sConfig:11 com.babelstream                      W  cannot find audio_address in params
2025-11-01 23:57:04.924 15477-16806 iDST::File...sConfig:12 com.babelstream                      I  add KEY[device_id] as VALUE[c9f480378d37a5c0]
2025-11-01 23:57:04.924 15477-16806 iDST::File...sConfig:14 com.babelstream                      W  cannot find async_request in params
2025-11-01 23:57:04.924 15477-16806 iDST::File...sConfig:15 com.babelstream                      W  cannot find service_protocol in params
2025-11-01 23:57:04.924 15477-16806 iDST::File...sConfig:16 com.babelstream                      W  cannot find enable_event_tracker in params
2025-11-01 23:57:04.924 15477-16806 iDST::File...sConfig:19 com.babelstream                      W  cannot find file_urls in params
2025-11-01 23:57:04.924 15477-16806 iDST::File...sConfig:96 com.babelstream                      I  add KEY[ service_protocol ] as VALUE[1]
2025-11-01 23:57:04.924 15477-16806 iDST::File...Config:138 com.babelstream                      I  parsed params {"apikey":"sk-5430dc5d8799428e8d44ccd475650140","device_id":"c9f480378d37a5c0","url":"wss://dashscope.aliyuncs.com/api-ws/v1/inference"}
2025-11-01 23:57:04.924 15477-16806 iDST::NuiAbsLayer:1473  com.babelstream                      I  debug set to false(save logs), save_wav to false.
2025-11-01 23:57:04.924 15477-16806 iDST::NuiAbsLayer:1485  com.babelstream                      W  ignore nui_json!!!
2025-11-01 23:57:04.924 15477-16806 iDST::NuiAbsLayer:1499  com.babelstream                      I  USE JSON PATH ()
2025-11-01 23:57:04.924 15477-16806 iDST::NuiConfig:1046    com.babelstream                      E  () cannot read or not exists
2025-11-01 23:57:04.924 15477-16806 iDST::NuiConfig:1087    com.babelstream                      W  no assets_version !!!
2025-11-01 23:57:04.924 15477-16806 iDST::NuiConfig:1090    com.babelstream                      I   use default assets_version 1.1.20190902
2025-11-01 23:57:04.924 15477-16806 iDST::NuiConfig:1100    com.babelstream                      W  no wwv_timeout_main config
2025-11-01 23:57:04.924 15477-16806 iDST::NuiConfig:1107    com.babelstream                      W  no wwv_timeout_oneshot config
2025-11-01 23:57:04.924 15477-16806 iDST::NuiConfig:1118    com.babelstream                      W  cannot find enable_save_waves! use default enable_save_waves false.
2025-11-01 23:57:04.924 15477-16806 iDST::NuiConfig:1130    com.babelstream                      W  cannot find enable_save_logs! use default enable_save_logs false.
2025-11-01 23:57:04.924 15477-16806 iDST::NuiConfig:1139    com.babelstream                      W  cannot find enable_always_cloud_vad! use default false
2025-11-01 23:57:04.924 15477-16806 iDST::NuiConfig:1149    com.babelstream                      W  cannot find enable wwv! use default enable_wwv true
2025-11-01 23:57:04.924 15477-16806 iDST::NuiConfig:1159    com.babelstream                      W  cannot find debug_wwv! use default debug_wwv false
2025-11-01 23:57:04.924 15477-16806 iDST::NuiConfig:1171    com.babelstream                      I   use default enable_dialog false
2025-11-01 23:57:04.924 15477-16806 iDST::NuiConfig:1184    com.babelstream                      W  cannot find debug_sr! use default debug_sr false
2025-11-01 23:57:04.924 15477-16806 iDST::NuiConfig:1193    com.babelstream                      W  cannot find enable_profile! use default false
2025-11-01 23:57:04.924 15477-16806 iDST::NuiConfig:1202    com.babelstream                      W  cannot find enable_recorder_by_user! use default true
2025-11-01 23:57:04.924 15477-16806 iDST::NuiConfig:1211    com.babelstream                      W  cannot find enable_recorder_to_user! use default false
2025-11-01 23:57:04.924 15477-16806 iDST::NuiConfig:1239    com.babelstream                      W  cannot find enable_nui_bp! use default false
2025-11-01 23:57:04.924 15477-16806 iDST::NuiConfig:1248    com.babelstream                      W  cannot find enable_player_to_user! use default true
2025-11-01 23:57:04.924 15477-16806 iDST::NuiConfig:1258    com.babelstream                      W  cannot find enable_callback_recording! use default true
2025-11-01 23:57:04.924 15477-16806 iDST::NuiConfig:1274    com.babelstream                      W  cannot find device!
2025-11-01 23:57:04.924 15477-16806 iDST::NuiConfig:1290    com.babelstream                      W  cannot find device_model from config
2025-11-01 23:57:04.924 15477-16806 iDST::NuiConfig:1306    com.babelstream                      W  cannot find device_brand from config
2025-11-01 23:57:04.924 15477-16806 iDST::NuiConfig:1322    com.babelstream                      W  cannot find device_type! set empty device_type.
2025-11-01 23:57:04.924 15477-16806 iDST::NuiConfig:1338    com.babelstream                      W  cannot find device_imei! set empty device_imei.
2025-11-01 23:57:04.924 15477-16806 iDST::NuiConfig:1352    com.babelstream                      W  cannot find user! set empty location.
2025-11-01 23:57:04.924 15477-16806 iDST::NuiConfig:1368    com.babelstream                      W  cannot find user_version! set empty user_version.
2025-11-01 23:57:04.924 15477-16806 iDST::NuiConfig:1411    com.babelstream                      W  cannot find ServiceMode! use default ServiceMode kModeAsrCloud.
2025-11-01 23:57:04.924 15477-16806 iDST::NuiConfig:1435    com.babelstream                      W  cannot find TtsMode! use default TtsMode kModeTtsCloud.
2025-11-01 23:57:04.924 15477-16806 iDST::NuiConfig:1467    com.babelstream                      W  cannot find log_level! use default log_level kLogLevelVerbose.
2025-11-01 23:57:04.924 15477-16806 iDST::NuiConfig:1533    com.babelstream                      I   use recorder_save and player_save false.
2025-11-01 23:57:04.924 15477-16806 iDST::NuiConfig:1602    com.babelstream                      W  cannot find enable_update_audio! use default enable_update_audio true.
2025-11-01 23:57:04.924 15477-16806 iDST::NuiConfig:1616    com.babelstream                      W  cannot find init_timeout! use default init_timeout 20s.
2025-11-01 23:57:04.924 15477-16806 iDST::NuiConfig:670     com.babelstream                      W  set empty workspace
2025-11-01 23:57:04.924 15477-16806 iDST::NuiAbsLayer:2650  com.babelstream                      I  cannot find stash_partial_result, insert default ().
2025-11-01 23:57:04.924 15477-16806 iDST::NuiAbsLayer:1521  com.babelstream                      I  enable send asr_partial_result from SentenceEnd stash_result.
2025-11-01 23:57:04.924 15477-16806 iDST::NuiAbsLayer:1524  com.babelstream                      I  enable recorder by user 
2025-11-01 23:57:04.924 15477-16806 iDST::NuiAbsLayer:1585  com.babelstream                      I  service mode is 1
2025-11-01 23:57:04.924 15477-16806 iDST::NuiAbsLayer:1593  com.babelstream                      I  service protocol is 1
2025-11-01 23:57:04.924 15477-16806 iDST::NuiConfig:263     com.babelstream                      W  workspace is empty
2025-11-01 23:57:04.924 15477-16806 iDST::NuiConfig:272     com.babelstream                      W  workspace cannot read
2025-11-01 23:57:04.924 15477-16806 iDST::Nui:136           com.babelstream                      I  Nui Initialize with version V2.7.0-039-20251010
2025-11-01 23:57:04.924 15477-16806 iDST::Nui:137           com.babelstream                      I  Nui Git SHA [sha1]:1306a4b [author]:shichen.fsc [time]:2025-10-10 10:47:49 +0800 [commit]:[V2.6.9] StreaminputTTS supports audio decoder of MP3. [branch]: (HEAD -> release/2.7.x/baseline, origin/release/2.7.x/baseline)
2025-11-01 23:57:04.924 15477-16806 iDST::NUI_IMPL:61       com.babelstream                      W  config is missing, ignore this warning.
2025-11-01 23:57:04.924 15477-16806 iDST::NUI_IMPL:71       com.babelstream                      I  load nui json path with ()
2025-11-01 23:57:04.924 15477-16806 iDST::AUDIO_CONFIG:721  com.babelstream                      I  () cannot read or not exists, use default.
2025-11-01 23:57:04.924 15477-16806 iDST::NUI_IMPL:108      com.babelstream                      D  parse nls config ...
2025-11-01 23:57:04.924 15477-16806 iDST::NlsConfig:94      com.babelstream                      E  () cannot read or not exists.
2025-11-01 23:57:04.924 15477-16806 iDST::NlsConfig:62      com.babelstream                      I  nls config get_enable_stash_partial_result true
2025-11-01 23:57:04.924 15477-16806 iDST::NUI_IMPL:147      com.babelstream                      I  device_id=c9f480378d37a5c0, enable stash partial result=true
2025-11-01 23:57:04.924 15477-16806 iDST::NlsConfig:3       com.babelstream                      D  nls config get_debug_level 4
2025-11-01 23:57:04.924 15477-16806 iDST::NUI_IMPL:160      com.babelstream                      I  set nls debug level to 4
2025-11-01 23:57:04.924 15477-16806 iDST::NlsConfig:4       com.babelstream                      W  nls config get_debug_path is nullptr
2025-11-01 23:57:04.924 15477-16806 iDST::NUI_IMPL:169      com.babelstream                      I  do not save nls log to file
2025-11-01 23:57:04.924 15477-16806 iDST::NlsConfig:3       com.babelstream                      D  nls config get_debug_level 4
2025-11-01 23:57:04.925 15477-16806 iDST::NUI_IMPL:173      com.babelstream                      I  NLS Client init done
2025-11-01 23:57:04.925 15477-16806 iDST::Utils:204         com.babelstream                      V  TextUtils::GetAppCode is 039
2025-11-01 23:57:04.925 15477-16806 iDST::EtEasyMgr:25      com.babelstream                      I  New EtEasyMgr ...
2025-11-01 23:57:04.925 15477-16806 iDST::Utils:204         com.babelstream                      V  TextUtils::GetAppCode is 039
2025-11-01 23:57:04.925 15477-16806 iDST::EtEasyMgr:25      com.babelstream                      I  New EtEasyMgr ...
2025-11-01 23:57:04.925 15477-16806 iDST::Utils:204         com.babelstream                      V  TextUtils::GetAppCode is 039
2025-11-01 23:57:04.925 15477-16806 iDST::EtEasyMgr:25      com.babelstream                      I  New EtEasyMgr ...
2025-11-01 23:57:04.925 15477-16806 iDST::Dial...ineImpl:46 com.babelstream                      I  DialogEngineImpl::DialogEngineImpl
2025-11-01 23:57:04.925 15477-16806 iDST::Dial...neImpl:147 com.babelstream                      I  DialogEngineImpl::Initialize
2025-11-01 23:57:04.925 15477-16806 iDST::Dial...neImpl:175 com.babelstream                      I  dialog engine use mode=1(0:FullMix,1:FullCloud,2:FullLocal,3:AsrMix,4:AsrCloud,5:AsrLocal), service protocol=1(0:NLS,1:DashScope).
2025-11-01 23:57:04.925 15477-16806 iDST::Dial...neImpl:187 com.babelstream                      I  asr engine set save path to 
2025-11-01 23:57:04.925 15477-16806 iDST::NlsConfig:5       com.babelstream                      D  nls config get_url wss://dashscope.aliyuncs.com/api-ws/v1/inference
2025-11-01 23:57:04.925 15477-16806 iDST::NlsConfig:10      com.babelstream                      D  nls config get_apikey sk-54
2025-11-01 23:57:04.925 15477-16806 iDST::NThread:67        com.babelstream                      V  thread dialog_event_callback start
2025-11-01 23:57:04.925 15477-16814 iDST::EasyLooper:148    com.babelstream                      D  RebuildEpollLocked: open epoll_fd_ 210
2025-11-01 23:57:04.925 15477-16806 iDST::AsrEngine:575     com.babelstream                      I  do_wwv(false) do_bp(false) service_mode(1) enable_dialog(false) callback_recording(true)
2025-11-01 23:57:04.926  1584-16790 android.ha...service_64 android.hardware.audio.service_64    D  send_sound_recorder_data_to_xlog: msg input_device__type: mobile mic, recorder_app_name: com.babelstream
2025-11-01 23:57:04.926 15477-16806 iDST::NThread:67        com.babelstream                      V  thread asr_thread start
2025-11-01 23:57:04.926  1584-16790 xlog_client             android.hardware.audio.service_64    D  _xlog_write_flat_msg: send msg {"name":"sound_recorder","audio_event":{"input_device_type":"mobile mic","recorder_app_name":"com.babelstream"},"dgt":"null","audio_ext":"null" }
2025-11-01 23:57:04.926 15477-16816 iDST::EasyLooper:148    com.babelstream                      D  RebuildEpollLocked: open epoll_fd_ 212
2025-11-01 23:57:04.926 15477-16806 iDST::AsrEngine:615     com.babelstream                      I  save path is empty disable nuisdk log
2025-11-01 23:57:04.926 15477-16806 iDST::AsrEngine:647     com.babelstream                      I  enable update audio data to cei.
2025-11-01 23:57:04.926 15477-16806 iDST::AsrEngine:684     com.babelstream                      D  select recorder config index 0 for internal.
2025-11-01 23:57:04.926 15477-16806 iDST::AsrEngine:705     com.babelstream                      W  audio looper is inexisted.
2025-11-01 23:57:04.926 15477-16806 iDST::AsrEngine:719     com.babelstream                      D  nui init timeout:20 secs
2025-11-01 23:57:04.926 15477-16816 iDST::AsrE...ndler:1600 com.babelstream                      D  HandleMessage[ASR INIT]
2025-11-01 23:57:04.926 15477-16816 iDST::AsrE...andler:621 com.babelstream                      I  cei init with file path  save path 
2025-11-01 23:57:04.926 15477-16816 iDST::AsrE...andler:641 com.babelstream                      I  set debug level to 3(0:Error, 1:Warning, 2:Info, 3:Verbose)
2025-11-01 23:57:04.926 15477-16816 iDST::AsrE...andler:643 com.babelstream                      I  set fun mode to 0x11111111
2025-11-01 23:57:04.926 15477-16816 iDST::AsrCeiIf:229      com.babelstream                      I  Initialize
2025-11-01 23:57:04.926 15477-16816 iDST::NThread:67        com.babelstream                      V  thread cei_callback_thread start
2025-11-01 23:57:04.926 15477-16817 iDST::EasyLooper:148    com.babelstream                      D  RebuildEpollLocked: open epoll_fd_ 214
