2025-11-02 00:16:47.731 17607-17607 iDST::NUISDK:458        com.babelstream                      I  [Key Events] nui_dialog_cancel force:false
2025-11-02 00:16:47.731 17607-17607 iDST::NUISDK:460        com.babelstream                      I  sync invoke
2025-11-02 00:16:47.731  2313-9481  xlog_client             system_server                        V   xlog_send_java  JNI test, msg is {"name":"recording_parameters","audio_event":{"device_name":"mic", "packg_name":"com.babelstream", "record_source":"VOICE_COMMUNICATION", "record_encoding":"2", "record_channel_num":"1", "record_sample_rate":"11025", "record_time_during":"2"},"dgt":"null","audio_ext":"null"}
2025-11-02 00:16:47.731 17607-17607 iDST::NuiAbsLayer:2689  com.babelstream                      I  send message 7:MSG_API_STOP
2025-11-02 00:16:47.731 17607-19495 iDST::NuiAbsLayer:2321  com.babelstream                      E  cancel dialog with nui not init
2025-11-02 00:16:47.731 17607-19495 iDST::NuiAbsLayer:2524  com.babelstream                      I  NuiAbsLayer[0xb400007d141bc3b0] api stop ret 240011
2025-11-02 00:16:47.731 17607-19495 iDST::NuiAbsLayer:2551  com.babelstream                      I  sync call or api async callback is nullptr skip. msg:7/MSG_API_STOP.
2025-11-02 00:16:47.731 17607-17607 iDST::NUISDK:470        com.babelstream                      I  nui_dialog_cancel result:240011
2025-11-02 00:16:47.731 17607-17607 NativeNui_JAVA          com.babelstream                      I  release NUI ->
2025-11-02 00:16:47.731 17607-17607 iDST::NativeNui:728     com.babelstream                      I  start release
2025-11-02 00:16:47.731 17607-17607 iDST::NativeNui:730     com.babelstream                      I  sync release
2025-11-02 00:16:47.731 17607-17607 iDST::NUISDK:337        com.babelstream                      I  sync invoke
2025-11-02 00:16:47.731 17607-17607 iDST::NuiAbsLayer:2689  com.babelstream                      I  send message 3:MSG_API_RELEASE
2025-11-02 00:16:47.731 17607-19495 iDST::NuiAbsLayer:2489  com.babelstream                      I  NuiAbsLayer[0xb400007d141bc3b0] api release start ...
2025-11-02 00:16:47.731 17607-19495 iDST::File...Manager:64 com.babelstream                      I  Release
2025-11-02 00:16:47.731 17607-19495 iDST::File...Manager:67 com.babelstream                      E  SDK not initialized
2025-11-02 00:16:47.731 17607-19495 iDST::NuiAbsLayer:1790  com.babelstream                      E  release but nui is not init
2025-11-02 00:16:47.732 17607-19495 iDST::NuiAbsLayer:2491  com.babelstream                      I  NuiAbsLayer[0xb400007d141bc3b0] api release ret 240011
2025-11-02 00:16:47.732 17607-19495 iDST::NuiAbsLayer:2551  com.babelstream                      I  sync call or api async callback is nullptr skip. msg:3/MSG_API_RELEASE.
2025-11-02 00:16:47.732 17607-17607 iDST::NUISDK:343        com.babelstream                      I  nui_release result:240011
2025-11-02 00:16:47.732 17607-17607 iDST::NativeNui:736     com.babelstream                      I  nui release done
2025-11-02 00:16:47.732 17607-17607 iDST::NUISDK:337        com.babelstream                      I  sync invoke
2025-11-02 00:16:47.732 17607-17607 iDST::NuiAbsLayer:2689  com.babelstream                      I  send message 3:MSG_API_RELEASE
2025-11-02 00:16:47.732 17607-19495 iDST::NuiAbsLayer:2489  com.babelstream                      I  NuiAbsLayer[0xb400007d141bc3b0] api release start ...
2025-11-02 00:16:47.732 17607-19495 iDST::File...Manager:64 com.babelstream                      I  Release
2025-11-02 00:16:47.732 17607-19495 iDST::File...Manager:67 com.babelstream                      E  SDK not initialized
2025-11-02 00:16:47.732 17607-19495 iDST::NuiAbsLayer:1790  com.babelstream                      E  release but nui is not init
2025-11-02 00:16:47.732 17607-19495 iDST::NuiAbsLayer:2491  com.babelstream                      I  NuiAbsLayer[0xb400007d141bc3b0] api release ret 240011
2025-11-02 00:16:47.732 17607-19495 iDST::NuiAbsLayer:2551  com.babelstream                      I  sync call or api async callback is nullptr skip. msg:3/MSG_API_RELEASE.
2025-11-02 00:16:47.732 17607-17607 iDST::NUISDK:343        com.babelstream                      I  nui_release result:240011
2025-11-02 00:16:47.732 17607-17607 iDST::NUISDK:67         com.babelstream                      D  delete NuiAbsLayer(0xb400007d141bc3b0) in ~NuiSdk [begin]
2025-11-02 00:16:47.732 17607-17607 iDST::NuiAbsLayer:2593  com.babelstream                      I  NuiAbsLayer is destructing ...
2025-11-02 00:16:47.732 17607-17607 iDST::NuiAbsLayer:2604  com.babelstream                      I  wait abs thread exit
2025-11-02 00:16:47.732 17607-19495 iDST::NuiAbsLayer:2478  com.babelstream                      I  NuiAbsLayer[0xb400007d141bc3b0] request abs thread exit
2025-11-02 00:16:47.732 17607-19495 iDST::NuiAbsLayer:2480  com.babelstream                      I  NuiAbsLayer[0xb400007d141bc3b0] request abs thread exit done.
2025-11-02 00:16:47.732 17607-17607 iDST::NuiAbsLayer:2606  com.babelstream                      I  wait abs thread exit done
2025-11-02 00:16:47.732 17607-17607 iDST::NuiAbsLayer:2611  com.babelstream                      I  NuiAbsLayer destruct done.
2025-11-02 00:16:47.732 17607-17607 [LOG]                   com.babelstream                      D  Log Release begin(0x7a8d616e94) ...
2025-11-02 00:16:47.732 17607-17607 [LOG]                   com.babelstream                      D  Log Release begin(0x7a8d618068) ...
2025-11-02 00:16:47.732 17607-17607 iDST::Auth:14           com.babelstream                      V  destruct ...
2025-11-02 00:16:47.732 17607-17607 iDST::auth impl:45      com.babelstream                      V  destruct ...
2025-11-02 00:16:47.732 17607-17607 iDST::auth impl:761     com.babelstream                      V  stop loop ...
2025-11-02 00:16:47.732 17607-17607 iDST::auth impl:771     com.babelstream                      V  stop done
2025-11-02 00:16:47.732 17607-17607 iDST::EasyLooper:66     com.babelstream                      I  destory EasyLooper
2025-11-02 00:16:47.732 17607-17607 iDST::EasyLooper:74     com.babelstream                      I  destory EasyLooper: close epoll_fd_ 199
2025-11-02 00:16:47.732 17607-17607 iDST::NThread:27        com.babelstream                      I  nthread join
2025-11-02 00:16:47.732 17607-17607 iDST::File...Manager:64 com.babelstream                      I  Release
2025-11-02 00:16:47.732 17607-17607 iDST::File...Manager:67 com.babelstream                      E  SDK not initialized
2025-11-02 00:16:47.732 17607-17607 iDST::NThread:27        com.babelstream                      I  nthread join
2025-11-02 00:16:47.732 17607-17607 iDST::Nui:35            com.babelstream                      I  Nui is destructing ...
2025-11-02 00:16:47.732 17607-17607 iDST::NUISDK:69         com.babelstream                      D  delete NuiAbsLayer in ~NuiSdk [done]
2025-11-02 00:16:47.733 17607-17607 iDST::NativeNui:746     com.babelstream                      I  native_release exit
2025-11-02 00:16:47.733 17607-17607 RecognitionService      com.babelstream                      I  status=识别已停止
2025-11-02 00:16:47.735 17607-17607 RecognitionService      com.babelstream                      I  ACTION_STATUS: 识别已停止
2025-11-02 00:16:47.735  2313-9480  AS.AudioService         system_server                        V  setMode(mode=0, pid=17607, uid=10431, caller=com.babelstream)
2025-11-02 00:16:47.736  2313-5858  ActivityManager         system_server                        I  Cancel FGS notification userId: 0 definingUid: 10431 packageName: com.babelstream processName:com.babelstream ChannelId:recognition_channel foregroundNotiWhen:1762013789038 Notiflags:98
2025-11-02 00:16:47.736  2313-2313  NotificationService     system_server                        I  Cancel FGS notification CallingUid: 10431 CallingPid: 17607 Pkg: com.babelstream Id:2 Tag:null UserId:0 MustHaveFlags:0 MustNotHaveFlags:0 Reason:8 foregroundNotiWhen:1762013789038 foregroundNotiFlags:98 foregroundNotiChannelId:recognition_channel
2025-11-02 00:16:47.737  1726-1726  vendor.qti...dl-service ven...re.servicetrackeraidl-service  I  destroyService is called for service : com.babelstream/.RecognitionService
2025-11-02 00:16:47.740 17607-17607 Choreographer           com.babelstream                      I  Skipped 43 frames!  The application may be doing too much work on its main thread.
2025-11-02 00:16:47.743  2793-2891  misight_perf            misight                              E   [902001003, com.babelstream, 17607, doframe latency due to msg]
2025-11-02 00:16:47.746  5110-5110  HideDelete...Controller com.android.systemui                 D  onNotificationRemoved 8 0|com.babelstream|2|null|10431
2025-11-02 00:16:47.747  5110-6626  Notificati...iderPublic com.android.systemui                 D  call method=canShowFocus extras=Bundle[{package=com.babelstream}] uid=$s
2025-11-02 00:16:47.747  5110-6626  DatabaseUtils           com.android.systemui                 E  Writing exception to parcel (Ask Gemini)
                                                                                                    java.lang.SecurityException: Package com.babelstream is not owned by uid 10281
                                                                                                    	at com.android.systemui.statusbar.notification.NotificationProviderPublic.call(go/retraceme 30683299122b2655f1793582b37c2c86310d813fe556c12dae2f66b99447f4d9:83)
                                                                                                    	at android.content.ContentProvider.call(ContentProvider.java:2736)
                                                                                                    	at android.content.ContentProvider$Transport.call(ContentProvider.java:639)
                                                                                                    	at android.content.ContentProviderNative.onTransact(ContentProviderNative.java:310)
                                                                                                    	at android.os.Binder.execTransactInternal(Binder.java:1507)
                                                                                                    	at android.os.Binder.execTransact(Binder.java:1451)
2025-11-02 00:16:47.747  2313-9480  PerfShielderService     system_server                        D  com.babelstream|com.babelstream/com.babelstream.MainActivity|101|237403689075321|25|5|8
2025-11-02 00:16:47.747  5110-6626  NotificationProvider    com.android.systemui                 D  call method=canShowFocus extras=Bundle[{package=com.babelstream}]
2025-11-02 00:16:47.747  9743-11525 FOCUS_NOTI...9743_11525 com.mi.health                        I  content://statusbar.notification/canShowFocus packageName = com.babelstream hasFocusPermission  =true
2025-11-02 00:16:47.747  9743-11525 FOCUS_NOTI...9743_11525 com.mi.health                        I   packageName = com.babelstream hasFocusPermission  =true
2025-11-02 00:16:47.748  9743-11525 NotifySync...9743_11525 com.mi.health                        I  onNotificationRemoved appID:com.babelstream uid:2 key:0|com.babelstream|2|null|10431  reason:REASON_APP_CANCEL
2025-11-02 00:16:47.748  8192-8314  MiuiPerfServiceClient   com.miui.daemon                      W  interceptAndQueuing:17607|com.babelstream|101|25|237403689075321|Slow issue draw commands|8
2025-11-02 00:16:47.771 17607-19191 RenderInspector         com.babelstream                      W  DequeueBuffer time out on com.babelstream/com.babelstream.MainActivity, count=10, avg=8 ms, max=12 ms.
2025-11-02 00:16:47.810  2313-4310  AudioServiceStubImpl    system_server                        D  onUpdateAudioMode audiomode 0 package:com.babelstream
2025-11-02 00:16:47.960  6629-6629  SpaceNotif...ionService com.miui.securitycore.remote         D  onNotificationPosted pkgname:com.babelstream userId:0 currentUserId:0 isFloat: false
2025-11-02 00:16:47.966  9743-11525 NotifySync...9743_11525 com.mi.health                        I  onNotificationPosted Id:2147483647 key:0|com.babelstream|2147483647|ranker_group|10431|ranker_group PackageName:com.babelstream IsOngoing:true PostTime:1762013768488 currentDeviceModel.connected: true
2025-11-02 00:16:48.171  5110-5110  MiuiBubbleSettings      com.android.systemui                 I  com.babelstream 0isAppEnableBubbleNotification: false
2025-11-02 00:16:48.254  4639-5241  Launcher.A...onsMessage com.miui.home                        I  update com.babelstream/ to null
