2025-11-02 00:34:54.622 19215-23069 RecognitionService      com.babelstream                      I  level=17
2025-11-02 00:34:54.668 19215-22935 RenderInspector         com.babelstream                      W  DequeueBuffer time out on com.babelstream/com.babelstream.MainActivity, count=5, avg=7 ms, max=10 ms.
2025-11-02 00:34:54.817  2313-10330 PerfShielderService     system_server                        D  com.babelstream|com.babelstream/com.babelstream.MainActivity|76|238491033166625|31|5|5
2025-11-02 00:34:54.819  8192-10084 MiuiPerfServiceClient   com.miui.daemon                      W  interceptAndQueuing:19215|com.babelstream|76|31|238491033166625|Slow issue draw commands|5
2025-11-02 00:34:54.842 19215-22935 RenderInspector         com.babelstream                      W  DequeueBuffer time out on com.babelstream/com.babelstream.MainActivity, count=5, avg=11 ms, max=13 ms.
2025-11-02 00:34:55.084 19215-22935 RenderInspector         com.babelstream                      W  DequeueBuffer time out on com.babelstream/com.babelstream.MainActivity, count=4, avg=7 ms, max=9 ms.
2025-11-02 00:34:55.446 19215-22935 RenderInspector         com.babelstream                      W  DequeueBuffer time out on com.babelstream/com.babelstream.MainActivity, count=6, avg=9 ms, max=13 ms.
2025-11-02 00:34:55.558 19215-23069 AudioCaptureManager     com.babelstream                      I  level=18
2025-11-02 00:34:55.584 19215-22935 RenderInspector         com.babelstream                      W  DequeueBuffer time out on com.babelstream/com.babelstream.MainActivity, count=4, avg=9 ms, max=11 ms.
2025-11-02 00:34:55.744 19215-23069 RecognitionService      com.babelstream                      I  level=17
2025-11-02 00:34:55.789 19215-22935 RenderInspector         com.babelstream                      W  DequeueBuffer time out on com.babelstream/com.babelstream.MainActivity, count=5, avg=9 ms, max=13 ms.
2025-11-02 00:34:56.284 19215-22935 RenderInspector         com.babelstream                      W  DequeueBuffer time out on com.babelstream/com.babelstream.MainActivity, count=4, avg=8 ms, max=10 ms.
2025-11-02 00:34:56.577 19215-23069 AudioCaptureManager     com.babelstream                      I  level=18
2025-11-02 00:34:56.614 19215-22935 RenderInspector         com.babelstream                      W  DequeueBuffer time out on com.babelstream/com.babelstream.MainActivity, count=1, avg=8 ms, max=8 ms.
2025-11-02 00:34:56.839 19215-23069 RecognitionService      com.babelstream                      I  level=16
2025-11-02 00:34:56.850  2313-8688  PerfShielderService     system_server                        D  com.babelstream|com.babelstream/com.babelstream.MainActivity|69|238493081198916|26|5|5
2025-11-02 00:34:56.851  8192-10084 MiuiPerfServiceClient   com.miui.daemon                      W  interceptAndQueuing:19215|com.babelstream|69|26|238493081198916|Slow issue draw commands|5
2025-11-02 00:34:56.874 19215-22935 RenderInspector         com.babelstream                      W  DequeueBuffer time out on com.babelstream/com.babelstream.MainActivity, count=5, avg=9 ms, max=11 ms.
2025-11-02 00:34:57.057 19215-22935 RenderInspector         com.babelstream                      W  DequeueBuffer time out on com.babelstream/com.babelstream.MainActivity, count=2, avg=11 ms, max=12 ms.
2025-11-02 00:34:57.114 19215-22935 RenderInspector         com.babelstream                      W  DequeueBuffer time out on com.babelstream/com.babelstream.MainActivity, count=1, avg=11 ms, max=11 ms.
2025-11-02 00:34:57.221 19215-22935 RenderInspector         com.babelstream                      W  DequeueBuffer time out on com.babelstream/com.babelstream.MainActivity, count=2, avg=8 ms, max=8 ms.
2025-11-02 00:34:57.378  2313-8688  PerfShielderService     system_server                        D  com.babelstream|com.babelstream/com.babelstream.MainActivity|74|238493585647614|25|5|6
2025-11-02 00:34:57.379  8192-10084 MiuiPerfServiceClient   com.miui.daemon                      W  interceptAndQueuing:19215|com.babelstream|74|25|238493585647614|Slow issue draw commands|6
2025-11-02 00:34:57.541  2313-8688  PerfShielderService     system_server                        D  com.babelstream|com.babelstream/com.babelstream.MainActivity|73|238493767972301|28|5|5
2025-11-02 00:34:57.542  8192-10084 MiuiPerfServiceClient   com.miui.daemon                      W  interceptAndQueuing:19215|com.babelstream|73|28|238493767972301|Slow issue draw commands|5
2025-11-02 00:34:57.617 19215-23069 AudioCaptureManager     com.babelstream                      I  level=15
2025-11-02 00:34:57.802  2313-8688  PerfShielderService     system_server                        D  com.babelstream|com.babelstream/com.babelstream.MainActivity|182|238494026885999|29|5|15
2025-11-02 00:34:57.803  8192-10084 MiuiPerfServiceClient   com.miui.daemon                      W  interceptAndQueuing:19215|com.babelstream|182|29|238494026885999|Slow issue draw commands|15
2025-11-02 00:34:57.829 19215-22935 RenderInspector         com.babelstream                      W  DequeueBuffer time out on com.babelstream/com.babelstream.MainActivity, count=33, avg=8 ms, max=15 ms.
2025-11-02 00:34:57.873 19215-22935 RenderInspector         com.babelstream                      W  DequeueBuffer time out on com.babelstream/com.babelstream.MainActivity, count=1, avg=10 ms, max=10 ms.
2025-11-02 00:34:57.959 19215-23069 RecognitionService      com.babelstream                      I  level=17
2025-11-02 00:34:58.338  2313-4109  InputDispatcher         system_server                        W  channel 2bfcdb3 com.babelstream/com.babelstream.MainActivity (server)~ dropping inconsistent event: DispatchEntry{resolvedFlags=0, targetFlags=0x0, transform=transform (ROT_0) (SCALE )
                                                                                                        0.7500  -0.0000  0.0000
                                                                                                        -0.0000  0.7500  0.0000
                                                                                                        0.0000  0.0000  1.0000
                                                                                                    } original: MotionEvent(action=HOVER_EXIT)
2025-11-02 00:34:58.347  2313-4109  MIUIInput               system_server                        I  [MotionEvent] publisher action=0x0, deviceId=-1, 238494635, channel '2bfcdb3 com.babelstream/com.babelstream.MainActivity (server)'
2025-11-02 00:34:58.350 19215-19215 MIUIInput               com.babelstream                      I  [MotionEvent] ViewRootImpl windowName 'com.babelstream/com.babelstream.MainActivity', { action=ACTION_DOWN, id[0]=0, pointerCount=1, eventTime=238494635, downTime=238494635, phoneEventTime=00:34:58.342 } moveCount:0
2025-11-02 00:34:58.453  2313-4109  MIUIInput               system_server                        I  [MotionEvent] publisher action=0x1, deviceId=-1, 238494743, channel '2bfcdb3 com.babelstream/com.babelstream.MainActivity (server)'
2025-11-02 00:34:58.455 19215-19215 MIUIInput               com.babelstream                      I  [MotionEvent] ViewRootImpl windowName 'com.babelstream/com.babelstream.MainActivity', { action=ACTION_UP, id[0]=0, pointerCount=1, eventTime=238494743, downTime=238494635, phoneEventTime=00:34:58.450 } moveCount:0
2025-11-02 00:34:58.539 19215-19215 AudioRecord             com.babelstream                      I  stop mSessionID=9545, packageName: com.babelstream
2025-11-02 00:34:58.539 19215-19215 AudioRecord             com.babelstream                      D  stop(2590): mActive:1
2025-11-02 00:34:58.629  8522-10456 MIUISafety-Monitor      com.miui.securitycenter.remote       W  sync com.babelstream,userId:0,op:27,active:false,isNote:false,isTerminal:false,notify:true
2025-11-02 00:34:58.636  1910-23259 AudioFlingerImpl        audioserver                          D  checkForGameParameter_l() set events appname=-com.babelstream
2025-11-02 00:34:58.636  1584-12763 AHAL: AudioStream       android.hardware.audio.service_64    D  astream_in_set_parameters: 2049: Enter: appname=-com.babelstream
2025-11-02 00:34:58.636  1584-12763 AHAL: AudioStreamCustom android.hardware.audio.service_64    D  SetParameters: 892: Enter: kvpairs is appname=-com.babelstream
2025-11-02 00:34:58.636  1584-12763 AHAL: AudioStreamCustom android.hardware.audio.service_64    D  SetParameters: 963: [hal_apptype] SetParameters(), in: set app name -com.babelstream [42, 0x1 0x0]
2025-11-02 00:34:58.636  1584-12763 AHAL: AudioStream       android.hardware.audio.service_64    D  SetParameters: 6352: enter: kvpairs: appname=-com.babelstream
2025-11-02 00:34:58.637 19215-19215 AudioRecord             com.babelstream                      I  stop mSessionID=9545, packageName: com.babelstream
2025-11-02 00:34:58.637 19215-19215 AudioRecord             com.babelstream                      D  stop(2590): mActive:0
2025-11-02 00:34:58.637  2313-8688  MediaFunctionStubImpl   system_server                        D  report record event.{"name":"recording_parameters","audio_event":{"device_name":"mic", "packg_name":"com.babelstream", "record_source":"MIC", "record_encoding":"2", "record_channel_num":"1", "record_sample_rate":"48000", "record_time_during":"5"},"dgt":"null","audio_ext":"null"}
2025-11-02 00:34:58.637 19215-19215 AudioRecord             com.babelstream                      I  stop mSessionID=9545, packageName: com.babelstream
2025-11-02 00:34:58.637 19215-19215 AudioRecord             com.babelstream                      D  stop(2590): mActive:0
2025-11-02 00:34:58.638  2313-8688  xlog_client             system_server                        V   xlog_send_java  JNI test, msg is {"name":"recording_parameters","audio_event":{"device_name":"mic", "packg_name":"com.babelstream", "record_source":"MIC", "record_encoding":"2", "record_channel_num":"1", "record_sample_rate":"48000", "record_time_during":"5"},"dgt":"null","audio_ext":"null"}
2025-11-02 00:34:58.640 19215-19215 AudioRecordStub         com.babelstream                      D  ~AudioRecordStub() destroy
2025-11-02 00:34:58.640 19215-19215 AudioCaptureManager     com.babelstream                      I  Recording stopped
2025-11-02 00:34:58.641  2313-8688  AS.AudioService         system_server                        V  setMode(mode=0, pid=19215, uid=10431, caller=com.babelstream)
2025-11-02 00:34:58.642  2313-10042 ActivityManager         system_server                        I  Cancel FGS notification userId: 0 definingUid: 10431 packageName: com.babelstream processName:com.babelstream ChannelId:recognition_channel foregroundNotiWhen:1762014864776 Notiflags:98
2025-11-02 00:34:58.642  2313-2313  NotificationService     system_server                        I  Cancel FGS notification CallingUid: 10431 CallingPid: 19215 Pkg: com.babelstream Id:2 Tag:null UserId:0 MustHaveFlags:0 MustNotHaveFlags:0 Reason:8 foregroundNotiWhen:1762014864776 foregroundNotiFlags:98 foregroundNotiChannelId:recognition_channel
2025-11-02 00:34:58.643  1726-1726  vendor.qti...dl-service ven...re.servicetrackeraidl-service  I  destroyService is called for service : com.babelstream/.RecognitionService
2025-11-02 00:34:58.651  5110-6572  Notificati...iderPublic com.android.systemui                 D  call method=canShowFocus extras=Bundle[{package=com.babelstream}] uid=$s
2025-11-02 00:34:58.651  5110-6572  DatabaseUtils           com.android.systemui                 E  Writing exception to parcel (Ask Gemini)
                                                                                                    java.lang.SecurityException: Package com.babelstream is not owned by uid 10281
                                                                                                    	at com.android.systemui.statusbar.notification.NotificationProviderPublic.call(go/retraceme 30683299122b2655f1793582b37c2c86310d813fe556c12dae2f66b99447f4d9:83)
                                                                                                    	at android.content.ContentProvider.call(ContentProvider.java:2736)
                                                                                                    	at android.content.ContentProvider$Transport.call(ContentProvider.java:639)
                                                                                                    	at android.content.ContentProviderNative.onTransact(ContentProviderNative.java:310)
                                                                                                    	at android.os.Binder.execTransactInternal(Binder.java:1507)
                                                                                                    	at android.os.Binder.execTransact(Binder.java:1451)
2025-11-02 00:34:58.652  5110-5110  HideDelete...Controller com.android.systemui                 D  onNotificationRemoved 8 0|com.babelstream|2|null|10431
2025-11-02 00:34:58.652  5110-6572  NotificationProvider    com.android.systemui                 D  call method=canShowFocus extras=Bundle[{package=com.babelstream}]
2025-11-02 00:34:58.652  9743-11525 FOCUS_NOTI...9743_11525 com.mi.health                        I  content://statusbar.notification/canShowFocus packageName = com.babelstream hasFocusPermission  =true
2025-11-02 00:34:58.652  9743-11525 FOCUS_NOTI...9743_11525 com.mi.health                        I   packageName = com.babelstream hasFocusPermission  =true
2025-11-02 00:34:58.652  9743-11525 NotifySync...9743_11525 com.mi.health                        I  onNotificationRemoved appID:com.babelstream uid:2 key:0|com.babelstream|2|null|10431  reason:REASON_APP_CANCEL
2025-11-02 00:34:58.723  2313-4310  AudioServiceStubImpl    system_server                        D  onUpdateAudioMode audiomode 0 package:com.babelstream
2025-11-02 00:34:58.862  6629-6629  SpaceNotif...ionService com.miui.securitycore.remote         D  onNotificationPosted pkgname:com.babelstream userId:0 currentUserId:0 isFloat: false
2025-11-02 00:34:58.862  9743-11525 NotifySync...9743_11525 com.mi.health                        I  onNotificationPosted Id:2147483647 key:0|com.babelstream|2147483647|ranker_group|10431|ranker_group PackageName:com.babelstream IsOngoing:true PostTime:1762014865861 currentDeviceModel.connected: true
2025-11-02 00:34:59.082  5110-5110  MiuiBubbleSettings      com.android.systemui                 I  com.babelstream 0isAppEnableBubbleNotification: false
2025-11-02 00:34:59.156  4639-5241  Launcher.A...onsMessage com.miui.home                        I  update com.babelstream/ to null
2025-11-02 00:34:59.305  2313-5859  PerfShielderService     system_server                        D  com.babelstream|com.babelstream/com.babelstream.MainActivity|181|238494941398916|181|0|1
2025-11-02 00:34:59.306  8192-10084 MiuiPerfServiceClient   com.miui.daemon                      W  interceptAndQueuing:19215|com.babelstream|181|181|238494941398916|Slow main thread|1
2025-11-02 00:34:59.389 19215-19215 MiInputConsumer         com.babelstream                      I  optimized resample latency: 2180577 ns
2025-11-02 00:34:59.447 19215-22935 RenderInspector         com.babelstream                      W  DequeueBuffer time out on com.babelstream/com.babelstream.MainActivity, count=4, avg=8 ms, max=9 ms.
2025-11-02 00:35:03.925 22343-22343 Taplus.Tex...ionService com.miui.contentextension            I  stopSelfProcess ComponentInfo{com.babelstream/com.babelstream.MainActivity}