2025-11-02 00:34:26.371  5110-5110  AlertCoordinator        com.android.systemui                 D  onViewBound, buzzBeep for 0|com.babelstream|2147483647|ranker_group|10431|ranker_group
2025-11-02 00:34:27.142 19215-23069 AudioCaptureManager     com.babelstream                      I  level=61
2025-11-02 00:34:27.157 19215-22935 RenderInspector         com.babelstream                      W  DequeueBuffer time out on com.babelstream/com.babelstream.MainActivity, count=1, avg=9 ms, max=9 ms.
2025-11-02 00:34:27.325 19215-23069 RecognitionService      com.babelstream                      I  level=53
2025-11-02 00:34:27.332  2313-4845  PerfShielderService     system_server                        D  com.babelstream|com.babelstream/com.babelstream.MainActivity|89|238463568477678|30|5|6
2025-11-02 00:34:27.332  8192-8314  MiuiPerfServiceClient   com.miui.daemon                      W  interceptAndQueuing:19215|com.babelstream|89|30|238463568477678|Slow issue draw commands|6
2025-11-02 00:34:27.364 19215-22935 RenderInspector         com.babelstream                      W  DequeueBuffer time out on com.babelstream/com.babelstream.MainActivity, count=6, avg=13 ms, max=14 ms.
2025-11-02 00:34:27.500  2313-9399  PerfShielderService     system_server                        D  com.babelstream|com.babelstream/com.babelstream.MainActivity|78|238463732454813|32|5|5
2025-11-02 00:34:27.501  8192-8314  MiuiPerfServiceClient   com.miui.daemon                      W  interceptAndQueuing:19215|com.babelstream|78|32|238463732454813|Slow issue draw commands|5
2025-11-02 00:34:27.683  2313-9399  PerfShielderService     system_server                        D  com.babelstream|com.babelstream/com.babelstream.MainActivity|80|238463900705073|30|5|5
2025-11-02 00:34:27.684  8192-8314  MiuiPerfServiceClient   com.miui.daemon                      W  interceptAndQueuing:19215|com.babelstream|80|30|238463900705073|Slow issue draw commands|5
2025-11-02 00:34:27.854 19215-22935 RenderInspector         com.babelstream                      W  DequeueBuffer time out on com.babelstream/com.babelstream.MainActivity, count=23, avg=9 ms, max=16 ms.
2025-11-02 00:34:28.106  2313-10042 PerfShielderService     system_server                        D  com.babelstream|com.babelstream/com.babelstream.MainActivity|82|238464086159969|26|5|6
2025-11-02 00:34:28.107  8192-8314  MiuiPerfServiceClient   com.miui.daemon                      W  interceptAndQueuing:19215|com.babelstream|82|26|238464086159969|Slow issue draw commands|6
2025-11-02 00:34:28.126 19215-22935 RenderInspector         com.babelstream                      W  DequeueBuffer time out on com.babelstream/com.babelstream.MainActivity, count=14, avg=9 ms, max=11 ms.
2025-11-02 00:34:28.161 19215-23069 AudioCaptureManager     com.babelstream                      I  level=36
2025-11-02 00:34:28.297  2313-10042 PerfShielderService     system_server                        D  com.babelstream|com.babelstream/com.babelstream.MainActivity|71|238464499260958|31|5|5
2025-11-02 00:34:28.299  8192-8314  MiuiPerfServiceClient   com.miui.daemon                      W  interceptAndQueuing:19215|com.babelstream|71|31|238464499260958|Slow issue draw commands|5
2025-11-02 00:34:28.431 19215-23069 RecognitionService      com.babelstream                      I  level=35
2025-11-02 00:34:28.633  2313-10042 PerfShielderService     system_server                        D  com.babelstream|com.babelstream/com.babelstream.MainActivity|83|238464686089604|27|5|7
2025-11-02 00:34:28.634  2313-9399  PerfShielderService     system_server                        D  com.babelstream|com.babelstream/com.babelstream.MainActivity|95|238464848377573|33|5|6
2025-11-02 00:34:28.635  8192-8314  MiuiPerfServiceClient   com.miui.daemon                      W  interceptAndQueuing:19215|com.babelstream|83|27|238464686089604|Slow issue draw commands|7
2025-11-02 00:34:28.636  8192-8314  MiuiPerfServiceClient   com.miui.daemon                      W  interceptAndQueuing:19215|com.babelstream|95|33|238464848377573|Slow issue draw commands|6
2025-11-02 00:34:28.858 19215-22935 RenderInspector         com.babelstream                      W  DequeueBuffer time out on com.babelstream/com.babelstream.MainActivity, count=39, avg=7 ms, max=14 ms.
2025-11-02 00:34:28.974  2313-9399  PerfShielderService     system_server                        D  com.babelstream|com.babelstream/com.babelstream.MainActivity|229|238465165302625|28|5|17
2025-11-02 00:34:28.976  8192-8314  MiuiPerfServiceClient   com.miui.daemon                      W  interceptAndQueuing:19215|com.babelstream|229|28|238465165302625|Slow issue draw commands|17
2025-11-02 00:34:29.136 19215-22935 RenderInspector         com.babelstream                      W  DequeueBuffer time out on com.babelstream/com.babelstream.MainActivity, count=6, avg=10 ms, max=13 ms.
2025-11-02 00:34:29.202 19215-23069 AudioCaptureManager     com.babelstream                      I  level=42
2025-11-02 00:34:29.212 19215-22935 RenderInspector         com.babelstream                      W  DequeueBuffer time out on com.babelstream/com.babelstream.MainActivity, count=2, avg=10 ms, max=13 ms.
2025-11-02 00:34:29.312  2313-9399  PerfShielderService     system_server                        D  com.babelstream|com.babelstream/com.babelstream.MainActivity|148|238465424698979|25|5|8
2025-11-02 00:34:29.313  8192-8314  MiuiPerfServiceClient   com.miui.daemon                      W  interceptAndQueuing:19215|com.babelstream|148|25|238465424698979|Slow issue draw commands|8
2025-11-02 00:34:29.446 19215-23069 RecognitionService      com.babelstream                      I  level=10
2025-11-02 00:34:29.482 19215-22935 RenderInspector         com.babelstream                      W  DequeueBuffer time out on com.babelstream/com.babelstream.MainActivity, count=6, avg=10 ms, max=12 ms.
2025-11-02 00:34:29.724  2313-9480  PerfShielderService     system_server                        D  com.babelstream|com.babelstream/com.babelstream.MainActivity|120|238465754994656|27|5|6
2025-11-02 00:34:29.725  2313-9480  PerfShielderService     system_server                        D  com.babelstream|com.babelstream/com.babelstream.MainActivity|159|238465952477677|26|5|13
2025-11-02 00:34:29.725  8192-8314  MiuiPerfServiceClient   com.miui.daemon                      W  interceptAndQueuing:19215|com.babelstream|120|27|238465754994656|Slow issue draw commands|6
2025-11-02 00:34:29.725  8192-8314  MiuiPerfServiceClient   com.miui.daemon                      W  interceptAndQueuing:19215|com.babelstream|159|26|238465952477677|Slow issue draw commands|13
2025-11-02 00:34:29.729 19215-22935 RenderInspector         com.babelstream                      W  DequeueBuffer time out on com.babelstream/com.babelstream.MainActivity, count=13, avg=9 ms, max=11 ms.
2025-11-02 00:34:29.928 19215-22935 RenderInspector         com.babelstream                      W  DequeueBuffer time out on com.babelstream/com.babelstream.MainActivity, count=6, avg=9 ms, max=11 ms.
2025-11-02 00:34:30.223 19215-23069 AudioRecordImpl         com.babelstream                      D  [audioRecordData][fine] 5s(f:5042 m:81 s:0) : pid 19215 uid 10431 sessionId 9513 sr 48000 ch 1 fmt 1
2025-11-02 00:34:30.224 19215-23069 AudioCaptureManager     com.babelstream                      I  level=0
2025-11-02 00:34:30.443 19215-22911 com.babelstream         com.babelstream                      W  Cleared Reference was only reachable from finalizer (only reported once)
2025-11-02 00:34:30.448 19215-22911 com.babelstream         com.babelstream                      I  This is non sticky GC, maxfree is 16777216 minfree is 8388608
2025-11-02 00:34:30.453 19215-19215 FinalizerDaemon         com.babelstream                      W  type=1400 audit(0.0:158624): avc:  denied  { getopt } for  path="/dev/socket/usap_pool_primary" scontext=u:r:untrusted_app:s0:c175,c257,c512,c768 tcontext=u:r:zygote:s0 tclass=unix_stream_socket permissive=0 app=com.babelstream
2025-11-02 00:34:30.457 19215-22913 com.babelstream         com.babelstream                      W  ApkAssets: Deleting an ApkAssets object '<empty> and /product/app/ContentCatcherOS2/ContentCatcherOS2.apk' with 1 weak references
2025-11-02 00:34:30.457 19215-22913 com.babelstream         com.babelstream                      W  ApkAssets: Deleting an ApkAssets object '<empty> and /system_ext/priv-app/RtMiCloudSDK/RtMiCloudSDK.apk' with 1 weak references
2025-11-02 00:34:30.457 19215-22913 com.babelstream         com.babelstream                      W  ApkAssets: Deleting an ApkAssets object '<empty> and /system_ext/app/miuisystem/miuisystem.apk' with 1 weak references
2025-11-02 00:34:30.487 19215-23069 RecognitionService      com.babelstream                      I  level=0
2025-11-02 00:34:31.035 19215-22935 RenderInspector         com.babelstream                      W  DequeueBuffer time out on com.babelstream/com.babelstream.MainActivity, count=1, avg=9 ms, max=9 ms.
2025-11-02 00:34:31.082 19215-22935 RenderInspector         com.babelstream                      W  DequeueBuffer time out on com.babelstream/com.babelstream.MainActivity, count=1, avg=13 ms, max=13 ms.
2025-11-02 00:34:31.216 19215-22935 RenderInspector         com.babelstream                      W  DequeueBuffer time out on com.babelstream/com.babelstream.MainActivity, count=1, avg=9 ms, max=9 ms.
2025-11-02 00:34:31.241 19215-23069 AudioCaptureManager     com.babelstream                      I  level=47
2025-11-02 00:34:31.507 19215-23069 RecognitionService      com.babelstream                      I  level=50
2025-11-02 00:34:31.526  2313-5860  PerfShielderService     system_server                        D  com.babelstream|com.babelstream/com.babelstream.MainActivity|235|238467742485697|29|5|16
2025-11-02 00:34:31.527  8192-8314  MiuiPerfServiceClient   com.miui.daemon                      W  interceptAndQueuing:19215|com.babelstream|235|29|238467742485697|Slow issue draw commands|16
2025-11-02 00:34:31.536 19215-22935 RenderInspector         com.babelstream                      W  DequeueBuffer time out on com.babelstream/com.babelstream.MainActivity, count=15, avg=7 ms, max=12 ms.
2025-11-02 00:34:31.707 19215-22935 RenderInspector         com.babelstream                      W  DequeueBuffer time out on com.babelstream/com.babelstream.MainActivity, count=6, avg=9 ms, max=13 ms.
2025-11-02 00:34:31.851 19215-22935 RenderInspector         com.babelstream                      W  DequeueBuffer time out on com.babelstream/com.babelstream.MainActivity, count=9, avg=9 ms, max=14 ms.
2025-11-02 00:34:32.264 19215-23069 AudioCaptureManager     com.babelstream                      I  level=3
2025-11-02 00:34:32.607 19215-23069 RecognitionService      com.babelstream                      I  level=25
2025-11-02 00:34:32.638 19215-22935 RenderInspector         com.babelstream                      W  DequeueBuffer time out on com.babelstream/com.babelstream.MainActivity, count=7, avg=10 ms, max=11 ms.
2025-11-02 00:34:32.803  2313-9478  PerfShielderService     system_server                        D  com.babelstream|com.babelstream/com.babelstream.MainActivity|128|238468917068821|25|5|7
2025-11-02 00:34:32.804  8192-8314  MiuiPerfServiceClient   com.miui.daemon                      W  interceptAndQueuing:19215|com.babelstream|128|25|238468917068821|Slow issue draw commands|7
2025-11-02 00:34:32.830 19215-22935 RenderInspector         com.babelstream                      W  DequeueBuffer time out on com.babelstream/com.babelstream.MainActivity, count=6, avg=9 ms, max=14 ms.
2025-11-02 00:34:32.880 19215-22935 RenderInspector         com.babelstream                      W  DequeueBuffer time out on com.babelstream/com.babelstream.MainActivity, count=1, avg=8 ms, max=8 ms.
2025-11-02 00:34:32.974 19215-22935 RenderInspector         com.babelstream                      W  DequeueBuffer time out on com.babelstream/com.babelstream.MainActivity, count=1, avg=8 ms, max=8 ms.
2025-11-02 00:34:33.101 19215-22935 RenderInspector         com.babelstream                      W  DequeueBuffer time out on com.babelstream/com.babelstream.MainActivity, count=5, avg=11 ms, max=16 ms.
2025-11-02 00:34:33.232 19215-22935 RenderInspector         com.babelstream                      W  DequeueBuffer time out on com.babelstream/com.babelstream.MainActivity, count=6, avg=9 ms, max=9 ms.
2025-11-02 00:34:33.283 19215-23069 AudioCaptureManager     com.babelstream                      I  level=40
2025-11-02 00:34:33.404  2313-5860  PerfShielderService     system_server                        D  com.babelstream|com.babelstream/com.babelstream.MainActivity|237|238469517135904|35|5|17
2025-11-02 00:34:33.406  8192-8314  MiuiPerfServiceClient   com.miui.daemon                      W  interceptAndQueuing:19215|com.babelstream|237|35|238469517135904|Slow issue draw commands|17
2025-11-02 00:34:33.409 19215-22935 RenderInspector         com.babelstream                      W  DequeueBuffer time out on com.babelstream/com.babelstream.MainActivity, count=3, avg=10 ms, max=10 ms.
2025-11-02 00:34:33.582 19215-22935 RenderInspector         com.babelstream                      W  DequeueBuffer time out on com.babelstream/com.babelstream.MainActivity, count=6, avg=10 ms, max=12 ms.
2025-11-02 00:34:33.727 19215-23069 RecognitionService      com.babelstream                      I  level=26
2025-11-02 00:34:33.748  2313-5860  PerfShielderService     system_server                        D  com.babelstream|com.babelstream/com.babelstream.MainActivity|78|238469799170644|27|5|6
2025-11-02 00:34:33.749  8192-8314  MiuiPerfServiceClient   com.miui.daemon                      W  interceptAndQueuing:19215|com.babelstream|78|27|238469799170644|Slow issue draw commands|6
2025-11-02 00:34:33.756 19215-22935 RenderInspector         com.babelstream                      W  DequeueBuffer time out on com.babelstream/com.babelstream.MainActivity, count=3, avg=11 ms, max=13 ms.
2025-11-02 00:34:33.907 19215-22935 RenderInspector         com.babelstream                      W  DequeueBuffer time out on com.babelstream/com.babelstream.MainActivity, count=4, avg=9 ms, max=9 ms.
2025-11-02 00:34:34.322 19215-23069 AudioCaptureManager     com.babelstream                      I  level=0
2025-11-02 00:34:34.504 19215-22935 RenderInspector         com.babelstream                      W  DequeueBuffer time out on com.babelstream/com.babelstream.MainActivity, count=6, avg=9 ms, max=11 ms.
2025-11-02 00:34:34.823 19215-23069 RecognitionService      com.babelstream                      I  level=43
2025-11-02 00:34:35.083 19215-22935 RenderInspector         com.babelstream                      W  QueueBuffer time out on com.babelstream/com.babelstream.MainActivity, count=1, avg=10 ms, max=10 ms.
2025-11-02 00:34:35.114 19215-22935 RenderInspector         com.babelstream                      W  DequeueBuffer time out on com.babelstream/com.babelstream.MainActivity, count=3, avg=10 ms, max=11 ms.
2025-11-02 00:34:35.243 19215-23069 AudioRecordImpl         com.babelstream                      D  [audioRecordData][fine] 10s(f:10062 m:81 s:0) : pid 19215 uid 10431 sessionId 9513 sr 48000 ch 1 fmt 1
2025-11-02 00:34:35.345 19215-23069 AudioCaptureManager     com.babelstream                      I  level=36
2025-11-02 00:34:35.547 19215-22935 RenderInspector         com.babelstream                      W  DequeueBuffer time out on com.babelstream/com.babelstream.MainActivity, count=6, avg=9 ms, max=12 ms.
2025-11-02 00:34:35.784  2313-5856  PerfShielderService     system_server                        D  com.babelstream|com.babelstream/com.babelstream.MainActivity|325|238472011059966|25|5|25
2025-11-02 00:34:35.785  8192-8314  MiuiPerfServiceClient   com.miui.daemon                      W  interceptAndQueuing:19215|com.babelstream|325|25|238472011059966|Slow issue draw commands|25
2025-11-02 00:34:35.948 19215-23069 RecognitionService      com.babelstream                      I  level=44
2025-11-02 00:34:36.004 19215-22935 RenderInspector         com.babelstream                      W  DequeueBuffer time out on com.babelstream/com.babelstream.MainActivity, count=15, avg=9 ms, max=11 ms.
2025-11-02 00:34:36.302 19215-22935 RenderInspector         com.babelstream                      W  DequeueBuffer time out on com.babelstream/com.babelstream.MainActivity, count=2, avg=9 ms, max=9 ms.
2025-11-02 00:34:36.363 19215-23069 AudioCaptureManager     com.babelstream                      I  level=45
2025-11-02 00:34:36.483 19215-22935 RenderInspector         com.babelstream                      W  DequeueBuffer time out on com.babelstream/com.babelstream.MainActivity, count=5, avg=11 ms, max=19 ms.
2025-11-02 00:34:36.641  2313-9478  PerfShielderService     system_server                        D  com.babelstream|com.babelstream/com.babelstream.MainActivity|76|238472693635643|33|5|5
2025-11-02 00:34:36.642  2313-9478  PerfShielderService     system_server                        D  com.babelstream|com.babelstream/com.babelstream.MainActivity|76|238472851321893|25|5|6
2025-11-02 00:34:36.642  8192-8314  MiuiPerfServiceClient   com.miui.daemon                      W  interceptAndQueuing:19215|com.babelstream|76|33|238472693635643|Slow issue draw commands|5
2025-11-02 00:34:36.643  8192-8314  MiuiPerfServiceClient   com.miui.daemon                      W  interceptAndQueuing:19215|com.babelstream|76|25|238472851321893|Slow issue draw commands|6
2025-11-02 00:34:36.644 19215-22935 RenderInspector         com.babelstream                      W  DequeueBuffer time out on com.babelstream/com.babelstream.MainActivity, count=4, avg=10 ms, max=12 ms.
2025-11-02 00:34:36.826 19215-22935 RenderInspector         com.babelstream                      W  DequeueBuffer time out on com.babelstream/com.babelstream.MainActivity, count=6, avg=11 ms, max=14 ms.
2025-11-02 00:34:37.047 19215-23069 RecognitionService      com.babelstream                      I  level=23
2025-11-02 00:34:37.067 19215-22935 RenderInspector         com.babelstream                      W  DequeueBuffer time out on com.babelstream/com.babelstream.MainActivity, count=1, avg=10 ms, max=10 ms.
2025-11-02 00:34:37.068  2313-9478  PerfShielderService     system_server                        D  com.babelstream|com.babelstream/com.babelstream.MainActivity|85|238473043562726|26|5|6
2025-11-02 00:34:37.068  8192-10084 MiuiPerfServiceClient   com.miui.daemon                      W  interceptAndQueuing:19215|com.babelstream|85|26|238473043562726|Slow issue draw commands|6
2025-11-02 00:34:37.242 19215-22935 RenderInspector         com.babelstream                      W  DequeueBuffer time out on com.babelstream/com.babelstream.MainActivity, count=2, avg=9 ms, max=10 ms.
2025-11-02 00:34:37.382 19215-23069 AudioCaptureManager     com.babelstream                      I  level=48
2025-11-02 00:34:37.397  2313-9478  PerfShielderService     system_server                        D  com.babelstream|com.babelstream/com.babelstream.MainActivity|57|238473631057101|26|5|4
2025-11-02 00:34:37.398  8192-10084 MiuiPerfServiceClient   com.miui.daemon                      W  interceptAndQueuing:19215|com.babelstream|57|26|238473631057101|Slow issue draw commands|4
2025-11-02 00:34:37.427 19215-22935 RenderInspector         com.babelstream                      W  DequeueBuffer time out on com.babelstream/com.babelstream.MainActivity, count=6, avg=9 ms, max=12 ms.
2025-11-02 00:34:37.467 19215-22935 RenderInspector         com.babelstream                      W  DequeueBuffer time out on com.babelstream/com.babelstream.MainActivity, count=1, avg=8 ms, max=8 ms.
2025-11-02 00:34:37.615 19215-22935 RenderInspector         com.babelstream                      W  DequeueBuffer time out on com.babelstream/com.babelstream.MainActivity, count=1, avg=8 ms, max=8 ms.
2025-11-02 00:34:38.065 19215-23069 RecognitionService      com.babelstream                      I  level=0
2025-11-02 00:34:38.403 19215-23069 AudioCaptureManager     com.babelstream                      I  level=0
2025-11-02 00:34:38.524  2313-9478  PerfShielderService     system_server                        D  com.babelstream|com.babelstream/com.babelstream.MainActivity|86|238474733839236|30|5|6
2025-11-02 00:34:38.525  8192-10084 MiuiPerfServiceClient   com.miui.daemon                      W  interceptAndQueuing:19215|com.babelstream|86|30|238474733839236|Slow issue draw commands|6
2025-11-02 00:34:39.029 19215-22935 RenderInspector         com.babelstream                      W  DequeueBuffer time out on com.babelstream/com.babelstream.MainActivity, count=12, avg=8 ms, max=15 ms.
2025-11-02 00:34:39.187 19215-23069 RecognitionService      com.babelstream                      I  level=0
2025-11-02 00:34:39.444 19215-23069 AudioCaptureManager     com.babelstream                      I  level=0
2025-11-02 00:34:40.202 19215-23069 AudioRecordImpl         com.babelstream                      D  [audioRecordData][fine] 15s(f:15021 m:81 s:0) : pid 19215 uid 10431 sessionId 9513 sr 48000 ch 1 fmt 1
2025-11-02 00:34:40.289 19215-23069 AudioCaptureManager     com.babelstream                      I  Reconfiguring... try source=7, sr=11025
2025-11-02 00:34:40.290 19215-23069 AudioRecordStub         com.babelstream                      D  AudioRecordStub() create
2025-11-02 00:34:40.291 19215-23069 AudioRecordImpl         com.babelstream                      I  initAudioRecordImpl()
2025-11-02 00:34:40.291 19215-23069 AudioRecord             com.babelstream                      D  set(): inputSource 7, sampleRate 11025, format 0x1, channelMask 0x10, frameCount 4096, notificationFrames 0, sessionId 0, transferType 0, flags 0, attributionSource AttributionSourceState{pid: 19215, uid: 10431, deviceId: 0, packageName: com.babelstream, attributionTag: (null), token: binder:0xb400007b840f4db0, renouncedPermissions: [], next: []}uid -1, pid -1
2025-11-02 00:34:40.302  1910-4419  APM_AudioPolicyManager  audioserver                          D  getInputForAttr AudioPlayBackCapture not supported, appName: com.babelstream
2025-11-02 00:34:40.303  1910-4419  AudioPolicyManagerImpl  audioserver                          D  binder call: getPackageName com.babelstream for uid 10431
2025-11-02 00:34:40.322 19215-23069 xlog_client             com.babelstream                      V  xlog_check_permission event name audio_track_message level 0
2025-11-02 00:34:40.323 19215-23069 AudioRecord             com.babelstream                      I  stop mSessionID=9513, packageName: com.babelstream
2025-11-02 00:34:40.323 19215-23069 AudioRecord             com.babelstream                      D  stop(2579): mActive:1
2025-11-02 00:34:40.437  8522-10456 MIUISafety-Monitor      com.miui.securitycenter.remote       W  sync com.babelstream,userId:0,op:27,active:false,isNote:false,isTerminal:false,notify:true
2025-11-02 00:34:40.440  1910-23059 AudioFlingerImpl        audioserver                          D  checkForGameParameter_l() set events appname=-com.babelstream
2025-11-02 00:34:40.441  1584-1627  AHAL: AudioStream       android.hardware.audio.service_64    D  astream_in_set_parameters: 2049: Enter: appname=-com.babelstream
2025-11-02 00:34:40.441  1584-1627  AHAL: AudioStreamCustom android.hardware.audio.service_64    D  SetParameters: 892: Enter: kvpairs is appname=-com.babelstream
2025-11-02 00:34:40.441  1584-1627  AHAL: AudioStreamCustom android.hardware.audio.service_64    D  SetParameters: 963: [hal_apptype] SetParameters(), in: set app name -com.babelstream [40, 0x1 0x0]
2025-11-02 00:34:40.441  1584-1627  AHAL: AudioStream       android.hardware.audio.service_64    D  SetParameters: 6352: enter: kvpairs: appname=-com.babelstream
2025-11-02 00:34:40.443 19215-23069 AudioRecord             com.babelstream                      I  stop mSessionID=9513, packageName: com.babelstream
2025-11-02 00:34:40.443 19215-23069 AudioRecord             com.babelstream                      D  stop(2579): mActive:0
2025-11-02 00:34:40.443 19215-23069 AudioRecord             com.babelstream                      I  stop mSessionID=9513, packageName: com.babelstream
2025-11-02 00:34:40.443 19215-23069 AudioRecord             com.babelstream                      D  stop(2579): mActive:0
2025-11-02 00:34:40.444 19215-23069 AudioRecordStub         com.babelstream                      D  ~AudioRecordStub() destroy
2025-11-02 00:34:40.444  2313-5860  MediaFunctionStubImpl   system_server                        D  report record event.{"name":"recording_parameters","audio_event":{"device_name":"mic", "packg_name":"com.babelstream", "record_source":"VOICE_COMMUNICATION", "record_encoding":"2", "record_channel_num":"1", "record_sample_rate":"48000", "record_time_during":"16"},"dgt":"null","audio_ext":"null"}
2025-11-02 00:34:40.444 19215-23069 AudioRecord             com.babelstream                      I  start mSessionID=9521 start(2581): sync event 0 trigger session 0  packageName: com.babelstream
2025-11-02 00:34:40.447  2313-5860  xlog_client             system_server                        V   xlog_send_java  JNI test, msg is {"name":"recording_parameters","audio_event":{"device_name":"mic", "packg_name":"com.babelstream", "record_source":"VOICE_COMMUNICATION", "record_encoding":"2", "record_channel_num":"1", "record_sample_rate":"48000", "record_time_during":"16"},"dgt":"null","audio_ext":"null"}
2025-11-02 00:34:40.450  8522-10456 MIUISafety-Monitor      com.miui.securitycenter.remote       W  sync com.babelstream,userId:0,op:27,active:true,isNote:false,isTerminal:false,notify:true
2025-11-02 00:34:40.450  1910-4434  MiAudioPolicyManager    audioserver                          D  getPackageName: com.babelstream  uid 10431
2025-11-02 00:34:40.452  1910-23059 AudioFlingerImpl        audioserver                          D  checkForGameParameter_l() set events appname=+com.babelstream
2025-11-02 00:34:40.453  1584-1627  AHAL: AudioStream       android.hardware.audio.service_64    D  astream_in_set_parameters: 2049: Enter: appname=+com.babelstream
2025-11-02 00:34:40.453  1584-1627  AHAL: AudioStreamCustom android.hardware.audio.service_64    D  SetParameters: 892: Enter: kvpairs is appname=+com.babelstream
2025-11-02 00:34:40.454  1584-1627  AHAL: AudioStreamCustom android.hardware.audio.service_64    D  SetParameters: 963: [hal_apptype] SetParameters(), in: set app name +com.babelstream [41, 0x1 0x1]
2025-11-02 00:34:40.454  1584-1627  AHAL: AudioStream       android.hardware.audio.service_64    D  SetParameters: 6352: enter: kvpairs: appname=+com.babelstream
2025-11-02 00:34:40.455  1910-4434  APM_AudioPolicyManager  audioserver                          D  startInput input:2774, session:9521, portId:2581, appname com.babelstream, uid 10431)
2025-11-02 00:34:40.473 19215-23069 AudioCaptureManager     com.babelstream                      I  Switched to source=7, sr=11025, routedDevice=15/23116PN5BC
2025-11-02 00:34:40.497  1584-23060 android.ha...service_64 android.hardware.audio.service_64    D  send_sound_recorder_data_to_xlog: msg input_device__type: mobile mic, recorder_app_name: com.babelstream
2025-11-02 00:34:40.497  1584-23060 xlog_client             android.hardware.audio.service_64    D  _xlog_write_flat_msg: send msg {"name":"sound_recorder","audio_event":{"input_device_type":"mobile mic","recorder_app_name":"com.babelstream"},"dgt":"null","audio_ext":"null" }
2025-11-02 00:34:40.907 19215-23069 AudioCaptureManager     com.babelstream                      I  level=0
2025-11-02 00:34:40.911 19215-23069 RecognitionService      com.babelstream                      I  level=0
2025-11-02 00:34:41.752 19215-22935 RenderInspector         com.babelstream                      W  DequeueBuffer time out on com.babelstream/com.babelstream.MainActivity, count=9, avg=4 ms, max=11 ms.
2025-11-02 00:34:42.029 19215-23069 AudioCaptureManager     com.babelstream                      I  level=48
2025-11-02 00:34:42.036 19215-23069 RecognitionService      com.babelstream                      I  level=48
2025-11-02 00:34:42.500 19215-22935 RenderInspector         com.babelstream                      W  DequeueBuffer time out on com.babelstream/com.babelstream.MainActivity, count=1, avg=8 ms, max=8 ms.
2025-11-02 00:34:43.148 19215-23069 AudioCaptureManager     com.babelstream                      I  level=0
2025-11-02 00:34:43.150 19215-23069 RecognitionService      com.babelstream                      I  level=0
2025-11-02 00:34:43.540  2313-5859  PerfShielderService     system_server                        D  com.babelstream|com.babelstream/com.babelstream.MainActivity|124|238479562878974|28|5|10
2025-11-02 00:34:43.541  8192-10084 MiuiPerfServiceClient   com.miui.daemon                      W  interceptAndQueuing:19215|com.babelstream|124|28|238479562878974|Slow issue draw commands|10
2025-11-02 00:34:43.742 19215-22935 RenderInspector         com.babelstream                      W  DequeueBuffer time out on com.babelstream/com.babelstream.MainActivity, count=11, avg=8 ms, max=11 ms.
2025-11-02 00:34:43.757  2313-4109  InputDispatcher         system_server                        W  channel 2bfcdb3 com.babelstream/com.babelstream.MainActivity (server)~ dropping inconsistent event: DispatchEntry{resolvedFlags=0, targetFlags=0x0, transform=transform (ROT_0) (SCALE )
                                                                                                        0.7500  -0.0000  0.0000
                                                                                                        -0.0000  0.7500  0.0000
                                                                                                        0.0000  0.0000  1.0000
                                                                                                    } original: MotionEvent(action=HOVER_EXIT)
2025-11-02 00:34:43.850 19215-22935 RenderInspector         com.babelstream                      W  DequeueBuffer time out on com.babelstream/com.babelstream.MainActivity, count=6, avg=7 ms, max=9 ms.
2025-11-02 00:34:44.248 19215-23069 AudioCaptureManager     com.babelstream                      I  level=0
2025-11-02 00:34:44.254 19215-23069 RecognitionService      com.babelstream                      I  level=0
2025-11-02 00:34:45.367 19215-23069 AudioCaptureManager     com.babelstream                      I  level=0
2025-11-02 00:34:45.368 19215-23069 AudioCaptureManager     com.babelstream                      I  Reconfiguring... try source=7, sr=22050
2025-11-02 00:34:45.371 19215-23069 AudioRecordStub         com.babelstream                      D  AudioRecordStub() create
2025-11-02 00:34:45.372 19215-23069 AudioRecordImpl         com.babelstream                      I  initAudioRecordImpl()
2025-11-02 00:34:45.372 19215-23069 AudioRecord             com.babelstream                      D  set(): inputSource 7, sampleRate 22050, format 0x1, channelMask 0x10, frameCount 4096, notificationFrames 0, sessionId 0, transferType 0, flags 0, attributionSource AttributionSourceState{pid: 19215, uid: 10431, deviceId: 0, packageName: com.babelstream, attributionTag: (null), token: binder:0xb400007b840f4db0, renouncedPermissions: [], next: []}uid -1, pid -1
2025-11-02 00:34:45.384  1910-4030  APM_AudioPolicyManager  audioserver                          D  getInputForAttr AudioPlayBackCapture not supported, appName: com.babelstream
2025-11-02 00:34:45.385  1910-4030  AudioPolicyManagerImpl  audioserver                          D  binder call: getPackageName com.babelstream for uid 10431
2025-11-02 00:34:46.983 19215-23069 xlog_client             com.babelstream                      V  xlog_check_permission event name audio_track_message level 0
2025-11-02 00:34:46.984 19215-23069 AudioRecord             com.babelstream                      I  stop mSessionID=9521, packageName: com.babelstream
2025-11-02 00:34:46.984 19215-23069 AudioRecord             com.babelstream                      D  stop(2581): mActive:1
2025-11-02 00:34:46.984 19215-23069 AudioRecord             com.babelstream                      I  stop mSessionID=9521, packageName: com.babelstream
2025-11-02 00:34:46.984 19215-23069 AudioRecord             com.babelstream                      D  stop(2581): mActive:0
2025-11-02 00:34:46.985 19215-23069 AudioRecord             com.babelstream                      I  stop mSessionID=9521, packageName: com.babelstream
2025-11-02 00:34:46.985 19215-23069 AudioRecord             com.babelstream                      D  stop(2581): mActive:0
2025-11-02 00:34:46.985  2313-10330 MediaFunctionStubImpl   system_server                        D  report record event.{"name":"recording_parameters","audio_event":{"device_name":"mic", "packg_name":"com.babelstream", "record_source":"VOICE_COMMUNICATION", "record_encoding":"2", "record_channel_num":"1", "record_sample_rate":"11025", "record_time_during":"6"},"dgt":"null","audio_ext":"null"}
2025-11-02 00:34:46.985 19215-23069 AudioRecordStub         com.babelstream                      D  ~AudioRecordStub() destroy
2025-11-02 00:34:46.985 19215-23069 AudioRecord             com.babelstream                      I  start mSessionID=9529 start(2584): sync event 0 trigger session 0  packageName: com.babelstream
2025-11-02 00:34:46.987  2313-10330 xlog_client             system_server                        V   xlog_send_java  JNI test, msg is {"name":"recording_parameters","audio_event":{"device_name":"mic", "packg_name":"com.babelstream", "record_source":"VOICE_COMMUNICATION", "record_encoding":"2", "record_channel_num":"1", "record_sample_rate":"11025", "record_time_during":"6"},"dgt":"null","audio_ext":"null"}
2025-11-02 00:34:46.988  8522-10456 MIUISafety-Monitor      com.miui.securitycenter.remote       W  sync com.babelstream,userId:0,op:27,active:false,isNote:false,isTerminal:false,notify:true
2025-11-02 00:34:46.991  1910-4398  MiAudioPolicyManager    audioserver                          D  getPackageName: com.babelstream  uid 10431
2025-11-02 00:34:46.992  8522-10456 MIUISafety-Monitor      com.miui.securitycenter.remote       W  sync com.babelstream,userId:0,op:27,active:true,isNote:false,isTerminal:false,notify:true
2025-11-02 00:34:46.993  1910-23204 AudioFlingerImpl        audioserver                          D  checkForGameParameter_l() set events appname=+com.babelstream
2025-11-02 00:34:46.993  1584-1584  AHAL: AudioStream       android.hardware.audio.service_64    D  astream_in_set_parameters: 2049: Enter: appname=+com.babelstream
2025-11-02 00:34:46.993  1584-1584  AHAL: AudioStreamCustom android.hardware.audio.service_64    D  SetParameters: 892: Enter: kvpairs is appname=+com.babelstream
2025-11-02 00:34:46.993  1584-1584  AHAL: AudioStreamCustom android.hardware.audio.service_64    D  SetParameters: 963: [hal_apptype] SetParameters(), in: set app name +com.babelstream [42, 0x1 0x1]
2025-11-02 00:34:46.993  1584-1584  AHAL: AudioStream       android.hardware.audio.service_64    D  SetParameters: 6352: enter: kvpairs: appname=+com.babelstream
2025-11-02 00:34:46.994  1910-4398  APM_AudioPolicyManager  audioserver                          D  startInput input:2782, session:9529, portId:2584, appname com.babelstream, uid 10431)
2025-11-02 00:34:47.010 19215-23069 AudioCaptureManager     com.babelstream                      I  Switched to source=7, sr=22050, routedDevice=15/23116PN5BC
2025-11-02 00:34:47.035  1584-23205 android.ha...service_64 android.hardware.audio.service_64    D  send_sound_recorder_data_to_xlog: msg input_device__type: mobile mic, recorder_app_name: com.babelstream
2025-11-02 00:34:47.035  1584-23205 xlog_client             android.hardware.audio.service_64    D  _xlog_write_flat_msg: send msg {"name":"sound_recorder","audio_event":{"input_device_type":"mobile mic","recorder_app_name":"com.babelstream"},"dgt":"null","audio_ext":"null" }
2025-11-02 00:34:47.264 19215-23069 AudioCaptureManager     com.babelstream                      I  level=0
2025-11-02 00:34:47.265 19215-23069 RecognitionService      com.babelstream                      I  level=0
2025-11-02 00:34:47.267 19215-23069 RecognitionService      com.babelstream                      I  ACTION_STATUS: 
2025-11-02 00:34:48.383 19215-23069 AudioCaptureManager     com.babelstream                      I  level=0
2025-11-02 00:34:48.386 19215-23069 RecognitionService      com.babelstream                      I  level=0
2025-11-02 00:34:49.304 19215-23069 AudioCaptureManager     com.babelstream                      I  Reconfiguring... try source=7, sr=44100
2025-11-02 00:34:49.306 19215-23069 AudioRecordStub         com.babelstream                      D  AudioRecordStub() create
2025-11-02 00:34:49.308 19215-23069 AudioRecordImpl         com.babelstream                      I  initAudioRecordImpl()
2025-11-02 00:34:49.308 19215-23069 AudioRecord             com.babelstream                      D  set(): inputSource 7, sampleRate 44100, format 0x1, channelMask 0x10, frameCount 4096, notificationFrames 0, sessionId 0, transferType 0, flags 0, attributionSource AttributionSourceState{pid: 19215, uid: 10431, deviceId: 0, packageName: com.babelstream, attributionTag: (null), token: binder:0xb400007b840f4db0, renouncedPermissions: [], next: []}uid -1, pid -1
2025-11-02 00:34:49.323  1910-2075  APM_AudioPolicyManager  audioserver                          D  getInputForAttr AudioPlayBackCapture not supported, appName: com.babelstream
2025-11-02 00:34:49.324  1910-2075  AudioPolicyManagerImpl  audioserver                          D  binder call: getPackageName com.babelstream for uid 10431
2025-11-02 00:34:50.996 19215-23069 xlog_client             com.babelstream                      V  xlog_check_permission event name audio_track_message level 0
2025-11-02 00:34:50.997 19215-23069 AudioRecord             com.babelstream                      I  stop mSessionID=9529, packageName: com.babelstream
2025-11-02 00:34:50.997 19215-23069 AudioRecord             com.babelstream                      D  stop(2584): mActive:1
2025-11-02 00:34:50.998 19215-23069 AudioRecord             com.babelstream                      I  stop mSessionID=9529, packageName: com.babelstream
2025-11-02 00:34:50.998 19215-23069 AudioRecord             com.babelstream                      D  stop(2584): mActive:0
2025-11-02 00:34:50.998  2313-9480  MediaFunctionStubImpl   system_server                        D  report record event.{"name":"recording_parameters","audio_event":{"device_name":"mic", "packg_name":"com.babelstream", "record_source":"VOICE_COMMUNICATION", "record_encoding":"2", "record_channel_num":"1", "record_sample_rate":"22050", "record_time_during":"3"},"dgt":"null","audio_ext":"null"}
2025-11-02 00:34:50.998 19215-23069 AudioRecord             com.babelstream                      I  stop mSessionID=9529, packageName: com.babelstream
2025-11-02 00:34:50.998 19215-23069 AudioRecord             com.babelstream                      D  stop(2584): mActive:0
2025-11-02 00:34:50.999 19215-23069 AudioRecordStub         com.babelstream                      D  ~AudioRecordStub() destroy
2025-11-02 00:34:50.999  2313-9480  xlog_client             system_server                        V   xlog_send_java  JNI test, msg is {"name":"recording_parameters","audio_event":{"device_name":"mic", "packg_name":"com.babelstream", "record_source":"VOICE_COMMUNICATION", "record_encoding":"2", "record_channel_num":"1", "record_sample_rate":"22050", "record_time_during":"3"},"dgt":"null","audio_ext":"null"}
2025-11-02 00:34:50.999 19215-23069 AudioRecord             com.babelstream                      I  start mSessionID=9537 start(2587): sync event 0 trigger session 0  packageName: com.babelstream
2025-11-02 00:34:51.003  8522-10456 MIUISafety-Monitor      com.miui.securitycenter.remote       W  sync com.babelstream,userId:0,op:27,active:false,isNote:false,isTerminal:false,notify:true
2025-11-02 00:34:51.004  1910-4434  MiAudioPolicyManager    audioserver                          D  getPackageName: com.babelstream  uid 10431
2025-11-02 00:34:51.005  8522-10456 MIUISafety-Monitor      com.miui.securitycenter.remote       W  sync com.babelstream,userId:0,op:27,active:true,isNote:false,isTerminal:false,notify:true
2025-11-02 00:34:51.005  1910-23234 AudioFlingerImpl        audioserver                          D  checkForGameParameter_l() set events appname=+com.babelstream
2025-11-02 00:34:51.006  1584-1627  AHAL: AudioStream       android.hardware.audio.service_64    D  astream_in_set_parameters: 2049: Enter: appname=+com.babelstream
2025-11-02 00:34:51.006  1584-1627  AHAL: AudioStreamCustom android.hardware.audio.service_64    D  SetParameters: 892: Enter: kvpairs is appname=+com.babelstream
2025-11-02 00:34:51.006  1584-1627  AHAL: AudioStreamCustom android.hardware.audio.service_64    D  SetParameters: 963: [hal_apptype] SetParameters(), in: set app name +com.babelstream [43, 0x1 0x1]
2025-11-02 00:34:51.007  1584-1627  AHAL: AudioStream       android.hardware.audio.service_64    D  SetParameters: 6352: enter: kvpairs: appname=+com.babelstream
2025-11-02 00:34:51.008  1910-4434  APM_AudioPolicyManager  audioserver                          D  startInput input:2790, session:9537, portId:2587, appname com.babelstream, uid 10431)
2025-11-02 00:34:51.023 19215-23069 AudioCaptureManager     com.babelstream                      I  Switched to source=7, sr=44100, routedDevice=15/23116PN5BC
2025-11-02 00:34:51.052  1584-23235 android.ha...service_64 android.hardware.audio.service_64    D  send_sound_recorder_data_to_xlog: msg input_device__type: mobile mic, recorder_app_name: com.babelstream
2025-11-02 00:34:51.052  1584-23235 xlog_client             android.hardware.audio.service_64    D  _xlog_write_flat_msg: send msg {"name":"sound_recorder","audio_event":{"input_device_type":"mobile mic","recorder_app_name":"com.babelstream"},"dgt":"null","audio_ext":"null" }
2025-11-02 00:34:51.182 19215-23069 AudioCaptureManager     com.babelstream                      I  level=0
2025-11-02 00:34:51.186 19215-23069 RecognitionService      com.babelstream                      I  level=0
2025-11-02 00:34:52.202 19215-23069 AudioCaptureManager     com.babelstream                      I  level=0
2025-11-02 00:34:52.306 19215-23069 RecognitionService      com.babelstream                      I  level=0
2025-11-02 00:34:53.222 19215-23069 AudioCaptureManager     com.babelstream                      I  level=0
2025-11-02 00:34:53.223 19215-23069 AudioCaptureManager     com.babelstream                      I  Reconfiguring... try source=1, sr=48000
2025-11-02 00:34:53.227 19215-23069 AudioRecordStub         com.babelstream                      D  AudioRecordStub() create
2025-11-02 00:34:53.228 19215-23069 AudioRecordImpl         com.babelstream                      I  initAudioRecordImpl()
2025-11-02 00:34:53.228 19215-23069 AudioRecord             com.babelstream                      D  set(): inputSource 1, sampleRate 48000, format 0x1, channelMask 0x10, frameCount 4096, notificationFrames 0, sessionId 0, transferType 0, flags 0, attributionSource AttributionSourceState{pid: 19215, uid: 10431, deviceId: 0, packageName: com.babelstream, attributionTag: (null), token: binder:0xb400007b840f4db0, renouncedPermissions: [], next: []}uid -1, pid -1
2025-11-02 00:34:53.238  1910-4404  APM_AudioPolicyManager  audioserver                          D  getInputForAttr AudioPlayBackCapture not supported, appName: com.babelstream
2025-11-02 00:34:53.240  1910-4404  AudioPolicyManagerImpl  audioserver                          D  binder call: getPackageName com.babelstream for uid 10431
2025-11-02 00:34:53.248 19215-23069 xlog_client             com.babelstream                      V  xlog_check_permission event name audio_track_message level 0
2025-11-02 00:34:53.248 19215-23069 AudioRecord             com.babelstream                      I  stop mSessionID=9537, packageName: com.babelstream
2025-11-02 00:34:53.248 19215-23069 AudioRecord             com.babelstream                      D  stop(2587): mActive:1
2025-11-02 00:34:53.350  8522-10456 MIUISafety-Monitor      com.miui.securitycenter.remote       W  sync com.babelstream,userId:0,op:27,active:false,isNote:false,isTerminal:false,notify:true
2025-11-02 00:34:53.352  1910-23234 AudioFlingerImpl        audioserver                          D  checkForGameParameter_l() set events appname=-com.babelstream
2025-11-02 00:34:53.353  1584-1627  AHAL: AudioStream       android.hardware.audio.service_64    D  astream_in_set_parameters: 2049: Enter: appname=-com.babelstream
2025-11-02 00:34:53.353  1584-1627  AHAL: AudioStreamCustom android.hardware.audio.service_64    D  SetParameters: 892: Enter: kvpairs is appname=-com.babelstream
2025-11-02 00:34:53.353  1584-1627  AHAL: AudioStreamCustom android.hardware.audio.service_64    D  SetParameters: 963: [hal_apptype] SetParameters(), in: set app name -com.babelstream [42, 0x1 0x0]
2025-11-02 00:34:53.354  1584-1627  AHAL: AudioStream       android.hardware.audio.service_64    D  SetParameters: 6352: enter: kvpairs: appname=-com.babelstream
2025-11-02 00:34:53.355 19215-23069 AudioRecord             com.babelstream                      I  stop mSessionID=9537, packageName: com.babelstream
2025-11-02 00:34:53.355 19215-23069 AudioRecord             com.babelstream                      D  stop(2587): mActive:0
2025-11-02 00:34:53.355 19215-23069 AudioRecord             com.babelstream                      I  stop mSessionID=9537, packageName: com.babelstream
2025-11-02 00:34:53.355 19215-23069 AudioRecord             com.babelstream                      D  stop(2587): mActive:0
2025-11-02 00:34:53.356  2313-9479  MediaFunctionStubImpl   system_server                        D  report record event.{"name":"recording_parameters","audio_event":{"device_name":"mic", "packg_name":"com.babelstream", "record_source":"VOICE_COMMUNICATION", "record_encoding":"2", "record_channel_num":"1", "record_sample_rate":"44100", "record_time_during":"2"},"dgt":"null","audio_ext":"null"}
2025-11-02 00:34:53.358 19215-23069 AudioRecordStub         com.babelstream                      D  ~AudioRecordStub() destroy
2025-11-02 00:34:53.358  2313-9479  xlog_client             system_server                        V   xlog_send_java  JNI test, msg is {"name":"recording_parameters","audio_event":{"device_name":"mic", "packg_name":"com.babelstream", "record_source":"VOICE_COMMUNICATION", "record_encoding":"2", "record_channel_num":"1", "record_sample_rate":"44100", "record_time_during":"2"},"dgt":"null","audio_ext":"null"}
2025-11-02 00:34:53.359 19215-23069 AudioRecord             com.babelstream                      I  start mSessionID=9545 start(2590): sync event 0 trigger session 0  packageName: com.babelstream
2025-11-02 00:34:53.364  8522-10456 MIUISafety-Monitor      com.miui.securitycenter.remote       W  sync com.babelstream,userId:0,op:27,active:true,isNote:false,isTerminal:false,notify:true
2025-11-02 00:34:53.364  1910-4416  MiAudioPolicyManager    audioserver                          D  getPackageName: com.babelstream  uid 10431
2025-11-02 00:34:53.365  1910-23259 AudioFlingerImpl        audioserver                          D  checkForGameParameter_l() set events appname=+com.babelstream
2025-11-02 00:34:53.366  1584-12763 AHAL: AudioStream       android.hardware.audio.service_64    D  astream_in_set_parameters: 2049: Enter: appname=+com.babelstream
2025-11-02 00:34:53.366  1584-12763 AHAL: AudioStreamCustom android.hardware.audio.service_64    D  SetParameters: 892: Enter: kvpairs is appname=+com.babelstream
2025-11-02 00:34:53.366  1584-12763 AHAL: AudioStreamCustom android.hardware.audio.service_64    D  SetParameters: 963: [hal_apptype] SetParameters(), in: set app name +com.babelstream [43, 0x1 0x1]
2025-11-02 00:34:53.366  1584-12763 AHAL: AudioStream       android.hardware.audio.service_64    D  SetParameters: 6352: enter: kvpairs: appname=+com.babelstream
2025-11-02 00:34:53.369  1910-4416  APM_AudioPolicyManager  audioserver                          D  startInput input:2798, session:9545, portId:2590, appname com.babelstream, uid 10431)
2025-11-02 00:34:53.391 19215-23069 AudioCaptureManager     com.babelstream                      I  Switched to source=1, sr=48000, routedDevice=15/23116PN5BC
2025-11-02 00:34:53.401  1584-23263 android.ha...service_64 android.hardware.audio.service_64    D  send_sound_recorder_data_to_xlog: msg input_device__type: mobile mic, recorder_app_name: com.babelstream
2025-11-02 00:34:53.401  1584-23263 xlog_client             android.hardware.audio.service_64    D  _xlog_write_flat_msg: send msg {"name":"sound_recorder","audio_event":{"input_device_type":"mobile mic","recorder_app_name":"com.babelstream"},"dgt":"null","audio_ext":"null" }
2025-11-02 00:34:53.519 19215-23069 AudioCaptureManager     com.babelstream                      I  level=0
2025-11-02 00:34:53.525 19215-23069 RecognitionService      com.babelstream                      I  level=0
2025-11-02 00:34:54.044  2313-9479  PerfShielderService     system_server                        D  com.babelstream|com.babelstream/com.babelstream.MainActivity|65|238490272665897|25|5|5
2025-11-02 00:34:54.045  8192-10084 MiuiPerfServiceClient   com.miui.daemon                      W  interceptAndQueuing:19215|com.babelstream|65|25|238490272665897|Slow issue draw commands|5
2025-11-02 00:34:54.123 19215-22935 RenderInspector         com.babelstream                      W  DequeueBuffer time out on com.babelstream/com.babelstream.MainActivity, count=12, avg=6 ms, max=11 ms.
2025-11-02 00:34:54.468 19215-22935 RenderInspector         com.babelstream                      W  DequeueBuffer time out on com.babelstream/com.babelstream.MainActivity, count=1, avg=11 ms, max=11 ms.
2025-11-02 00:34:54.537 19215-23069 AudioCaptureManager     com.babelstream                      I  level=18
