2025-11-02 00:34:20.743  2313-4109  MIUIInput               system_server                        I  [MotionEvent] publisher action=0x0, deviceId=-1, 238457022, channel 'e02abae com.babelstream/com.babelstream.SettingsActivity (server)'
2025-11-02 00:34:20.745 19215-19215 MIUIInput               com.babelstream                      I  [MotionEvent] ViewRootImpl windowName 'com.babelstream/com.babelstream.SettingsActivity', { action=ACTION_DOWN, id[0]=0, pointerCount=1, eventTime=238457022, downTime=238457022, phoneEventTime=00:34:20.729 } moveCount:0
2025-11-02 00:34:20.837  2313-4109  MIUIInput               system_server                        I  [MotionEvent] publisher action=0x1, deviceId=-1, 238457129, channel 'e02abae com.babelstream/com.babelstream.SettingsActivity (server)'
2025-11-02 00:34:20.837 19215-19215 MIUIInput               com.babelstream                      I  [MotionEvent] ViewRootImpl windowName 'com.babelstream/com.babelstream.SettingsActivity', { action=ACTION_UP, id[0]=0, pointerCount=1, eventTime=238457129, downTime=238457022, phoneEventTime=00:34:20.836 } moveCount:0
2025-11-02 00:34:21.603  2313-4109  InputDispatcher         system_server                        W  channel e02abae com.babelstream/com.babelstream.SettingsActivity (server)~ dropping inconsistent event: DispatchEntry{resolvedFlags=0, targetFlags=0x0, transform=transform (ROT_0) (SCALE )
                                                                                                        0.7500  -0.0000  0.0000
                                                                                                        -0.0000  0.7500  0.0000
                                                                                                        0.0000  0.0000  1.0000
                                                                                                    } original: MotionEvent(action=HOVER_EXIT)
2025-11-02 00:34:21.610  2313-4109  MIUIInput               system_server                        I  [MotionEvent] publisher action=0x0, deviceId=-1, 238457898, channel 'e02abae com.babelstream/com.babelstream.SettingsActivity (server)'
2025-11-02 00:34:21.611 19215-19215 MIUIInput               com.babelstream                      I  [MotionEvent] ViewRootImpl windowName 'com.babelstream/com.babelstream.SettingsActivity', { action=ACTION_DOWN, id[0]=0, pointerCount=1, eventTime=238457898, downTime=238457898, phoneEventTime=00:34:21.605 } moveCount:0
2025-11-02 00:34:21.699  2313-4109  MIUIInput               system_server                        I  [MotionEvent] publisher action=0x1, deviceId=-1, 238457991, channel 'e02abae com.babelstream/com.babelstream.SettingsActivity (server)'
2025-11-02 00:34:21.700 19215-19215 MIUIInput               com.babelstream                      I  [MotionEvent] ViewRootImpl windowName 'com.babelstream/com.babelstream.SettingsActivity', { action=ACTION_UP, id[0]=0, pointerCount=1, eventTime=238457991, downTime=238457898, phoneEventTime=00:34:21.698 } moveCount:0
2025-11-02 00:34:22.464 19215-19215 MiInputConsumer         com.babelstream                      I  optimized resample latency: 1692522 ns
2025-11-02 00:34:22.641  2313-4109  InputDispatcher         system_server                        W  channel e02abae com.babelstream/com.babelstream.SettingsActivity (server)~ dropping inconsistent event: DispatchEntry{resolvedFlags=0, targetFlags=0x0, transform=transform (ROT_0) (SCALE )
                                                                                                        0.7500  -0.0000  0.0000
                                                                                                        -0.0000  0.7500  0.0000
                                                                                                        0.0000  0.0000  1.0000
                                                                                                    } original: MotionEvent(action=HOVER_EXIT)
2025-11-02 00:34:22.648  2313-4109  MIUIInput               system_server                        I  [MotionEvent] publisher action=0x0, deviceId=-1, 238458933, channel 'e02abae com.babelstream/com.babelstream.SettingsActivity (server)'
2025-11-02 00:34:22.649 19215-19215 MIUIInput               com.babelstream                      I  [MotionEvent] ViewRootImpl windowName 'com.babelstream/com.babelstream.SettingsActivity', { action=ACTION_DOWN, id[0]=0, pointerCount=1, eventTime=238458933, downTime=238458933, phoneEventTime=00:34:22.639 } moveCount:0
2025-11-02 00:34:22.742  2313-4109  MIUIInput               system_server                        I  [MotionEvent] publisher action=0x1, deviceId=-1, 238459034, channel 'e02abae com.babelstream/com.babelstream.SettingsActivity (server)'
2025-11-02 00:34:22.743 19215-19215 MIUIInput               com.babelstream                      I  [MotionEvent] ViewRootImpl windowName 'com.babelstream/com.babelstream.SettingsActivity', { action=ACTION_UP, id[0]=0, pointerCount=1, eventTime=238459034, downTime=238458933, phoneEventTime=00:34:22.740 } moveCount:0
2025-11-02 00:34:22.755  2313-10042 MiuiFreeFo...Controller system_server                        D  deliverResultForFinishActivity resultTo: ActivityRecord{877e769 u0 com.babelstream/.MainActivity t4137} resultFrom: ActivityRecord{f02150a u0 com.babelstream/.SettingsActivity t4137 f}} isInVideoOrGameScene: false intent: Intent { cmp=com.babelstream/.SettingsActivity }
2025-11-02 00:34:22.756  2313-10042 WindowManager           system_server                        D  Collecting in transition 7644: ActivityRecord{f02150a u0 com.babelstream/.SettingsActivity t4137 f}} init visibleRequested:true
2025-11-02 00:34:22.756  2313-10042 WindowManager           system_server                        D  Collecting in transition 7644: ActivityRecord{f02150a u0 com.babelstream/.SettingsActivity t4137 f}} init visibleRequested:true
2025-11-02 00:34:22.761  2313-2454  WindowManager           system_server                        D  wms.Focus not requested for window=Window{e02abae u0 com.babelstream/com.babelstream.SettingsActivity} because it has no surface or is not focusable.
2025-11-02 00:34:22.764  2313-8688  PerfStubImpl            system_server                        D  perfWarmLaunchBoost: com.babelstream, -1, 2
2025-11-02 00:34:22.765  2313-8688  WindowManager           system_server                        D  Collecting in transition 7644: ActivityRecord{877e769 u0 com.babelstream/.MainActivity t4137} init visibleRequested:false
2025-11-02 00:34:22.765  2313-8688  WindowManager           system_server                        E  setClientVisible ActivityRecord{877e769 u0 com.babelstream/.MainActivity t4137} true
2025-11-02 00:34:22.765 19215-22936 ContentCatcher          com.babelstream                      I  SettingTrigger : unregister status observer com.babelstream.SettingsActivity
2025-11-02 00:34:22.768  5042-5205  DynamicDDSService       .dataservices                        I  handleMessage(ACTIVITY_INVOKE{appInfo=com.babelstream isFullScreen=}true)
2025-11-02 00:34:22.810  2313-8688  BLASTSyncEngine         system_server                        I  SyncGroup 7644:  Unfinished container:ActivityRecord{877e769 u0 com.babelstream/.MainActivity t4137}
2025-11-02 00:34:22.810  2313-8688  BLASTSyncEngine         system_server                        I  isActivitySyncFinished isSyncFinished false ActivityRecord{877e769 u0 com.babelstream/.MainActivity t4137}
2025-11-02 00:34:22.811  2313-4370  ProcessManager          system_server                        D  skip notify foregroundAppInfo:ApplicationInfo{c9e8554 com.babelstream}
2025-11-02 00:34:22.811 19215-22920 ActivityThread          com.babelstream                      D  handleBoundsCompatInfoChanged remove: name=com.babelstream
2025-11-02 00:34:22.812  2313-10042 WindowManager           system_server                        I  Allow fixed rotation for non occludes parent activity r=ActivityRecord{877e769 u0 com.babelstream/.MainActivity t4137}
2025-11-02 00:34:22.815 19215-19215 MainActivity            com.babelstream                      I  onStart
2025-11-02 00:34:22.816 19215-19215 SecurityManager         com.babelstream                      D  checkAccessControl flag0
2025-11-02 00:34:22.817 19215-19215 MainActivity            com.babelstream                      I  onResume
2025-11-02 00:34:22.817 19215-22936 ContentCatcher          com.babelstream                      I  SettingTrigger : register screen QA status observer com.babelstream.MainActivity
2025-11-02 00:34:22.818  2313-10042 BLASTSyncEngine         system_server                        I  SyncGroup 7644:  Unfinished container:ActivityRecord{877e769 u0 com.babelstream/.MainActivity t4137}
2025-11-02 00:34:22.818  2313-10042 BLASTSyncEngine         system_server                        I  isActivitySyncFinished isSyncFinished false ActivityRecord{877e769 u0 com.babelstream/.MainActivity t4137}
2025-11-02 00:34:22.818  2313-10042 WindowManager           system_server                        I  Allow fixed rotation for non occludes parent activity r=ActivityRecord{877e769 u0 com.babelstream/.MainActivity t4137}
2025-11-02 00:34:22.819 19215-22936 ContentCatcher          com.babelstream                      I  SettingTrigger : register global collect status observer com.babelstream.MainActivity
2025-11-02 00:34:22.821  8490-17589 ActivityObserverUtil    com.miui.personalassistant           I  activityResumed ComponentInfo{com.babelstream/com.babelstream.MainActivity}
2025-11-02 00:34:22.821 19215-22936 ContentCat...ListHelper com.babelstream                      I   blackList size: 12 package is com.babelstream isInTaplusWhiteList: true
2025-11-02 00:34:22.821  8490-17589 TopActivityMonitor      com.miui.personalassistant           I  send TopActivityChangeEvent=TopActivityChangeEvent(prev=ComponentInfo{com.babelstream/com.babelstream.SettingsActivity}, current=ComponentInfo{com.babelstream/com.babelstream.MainActivity},appChanged=false)
2025-11-02 00:34:22.821  4639-4639  RecentsImpl             com.miui.home                        D  mActivityStateObserver com.babelstream.MainActivity
2025-11-02 00:34:22.822  5031-22829 VA_ActivityStateHelper  com.miui.voiceassist                 I  activityResumed componentName ComponentInfo{com.babelstream/com.babelstream.MainActivity}
2025-11-02 00:34:22.824  4414-4452  AppUpdateXmsfLauncher   com.xiaomi.xmsf                      D  activityResumed intent : Intent { cmp=com.babelstream/.MainActivity (has extras) }
2025-11-02 00:34:22.824 15655-15678 auth                    com.xiaomi.xmsf                      D  [XMS][Auth] ActivityObserver activityResumed packageName: com.babelstream
2025-11-02 00:34:22.826  8490-17589 travelServ...erverUtils com.miui.personalassistant           I  activityResumed ComponentInfo{com.babelstream/com.babelstream.MainActivity}
2025-11-02 00:34:22.826  4414-4452  services                com.xiaomi.xmsf                      D  [XMS][observer] ActivityObserver activityResumed packageName: com.babelstream
2025-11-02 00:34:22.827  4639-4639  RecentsImpl             com.miui.home                        W  updateStubViewVisibility, className=com.babelstream.MainActivity
2025-11-02 00:34:22.830  2313-4845  BLASTSyncEngine         system_server                        I  SyncGroup 7644:  Unfinished container:ActivityRecord{877e769 u0 com.babelstream/.MainActivity t4137}
2025-11-02 00:34:22.830  2313-4845  BLASTSyncEngine         system_server                        I  isActivitySyncFinished isSyncFinished false ActivityRecord{877e769 u0 com.babelstream/.MainActivity t4137}
2025-11-02 00:34:22.832  2313-4845  WindowManager           system_server                        D  wms.Input focus has changed to Window{2bfcdb3 u0 com.babelstream/com.babelstream.MainActivity} display=0 updateInputWindows = true
2025-11-02 00:34:22.832  2313-4845  WindowManager           system_server                        I  Allow fixed rotation for non occludes parent activity r=ActivityRecord{877e769 u0 com.babelstream/.MainActivity t4137}
2025-11-02 00:34:22.835 19215-19215 libc                    com.babelstream                      W  Access denied finding property "vendor.gpp.create_frc_extension"
2025-11-02 00:34:22.836 19215-19215 VRI[MainActivity]       com.babelstream                      D  vri.reportNextDraw android.view.ViewRootImpl.performTraversals:4949 android.view.ViewRootImpl.doTraversal:3549 android.view.ViewRootImpl$TraversalRunnable.run:11526 android.view.Choreographer$CallbackRecord.run:1717 android.view.Choreographer$CallbackRecord.run:1726 
2025-11-02 00:34:22.836 19215-19215 VRI[MainActivity]       com.babelstream                      D  vri.Setup new sync=wmsSync-VRI[MainActivity]#6
2025-11-02 00:34:22.838  2313-2454  BLASTSyncEngine         system_server                        I  SyncGroup 7644:  Unfinished container:ActivityRecord{877e769 u0 com.babelstream/.MainActivity t4137}
2025-11-02 00:34:22.838  2313-2454  BLASTSyncEngine         system_server                        I  isActivitySyncFinished isSyncFinished false ActivityRecord{877e769 u0 com.babelstream/.MainActivity t4137}
2025-11-02 00:34:22.839 19215-19215 VRI[MainActivity]       com.babelstream                      D  vri.reportDrawFinished
2025-11-02 00:34:22.841  2313-10042 WindowManager           system_server                        D  wms.finishDrawingLocked: mDrawState=COMMIT_DRAW_PENDING Window{2bfcdb3 u0 com.babelstream/com.babelstream.MainActivity} in Surface(name=com.babelstream/com.babelstream.MainActivity#82652)/@0xa5cd0bb
2025-11-02 00:34:22.845  2313-2454  WindowManager           system_server                        E  setClientVisible ActivityRecord{877e769 u0 com.babelstream/.MainActivity t4137} true
2025-11-02 00:34:22.845  2313-2454  WindowManager           system_server                        I  wms.showSurfaceRobustly mWin:Window{2bfcdb3 u0 com.babelstream/com.babelstream.MainActivity}
2025-11-02 00:34:22.845  2313-2454  WindowManager           system_server                        D  Final targets: [ActivityRecord{f02150a u0 com.babelstream/.SettingsActivity t4137 f}}, ActivityRecord{877e769 u0 com.babelstream/.MainActivity t4137}]
2025-11-02 00:34:22.846  2313-2454  WindowManager           system_server                        D  Calling onTransitionReady info={id=7644 t=CLOSE f=0x0 trk=0 opt={t=FROM_STYLE} r=[0@Point(0, 0)] c=[{null m=CLOSE f=FILLS_TASK leash=Surface(name=ActivityRecord{f02150a u0 com.babelstream/.SettingsActivity t4137}#82640)/@0x83477d6 sb=Rect(0, 0 - 1080, 2400) eb=Rect(0, 0 - 1080, 2400) d=0 bc=ff1e1e1e component=com.babelstream/.SettingsActivity v=false},{null m=TO_FRONT f=FILLS_TASK leash=Surface(name=ActivityRecord{877e769 u0 com.babelstream/.MainActivity t4137}#82619)/@0x79fe0ab sb=Rect(0, 0 - 1080, 2400) eb=Rect(0, 0 - 1080, 2400) d=0 bc=ff1e1e1e component=com.babelstream/.MainActivity v=true}] mk=[false] noAni=[false] df=[false] oa=[true] sa=[false] ho=[false] iSync=[-1]}, mToken=Token{9d4c88f TransitionRecord{19a8166 id=7644 type=CLOSE flags=0x0}}
2025-11-02 00:34:22.848  5110-5249  MiuiFreefo...eAnimation com.android.systemui                 D  startAnimation change: {null m=CLOSE f=FILLS_TASK leash=Surface(name=ActivityRecord{f02150a u0 com.babelstream/.SettingsActivity t4137}#82640)/@0xbb56b2e sb=Rect(0, 0 - 1080, 2400) eb=Rect(0, 0 - 1080, 2400) d=0 bc=ff1e1e1e component=com.babelstream/.SettingsActivity v=false} info.getType(): 2
2025-11-02 00:34:22.848  5110-5249  MiuiFreefo...eAnimation com.android.systemui                 D  startAnimation change: {null m=TO_FRONT f=FILLS_TASK leash=Surface(name=ActivityRecord{877e769 u0 com.babelstream/.MainActivity t4137}#82619)/@0x67ad6cf sb=Rect(0, 0 - 1080, 2400) eb=Rect(0, 0 - 1080, 2400) d=0 bc=ff1e1e1e component=com.babelstream/.MainActivity v=true} info.getType(): 2
2025-11-02 00:34:22.875 19215-19215 HandWritingStubImpl     com.babelstream                      I  refreshLastKeyboardType: 1
2025-11-02 00:34:22.875 19215-19215 HandWritingStubImpl     com.babelstream                      I  getCurrentKeyboardType: 1
2025-11-02 00:34:22.891  2313-4132  ImeTracker              system_server                        I  com.babelstream:42e207b4: onRequestHide at ORIGIN_SERVER reason HIDE_UNSPECIFIED_WINDOW fromUser false
2025-11-02 00:34:22.891  2313-4132  ImeTracker              system_server                        I  com.babelstream:42e207b4: onCancelled at PHASE_SERVER_SHOULD_HIDE
2025-11-02 00:34:22.897  4639-5596  RecentsModel            com.miui.home                        W  getRunningTask   taskInfo=TaskInfo{userId=0 taskId=4137 displayId=0 isRunning=true baseIntent=Intent { act=android.intent.action.MAIN cat=[android.intent.category.LAUNCHER] flg=0x10000000 cmp=com.babelstream/.MainActivity } baseActivity=ComponentInfo{com.babelstream/com.babelstream.MainActivity} topActivity=ComponentInfo{com.babelstream/com.babelstream.MainActivity} origActivity=null realActivity=ComponentInfo{com.babelstream/com.babelstream.MainActivity} numActivities=1 lastActiveTime=256934099 supportsSplitScreenMultiWindow=true supportsMultiWindow=true resizeMode=1 isResizeable=true minWidth=-1 minHeight=-1 defaultMinSize=200 token=WCT{android.window.IWindowContainerToken$Stub$Proxy@d815ade} topActivityType=1 pictureInPictureParams=null shouldDockBigOverlays=false launchIntoPipHostTaskId=-1 lastParentTaskIdBeforePip=-1 displayCutoutSafeInsets=Rect(0, 110 - 0, 0) topActivityInfo=ActivityInfo{f7784bf com.babelstream.MainActivity} launchCookies=[] positionInParent=Point(0, 0) parentTaskId=-1 isFocused=true isVisible=true isVisibleRequested=true isSleeping=false locusId=null displayAreaFeatureId=1 isTopActivityTransparent=false appCompatTaskInfo=AppCompatTaskInfo { topActivityInSizeCompat=false topActivityInMiuiSizeCompat=false topActivityEligibleForLetterboxEducation= falseisLetterboxEducationEnabled= false isLetterboxDoubleTapEnabled= false topActivityEligibleForUserAspectRatioButton= false topActivityBoundsLetterboxed= false isFromLetterboxDoubleTap= false topActivityLetterboxVerticalPosition= -1 topActivityLetterboxHorizontalPosition= -1 topActivityLetterboxWidth=1080 topActivityLetterboxHeight=2400 isUserFullscreenOverrideEnabled=false isSystemFullscreenOverrideEnabled=false cameraCompatTaskInfo=CameraCompatTaskInfo { cameraCompatControlState=hidden freeformCameraCompatMode=inactive}} isImmersive=false mTopActivityRequestOrientation=1 mBehindAppLockPkg=null mOriginatingUid=0 isEmbedded=false shouldBeVisible=true isCreatedByOrganizer=false mIsCastMode=false mTopActivityMediaSize=null mTopActivityRecordName=ActivityRecord{877e769 u0 com.babelstream/.MainActivity t4137} mTopActivityOrientation=1}
2025-11-02 00:34:22.908  5110-5110  KeyguardEditorHelper    com.android.systemui                 D  onTopActivityMayChanged, topActivity=ComponentInfo{com.babelstream/com.babelstream.MainActivity}; mState=IDEL
2025-11-02 00:34:22.910  4639-5596  ActivityManagerWrapper  com.miui.home                        E  getRecentTasksForceIncludingTaskIdIfValid: getRecentTasks: size=12
                                                                                                     mainTaskId=4137   userId=0   windowMode=1   baseIntent=Intent { act=android.intent.action.MAIN flag=268435456 cmp=ComponentInfo{com.babelstream/com.babelstream.MainActivity} }
                                                                                                     mainTaskId=4109   userId=999   windowMode=1   baseIntent=Intent { act=null flag=872415232 cmp=ComponentInfo{com.tencent.mm/com.tencent.mm.ui.LauncherUI} }
                                                                                                     mainTaskId=4097   userId=0   windowMode=1   baseIntent=Intent { act=android.intent.action.MAIN flag=270532608 cmp=ComponentInfo{com.tencent.mm/com.tencent.mm.ui.LauncherUI} }
                                                                                                     mainTaskId=4108   userId=0   windowMode=1   baseIntent=Intent { act=android.intent.action.MAIN flag=270532608 cmp=ComponentInfo{tv.danmaku.bili/tv.danmaku.bili.MainActivityV2} }
                                                                                                     mainTaskId=4085   userId=0   windowMode=1   baseIntent=Intent { act=android.intent.action.MAIN flag=270532608 cmp=ComponentInfo{com.copymanga.app/com.copymanga.app.MainActivity} }
                                                                                                     mainTaskId=4107   userId=0   windowMode=1   baseIntent=Intent { act=android.intent.action.MAIN flag=270532608 cmp=ComponentInfo{com.android.camera/com.android.camera.Camera} }
                                                                                                     mainTaskId=4101   userId=0   windowMode=1   baseIntent=Intent { act=android.intent.action.MAIN flag=270532608 cmp=ComponentInfo{com.xunmeng.pinduoduo/com.xunmeng.pinduoduo.ui.activity.MainFrameActivity} }
                                                                                                     mainTaskId=4001   userId=0   windowMode=1   baseIntent=Intent { act=android.intent.action.MAIN flag=270532608 cmp=ComponentInfo{mark.via/mark.via.Shell} }
                                                                                                     mainTaskId=4081   userId=0   windowMode=1   baseIntent=Intent { act=android.intent.action.MAIN flag=270532608 cmp=ComponentInfo{com.clouddrive2.clouddrive2/com.clouddrive2.clouddrive2.MainActivity} }
                                                                                                     mainTaskId=4080   userId=0   windowMode=1   baseIntent=Intent { act=android.intent.action.MAIN flag=270532608 cmp=ComponentInfo{com.twitter.android/com.twitter.android.StartActivity} }
                                                                                                     mainTaskId=4007   userId=0   windowMode=1   baseIntent=Intent { act=null flag=269484032 cmp=ComponentInfo{com.xiaomi.aiasst.vision/com.xiaomi.aiasst.vision.ui.setting.ControlWindowSettingActivity} }
                                                                                                     mainTaskId=4002   userId=0   windowMode=1   baseIntent=Intent { act=android.intent.action.MAIN flag=270532608 cmp=ComponentInfo{com.android.settings/com.android.settings.MainSettings} }
2025-11-02 00:34:22.917  4639-5596  RecentsModel            com.miui.home                        W  getRunningTask   taskInfo=TaskInfo{userId=0 taskId=4137 displayId=0 isRunning=true baseIntent=Intent { act=android.intent.action.MAIN cat=[android.intent.category.LAUNCHER] flg=0x10000000 cmp=com.babelstream/.MainActivity } baseActivity=ComponentInfo{com.babelstream/com.babelstream.MainActivity} topActivity=ComponentInfo{com.babelstream/com.babelstream.MainActivity} origActivity=null realActivity=ComponentInfo{com.babelstream/com.babelstream.MainActivity} numActivities=1 lastActiveTime=256934120 supportsSplitScreenMultiWindow=true supportsMultiWindow=true resizeMode=1 isResizeable=true minWidth=-1 minHeight=-1 defaultMinSize=200 token=WCT{android.window.IWindowContainerToken$Stub$Proxy@6a9addb} topActivityType=1 pictureInPictureParams=null shouldDockBigOverlays=false launchIntoPipHostTaskId=-1 lastParentTaskIdBeforePip=-1 displayCutoutSafeInsets=Rect(0, 110 - 0, 0) topActivityInfo=ActivityInfo{b99f078 com.babelstream.MainActivity} launchCookies=[] positionInParent=Point(0, 0) parentTaskId=-1 isFocused=true isVisible=true isVisibleRequested=true isSleeping=false locusId=null displayAreaFeatureId=1 isTopActivityTransparent=false appCompatTaskInfo=AppCompatTaskInfo { topActivityInSizeCompat=false topActivityInMiuiSizeCompat=false topActivityEligibleForLetterboxEducation= falseisLetterboxEducationEnabled= false isLetterboxDoubleTapEnabled= false topActivityEligibleForUserAspectRatioButton= false topActivityBoundsLetterboxed= false isFromLetterboxDoubleTap= false topActivityLetterboxVerticalPosition= -1 topActivityLetterboxHorizontalPosition= -1 topActivityLetterboxWidth=1080 topActivityLetterboxHeight=2400 isUserFullscreenOverrideEnabled=false isSystemFullscreenOverrideEnabled=false cameraCompatTaskInfo=CameraCompatTaskInfo { cameraCompatControlState=hidden freeformCameraCompatMode=inactive}} isImmersive=false mTopActivityRequestOrientation=1 mBehindAppLockPkg=null mOriginatingUid=0 isEmbedded=false shouldBeVisible=true isCreatedByOrganizer=false mIsCastMode=false mTopActivityMediaSize=null mTopActivityRecordName=ActivityRecord{877e769 u0 com.babelstream/.MainActivity t4137} mTopActivityOrientation=1}
2025-11-02 00:34:22.920  4639-5596  ActivityManagerWrapper  com.miui.home                        E  getRecentTasksForceIncludingTaskIdIfValid: getRecentTasks: size=12
                                                                                                     mainTaskId=4137   userId=0   windowMode=1   baseIntent=Intent { act=android.intent.action.MAIN flag=268435456 cmp=ComponentInfo{com.babelstream/com.babelstream.MainActivity} }
                                                                                                     mainTaskId=4109   userId=999   windowMode=1   baseIntent=Intent { act=null flag=872415232 cmp=ComponentInfo{com.tencent.mm/com.tencent.mm.ui.LauncherUI} }
                                                                                                     mainTaskId=4097   userId=0   windowMode=1   baseIntent=Intent { act=android.intent.action.MAIN flag=270532608 cmp=ComponentInfo{com.tencent.mm/com.tencent.mm.ui.LauncherUI} }
                                                                                                     mainTaskId=4108   userId=0   windowMode=1   baseIntent=Intent { act=android.intent.action.MAIN flag=270532608 cmp=ComponentInfo{tv.danmaku.bili/tv.danmaku.bili.MainActivityV2} }
                                                                                                     mainTaskId=4085   userId=0   windowMode=1   baseIntent=Intent { act=android.intent.action.MAIN flag=270532608 cmp=ComponentInfo{com.copymanga.app/com.copymanga.app.MainActivity} }
                                                                                                     mainTaskId=4107   userId=0   windowMode=1   baseIntent=Intent { act=android.intent.action.MAIN flag=270532608 cmp=ComponentInfo{com.android.camera/com.android.camera.Camera} }
                                                                                                     mainTaskId=4101   userId=0   windowMode=1   baseIntent=Intent { act=android.intent.action.MAIN flag=270532608 cmp=ComponentInfo{com.xunmeng.pinduoduo/com.xunmeng.pinduoduo.ui.activity.MainFrameActivity} }
                                                                                                     mainTaskId=4001   userId=0   windowMode=1   baseIntent=Intent { act=android.intent.action.MAIN flag=270532608 cmp=ComponentInfo{mark.via/mark.via.Shell} }
                                                                                                     mainTaskId=4081   userId=0   windowMode=1   baseIntent=Intent { act=android.intent.action.MAIN flag=270532608 cmp=ComponentInfo{com.clouddrive2.clouddrive2/com.clouddrive2.clouddrive2.MainActivity} }
                                                                                                     mainTaskId=4080   userId=0   windowMode=1   baseIntent=Intent { act=android.intent.action.MAIN flag=270532608 cmp=ComponentInfo{com.twitter.android/com.twitter.android.StartActivity} }
                                                                                                     mainTaskId=4007   userId=0   windowMode=1   baseIntent=Intent { act=null flag=269484032 cmp=ComponentInfo{com.xiaomi.aiasst.vision/com.xiaomi.aiasst.vision.ui.setting.ControlWindowSettingActivity} }
                                                                                                     mainTaskId=4002   userId=0   windowMode=1   baseIntent=Intent { act=android.intent.action.MAIN flag=270532608 cmp=ComponentInfo{com.android.settings/com.android.settings.MainSettings} }
2025-11-02 00:34:23.363  2313-4845  WindowManager           system_server                        E  setClientVisible ActivityRecord{f02150a u0 com.babelstream/.SettingsActivity t4137 f}} false
2025-11-02 00:34:23.367  5042-5205  DynamicDDSService       .dataservices                        I  handleMessage(ACTIVITY_SUSPEND{appInfo=com.babelstream isFullScreen=}true)
2025-11-02 00:34:23.367 19215-19215 VRI[SettingsActivity]   com.babelstream                      D  visibilityChanged oldVisibility=true newVisibility=false
2025-11-02 00:34:23.382 19215-19215 WindowOnBackDispatcher  com.babelstream                      W  sendCancelIfRunning: isInProgress=false callback=android.view.ViewRootImpl$$ExternalSyntheticLambda12@b3964ee
2025-11-02 00:34:23.382  2313-10042 CoreBackPreview         system_server                        D  Window{e02abae u0 com.babelstream/com.babelstream.SettingsActivity}: Setting back callback null
2025-11-02 00:34:23.384 19215-19215 DecorViewImmersiveImpl  com.babelstream                      D  onDetachedFromWindow
2025-11-02 00:34:23.385 19215-22935 HWUI                    com.babelstream                      D  endAllActiveAnimators on 0xb400007c54139940 (RippleDrawable) with handle 0xb400007ba415fc00
2025-11-02 00:34:23.386  2313-4845  InputManager-JNI        system_server                        W  Input channel object 'e02abae com.babelstream/com.babelstream.SettingsActivity (client)' was disposed without first being removed with the input manager!
2025-11-02 00:34:23.393  2313-10042 WindowManager           system_server                        D  setLockTaskAuth: task=Task{c9e9125 #4137 type=standard A=10431:com.babelstream} mLockTaskAuth=LOCK_TASK_AUTH_PINNABLE
2025-11-02 00:34:23.396  2313-2443  SSRU-ResourceUsageProxy system_server                        W  Nonexistent ongoing transaction AW_TOP:13787121 for u:0 pkg:com.babelstream ended
2025-11-02 00:34:23.396  2313-10042 ProcessMemoryCleaner    system_server                        D  check app heap status: com.babelstream, 14668968, 0, 268435456, 4.4291850240000004E8, 0.55
2025-11-02 00:34:23.397  5042-5205  DynamicDDSService       .dataservices                        I  handleMessage(ACTIVITY_INVOKE{appInfo=com.babelstream isFullScreen=}true)
2025-11-02 00:34:24.595  2313-4109  InputDispatcher         system_server                        W  channel 2bfcdb3 com.babelstream/com.babelstream.MainActivity (server)~ dropping inconsistent event: DispatchEntry{resolvedFlags=0, targetFlags=0x0, transform=transform (ROT_0) (SCALE )
                                                                                                        0.7500  -0.0000  0.0000
                                                                                                        -0.0000  0.7500  0.0000
                                                                                                        0.0000  0.0000  1.0000
                                                                                                    } original: MotionEvent(action=HOVER_EXIT)
2025-11-02 00:34:24.604  2313-4109  MIUIInput               system_server                        I  [MotionEvent] publisher action=0x0, deviceId=-1, 238460890, channel '2bfcdb3 com.babelstream/com.babelstream.MainActivity (server)'
2025-11-02 00:34:24.610 19215-19215 MIUIInput               com.babelstream                      I  [MotionEvent] ViewRootImpl windowName 'com.babelstream/com.babelstream.MainActivity', { action=ACTION_DOWN, id[0]=0, pointerCount=1, eventTime=238460890, downTime=238460890, phoneEventTime=00:34:24.597 } moveCount:0
2025-11-02 00:34:24.752  2313-4109  MIUIInput               system_server                        I  [MotionEvent] publisher action=0x1, deviceId=-1, 238461043, channel '2bfcdb3 com.babelstream/com.babelstream.MainActivity (server)'
2025-11-02 00:34:24.754 19215-19215 MIUIInput               com.babelstream                      I  [MotionEvent] ViewRootImpl windowName 'com.babelstream/com.babelstream.MainActivity', { action=ACTION_UP, id[0]=0, pointerCount=1, eventTime=238461043, downTime=238460890, phoneEventTime=00:34:24.750 } moveCount:0
2025-11-02 00:34:24.759  2313-9480  ActivityManager         system_server                        I  Background started FGS: Allowed [callingPackage: com.babelstream; callingUid: 10431; uidState: TOP ; uidBFSL: [BFSL]; intent: Intent { act=com.babelstream.RECOGNITION_START cmp=com.babelstream/.RecognitionService }; code:PROC_STATE_TOP; tempAllowListReason:<null>; targetSdkVersion:34; callerTargetSdkVersion:34; startForegroundCount:0; bindFromPackage:null: isBindService:false]
2025-11-02 00:34:24.773 19215-19215 RecognitionService      com.babelstream                      I  onCreate
2025-11-02 00:34:24.775 19215-19215 RecognitionService      com.babelstream                      I  ACTION_STATUS: RecognitionService onCreate
2025-11-02 00:34:24.780 19215-19215 RecognitionService      com.babelstream                      I  startPipeline: useMic=true, cfgSampleRate=16000, model=gummy-realtime-v1, wsEndpoint=
2025-11-02 00:34:24.781 19215-19215 AudioManager            com.babelstream                      D  getMode: mode=0, callApp=com.babelstream
2025-11-02 00:34:24.781  2313-9480  AS.AudioService         system_server                        V  setMode(mode=3, pid=19215, uid=10431, caller=com.babelstream)
2025-11-02 00:34:24.782 19215-19215 RecognitionService      com.babelstream                      I  micMuted(before)=false, audioMode=0
2025-11-02 00:34:24.784 19215-19215 RecognitionService      com.babelstream                      I  micPrivacyBlocked=false
2025-11-02 00:34:24.793 19215-19215 AudioRecordStub         com.babelstream                      D  AudioRecordStub() create
2025-11-02 00:34:24.794 19215-19215 AudioRecordImpl         com.babelstream                      I  initAudioRecordImpl()
2025-11-02 00:34:24.794 19215-19215 AudioRecord             com.babelstream                      D  set(): inputSource 7, sampleRate 48000, format 0x1, channelMask 0x10, frameCount 4096, notificationFrames 0, sessionId 0, transferType 0, flags 0, attributionSource AttributionSourceState{pid: 19215, uid: 10431, deviceId: 0, packageName: com.babelstream, attributionTag: (null), token: binder:0xb400007b840f4db0, renouncedPermissions: [], next: []}uid -1, pid -1
2025-11-02 00:34:24.911  1910-4398  APM_AudioPolicyManager  audioserver                          D  getInputForAttr AudioPlayBackCapture not supported, appName: com.babelstream
2025-11-02 00:34:24.912  1910-4398  AudioPolicyManagerImpl  audioserver                          D  binder call: getPackageName com.babelstream for uid 10431
2025-11-02 00:34:24.918  2313-4310  AudioServiceStubImpl    system_server                        D  onUpdateAudioMode audiomode 3 package:com.babelstream
2025-11-02 00:34:24.921 19215-19215 xlog_client             com.babelstream                      V  xlog_check_permission event name audio_track_message level 0
2025-11-02 00:34:24.921 19215-19215 AudioCaptureManager     com.babelstream                      I  AudioRecord initialized: source=7, sampleRate=48000, buffer=8192
2025-11-02 00:34:24.922 19215-19215 AudioCaptureManager     com.babelstream                      I  AudioRecord source selected: 7, sr=48000
2025-11-02 00:34:24.922 19215-19215 EpFrameworkFactory      com.babelstream                      W  activated: false jar exist: false
2025-11-02 00:34:24.922 19215-19215 AudioRecord             com.babelstream                      I  start mSessionID=9513 start(2579): sync event 0 trigger session 0  packageName: com.babelstream
2025-11-02 00:34:24.925  1910-4416  MiAudioPolicyManager    audioserver                          D  getPackageName: com.babelstream  uid 10431
2025-11-02 00:34:24.927  1910-23059 AudioFlingerImpl        audioserver                          D  checkForGameParameter_l() set events appname=+com.babelstream
2025-11-02 00:34:24.927  1584-1584  AHAL: AudioStream       android.hardware.audio.service_64    D  astream_in_set_parameters: 2049: Enter: appname=+com.babelstream
2025-11-02 00:34:24.927  1584-1584  AHAL: AudioStreamCustom android.hardware.audio.service_64    D  SetParameters: 892: Enter: kvpairs is appname=+com.babelstream
2025-11-02 00:34:24.927  1584-1584  AHAL: AudioStreamCustom android.hardware.audio.service_64    D  SetParameters: 963: [hal_apptype] SetParameters(), in: set app name +com.babelstream [41, 0x1 0x1]
2025-11-02 00:34:24.927  1584-1584  AHAL: AudioStream       android.hardware.audio.service_64    D  SetParameters: 6352: enter: kvpairs: appname=+com.babelstream
2025-11-02 00:34:24.928  8522-10456 MIUISafety-Monitor      com.miui.securitycenter.remote       W  sync com.babelstream,userId:0,op:27,active:true,isNote:false,isTerminal:false,notify:true
2025-11-02 00:34:24.929  1910-4416  APM_AudioPolicyManager  audioserver                          D  startInput input:2774, session:9513, portId:2579, appname com.babelstream, uid 10431)
2025-11-02 00:34:24.939 19215-19215 EpFrameworkFactory      com.babelstream                      W  activated: false jar exist: false
2025-11-02 00:34:24.951 19215-19215 AudioCaptureManager     com.babelstream                      I  Routed device: type=15, name=23116PN5BC
2025-11-02 00:34:24.951 19215-19215 AudioCaptureManager     com.babelstream                      I  Resampling mic from 48000 to 16000
2025-11-02 00:34:24.951 19215-19215 AudioCaptureManager     com.babelstream                      I  Recording started
2025-11-02 00:34:24.951 19215-19215 RecognitionService      com.babelstream                      I  startPipeline: captureStarted=true, useMic=true
2025-11-02 00:34:24.954 19215-19215 RecognitionService      com.babelstream                      I  ACTION_STATUS: : 48000Hz
2025-11-02 00:34:24.954 19215-19215 RecognitionService      com.babelstream                      I  startPipeline: creating recognizer
2025-11-02 00:34:24.958 19215-19215 NativeNui_JAVA          com.babelstream                      I  load library neonui
2025-11-02 00:34:24.980  1584-23060 android.ha...service_64 android.hardware.audio.service_64    D  send_sound_recorder_data_to_xlog: msg input_device__type: mobile mic, recorder_app_name: com.babelstream
2025-11-02 00:34:24.980  1584-23060 xlog_client             android.hardware.audio.service_64    D  _xlog_write_flat_msg: send msg {"name":"sound_recorder","audio_event":{"input_device_type":"mobile mic","recorder_app_name":"com.babelstream"},"dgt":"null","audio_ext":"null" }
2025-11-02 00:34:24.989  6629-6629  SpaceNotif...ionService com.miui.securitycore.remote         D  onNotificationPosted pkgname:com.babelstream userId:0 currentUserId:0 isFloat: false
2025-11-02 00:34:24.993  9743-11525 NotifySync...9743_11525 com.mi.health                        I  onNotificationPosted Id:2 key:0|com.babelstream|2|null|10431 PackageName:com.babelstream IsOngoing:true PostTime:1762014864780 currentDeviceModel.connected: true
2025-11-02 00:34:24.995 19215-19215 nativeloader            com.babelstream                      D  Load /data/app/~~gXXT-w-DP86lP6l5H7COOw==/com.babelstream-CmMDFW1ftSsB8e1S0Auh5g==/base.apk!/lib/arm64-v8a/libneonuijni_public.so using ns clns-7 from class loader (caller=/data/app/~~gXXT-w-DP86lP6l5H7COOw==/com.babelstream-CmMDFW1ftSsB8e1S0Auh5g==/base.apk): ok
2025-11-02 00:34:24.995 19215-19215 iDST::NativeNui:2341    com.babelstream                      I  register_native_method
2025-11-02 00:34:24.995 19215-19215 TEST                    com.babelstream                      I  register_native_method2
2025-11-02 00:34:24.995 19215-19215 iDST::NativeNui:124     com.babelstream                      V  init_jni enter
2025-11-02 00:34:24.995 19215-19215 iDST::NativeNui:194     com.babelstream                      V  init_jni exit
2025-11-02 00:34:24.995 19215-19215 iDST::NativeNui:2112    com.babelstream                      V  tts_init_jni enter
2025-11-02 00:34:24.995 19215-19215 iDST::NativeNui:2135    com.babelstream                      V  tts init_jni exit
2025-11-02 00:34:24.995 19215-19215 iDST::NativeNui:2139    com.babelstream                      V  stream_input_tts_init_jni enter
2025-11-02 00:34:24.995 19215-19215 iDST::NativeNui:2166    com.babelstream                      V  stream_input_tts init_jni exit
2025-11-02 00:34:24.995 19215-19215 NativeNui_JAVA          com.babelstream                      I  load library succeeded
2025-11-02 00:34:24.995 19215-19215 NativeNui_JAVA          com.babelstream                      I  load library done
2025-11-02 00:34:24.995 19215-19215 iDST::Nui:31            com.babelstream                      V  new NuiImpl
2025-11-02 00:34:24.995 19215-19215 iDST::Auth:9            com.babelstream                      V  construct ...
2025-11-02 00:34:24.995 19215-19215 iDST::NThread:67        com.babelstream                      V  thread abs_handler_thread start
2025-11-02 00:34:24.995 19215-23082 iDST::EasyLooper:148    com.babelstream                      D  RebuildEpollLocked: open epoll_fd_ 224
2025-11-02 00:34:24.996 19215-19215 iDST::NUISDK:60         com.babelstream                      D  new NuiAbsLayer(0xb400007d141ec550) done in NuiSdk(0xb400007c1411ceb0)
2025-11-02 00:34:24.996 19215-19215 iDST::NativeNui:620     com.babelstream                      I  new nuisdk 0xb400007c1411ceb0
2025-11-02 00:34:24.996 19215-19215 NativeNui_JAVA          com.babelstream                      I  nui handle = -5476376613969867088
2025-11-02 00:34:24.996 19215-23082 iDST::NuiAbsLayer:2472  com.babelstream                      I  NuiAbsLayer[0xb400007d141ec550] abs layer init
2025-11-02 00:34:24.996 19215-23082 iDST::NuiAbsLayer:2474  com.babelstream                      I  NuiAbsLayer[0xb400007d141ec550] abs layer init done.
2025-11-02 00:34:25.001 19215-19215 RecognitionService      com.babelstream                      I  status=SDK...
2025-11-02 00:34:25.001  5110-5110  MiuiBubbleSettings      com.android.systemui                 I  com.babelstream 0isAppEnableBubbleNotification: false
2025-11-02 00:34:25.002 19215-19215 RecognitionService      com.babelstream                      I  ACTION_STATUS: SDK...
2025-11-02 00:34:25.003 19215-19215 CommonUtils             com.babelstream                      D  service_mode: 1
2025-11-02 00:34:25.003 19215-19215 iDST::NativeNui:639     com.babelstream                      V  native_init 0xb400007c1411ceb0 ->
2025-11-02 00:34:25.003 19215-19215 iDST::NativeNui:642     com.babelstream                      V  native_init 0xb400007c1411ceb0 locked ->
2025-11-02 00:34:25.003 19215-19215 iDST::NativeNui:684     com.babelstream                      D  log_track_callback handler:0x7b174525e8 in jni.
2025-11-02 00:34:25.003 19215-19215 iDST::NativeNui:692     com.babelstream                      I  sync init
2025-11-02 00:34:25.003 19215-19215 iDST::Utils:150         com.babelstream                      V  TextUtils::GetVersion major 2 middle 7 minor 0
2025-11-02 00:34:25.003 19215-19215 iDST::Utils:165         com.babelstream                      V  TextUtils::GetVersion is V2.7.0-039-20251010
2025-11-02 00:34:25.003 19215-19215 iDST::NUISDK:212        com.babelstream                      I  NUI SDK VER <V2.7.0-039-20251010> DATE <Oct 10 2025>
2025-11-02 00:34:25.003 19215-19215 iDST::NUISDK:214        com.babelstream                      I  NUI GIT SHA [sha1]:1306a4b [author]:shichen.fsc [time]:2025-10-10 10:47:49 +0800 [commit]:[V2.6.9] StreaminputTTS supports audio decoder of MP3. [branch]: (HEAD -> release/2.7.x/baseline, origin/release/2.7.x/baseline)
2025-11-02 00:34:25.003 19215-19215 iDST::Utils:204         com.babelstream                      V  TextUtils::GetAppCode is 039
2025-11-02 00:34:25.003 19215-19215 iDST::NUISDK:217        com.babelstream                      I  NUI PRODUCT NAME <dash_nls_wakeup_tts_openssl> APP CODE <039>
2025-11-02 00:34:25.003 19215-19215 iDST::NUISDK:218        com.babelstream                      I  log level 0(0:VERBOSE, 4:ERROR)
2025-11-02 00:34:25.003 19215-19215 iDST::NUISDK:270        com.babelstream                      I  sync invoke
2025-11-02 00:34:25.003 19215-19215 iDST::NUISDK:130        com.babelstream                      W  cannot find workspace in params
2025-11-02 00:34:25.003 19215-19215 iDST::NUISDK:131        com.babelstream                      E  service_mode should be a string
2025-11-02 00:34:25.003 19215-19215 iDST::NUISDK:133        com.babelstream                      W  cannot find service_protocol in params
2025-11-02 00:34:25.003 19215-19215 iDST::NUISDK:137        com.babelstream                      W  cannot find workspace in params
2025-11-02 00:34:25.003 19215-19215 iDST::NUISDK:273        com.babelstream                      E  init params check failed
2025-11-02 00:34:25.003 19215-19215 iDST::NativeNui:709     com.babelstream                      I  nui init done with ret:240003 and cost 0+0ms.
2025-11-02 00:34:25.004 19215-19215 SdkGummyClient          com.babelstream                      I  initialize ret=240003
2025-11-02 00:34:25.004 19215-19215 RecognitionService      com.babelstream                      I  status=initialize ret=240003
2025-11-02 00:34:25.004 19215-19215 RecognitionService      com.babelstream                      I  ACTION_STATUS: initialize ret=240003
2025-11-02 00:34:25.004 19215-19215 RecognitionService      com.babelstream                      E  error=SDK: ret=240003
2025-11-02 00:34:25.005 19215-19215 RecognitionService      com.babelstream                      I  ACTION_STATUS: SDK: ret=240003
2025-11-02 00:34:25.005 19215-19215 RecognitionService      com.babelstream                      I  recognizer.start returned=false
2025-11-02 00:34:25.005 19215-19215 RecognitionService      com.babelstream                      I  ACTION_STATUS: 
2025-11-02 00:34:25.048  5110-5110  AlertCoordinator        com.android.systemui                 D  onViewBound, buzzBeep for 0|com.babelstream|2|null|10431
2025-11-02 00:34:25.102 19215-23069 AudioCaptureManager     com.babelstream                      I  level=0
2025-11-02 00:34:25.107 19215-23069 RecognitionService      com.babelstream                      I  level=0
2025-11-02 00:34:25.117  2313-2876  PerfShielderService     system_server                        D  com.babelstream|com.babelstream/com.babelstream.MainActivity|525|238461300801585|234|0|17
2025-11-02 00:34:25.117  8192-8314  MiuiPerfServiceClient   com.miui.daemon                      W  interceptAndQueuing:19215|com.babelstream|525|234|238461300801585|Slow main thread|17
2025-11-02 00:34:25.283 19215-22935 RenderInspector         com.babelstream                      W  DequeueBuffer time out on com.babelstream/com.babelstream.MainActivity, count=22, avg=12 ms, max=21 ms.
2025-11-02 00:34:25.359  2313-10042 NotificationService     system_server                        W  Toast already killed. pkg=com.babelstream token=android.os.BinderProxy@f5c9329
2025-11-02 00:34:25.856  9743-11525 NotifySync...9743_11525 com.mi.health                        I  onNotificationPosted Id:1 key:0|com.babelstream|1|null|10431 PackageName:com.babelstream IsOngoing:true PostTime:1762014865629 currentDeviceModel.connected: true
2025-11-02 00:34:25.857  5110-5110  MiuiBubbleSettings      com.android.systemui                 I  com.babelstream 0isAppEnableBubbleNotification: false
2025-11-02 00:34:25.859  6629-6629  SpaceNotif...ionService com.miui.securitycore.remote         D  onNotificationPosted pkgname:com.babelstream userId:0 currentUserId:0 isFloat: false
2025-11-02 00:34:25.910  5110-5110  AlertCoordinator        com.android.systemui                 D  onViewBound, buzzBeep for 0|com.babelstream|1|null|10431
2025-11-02 00:34:26.124  6629-6629  SpaceNotif...ionService com.miui.securitycore.remote         D  onNotificationPosted pkgname:com.babelstream userId:0 currentUserId:0 isFloat: false
2025-11-02 00:34:26.125 19215-23069 AudioCaptureManager     com.babelstream                      I  level=27
2025-11-02 00:34:26.129  9743-11525 NotifySync...9743_11525 com.mi.health                        I  onNotificationPosted Id:2147483647 key:0|com.babelstream|2147483647|ranker_group|10431|ranker_group PackageName:com.babelstream IsOngoing:true PostTime:1762014865861 currentDeviceModel.connected: true
2025-11-02 00:34:26.137 19215-22935 RenderInspector         com.babelstream                      W  DequeueBuffer time out on com.babelstream/com.babelstream.MainActivity, count=2, avg=9 ms, max=9 ms.
2025-11-02 00:34:26.209 19215-23069 RecognitionService      com.babelstream                      I  level=2
2025-11-02 00:34:26.274  2313-4109  InputDispatcher         system_server                        W  channel 2bfcdb3 com.babelstream/com.babelstream.MainActivity (server)~ dropping inconsistent event: DispatchEntry{resolvedFlags=0, targetFlags=0x0, transform=transform (ROT_0) (SCALE )
                                                                                                        0.7500  -0.0000  0.0000
                                                                                                        -0.0000  0.7500  0.0000
                                                                                                        0.0000  0.0000  1.0000
                                                                                                    } original: MotionEvent(action=HOVER_EXIT)
2025-11-02 00:34:26.338  5110-5110  MiuiBubbleSettings      com.android.systemui                 I  com.babelstream 0isAppEnableBubbleNotification: false
