2025-11-02 00:44:20.629  1584-24319 android.ha...service_64 android.hardware.audio.service_64    D  send_sound_recorder_data_to_xlog: msg input_device__type: mobile mic, recorder_app_name: com.babelstream
2025-11-02 00:44:20.629  1584-24319 xlog_client             android.hardware.audio.service_64    D  _xlog_write_flat_msg: send msg {"name":"sound_recorder","audio_event":{"input_device_type":"mobile mic","recorder_app_name":"com.babelstream"},"dgt":"null","audio_ext":"null" }
2025-11-02 00:44:20.757 20222-24177 AudioCaptureManager     com.babelstream                      I  level=0
2025-11-02 00:44:20.759 20222-24177 RecognitionService      com.babelstream                      I  level=0
2025-11-02 00:44:20.760 20222-24177 RecognitionService      com.babelstream                      I  ACTION_STATUS: 捕获到静音，可能被系统禁用录制或被其它应用占用
2025-11-02 00:44:21.780 20222-24177 AudioCaptureManager     com.babelstream                      I  level=43
2025-11-02 00:44:21.783 20222-24177 RecognitionService      com.babelstream                      I  level=43
2025-11-02 00:44:22.799 20222-24177 AudioCaptureManager     com.babelstream                      I  level=0
2025-11-02 00:44:22.803 20222-24177 RecognitionService      com.babelstream                      I  level=0
2025-11-02 00:44:23.818 20222-24177 AudioCaptureManager     com.babelstream                      I  level=0
2025-11-02 00:44:23.822 20222-24177 RecognitionService      com.babelstream                      I  level=0
2025-11-02 00:44:24.305 20222-24177 AudioCaptureManager     com.babelstream                      I  Reconfiguring... try source=1, sr=48000
2025-11-02 00:44:24.307 20222-24177 AudioRecordStub         com.babelstream                      D  AudioRecordStub() create
2025-11-02 00:44:24.308 20222-24177 AudioRecordImpl         com.babelstream                      I  initAudioRecordImpl()
2025-11-02 00:44:24.308 20222-24177 AudioRecord             com.babelstream                      D  set(): inputSource 1, sampleRate 48000, format 0x1, channelMask 0x10, frameCount 4096, notificationFrames 0, sessionId 0, transferType 0, flags 0, attributionSource AttributionSourceState{pid: 20222, uid: 10431, deviceId: 0, packageName: com.babelstream, attributionTag: (null), token: binder:0xb400007b840f4d50, renouncedPermissions: [], next: []}uid -1, pid -1
2025-11-02 00:44:24.322  1910-4435  APM_AudioPolicyManager  audioserver                          D  getInputForAttr AudioPlayBackCapture not supported, appName: com.babelstream
2025-11-02 00:44:24.323  1910-4435  AudioPolicyManagerImpl  audioserver                          D  binder call: getPackageName com.babelstream for uid 10431
2025-11-02 00:44:24.342 20222-24177 xlog_client             com.babelstream                      V  xlog_check_permission event name audio_track_message level 0
2025-11-02 00:44:24.343 20222-24177 AudioRecord             com.babelstream                      I  stop mSessionID=9577, packageName: com.babelstream
2025-11-02 00:44:24.343 20222-24177 AudioRecord             com.babelstream                      D  stop(2601): mActive:1
2025-11-02 00:44:24.434  8522-10456 MIUISafety-Monitor      com.miui.securitycenter.remote       W  sync com.babelstream,userId:0,op:27,active:false,isNote:false,isTerminal:false,notify:true
2025-11-02 00:44:24.437  1910-24318 AudioFlingerImpl        audioserver                          D  checkForGameParameter_l() set events appname=-com.babelstream
2025-11-02 00:44:24.437  1584-1584  AHAL: AudioStream       android.hardware.audio.service_64    D  astream_in_set_parameters: 2049: Enter: appname=-com.babelstream
2025-11-02 00:44:24.437  1584-1584  AHAL: AudioStreamCustom android.hardware.audio.service_64    D  SetParameters: 892: Enter: kvpairs is appname=-com.babelstream
2025-11-02 00:44:24.437  1584-1584  AHAL: AudioStreamCustom android.hardware.audio.service_64    D  SetParameters: 963: [hal_apptype] SetParameters(), in: set app name -com.babelstream [44, 0x1 0x0]
2025-11-02 00:44:24.438  1584-1584  AHAL: AudioStream       android.hardware.audio.service_64    D  SetParameters: 6352: enter: kvpairs: appname=-com.babelstream
2025-11-02 00:44:24.439 20222-24177 AudioRecord             com.babelstream                      I  stop mSessionID=9577, packageName: com.babelstream
2025-11-02 00:44:24.439 20222-24177 AudioRecord             com.babelstream                      D  stop(2601): mActive:0
2025-11-02 00:44:24.439 20222-24177 AudioRecord             com.babelstream                      I  stop mSessionID=9577, packageName: com.babelstream
2025-11-02 00:44:24.439 20222-24177 AudioRecord             com.babelstream                      D  stop(2601): mActive:0
2025-11-02 00:44:24.440 20222-24177 AudioRecordStub         com.babelstream                      D  ~AudioRecordStub() destroy
2025-11-02 00:44:24.441 20222-24177 AudioRecord             com.babelstream                      I  start mSessionID=9585 start(2604): sync event 0 trigger session 0  packageName: com.babelstream
2025-11-02 00:44:24.442  2313-5862  MediaFunctionStubImpl   system_server                        D  report record event.{"name":"recording_parameters","audio_event":{"device_name":"mic", "packg_name":"com.babelstream", "record_source":"VOICE_COMMUNICATION", "record_encoding":"2", "record_channel_num":"1", "record_sample_rate":"44100", "record_time_during":"4"},"dgt":"null","audio_ext":"null"}
2025-11-02 00:44:24.449  1910-4403  MiAudioPolicyManager    audioserver                          D  getPackageName: com.babelstream  uid 10431
2025-11-02 00:44:24.449  8522-10456 MIUISafety-Monitor      com.miui.securitycenter.remote       W  sync com.babelstream,userId:0,op:27,active:true,isNote:false,isTerminal:false,notify:true
2025-11-02 00:44:24.451  1910-24345 AudioFlingerImpl        audioserver                          D  checkForGameParameter_l() set events appname=+com.babelstream
2025-11-02 00:44:24.451  2313-5862  xlog_client             system_server                        V   xlog_send_java  JNI test, msg is {"name":"recording_parameters","audio_event":{"device_name":"mic", "packg_name":"com.babelstream", "record_source":"VOICE_COMMUNICATION", "record_encoding":"2", "record_channel_num":"1", "record_sample_rate":"44100", "record_time_during":"4"},"dgt":"null","audio_ext":"null"}
2025-11-02 00:44:24.451  1584-1584  AHAL: AudioStream       android.hardware.audio.service_64    D  astream_in_set_parameters: 2049: Enter: appname=+com.babelstream
2025-11-02 00:44:24.452  1584-1584  AHAL: AudioStreamCustom android.hardware.audio.service_64    D  SetParameters: 892: Enter: kvpairs is appname=+com.babelstream
2025-11-02 00:44:24.452  1584-1584  AHAL: AudioStreamCustom android.hardware.audio.service_64    D  SetParameters: 963: [hal_apptype] SetParameters(), in: set app name +com.babelstream [45, 0x1 0x1]
2025-11-02 00:44:24.452  1584-1584  AHAL: AudioStream       android.hardware.audio.service_64    D  SetParameters: 6352: enter: kvpairs: appname=+com.babelstream
2025-11-02 00:44:24.455  1910-4403  APM_AudioPolicyManager  audioserver                          D  startInput input:2830, session:9585, portId:2604, appname com.babelstream, uid 10431)
2025-11-02 00:44:24.468 20222-24177 AudioCaptureManager     com.babelstream                      I  Switched to source=1, sr=48000, routedDevice=15/23116PN5BC
2025-11-02 00:44:24.483  1584-24349 android.ha...service_64 android.hardware.audio.service_64    D  send_sound_recorder_data_to_xlog: msg input_device__type: mobile mic, recorder_app_name: com.babelstream
2025-11-02 00:44:24.483  1584-24349 xlog_client             android.hardware.audio.service_64    D  _xlog_write_flat_msg: send msg {"name":"sound_recorder","audio_event":{"input_device_type":"mobile mic","recorder_app_name":"com.babelstream"},"dgt":"null","audio_ext":"null" }
2025-11-02 00:44:24.597 20222-24177 AudioCaptureManager     com.babelstream                      I  level=0
2025-11-02 00:44:24.943 20222-24177 RecognitionService      com.babelstream                      I  level=15
2025-11-02 00:44:25.618 20222-24177 AudioCaptureManager     com.babelstream                      I  level=16
2025-11-02 00:44:25.892 20222-24075 com.babelstream         com.babelstream                      I  This is non sticky GC, maxfree is 16777216 minfree is 8388608
2025-11-02 00:44:25.893 20222-20222 FinalizerDaemon         com.babelstream                      W  type=1400 audit(0.0:158929): avc:  denied  { getopt } for  path="/dev/socket/usap_pool_primary" scontext=u:r:untrusted_app:s0:c175,c257,c512,c768 tcontext=u:r:zygote:s0 tclass=unix_stream_socket permissive=0 app=com.babelstream
2025-11-02 00:44:25.899 20222-24078 com.babelstream         com.babelstream                      W  ApkAssets: Deleting an ApkAssets object '<empty> and /product/app/ContentCatcherOS2/ContentCatcherOS2.apk' with 1 weak references
2025-11-02 00:44:25.900 20222-24078 com.babelstream         com.babelstream                      W  ApkAssets: Deleting an ApkAssets object '<empty> and /system_ext/priv-app/RtMiCloudSDK/RtMiCloudSDK.apk' with 1 weak references
2025-11-02 00:44:25.900 20222-24078 com.babelstream         com.babelstream                      W  ApkAssets: Deleting an ApkAssets object '<empty> and /system_ext/app/miuisystem/miuisystem.apk' with 1 weak references
2025-11-02 00:44:26.049 20222-24177 RecognitionService      com.babelstream                      I  level=37
2025-11-02 00:44:26.637 20222-24177 AudioCaptureManager     com.babelstream                      I  level=42
2025-11-02 00:44:27.162 20222-24177 RecognitionService      com.babelstream                      I  level=48
2025-11-02 00:44:27.657 20222-24177 AudioCaptureManager     com.babelstream                      I  level=24
2025-11-02 00:44:28.261 20222-24177 RecognitionService      com.babelstream                      I  level=44
2025-11-02 00:44:28.697 20222-24177 AudioCaptureManager     com.babelstream                      I  level=28
2025-11-02 00:44:29.383 20222-24177 RecognitionService      com.babelstream                      I  level=16
2025-11-02 00:44:29.717 20222-24177 AudioRecordImpl         com.babelstream                      D  [audioRecordData][fine] 5s(f:5040 m:80 s:0) : pid 20222 uid 10431 sessionId 9585 sr 48000 ch 1 fmt 1
2025-11-02 00:44:29.718 20222-24177 AudioCaptureManager     com.babelstream                      I  level=18
2025-11-02 00:44:30.401 20222-24177 RecognitionService      com.babelstream                      I  level=17
2025-11-02 00:44:30.738 20222-24177 AudioCaptureManager     com.babelstream                      I  level=14
2025-11-02 00:44:31.499 20222-24177 RecognitionService      com.babelstream                      I  level=18
2025-11-02 00:44:31.757 20222-24177 AudioCaptureManager     com.babelstream                      I  level=61
2025-11-02 00:44:32.414  2313-4317  MQSserver               system_server                        I  getData len: 512 content: {"name":"recording_parameters","audio_event":{"device_name":"mic", "packg_name":"com.babelstream", "record_source":"VOICE_COMMUNICATION", "record_encoding":"2", "record_channel_num":"1", "record_sample_rate":"48000", "record_time_during":"7"},"dgt":"null","audio_ext":"null"}??????????????????????????????????????????????????????????????????????????????????????????????????????????????????????????????????????????????????????????????????????????????????????????????????????????????????????????????????????????????????????????????????????????????????????????????????????????????????????????????????????????????????????????????????????????????????????????????????????????????????????????????????????????????????????????????????????????????????????????
2025-11-02 00:44:32.419  2313-4317  MQSserver               system_server                        D  update RBI json: {"name":"recording_parameters","audio_event":{"device_name":"mic","packg_name":"com.babelstream","record_source":"VOICE_COMMUNICATION","record_encoding":"2","record_channel_num":"1","record_sample_rate":"48000","record_time_during":"7"},"dgt":"null","audio_ext":"null","onetrack_count":"6"}
2025-11-02 00:44:32.419  2313-4317  MQSserver               system_server                        D  updateCount: name: recording_parameters/audio_event : {"device_name":"mic","packg_name":"com.babelstream","record_source":"VOICE_COMMUNICATION","record_encoding":"2","record_channel_num":"1","record_sample_rate":"48000","record_time_during":"7"}
2025-11-02 00:44:32.538 20222-24177 RecognitionService      com.babelstream                      I  level=25
2025-11-02 00:44:32.776 20222-24177 AudioCaptureManager     com.babelstream                      I  level=23
2025-11-02 00:44:33.562 20222-24177 RecognitionService      com.babelstream                      I  level=55
2025-11-02 00:44:33.817 20222-24177 AudioCaptureManager     com.babelstream                      I  level=20
2025-11-02 00:44:34.659 20222-24177 RecognitionService      com.babelstream                      I  level=18
2025-11-02 00:44:34.739 20222-24177 AudioRecordImpl         com.babelstream                      D  [audioRecordData][fine] 10s(f:10062 m:80 s:0) : pid 20222 uid 10431 sessionId 9585 sr 48000 ch 1 fmt 1
2025-11-02 00:44:34.837 20222-24177 AudioCaptureManager     com.babelstream                      I  level=18
2025-11-02 00:44:35.779 20222-24177 RecognitionService      com.babelstream                      I  level=17
2025-11-02 00:44:35.857 20222-24177 AudioCaptureManager     com.babelstream                      I  level=17
2025-11-02 00:44:36.877 20222-24177 AudioCaptureManager     com.babelstream                      I  level=48
2025-11-02 00:44:36.879 20222-24177 RecognitionService      com.babelstream                      I  level=48
2025-11-02 00:44:37.896 20222-24177 AudioCaptureManager     com.babelstream                      I  level=35
2025-11-02 00:44:37.997 20222-24177 RecognitionService      com.babelstream                      I  level=17
2025-11-02 00:44:38.349  2313-4109  InputDispatcher         system_server                        W  channel c63678c com.babelstream/com.babelstream.MainActivity (server)~ dropping inconsistent event: DispatchEntry{resolvedFlags=0, targetFlags=0x0, transform=transform (ROT_0) (SCALE )
                                                                                                        0.7500  -0.0000  0.0000
                                                                                                        -0.0000  0.7500  0.0000
                                                                                                        0.0000  0.0000  1.0000
                                                                                                    } original: MotionEvent(action=HOVER_EXIT)
2025-11-02 00:44:38.357  2313-4109  MIUIInput               system_server                        I  [MotionEvent] publisher action=0x0, deviceId=-1, 239074645, channel 'c63678c com.babelstream/com.babelstream.MainActivity (server)'
2025-11-02 00:44:38.360 20222-20222 MIUIInput               com.babelstream                      I  [MotionEvent] ViewRootImpl windowName 'com.babelstream/com.babelstream.MainActivity', { action=ACTION_DOWN, id[0]=0, pointerCount=1, eventTime=239074645, downTime=239074645, phoneEventTime=00:44:38.352 } moveCount:0
2025-11-02 00:44:38.453  2313-4109  MIUIInput               system_server                        I  [MotionEvent] publisher action=0x1, deviceId=-1, 239074744, channel 'c63678c com.babelstream/com.babelstream.MainActivity (server)'
2025-11-02 00:44:38.458 20222-20222 MIUIInput               com.babelstream                      I  [MotionEvent] ViewRootImpl windowName 'com.babelstream/com.babelstream.MainActivity', { action=ACTION_UP, id[0]=0, pointerCount=1, eventTime=239074744, downTime=239074645, phoneEventTime=00:44:38.451 } moveCount:0
2025-11-02 00:44:38.501 20222-20222 AudioRecord             com.babelstream                      I  stop mSessionID=9585, packageName: com.babelstream
2025-11-02 00:44:38.501 20222-20222 AudioRecord             com.babelstream                      D  stop(2604): mActive:1
2025-11-02 00:44:38.590  8522-10456 MIUISafety-Monitor      com.miui.securitycenter.remote       W  sync com.babelstream,userId:0,op:27,active:false,isNote:false,isTerminal:false,notify:true
2025-11-02 00:44:38.596  1910-24345 AudioFlingerImpl        audioserver                          D  checkForGameParameter_l() set events appname=-com.babelstream
2025-11-02 00:44:38.596  1584-3899  AHAL: AudioStream       android.hardware.audio.service_64    D  astream_in_set_parameters: 2049: Enter: appname=-com.babelstream
2025-11-02 00:44:38.596  1584-3899  AHAL: AudioStreamCustom android.hardware.audio.service_64    D  SetParameters: 892: Enter: kvpairs is appname=-com.babelstream
2025-11-02 00:44:38.596  1584-3899  AHAL: AudioStreamCustom android.hardware.audio.service_64    D  SetParameters: 963: [hal_apptype] SetParameters(), in: set app name -com.babelstream [44, 0x1 0x0]
2025-11-02 00:44:38.596  1584-3899  AHAL: AudioStream       android.hardware.audio.service_64    D  SetParameters: 6352: enter: kvpairs: appname=-com.babelstream
2025-11-02 00:44:38.597 20222-20222 AudioRecord             com.babelstream                      I  stop mSessionID=9585, packageName: com.babelstream
2025-11-02 00:44:38.597 20222-20222 AudioRecord             com.babelstream                      D  stop(2604): mActive:0
2025-11-02 00:44:38.598 20222-20222 AudioRecord             com.babelstream                      I  stop mSessionID=9585, packageName: com.babelstream
2025-11-02 00:44:38.598 20222-20222 AudioRecord             com.babelstream                      D  stop(2604): mActive:0
2025-11-02 00:44:38.599 20222-20222 AudioRecordStub         com.babelstream                      D  ~AudioRecordStub() destroy
2025-11-02 00:44:38.599  2313-4845  MediaFunctionStubImpl   system_server                        D  report record event.{"name":"recording_parameters","audio_event":{"device_name":"mic", "packg_name":"com.babelstream", "record_source":"MIC", "record_encoding":"2", "record_channel_num":"1", "record_sample_rate":"48000", "record_time_during":"14"},"dgt":"null","audio_ext":"null"}
2025-11-02 00:44:38.599 20222-20222 AudioCaptureManager     com.babelstream                      I  Recording stopped
2025-11-02 00:44:38.600  2313-9436  AS.AudioService         system_server                        V  setMode(mode=0, pid=20222, uid=10431, caller=com.babelstream)
2025-11-02 00:44:38.600  2313-4845  xlog_client             system_server                        V   xlog_send_java  JNI test, msg is {"name":"recording_parameters","audio_event":{"device_name":"mic", "packg_name":"com.babelstream", "record_source":"MIC", "record_encoding":"2", "record_channel_num":"1", "record_sample_rate":"48000", "record_time_during":"14"},"dgt":"null","audio_ext":"null"}
2025-11-02 00:44:38.601  2313-9481  ActivityManager         system_server                        I  Cancel FGS notification userId: 0 definingUid: 10431 packageName: com.babelstream processName:com.babelstream ChannelId:recognition_channel foregroundNotiWhen:1762015442236 Notiflags:98
2025-11-02 00:44:38.602  2313-2313  NotificationService     system_server                        I  Cancel FGS notification CallingUid: 10431 CallingPid: 20222 Pkg: com.babelstream Id:2 Tag:null UserId:0 MustHaveFlags:0 MustNotHaveFlags:0 Reason:8 foregroundNotiWhen:1762015442236 foregroundNotiFlags:98 foregroundNotiChannelId:recognition_channel
2025-11-02 00:44:38.604  1726-1726  vendor.qti...dl-service ven...re.servicetrackeraidl-service  I  destroyService is called for service : com.babelstream/.RecognitionService
2025-11-02 00:44:38.615  5110-5110  HideDelete...Controller com.android.systemui                 D  onNotificationRemoved 8 0|com.babelstream|2|null|10431
2025-11-02 00:44:38.625  5110-10151 Notificati...iderPublic com.android.systemui                 D  call method=canShowFocus extras=Bundle[{package=com.babelstream}] uid=$s
2025-11-02 00:44:38.626  5110-10151 DatabaseUtils           com.android.systemui                 E  Writing exception to parcel (Ask Gemini)
                                                                                                    java.lang.SecurityException: Package com.babelstream is not owned by uid 10281
                                                                                                    	at com.android.systemui.statusbar.notification.NotificationProviderPublic.call(go/retraceme 30683299122b2655f1793582b37c2c86310d813fe556c12dae2f66b99447f4d9:83)
                                                                                                    	at android.content.ContentProvider.call(ContentProvider.java:2736)
                                                                                                    	at android.content.ContentProvider$Transport.call(ContentProvider.java:639)
                                                                                                    	at android.content.ContentProviderNative.onTransact(ContentProviderNative.java:310)
                                                                                                    	at android.os.Binder.execTransactInternal(Binder.java:1507)
                                                                                                    	at android.os.Binder.execTransact(Binder.java:1451)
2025-11-02 00:44:38.626  5110-10151 NotificationProvider    com.android.systemui                 D  call method=canShowFocus extras=Bundle[{package=com.babelstream}]
2025-11-02 00:44:38.626  9743-11525 FOCUS_NOTI...9743_11525 com.mi.health                        I  content://statusbar.notification/canShowFocus packageName = com.babelstream hasFocusPermission  =true
2025-11-02 00:44:38.626  9743-11525 FOCUS_NOTI...9743_11525 com.mi.health                        I   packageName = com.babelstream hasFocusPermission  =true
2025-11-02 00:44:38.627  9743-11525 NotifySync...9743_11525 com.mi.health                        I  onNotificationRemoved appID:com.babelstream uid:2 key:0|com.babelstream|2|null|10431  reason:REASON_APP_CANCEL
2025-11-02 00:44:38.825  9743-11525 NotifySync...9743_11525 com.mi.health                        I  onNotificationPosted Id:2147483647 key:0|com.babelstream|2147483647|ranker_group|10431|ranker_group PackageName:com.babelstream IsOngoing:true PostTime:1762015451695 currentDeviceModel.connected: true
2025-11-02 00:44:38.830  6629-6629  SpaceNotif...ionService com.miui.securitycore.remote         D  onNotificationPosted pkgname:com.babelstream userId:0 currentUserId:0 isFloat: false
2025-11-02 00:44:39.026  5110-5110  MiuiBubbleSettings      com.android.systemui                 I  com.babelstream 0isAppEnableBubbleNotification: false
2025-11-02 00:44:39.129  4639-5241  Launcher.A...onsMessage com.miui.home                        I  update com.babelstream/ to null