2025-11-02 06:44:13.341  7276-7531  RecognitionService      com.babelstream                      I  ACTION_STATUS: SDKLog[LOG_LEVEL_INFO]: I 2025-11-02 06:44:13.340661 [iDST::DialogSched:39] test foreground_dialog[event:6/EventVadStart]
2025-11-02 06:44:13.341  7276-7531  iDST::DialogSched:39    com.babelstream                      I  test foreground_dialog[event:6/EventVadStart]
2025-11-02 06:44:13.341  7276-7531  SdkGummyClient          com.babelstream                      D  sdklog[LOG_LEVEL_INFO]: I 2025-11-02 06:44:13.341584 [iDST::DialogImpl:364] dialog event=EventVadStart, current state=StateStartIdle parallel_mode=false event.task_id=
2025-11-02 06:44:13.341  7276-7531  RecognitionService      com.babelstream                      I  status=SDKLog[LOG_LEVEL_INFO]: I 2025-11-02 06:44:13.341584 [iDST::DialogImpl:364] dialog event=EventVadStart, current state=StateStartIdle parallel_mode=false event.task_id=
2025-11-02 06:44:13.342  7276-7531  RecognitionService      com.babelstream                      I  ACTION_STATUS: SDKLog[LOG_LEVEL_INFO]: I 2025-11-02 06:44:13.341584 [iDST::DialogImpl:364] dialog event=EventVadStart, current state=StateStartIdle parallel_mode=false event.task_id=
2025-11-02 06:44:13.342  7276-7531  iDST::DialogImpl:364    com.babelstream                      I  dialog event=EventVadStart, current state=StateStartIdle parallel_mode=false event.task_id=
2025-11-02 06:44:13.343  7276-7531  SdkGummyClient          com.babelstream                      D  sdklog[LOG_LEVEL_INFO]: I 2025-11-02 06:44:13.342757 [iDST::DialogSched:51] foreground accepted foreground_dialog[6/EventVadStart] state set StateVoiceStage sched[false]
2025-11-02 06:44:13.343  7276-7531  RecognitionService      com.babelstream                      I  status=SDKLog[LOG_LEVEL_INFO]: I 2025-11-02 06:44:13.342757 [iDST::DialogSched:51] foreground accepted foreground_dialog[6/EventVadStart] state set StateVoiceStage sched[false]
2025-11-02 06:44:13.343  7276-7531  RecognitionService      com.babelstream                      I  ACTION_STATUS: SDKLog[LOG_LEVEL_INFO]: I 2025-11-02 06:44:13.342757 [iDST::DialogSched:51] foreground accepted foreground_dialog[6/EventVadStart] state set StateVoiceStage sched[false]
2025-11-02 06:44:13.343  7276-7531  iDST::DialogSched:51    com.babelstream                      I  foreground accepted foreground_dialog[6/EventVadStart] state set StateVoiceStage sched[false]
2025-11-02 06:44:13.344  7276-7531  SdkGummyClient          com.babelstream                      D  sdklog[LOG_LEVEL_INFO]: I 2025-11-02 06:44:13.343873 [iDST::DialogEngineImpl:1698] dialog[ef41c5eee6c843ccbdb05755555002fd] occur vad start
2025-11-02 06:44:13.344  7276-7531  RecognitionService      com.babelstream                      I  status=SDKLog[LOG_LEVEL_INFO]: I 2025-11-02 06:44:13.343873 [iDST::DialogEngineImpl:1698] dialog[ef41c5eee6c843ccbdb05755555002fd] occur vad start
2025-11-02 06:44:13.344  7276-7531  RecognitionService      com.babelstream                      I  ACTION_STATUS: SDKLog[LOG_LEVEL_INFO]: I 2025-11-02 06:44:13.343873 [iDST::DialogEngineImpl:1698] dialog[ef41c5eee6c843ccbdb05755555002fd] occur vad start
2025-11-02 06:44:13.344  7276-7531  iDST::Dial...eImpl:1698 com.babelstream                      I  dialog[ef41c5eee6c843ccbdb05755555002fd] occur vad start
2025-11-02 06:44:13.344  7276-7531  SdkGummyClient          com.babelstream                      D  sdklog[LOG_LEVEL_VERBOSE]: V 2025-11-02 06:44:13.344797 [iDST::DialogEngineImpl:67] HandleMessage what MSG_ASR_EVENT_EX
2025-11-02 06:44:13.345  7276-7531  RecognitionService      com.babelstream                      I  status=SDKLog[LOG_LEVEL_VERBOSE]: V 2025-11-02 06:44:13.344797 [iDST::DialogEngineImpl:67] HandleMessage what MSG_ASR_EVENT_EX
2025-11-02 06:44:13.345  7276-7531  RecognitionService      com.babelstream                      I  ACTION_STATUS: SDKLog[LOG_LEVEL_VERBOSE]: V 2025-11-02 06:44:13.344797 [iDST::DialogEngineImpl:67] HandleMessage what MSG_ASR_EVENT_EX
2025-11-02 06:44:13.345  7276-7531  iDST::Dial...ineImpl:67 com.babelstream                      V  HandleMessage what MSG_ASR_EVENT_EX
2025-11-02 06:44:13.345  7276-7531  SdkGummyClient          com.babelstream                      D  sdklog[LOG_LEVEL_VERBOSE]: V 2025-11-02 06:44:13.345636 [iDST::DialogEngineImpl:88] event callback EventVadStart
2025-11-02 06:44:13.345  7276-7531  RecognitionService      com.babelstream                      I  status=SDKLog[LOG_LEVEL_VERBOSE]: V 2025-11-02 06:44:13.345636 [iDST::DialogEngineImpl:88] event callback EventVadStart
2025-11-02 06:44:13.346  7276-7531  RecognitionService      com.babelstream                      I  ACTION_STATUS: SDKLog[LOG_LEVEL_VERBOSE]: V 2025-11-02 06:44:13.345636 [iDST::DialogEngineImpl:88] event callback EventVadStart
2025-11-02 06:44:13.346  7276-7531  iDST::Dial...ineImpl:88 com.babelstream                      V  event callback EventVadStart
2025-11-02 06:44:13.346  7276-7531  SdkGummyClient          com.babelstream                      D  sdklog[LOG_LEVEL_INFO]: I 2025-11-02 06:44:13.346420 [iDST::NuiAbsLayer:619] [0xb400007c81e89d00] dialogListenerOnEvent 6 [kEventVadStart]
2025-11-02 06:44:13.346  7276-7531  RecognitionService      com.babelstream                      I  status=SDKLog[LOG_LEVEL_INFO]: I 2025-11-02 06:44:13.346420 [iDST::NuiAbsLayer:619] [0xb400007c81e89d00] dialogListenerOnEvent 6 [kEventVadStart]
2025-11-02 06:44:13.347  7276-7531  RecognitionService      com.babelstream                      I  ACTION_STATUS: SDKLog[LOG_LEVEL_INFO]: I 2025-11-02 06:44:13.346420 [iDST::NuiAbsLayer:619] [0xb400007c81e89d00] dialogListenerOnEvent 6 [kEventVadStart]
2025-11-02 06:44:13.347  7276-7531  iDST::NuiAbsLayer:619   com.babelstream                      I  [0xb400007c81e89d00] dialogListenerOnEvent 6 [kEventVadStart]
2025-11-02 06:44:13.347  7276-7531  SdkGummyClient          com.babelstream                      D  sdklog[LOG_LEVEL_DEBUG]: D 2025-11-02 06:44:13.347372 [iDST::DialogEngineImpl:848] all_result is empty!
2025-11-02 06:44:13.347  7276-7531  RecognitionService      com.babelstream                      I  status=SDKLog[LOG_LEVEL_DEBUG]: D 2025-11-02 06:44:13.347372 [iDST::DialogEngineImpl:848] all_result is empty!
2025-11-02 06:44:13.348  7276-7531  RecognitionService      com.babelstream                      I  ACTION_STATUS: SDKLog[LOG_LEVEL_DEBUG]: D 2025-11-02 06:44:13.347372 [iDST::DialogEngineImpl:848] all_result is empty!
2025-11-02 06:44:13.348  7276-7531  iDST::Dial...neImpl:848 com.babelstream                      D  all_result is empty!
2025-11-02 06:44:13.350  7276-7531  SdkGummyClient          com.babelstream                      D  sdklog[LOG_LEVEL_WARNING]: W 2025-11-02 06:44:13.350595 [iDST::DialogeEngine:277] illegal length for ObtainBuffer len=-1
2025-11-02 06:44:13.351  7276-7531  RecognitionService      com.babelstream                      I  status=SDKLog[LOG_LEVEL_WARNING]: W 2025-11-02 06:44:13.350595 [iDST::DialogeEngine:277] illegal length for ObtainBuffer len=-1
2025-11-02 06:44:13.351  7276-7531  RecognitionService      com.babelstream                      I  ACTION_STATUS: SDKLog[LOG_LEVEL_WARNING]: W 2025-11-02 06:44:13.350595 [iDST::DialogeEngine:277] illegal length for ObtainBuffer len=-1
2025-11-02 06:44:13.351  7276-7531  iDST::DialogeEngine:277 com.babelstream                      W  illegal length for ObtainBuffer len=-1
2025-11-02 06:44:13.352  7276-7531  SdkGummyClient          com.babelstream                      D  sdklog[LOG_LEVEL_WARNING]: W 2025-11-02 06:44:13.351946 [iDST::NuiAbsLayer:452] GetAllResponse obtain buffer fail
2025-11-02 06:44:13.352  7276-7531  RecognitionService      com.babelstream                      I  status=SDKLog[LOG_LEVEL_WARNING]: W 2025-11-02 06:44:13.351946 [iDST::NuiAbsLayer:452] GetAllResponse obtain buffer fail
2025-11-02 06:44:13.354  7276-7531  RecognitionService      com.babelstream                      I  ACTION_STATUS: SDKLog[LOG_LEVEL_WARNING]: W 2025-11-02 06:44:13.351946 [iDST::NuiAbsLayer:452] GetAllResponse obtain buffer fail
2025-11-02 06:44:13.354  7276-7531  iDST::NuiAbsLayer:452   com.babelstream                      W  GetAllResponse obtain buffer fail
2025-11-02 06:44:13.354  7276-7531  SdkGummyClient          com.babelstream                      D  sdklog[LOG_LEVEL_INFO]: I 2025-11-02 06:44:13.354460 [iDST::NativeNui:413] got event 0:EVENT_VAD_START
2025-11-02 06:44:13.354  7276-7531  RecognitionService      com.babelstream                      I  status=SDKLog[LOG_LEVEL_INFO]: I 2025-11-02 06:44:13.354460 [iDST::NativeNui:413] got event 0:EVENT_VAD_START
2025-11-02 06:44:13.355  7276-7537  SdkGummyClient          com.babelstream                      V  rms=-144.25694
2025-11-02 06:44:13.355  7276-7537  AlsCei::As...Impl, Main com.babelstream                      W  ved does not exist, skip ...
2025-11-02 06:44:13.355  7276-7531  RecognitionService      com.babelstream                      I  ACTION_STATUS: SDKLog[LOG_LEVEL_INFO]: I 2025-11-02 06:44:13.354460 [iDST::NativeNui:413] got event 0:EVENT_VAD_START
2025-11-02 06:44:13.355  7276-7531  iDST::NativeNui:413     com.babelstream                      I  got event 0:EVENT_VAD_START
2025-11-02 06:44:13.356  7276-7537  SdkGummyClient          com.babelstream                      V  rms=-151.11246
2025-11-02 06:44:13.356  7276-7537  AlsCei::As...Impl, Main com.babelstream                      W  ved does not exist, skip ...
2025-11-02 06:44:13.356  7276-7533  SdkGummyClient          com.babelstream                      D  sdklog[LOG_LEVEL_INFO]: I 2025-11-02 06:44:13.356185 [iDST::AsrArbitration:38] set session ready to true
2025-11-02 06:44:13.356  7276-7533  RecognitionService      com.babelstream                      I  status=SDKLog[LOG_LEVEL_INFO]: I 2025-11-02 06:44:13.356185 [iDST::AsrArbitration:38] set session ready to true
2025-11-02 06:44:13.356  7276-7531  NativeNui_JAVA          com.babelstream                      D  nui native callback event 0
2025-11-02 06:44:13.356  7276-7531  NativeNui_JAVA          com.babelstream                      D  asrResult is null object
2025-11-02 06:44:13.357  7276-7531  RecognitionService      com.babelstream                      I  status=NuiEvent=EVENT_VAD_START, code=0
2025-11-02 06:44:13.357  7276-7533  RecognitionService      com.babelstream                      I  ACTION_STATUS: SDKLog[LOG_LEVEL_INFO]: I 2025-11-02 06:44:13.356185 [iDST::AsrArbitration:38] set session ready to true
2025-11-02 06:44:13.357  7276-7533  iDST::AsrArbitration:38 com.babelstream                      I  set session ready to true
2025-11-02 06:44:13.357  7276-7533  SdkGummyClient          com.babelstream                      D  sdklog[LOG_LEVEL_INFO]: I 2025-11-02 06:44:13.357660 [iDST::AsrEngine:3354] OnVoiceStart finish
2025-11-02 06:44:13.357  7276-7533  RecognitionService      com.babelstream                      I  status=SDKLog[LOG_LEVEL_INFO]: I 2025-11-02 06:44:13.357660 [iDST::AsrEngine:3354] OnVoiceStart finish
2025-11-02 06:44:13.358  7276-7531  RecognitionService      com.babelstream                      I  ACTION_STATUS: NuiEvent=EVENT_VAD_START, code=0
2025-11-02 06:44:13.358  7276-7537  SdkGummyClient          com.babelstream                      V  rms=-149.63824
2025-11-02 06:44:13.358  7276-7533  RecognitionService      com.babelstream                      I  ACTION_STATUS: SDKLog[LOG_LEVEL_INFO]: I 2025-11-02 06:44:13.357660 [iDST::AsrEngine:3354] OnVoiceStart finish
2025-11-02 06:44:13.358  7276-7533  iDST::AsrEngine:3354    com.babelstream                      I  OnVoiceStart finish
2025-11-02 06:44:13.358  7276-7537  AlsCei::As...Impl, Main com.babelstream                      W  ved does not exist, skip ...
2025-11-02 06:44:13.359  7276-7531  SdkGummyClient          com.babelstream                      D  sdklog[LOG_LEVEL_VERBOSE]: V 2025-11-02 06:44:13.358680 [iDST::DialogEngineImpl:131] HandleMessage what MSG_ASR_EVENT_EX finish
2025-11-02 06:44:13.359  7276-7531  RecognitionService      com.babelstream                      I  status=SDKLog[LOG_LEVEL_VERBOSE]: V 2025-11-02 06:44:13.358680 [iDST::DialogEngineImpl:131] HandleMessage what MSG_ASR_EVENT_EX finish
2025-11-02 06:44:13.359  7276-7537  SdkGummyClient          com.babelstream                      V  rms=-160.0
2025-11-02 06:44:13.359  7276-7537  AlsCei::As...Impl, Main com.babelstream                      W  ved does not exist, skip ...
2025-11-02 06:44:13.359  7276-7531  RecognitionService      com.babelstream                      I  ACTION_STATUS: SDKLog[LOG_LEVEL_VERBOSE]: V 2025-11-02 06:44:13.358680 [iDST::DialogEngineImpl:131] HandleMessage what MSG_ASR_EVENT_EX finish
2025-11-02 06:44:13.359  7276-7531  iDST::Dial...neImpl:131 com.babelstream                      V  HandleMessage what MSG_ASR_EVENT_EX finish
2025-11-02 06:44:13.364  7276-7539  AlsCei::SdkListener     com.babelstream                      V  OnVoiceData: 97 bytes
2025-11-02 06:44:13.365  7276-7539  SdkGummyClient          com.babelstream                      D  sdklog[LOG_LEVEL_VERBOSE]: V 2025-11-02 06:44:13.364793 [iDST::AsrCeiIf:743] cei OnVoiceData with 97bytes
2025-11-02 06:44:13.365  7276-7539  RecognitionService      com.babelstream                      I  status=SDKLog[LOG_LEVEL_VERBOSE]: V 2025-11-02 06:44:13.364793 [iDST::AsrCeiIf:743] cei OnVoiceData with 97bytes
2025-11-02 06:44:13.366  7276-7539  RecognitionService      com.babelstream                      I  ACTION_STATUS: SDKLog[LOG_LEVEL_VERBOSE]: V 2025-11-02 06:44:13.364793 [iDST::AsrCeiIf:743] cei OnVoiceData with 97bytes
2025-11-02 06:44:13.366  7276-7539  iDST::AsrCeiIf:743      com.babelstream                      V  cei OnVoiceData with 97bytes
2025-11-02 06:44:13.366  7276-7539  AlsCei::SdkListener     com.babelstream                      V  OnVoiceData: 97 bytes finished
2025-11-02 06:44:13.366  7276-7533  SdkGummyClient          com.babelstream                      D  sdklog[LOG_LEVEL_VERBOSE]: V 2025-11-02 06:44:13.366394 [iDST::AsrCeiIf:652] cei callback MSG_VOICE_DATA len = 97
2025-11-02 06:44:13.366  7276-7533  RecognitionService      com.babelstream                      I  status=SDKLog[LOG_LEVEL_VERBOSE]: V 2025-11-02 06:44:13.366394 [iDST::AsrCeiIf:652] cei callback MSG_VOICE_DATA len = 97
2025-11-02 06:44:13.368  7276-7533  RecognitionService      com.babelstream                      I  ACTION_STATUS: SDKLog[LOG_LEVEL_VERBOSE]: V 2025-11-02 06:44:13.366394 [iDST::AsrCeiIf:652] cei callback MSG_VOICE_DATA len = 97
2025-11-02 06:44:13.368  7276-7533  iDST::AsrCeiIf:652      com.babelstream                      V  cei callback MSG_VOICE_DATA len = 97
2025-11-02 06:44:13.369  7276-7535  SdkGummyClient          com.babelstream                      D  sdklog[LOG_LEVEL_ERROR]: E 2025-11-02 06:44:13.368851 [iDST::NlsSt:501] send voice with null sdk request
2025-11-02 06:44:13.369  7276-7535  RecognitionService      com.babelstream                      I  status=SDKLog[LOG_LEVEL_ERROR]: E 2025-11-02 06:44:13.368851 [iDST::NlsSt:501] send voice with null sdk request
2025-11-02 06:44:13.369  7276-7535  RecognitionService      com.babelstream                      I  ACTION_STATUS: SDKLog[LOG_LEVEL_ERROR]: E 2025-11-02 06:44:13.368851 [iDST::NlsSt:501] send voice with null sdk request
2025-11-02 06:44:13.369  7276-7535  iDST::NlsSt:501         com.babelstream                      E  send voice with null sdk request
2025-11-02 06:44:13.431  7276-7537  SdkGummyClient          com.babelstream                      V  rms=-158.88326
2025-11-02 06:44:13.431  7276-7537  AlsCei::As...Impl, Main com.babelstream                      W  ved does not exist, skip ...
2025-11-02 06:44:13.432  7276-7537  SdkGummyClient          com.babelstream                      V  rms=-160.0
2025-11-02 06:44:13.432  7276-7537  AlsCei::As...Impl, Main com.babelstream                      W  ved does not exist, skip ...
2025-11-02 06:44:13.432  7276-7537  SdkGummyClient          com.babelstream                      V  rms=-160.0
2025-11-02 06:44:13.432  7276-7537  AlsCei::As...Impl, Main com.babelstream                      W  ved does not exist, skip ...
2025-11-02 06:44:13.432  7276-7537  SdkGummyClient          com.babelstream                      V  rms=-156.17302
2025-11-02 06:44:13.432  7276-7537  AlsCei::As...Impl, Main com.babelstream                      W  ved does not exist, skip ...
2025-11-02 06:44:13.447  7276-7539  AlsCei::SdkListener     com.babelstream                      V  OnVoiceData: 80 bytes
2025-11-02 06:44:13.448  7276-7539  SdkGummyClient          com.babelstream                      D  sdklog[LOG_LEVEL_VERBOSE]: V 2025-11-02 06:44:13.447849 [iDST::AsrCeiIf:743] cei OnVoiceData with 80bytes
2025-11-02 06:44:13.448  7276-7539  RecognitionService      com.babelstream                      I  status=SDKLog[LOG_LEVEL_VERBOSE]: V 2025-11-02 06:44:13.447849 [iDST::AsrCeiIf:743] cei OnVoiceData with 80bytes
2025-11-02 06:44:13.451  7276-7539  RecognitionService      com.babelstream                      I  ACTION_STATUS: SDKLog[LOG_LEVEL_VERBOSE]: V 2025-11-02 06:44:13.447849 [iDST::AsrCeiIf:743] cei OnVoiceData with 80bytes
2025-11-02 06:44:13.451  7276-7539  iDST::AsrCeiIf:743      com.babelstream                      V  cei OnVoiceData with 80bytes
2025-11-02 06:44:13.451  7276-7539  AlsCei::SdkListener     com.babelstream                      V  OnVoiceData: 80 bytes finished
2025-11-02 06:44:13.452  7276-7533  SdkGummyClient          com.babelstream                      D  sdklog[LOG_LEVEL_VERBOSE]: V 2025-11-02 06:44:13.451891 [iDST::AsrCeiIf:652] cei callback MSG_VOICE_DATA len = 80
2025-11-02 06:44:13.452  7276-7533  RecognitionService      com.babelstream                      I  status=SDKLog[LOG_LEVEL_VERBOSE]: V 2025-11-02 06:44:13.451891 [iDST::AsrCeiIf:652] cei callback MSG_VOICE_DATA len = 80
2025-11-02 06:44:13.453  7276-7533  RecognitionService      com.babelstream                      I  ACTION_STATUS: SDKLog[LOG_LEVEL_VERBOSE]: V 2025-11-02 06:44:13.451891 [iDST::AsrCeiIf:652] cei callback MSG_VOICE_DATA len = 80
2025-11-02 06:44:13.453  7276-7533  iDST::AsrCeiIf:652      com.babelstream                      V  cei callback MSG_VOICE_DATA len = 80
2025-11-02 06:44:13.453  7276-7535  SdkGummyClient          com.babelstream                      D  sdklog[LOG_LEVEL_ERROR]: E 2025-11-02 06:44:13.453332 [iDST::NlsSt:501] send voice with null sdk request
2025-11-02 06:44:13.453  7276-7535  RecognitionService      com.babelstream                      I  status=SDKLog[LOG_LEVEL_ERROR]: E 2025-11-02 06:44:13.453332 [iDST::NlsSt:501] send voice with null sdk request
2025-11-02 06:44:13.454  7276-7535  RecognitionService      com.babelstream                      I  ACTION_STATUS: SDKLog[LOG_LEVEL_ERROR]: E 2025-11-02 06:44:13.453332 [iDST::NlsSt:501] send voice with null sdk request
2025-11-02 06:44:13.454  7276-7535  iDST::NlsSt:501         com.babelstream                      E  send voice with null sdk request
2025-11-02 06:44:13.531  7276-7537  SdkGummyClient          com.babelstream                      V  rms=-151.77791
2025-11-02 06:44:13.531  7276-7537  AlsCei::As...Impl, Main com.babelstream                      W  ved does not exist, skip ...
2025-11-02 06:44:13.532  7276-7537  SdkGummyClient          com.babelstream                      V  rms=-157.38705
2025-11-02 06:44:13.532  7276-7537  AlsCei::As...Impl, Main com.babelstream                      W  ved does not exist, skip ...
2025-11-02 06:44:13.532  7276-7537  SdkGummyClient          com.babelstream                      V  rms=-157.75816
2025-11-02 06:44:13.532  7276-7537  AlsCei::As...Impl, Main com.babelstream                      W  ved does not exist, skip ...
2025-11-02 06:44:13.533  7276-7537  SdkGummyClient          com.babelstream                      V  rms=-156.90572
2025-11-02 06:44:13.533  7276-7537  AlsCei::As...Impl, Main com.babelstream                      W  ved does not exist, skip ...
2025-11-02 06:44:13.533  7276-7537  SdkGummyClient          com.babelstream                      V  rms=-140.61404
2025-11-02 06:44:13.533  7276-7537  AlsCei::As...Impl, Main com.babelstream                      W  ved does not exist, skip ...
2025-11-02 06:44:13.542  7276-7539  AlsCei::SdkListener     com.babelstream                      V  OnVoiceData: 80 bytes
2025-11-02 06:44:13.543  7276-7539  SdkGummyClient          com.babelstream                      D  sdklog[LOG_LEVEL_VERBOSE]: V 2025-11-02 06:44:13.543076 [iDST::AsrCeiIf:743] cei OnVoiceData with 80bytes
2025-11-02 06:44:13.543  7276-7539  RecognitionService      com.babelstream                      I  status=SDKLog[LOG_LEVEL_VERBOSE]: V 2025-11-02 06:44:13.543076 [iDST::AsrCeiIf:743] cei OnVoiceData with 80bytes
2025-11-02 06:44:13.544  7276-7539  RecognitionService      com.babelstream                      I  ACTION_STATUS: SDKLog[LOG_LEVEL_VERBOSE]: V 2025-11-02 06:44:13.543076 [iDST::AsrCeiIf:743] cei OnVoiceData with 80bytes
2025-11-02 06:44:13.544  7276-7539  iDST::AsrCeiIf:743      com.babelstream                      V  cei OnVoiceData with 80bytes
2025-11-02 06:44:13.544  7276-7539  AlsCei::SdkListener     com.babelstream                      V  OnVoiceData: 80 bytes finished
2025-11-02 06:44:13.544  7276-7533  SdkGummyClient          com.babelstream                      D  sdklog[LOG_LEVEL_VERBOSE]: V 2025-11-02 06:44:13.544656 [iDST::AsrCeiIf:652] cei callback MSG_VOICE_DATA len = 80
2025-11-02 06:44:13.544  7276-7533  RecognitionService      com.babelstream                      I  status=SDKLog[LOG_LEVEL_VERBOSE]: V 2025-11-02 06:44:13.544656 [iDST::AsrCeiIf:652] cei callback MSG_VOICE_DATA len = 80
2025-11-02 06:44:13.545  7276-7533  RecognitionService      com.babelstream                      I  ACTION_STATUS: SDKLog[LOG_LEVEL_VERBOSE]: V 2025-11-02 06:44:13.544656 [iDST::AsrCeiIf:652] cei callback MSG_VOICE_DATA len = 80
2025-11-02 06:44:13.545  7276-7533  iDST::AsrCeiIf:652      com.babelstream                      V  cei callback MSG_VOICE_DATA len = 80
2025-11-02 06:44:13.546  7276-7535  SdkGummyClient          com.babelstream                      D  sdklog[LOG_LEVEL_ERROR]: E 2025-11-02 06:44:13.546103 [iDST::NlsSt:501] send voice with null sdk request
2025-11-02 06:44:13.546  7276-7535  RecognitionService      com.babelstream                      I  status=SDKLog[LOG_LEVEL_ERROR]: E 2025-11-02 06:44:13.546103 [iDST::NlsSt:501] send voice with null sdk request
2025-11-02 06:44:13.547  7276-7535  RecognitionService      com.babelstream                      I  ACTION_STATUS: SDKLog[LOG_LEVEL_ERROR]: E 2025-11-02 06:44:13.546103 [iDST::NlsSt:501] send voice with null sdk request
2025-11-02 06:44:13.547  7276-7535  iDST::NlsSt:501         com.babelstream                      E  send voice with null sdk request
2025-11-02 06:44:13.612  7276-7537  SdkGummyClient          com.babelstream                      V  rms=-145.39459
2025-11-02 06:44:13.612  7276-7537  AlsCei::As...Impl, Main com.babelstream                      W  ved does not exist, skip ...
2025-11-02 06:44:13.612  7276-7537  SdkGummyClient          com.babelstream                      V  rms=-154.49721
2025-11-02 06:44:13.612  7276-7537  AlsCei::As...Impl, Main com.babelstream                      W  ved does not exist, skip ...
2025-11-02 06:44:13.613  7276-7537  SdkGummyClient          com.babelstream                      V  rms=-160.0
2025-11-02 06:44:13.613  7276-7537  AlsCei::As...Impl, Main com.babelstream                      W  ved does not exist, skip ...
2025-11-02 06:44:13.613  7276-7537  SdkGummyClient          com.babelstream                      V  rms=-160.0
2025-11-02 06:44:13.613  7276-7537  AlsCei::As...Impl, Main com.babelstream                      W  ved does not exist, skip ...
2025-11-02 06:44:13.691  7276-7537  SdkGummyClient          com.babelstream                      V  rms=-160.0
2025-11-02 06:44:13.691  7276-7537  AlsCei::As...Impl, Main com.babelstream                      W  ved does not exist, skip ...
2025-11-02 06:44:13.692  7276-7537  SdkGummyClient          com.babelstream                      V  rms=-160.0
2025-11-02 06:44:13.692  7276-7537  AlsCei::As...Impl, Main com.babelstream                      W  ved does not exist, skip ...
2025-11-02 06:44:13.692  7276-7537  SdkGummyClient          com.babelstream                      V  rms=-103.4115
2025-11-02 06:44:13.692  7276-7537  AlsCei::As...Impl, Main com.babelstream                      W  ved does not exist, skip ...
2025-11-02 06:44:13.693  7276-7537  SdkGummyClient          com.babelstream                      V  rms=-67.93288
2025-11-02 06:44:13.693  7276-7537  AlsCei::As...Impl, Main com.babelstream                      W  ved does not exist, skip ...
2025-11-02 06:44:13.696  7276-7539  AlsCei::SdkListener     com.babelstream                      V  OnVoiceData: 105 bytes
2025-11-02 06:44:13.696  7276-7539  SdkGummyClient          com.babelstream                      D  sdklog[LOG_LEVEL_VERBOSE]: V 2025-11-02 06:44:13.696461 [iDST::AsrCeiIf:743] cei OnVoiceData with 105bytes
2025-11-02 06:44:13.696  7276-7539  RecognitionService      com.babelstream                      I  status=SDKLog[LOG_LEVEL_VERBOSE]: V 2025-11-02 06:44:13.696461 [iDST::AsrCeiIf:743] cei OnVoiceData with 105bytes
2025-11-02 06:44:13.697  7276-7539  RecognitionService      com.babelstream                      I  ACTION_STATUS: SDKLog[LOG_LEVEL_VERBOSE]: V 2025-11-02 06:44:13.696461 [iDST::AsrCeiIf:743] cei OnVoiceData with 105bytes
2025-11-02 06:44:13.697  7276-7539  iDST::AsrCeiIf:743      com.babelstream                      V  cei OnVoiceData with 105bytes
2025-11-02 06:44:13.698  7276-7539  AlsCei::SdkListener     com.babelstream                      V  OnVoiceData: 105 bytes finished
2025-11-02 06:44:13.698  7276-7533  SdkGummyClient          com.babelstream                      D  sdklog[LOG_LEVEL_VERBOSE]: V 2025-11-02 06:44:13.698145 [iDST::AsrCeiIf:652] cei callback MSG_VOICE_DATA len = 105
2025-11-02 06:44:13.698  7276-7533  RecognitionService      com.babelstream                      I  status=SDKLog[LOG_LEVEL_VERBOSE]: V 2025-11-02 06:44:13.698145 [iDST::AsrCeiIf:652] cei callback MSG_VOICE_DATA len = 105
2025-11-02 06:44:13.699  7276-7533  RecognitionService      com.babelstream                      I  ACTION_STATUS: SDKLog[LOG_LEVEL_VERBOSE]: V 2025-11-02 06:44:13.698145 [iDST::AsrCeiIf:652] cei callback MSG_VOICE_DATA len = 105
2025-11-02 06:44:13.699  7276-7533  iDST::AsrCeiIf:652      com.babelstream                      V  cei callback MSG_VOICE_DATA len = 105
2025-11-02 06:44:13.700  7276-7535  SdkGummyClient          com.babelstream                      D  sdklog[LOG_LEVEL_ERROR]: E 2025-11-02 06:44:13.699784 [iDST::NlsSt:501] send voice with null sdk request
2025-11-02 06:44:13.700  7276-7535  RecognitionService      com.babelstream                      I  status=SDKLog[LOG_LEVEL_ERROR]: E 2025-11-02 06:44:13.699784 [iDST::NlsSt:501] send voice with null sdk request
2025-11-02 06:44:13.700  7276-7535  RecognitionService      com.babelstream                      I  ACTION_STATUS: SDKLog[LOG_LEVEL_ERROR]: E 2025-11-02 06:44:13.699784 [iDST::NlsSt:501] send voice with null sdk request
2025-11-02 06:44:13.700  7276-7535  iDST::NlsSt:501         com.babelstream                      E  send voice with null sdk request
2025-11-02 06:44:13.775  7276-7537  SdkGummyClient          com.babelstream                      V  rms=-60.6326
2025-11-02 06:44:13.776  7276-7537  AlsCei::As...Impl, Main com.babelstream                      W  ved does not exist, skip ...
2025-11-02 06:44:13.776  7276-7537  SdkGummyClient          com.babelstream                      V  rms=-61.184093
2025-11-02 06:44:13.776  7276-7537  AlsCei::As...Impl, Main com.babelstream                      W  ved does not exist, skip ...
2025-11-02 06:44:13.777  7276-7537  SdkGummyClient          com.babelstream                      V  rms=-56.483414
2025-11-02 06:44:13.777  7276-7537  AlsCei::As...Impl, Main com.babelstream                      W  ved does not exist, skip ...
2025-11-02 06:44:13.777  7276-7537  SdkGummyClient          com.babelstream                      V  rms=-53.621033
2025-11-02 06:44:13.777  7276-7537  AlsCei::As...Impl, Main com.babelstream                      W  ved does not exist, skip ...
2025-11-02 06:44:13.788  7276-7539  AlsCei::SdkListener     com.babelstream                      V  OnVoiceData: 219 bytes
2025-11-02 06:44:13.789  7276-7539  SdkGummyClient          com.babelstream                      D  sdklog[LOG_LEVEL_VERBOSE]: V 2025-11-02 06:44:13.788822 [iDST::AsrCeiIf:743] cei OnVoiceData with 219bytes
2025-11-02 06:44:13.789  7276-7539  RecognitionService      com.babelstream                      I  status=SDKLog[LOG_LEVEL_VERBOSE]: V 2025-11-02 06:44:13.788822 [iDST::AsrCeiIf:743] cei OnVoiceData with 219bytes
2025-11-02 06:44:13.790  7276-7539  RecognitionService      com.babelstream                      I  ACTION_STATUS: SDKLog[LOG_LEVEL_VERBOSE]: V 2025-11-02 06:44:13.788822 [iDST::AsrCeiIf:743] cei OnVoiceData with 219bytes
2025-11-02 06:44:13.790  7276-7539  iDST::AsrCeiIf:743      com.babelstream                      V  cei OnVoiceData with 219bytes
2025-11-02 06:44:13.790  7276-7539  AlsCei::SdkListener     com.babelstream                      V  OnVoiceData: 219 bytes finished
2025-11-02 06:44:13.791  7276-7533  SdkGummyClient          com.babelstream                      D  sdklog[LOG_LEVEL_VERBOSE]: V 2025-11-02 06:44:13.790642 [iDST::AsrCeiIf:652] cei callback MSG_VOICE_DATA len = 219
2025-11-02 06:44:13.791  7276-7533  RecognitionService      com.babelstream                      I  status=SDKLog[LOG_LEVEL_VERBOSE]: V 2025-11-02 06:44:13.790642 [iDST::AsrCeiIf:652] cei callback MSG_VOICE_DATA len = 219
2025-11-02 06:44:13.791  7276-7533  RecognitionService      com.babelstream                      I  ACTION_STATUS: SDKLog[LOG_LEVEL_VERBOSE]: V 2025-11-02 06:44:13.790642 [iDST::AsrCeiIf:652] cei callback MSG_VOICE_DATA len = 219
2025-11-02 06:44:13.791  7276-7533  iDST::AsrCeiIf:652      com.babelstream                      V  cei callback MSG_VOICE_DATA len = 219
2025-11-02 06:44:13.792  7276-7535  SdkGummyClient          com.babelstream                      D  sdklog[LOG_LEVEL_ERROR]: E 2025-11-02 06:44:13.792102 [iDST::NlsSt:501] send voice with null sdk request
2025-11-02 06:44:13.792  7276-7535  RecognitionService      com.babelstream                      I  status=SDKLog[LOG_LEVEL_ERROR]: E 2025-11-02 06:44:13.792102 [iDST::NlsSt:501] send voice with null sdk request
2025-11-02 06:44:13.793  7276-7535  RecognitionService      com.babelstream                      I  ACTION_STATUS: SDKLog[LOG_LEVEL_ERROR]: E 2025-11-02 06:44:13.792102 [iDST::NlsSt:501] send voice with null sdk request
2025-11-02 06:44:13.793  7276-7535  iDST::NlsSt:501         com.babelstream                      E  send voice with null sdk request
2025-11-02 06:44:13.871  7276-7537  SdkGummyClient          com.babelstream                      V  rms=-52.707615
2025-11-02 06:44:13.871  7276-7537  AlsCei::As...Impl, Main com.babelstream                      W  ved does not exist, skip ...
2025-11-02 06:44:13.872  7276-7537  SdkGummyClient          com.babelstream                      V  rms=-54.888206
2025-11-02 06:44:13.872  7276-7537  AlsCei::As...Impl, Main com.babelstream                      W  ved does not exist, skip ...
2025-11-02 06:44:13.873  7276-7537  SdkGummyClient          com.babelstream                      V  rms=-57.720875
2025-11-02 06:44:13.873  7276-7537  AlsCei::As...Impl, Main com.babelstream                      W  ved does not exist, skip ...
2025-11-02 06:44:13.873  7276-7537  SdkGummyClient          com.babelstream                      V  rms=-60.19006
2025-11-02 06:44:13.873  7276-7537  AlsCei::As...Impl, Main com.babelstream                      W  ved does not exist, skip ...
2025-11-02 06:44:13.874  7276-7537  SdkGummyClient          com.babelstream                      V  rms=-63.27375
2025-11-02 06:44:13.874  7276-7537  AlsCei::As...Impl, Main com.babelstream                      W  ved does not exist, skip ...
2025-11-02 06:44:13.881  7276-7539  AlsCei::SdkListener     com.babelstream                      V  OnVoiceData: 239 bytes
2025-11-02 06:44:13.881  7276-7539  SdkGummyClient          com.babelstream                      D  sdklog[LOG_LEVEL_VERBOSE]: V 2025-11-02 06:44:13.881661 [iDST::AsrCeiIf:743] cei OnVoiceData with 239bytes
2025-11-02 06:44:13.882  7276-7539  RecognitionService      com.babelstream                      I  status=SDKLog[LOG_LEVEL_VERBOSE]: V 2025-11-02 06:44:13.881661 [iDST::AsrCeiIf:743] cei OnVoiceData with 239bytes
2025-11-02 06:44:13.883  7276-7539  RecognitionService      com.babelstream                      I  ACTION_STATUS: SDKLog[LOG_LEVEL_VERBOSE]: V 2025-11-02 06:44:13.881661 [iDST::AsrCeiIf:743] cei OnVoiceData with 239bytes
2025-11-02 06:44:13.883  7276-7539  iDST::AsrCeiIf:743      com.babelstream                      V  cei OnVoiceData with 239bytes
2025-11-02 06:44:13.883  7276-7539  AlsCei::SdkListener     com.babelstream                      V  OnVoiceData: 239 bytes finished
2025-11-02 06:44:13.883  7276-7533  SdkGummyClient          com.babelstream                      D  sdklog[LOG_LEVEL_VERBOSE]: V 2025-11-02 06:44:13.883369 [iDST::AsrCeiIf:652] cei callback MSG_VOICE_DATA len = 239
2025-11-02 06:44:13.883  7276-7533  RecognitionService      com.babelstream                      I  status=SDKLog[LOG_LEVEL_VERBOSE]: V 2025-11-02 06:44:13.883369 [iDST::AsrCeiIf:652] cei callback MSG_VOICE_DATA len = 239
2025-11-02 06:44:13.884  7276-7533  RecognitionService      com.babelstream                      I  ACTION_STATUS: SDKLog[LOG_LEVEL_VERBOSE]: V 2025-11-02 06:44:13.883369 [iDST::AsrCeiIf:652] cei callback MSG_VOICE_DATA len = 239
2025-11-02 06:44:13.884  7276-7533  iDST::AsrCeiIf:652      com.babelstream                      V  cei callback MSG_VOICE_DATA len = 239
2025-11-02 06:44:13.884  7276-7535  SdkGummyClient          com.babelstream                      D  sdklog[LOG_LEVEL_ERROR]: E 2025-11-02 06:44:13.884437 [iDST::NlsSt:501] send voice with null sdk request
2025-11-02 06:44:13.884  7276-7535  RecognitionService      com.babelstream                      I  status=SDKLog[LOG_LEVEL_ERROR]: E 2025-11-02 06:44:13.884437 [iDST::NlsSt:501] send voice with null sdk request
2025-11-02 06:44:13.885  7276-7535  RecognitionService      com.babelstream                      I  ACTION_STATUS: SDKLog[LOG_LEVEL_ERROR]: E 2025-11-02 06:44:13.884437 [iDST::NlsSt:501] send voice with null sdk request
2025-11-02 06:44:13.885  7276-7535  iDST::NlsSt:501         com.babelstream                      E  send voice with null sdk request
2025-11-02 06:44:13.953  7276-7537  SdkGummyClient          com.babelstream                      V  rms=-66.057686
2025-11-02 06:44:13.953  7276-7537  AlsCei::As...Impl, Main com.babelstream                      W  ved does not exist, skip ...
2025-11-02 06:44:13.953  7276-7537  SdkGummyClient          com.babelstream                      V  rms=-67.278694
2025-11-02 06:44:13.953  7276-7537  AlsCei::As...Impl, Main com.babelstream                      W  ved does not exist, skip ...
2025-11-02 06:44:13.954  7276-7537  SdkGummyClient          com.babelstream                      V  rms=-65.64919
2025-11-02 06:44:13.954  7276-7537  AlsCei::As...Impl, Main com.babelstream                      W  ved does not exist, skip ...
2025-11-02 06:44:13.954  7276-7537  SdkGummyClient          com.babelstream                      V  rms=-66.793846
2025-11-02 06:44:13.954  7276-7537  AlsCei::As...Impl, Main com.babelstream                      W  ved does not exist, skip ...
2025-11-02 06:44:14.032  7276-7537  SdkGummyClient          com.babelstream                      V  rms=-64.47733
2025-11-02 06:44:14.032  7276-7537  AlsCei::As...Impl, Main com.babelstream                      W  ved does not exist, skip ...
2025-11-02 06:44:14.033  7276-7537  SdkGummyClient          com.babelstream                      V  rms=-66.0969
2025-11-02 06:44:14.033  7276-7537  AlsCei::As...Impl, Main com.babelstream                      W  ved does not exist, skip ...
2025-11-02 06:44:14.033  7276-7537  SdkGummyClient          com.babelstream                      V  rms=-63.414013
2025-11-02 06:44:14.033  7276-7537  AlsCei::As...Impl, Main com.babelstream                      W  ved does not exist, skip ...
2025-11-02 06:44:14.034  7276-7537  SdkGummyClient          com.babelstream                      V  rms=-64.074684
2025-11-02 06:44:14.034  7276-7537  AlsCei::As...Impl, Main com.babelstream                      W  ved does not exist, skip ...
2025-11-02 06:44:14.044  7276-7539  AlsCei::SdkListener     com.babelstream                      V  OnVoiceData: 356 bytes
2025-11-02 06:44:14.044  7276-7539  SdkGummyClient          com.babelstream                      D  sdklog[LOG_LEVEL_VERBOSE]: V 2025-11-02 06:44:14.044613 [iDST::AsrCeiIf:743] cei OnVoiceData with 356bytes
2025-11-02 06:44:14.045  7276-7539  RecognitionService      com.babelstream                      I  status=SDKLog[LOG_LEVEL_VERBOSE]: V 2025-11-02 06:44:14.044613 [iDST::AsrCeiIf:743] cei OnVoiceData with 356bytes
2025-11-02 06:44:14.046  7276-7539  RecognitionService      com.babelstream                      I  ACTION_STATUS: SDKLog[LOG_LEVEL_VERBOSE]: V 2025-11-02 06:44:14.044613 [iDST::AsrCeiIf:743] cei OnVoiceData with 356bytes
2025-11-02 06:44:14.046  7276-7539  iDST::AsrCeiIf:743      com.babelstream                      V  cei OnVoiceData with 356bytes
2025-11-02 06:44:14.046  7276-7539  AlsCei::SdkListener     com.babelstream                      V  OnVoiceData: 356 bytes finished
2025-11-02 06:44:14.046  7276-7533  SdkGummyClient          com.babelstream                      D  sdklog[LOG_LEVEL_VERBOSE]: V 2025-11-02 06:44:14.046509 [iDST::AsrCeiIf:652] cei callback MSG_VOICE_DATA len = 356
2025-11-02 06:44:14.046  7276-7533  RecognitionService      com.babelstream                      I  status=SDKLog[LOG_LEVEL_VERBOSE]: V 2025-11-02 06:44:14.046509 [iDST::AsrCeiIf:652] cei callback MSG_VOICE_DATA len = 356
2025-11-02 06:44:14.047  7276-7533  RecognitionService      com.babelstream                      I  ACTION_STATUS: SDKLog[LOG_LEVEL_VERBOSE]: V 2025-11-02 06:44:14.046509 [iDST::AsrCeiIf:652] cei callback MSG_VOICE_DATA len = 356
2025-11-02 06:44:14.047  7276-7533  iDST::AsrCeiIf:652      com.babelstream                      V  cei callback MSG_VOICE_DATA len = 356
2025-11-02 06:44:14.048  7276-7535  SdkGummyClient          com.babelstream                      D  sdklog[LOG_LEVEL_ERROR]: E 2025-11-02 06:44:14.047782 [iDST::NlsSt:501] send voice with null sdk request
2025-11-02 06:44:14.048  7276-7535  RecognitionService      com.babelstream                      I  status=SDKLog[LOG_LEVEL_ERROR]: E 2025-11-02 06:44:14.047782 [iDST::NlsSt:501] send voice with null sdk request
2025-11-02 06:44:14.048  7276-7535  RecognitionService      com.babelstream                      I  ACTION_STATUS: SDKLog[LOG_LEVEL_ERROR]: E 2025-11-02 06:44:14.047782 [iDST::NlsSt:501] send voice with null sdk request
2025-11-02 06:44:14.049  7276-7535  iDST::NlsSt:501         com.babelstream                      E  send voice with null sdk request
2025-11-02 06:44:14.111  7276-7537  SdkGummyClient          com.babelstream                      V  rms=-62.207916
2025-11-02 06:44:14.111  7276-7537  AlsCei::As...Impl, Main com.babelstream                      W  ved does not exist, skip ...
2025-11-02 06:44:14.112  7276-7537  SdkGummyClient          com.babelstream                      V  rms=-57.08077
2025-11-02 06:44:14.112  7276-7537  AlsCei::As...Impl, Main com.babelstream                      W  ved does not exist, skip ...
2025-11-02 06:44:14.113  7276-7537  SdkGummyClient          com.babelstream                      V  rms=-54.67599
2025-11-02 06:44:14.113  7276-7537  AlsCei::As...Impl, Main com.babelstream                      W  ved does not exist, skip ...
2025-11-02 06:44:14.113  7276-7537  SdkGummyClient          com.babelstream                      V  rms=-50.829548
2025-11-02 06:44:14.113  7276-7537  AlsCei::As...Impl, Main com.babelstream                      W  ved does not exist, skip ...
2025-11-02 06:44:14.211  7276-7537  SdkGummyClient          com.babelstream                      V  rms=-48.230076
2025-11-02 06:44:14.211  7276-7537  AlsCei::As...Impl, Main com.babelstream                      W  ved does not exist, skip ...
2025-11-02 06:44:14.212  7276-7537  SdkGummyClient          com.babelstream                      V  rms=-44.959908
2025-11-02 06:44:14.212  7276-7537  AlsCei::As...Impl, Main com.babelstream                      W  ved does not exist, skip ...
2025-11-02 06:44:14.213  7276-7537  SdkGummyClient          com.babelstream                      V  rms=-41.383373
2025-11-02 06:44:14.213  7276-7537  AlsCei::As...Impl, Main com.babelstream                      W  ved does not exist, skip ...
2025-11-02 06:44:14.213  7276-7537  SdkGummyClient          com.babelstream                      V  rms=-43.0749
2025-11-02 06:44:14.213  7276-7537  AlsCei::As...Impl, Main com.babelstream                      W  ved does not exist, skip ...
2025-11-02 06:44:14.214  7276-7537  SdkGummyClient          com.babelstream                      V  rms=-59.548336
2025-11-02 06:44:14.214  7276-7537  AlsCei::As...Impl, Main com.babelstream                      W  ved does not exist, skip ...
2025-11-02 06:44:14.227  7276-7539  AlsCei::SdkListener     com.babelstream                      V  OnVoiceData: 444 bytes
2025-11-02 06:44:14.228  7276-7539  SdkGummyClient          com.babelstream                      D  sdklog[LOG_LEVEL_VERBOSE]: V 2025-11-02 06:44:14.227932 [iDST::AsrCeiIf:743] cei OnVoiceData with 444bytes
2025-11-02 06:44:14.228  7276-7539  RecognitionService      com.babelstream                      I  status=SDKLog[LOG_LEVEL_VERBOSE]: V 2025-11-02 06:44:14.227932 [iDST::AsrCeiIf:743] cei OnVoiceData with 444bytes
2025-11-02 06:44:14.229  7276-7539  RecognitionService      com.babelstream                      I  ACTION_STATUS: SDKLog[LOG_LEVEL_VERBOSE]: V 2025-11-02 06:44:14.227932 [iDST::AsrCeiIf:743] cei OnVoiceData with 444bytes
2025-11-02 06:44:14.229  7276-7539  iDST::AsrCeiIf:743      com.babelstream                      V  cei OnVoiceData with 444bytes
2025-11-02 06:44:14.229  7276-7539  AlsCei::SdkListener     com.babelstream                      V  OnVoiceData: 444 bytes finished
2025-11-02 06:44:14.229  7276-7533  SdkGummyClient          com.babelstream                      D  sdklog[LOG_LEVEL_VERBOSE]: V 2025-11-02 06:44:14.229586 [iDST::AsrCeiIf:652] cei callback MSG_VOICE_DATA len = 444
2025-11-02 06:44:14.229  7276-7533  RecognitionService      com.babelstream                      I  status=SDKLog[LOG_LEVEL_VERBOSE]: V 2025-11-02 06:44:14.229586 [iDST::AsrCeiIf:652] cei callback MSG_VOICE_DATA len = 444
2025-11-02 06:44:14.230  7276-7533  RecognitionService      com.babelstream                      I  ACTION_STATUS: SDKLog[LOG_LEVEL_VERBOSE]: V 2025-11-02 06:44:14.229586 [iDST::AsrCeiIf:652] cei callback MSG_VOICE_DATA len = 444
2025-11-02 06:44:14.230  7276-7533  iDST::AsrCeiIf:652      com.babelstream                      V  cei callback MSG_VOICE_DATA len = 444
2025-11-02 06:44:14.230  7276-7535  SdkGummyClient          com.babelstream                      D  sdklog[LOG_LEVEL_ERROR]: E 2025-11-02 06:44:14.230557 [iDST::NlsSt:501] send voice with null sdk request
2025-11-02 06:44:14.230  7276-7535  RecognitionService      com.babelstream                      I  status=SDKLog[LOG_LEVEL_ERROR]: E 2025-11-02 06:44:14.230557 [iDST::NlsSt:501] send voice with null sdk request
2025-11-02 06:44:14.231  7276-7535  RecognitionService      com.babelstream                      I  ACTION_STATUS: SDKLog[LOG_LEVEL_ERROR]: E 2025-11-02 06:44:14.230557 [iDST::NlsSt:501] send voice with null sdk request
2025-11-02 06:44:14.231  7276-7535  iDST::NlsSt:501         com.babelstream                      E  send voice with null sdk request
2025-11-02 06:44:14.288  7276-7528  AudioCaptureManager     com.babelstream                      I  level=6
2025-11-02 06:44:14.292  7276-7537  SdkGummyClient          com.babelstream                      V  rms=-90.95468
2025-11-02 06:44:14.292  7276-7537  AlsCei::As...Impl, Main com.babelstream                      W  ved does not exist, skip ...
2025-11-02 06:44:14.293  7276-7537  SdkGummyClient          com.babelstream                      V  rms=-103.80327
2025-11-02 06:44:14.293  7276-7537  AlsCei::As...Impl, Main com.babelstream                      W  ved does not exist, skip ...
2025-11-02 06:44:14.293  7276-7537  SdkGummyClient          com.babelstream                      V  rms=-107.7593
2025-11-02 06:44:14.293  7276-7537  AlsCei::As...Impl, Main com.babelstream                      W  ved does not exist, skip ...
2025-11-02 06:44:14.294  7276-7537  SdkGummyClient          com.babelstream                      V  rms=-117.55924
2025-11-02 06:44:14.294  7276-7537  AlsCei::As...Impl, Main com.babelstream                      W  ved does not exist, skip ...
2025-11-02 06:44:14.371  7276-7537  SdkGummyClient          com.babelstream                      V  rms=-122.69878
2025-11-02 06:44:14.371  7276-7537  AlsCei::As...Impl, Main com.babelstream                      W  ved does not exist, skip ...
2025-11-02 06:44:14.372  7276-7537  SdkGummyClient          com.babelstream                      V  rms=-122.91578
2025-11-02 06:44:14.372  7276-7537  AlsCei::As...Impl, Main com.babelstream                      W  ved does not exist, skip ...
2025-11-02 06:44:14.372  7276-7528  RecognitionService      com.babelstream                      I  level=0
2025-11-02 06:44:14.373  7276-7537  SdkGummyClient          com.babelstream                      V  rms=-124.54611
2025-11-02 06:44:14.373  7276-7537  AlsCei::As...Impl, Main com.babelstream                      W  ved does not exist, skip ...
2025-11-02 06:44:14.373  7276-7537  SdkGummyClient          com.babelstream                      V  rms=-130.81685
2025-11-02 06:44:14.373  7276-7537  AlsCei::As...Impl, Main com.babelstream                      W  ved does not exist, skip ...
2025-11-02 06:44:14.380  7276-7539  AlsCei::SdkListener     com.babelstream                      V  OnVoiceData: 244 bytes
2025-11-02 06:44:14.381  7276-7539  SdkGummyClient          com.babelstream                      D  sdklog[LOG_LEVEL_VERBOSE]: V 2025-11-02 06:44:14.380716 [iDST::AsrCeiIf:743] cei OnVoiceData with 244bytes
2025-11-02 06:44:14.381  7276-7539  RecognitionService      com.babelstream                      I  status=SDKLog[LOG_LEVEL_VERBOSE]: V 2025-11-02 06:44:14.380716 [iDST::AsrCeiIf:743] cei OnVoiceData with 244bytes
2025-11-02 06:44:14.382  7276-7539  RecognitionService      com.babelstream                      I  ACTION_STATUS: SDKLog[LOG_LEVEL_VERBOSE]: V 2025-11-02 06:44:14.380716 [iDST::AsrCeiIf:743] cei OnVoiceData with 244bytes
2025-11-02 06:44:14.382  7276-7539  iDST::AsrCeiIf:743      com.babelstream                      V  cei OnVoiceData with 244bytes
2025-11-02 06:44:14.382  7276-7539  AlsCei::SdkListener     com.babelstream                      V  OnVoiceData: 244 bytes finished
2025-11-02 06:44:14.382  7276-7533  SdkGummyClient          com.babelstream                      D  sdklog[LOG_LEVEL_VERBOSE]: V 2025-11-02 06:44:14.382296 [iDST::AsrCeiIf:652] cei callback MSG_VOICE_DATA len = 244
2025-11-02 06:44:14.382  7276-7533  RecognitionService      com.babelstream                      I  status=SDKLog[LOG_LEVEL_VERBOSE]: V 2025-11-02 06:44:14.382296 [iDST::AsrCeiIf:652] cei callback MSG_VOICE_DATA len = 244
2025-11-02 06:44:14.383  7276-7533  RecognitionService      com.babelstream                      I  ACTION_STATUS: SDKLog[LOG_LEVEL_VERBOSE]: V 2025-11-02 06:44:14.382296 [iDST::AsrCeiIf:652] cei callback MSG_VOICE_DATA len = 244
2025-11-02 06:44:14.383  7276-7533  iDST::AsrCeiIf:652      com.babelstream                      V  cei callback MSG_VOICE_DATA len = 244
2025-11-02 06:44:14.383  7276-7535  SdkGummyClient          com.babelstream                      D  sdklog[LOG_LEVEL_ERROR]: E 2025-11-02 06:44:14.383729 [iDST::NlsSt:501] send voice with null sdk request
2025-11-02 06:44:14.383  7276-7535  RecognitionService      com.babelstream                      I  status=SDKLog[LOG_LEVEL_ERROR]: E 2025-11-02 06:44:14.383729 [iDST::NlsSt:501] send voice with null sdk request
2025-11-02 06:44:14.384  7276-7535  RecognitionService      com.babelstream                      I  ACTION_STATUS: SDKLog[LOG_LEVEL_ERROR]: E 2025-11-02 06:44:14.383729 [iDST::NlsSt:501] send voice with null sdk request
2025-11-02 06:44:14.384  7276-7535  iDST::NlsSt:501         com.babelstream                      E  send voice with null sdk request
2025-11-02 06:44:14.451  7276-7537  SdkGummyClient          com.babelstream                      V  rms=-135.50902
2025-11-02 06:44:14.452  7276-7537  AlsCei::As...Impl, Main com.babelstream                      W  ved does not exist, skip ...
2025-11-02 06:44:14.452  7276-7537  SdkGummyClient          com.babelstream                      V  rms=-143.1649
2025-11-02 06:44:14.452  7276-7537  AlsCei::As...Impl, Main com.babelstream                      W  ved does not exist, skip ...
2025-11-02 06:44:14.452  7276-7537  SdkGummyClient          com.babelstream                      V  rms=-154.42976
2025-11-02 06:44:14.453  7276-7537  AlsCei::As...Impl, Main com.babelstream                      W  ved does not exist, skip ...
2025-11-02 06:44:14.453  7276-7537  SdkGummyClient          com.babelstream                      V  rms=-160.0
2025-11-02 06:44:14.453  7276-7537  AlsCei::As...Impl, Main com.babelstream                      W  ved does not exist, skip ...
2025-11-02 06:44:14.453  7276-7537  SdkGummyClient          com.babelstream                      V  rms=-160.0
