2025-11-02 06:53:02.834  8848-8927  iDST::Tracer:84         com.babelstream                      D  generate timestamp 1762037582833[2025-11-02_06:53:02.833622]
2025-11-02 06:53:02.834  8848-8927  SdkGummyClient          com.babelstream                      D  sdklog[LOG_LEVEL_INFO]: I 2025-11-02 06:53:02.834405 [iDST::AsrNlsWrapper:247] Start finish
2025-11-02 06:53:02.834  8848-8927  RecognitionService      com.babelstream                      I  status=SDKLog[LOG_LEVEL_INFO]: I 2025-11-02 06:53:02.834405 [iDST::AsrNlsWrapper:247] Start finish
2025-11-02 06:53:02.835  8848-8927  RecognitionService      com.babelstream                      I  ACTION_STATUS: SDKLog[LOG_LEVEL_INFO]: I 2025-11-02 06:53:02.834405 [iDST::AsrNlsWrapper:247] Start finish
2025-11-02 06:53:02.835  8848-8927  iDST::AsrNlsWrapper:247 com.babelstream                      I  Start finish
2025-11-02 06:53:02.835  8848-8927  SdkGummyClient          com.babelstream                      D  sdklog[LOG_LEVEL_INFO]: I 2025-11-02 06:53:02.835400 [iDST::AsrArbitration:38] set session ready to true
2025-11-02 06:53:02.835  8848-8927  RecognitionService      com.babelstream                      I  status=SDKLog[LOG_LEVEL_INFO]: I 2025-11-02 06:53:02.835400 [iDST::AsrArbitration:38] set session ready to true
2025-11-02 06:53:02.836  8848-8927  RecognitionService      com.babelstream                      I  ACTION_STATUS: SDKLog[LOG_LEVEL_INFO]: I 2025-11-02 06:53:02.835400 [iDST::AsrArbitration:38] set session ready to true
2025-11-02 06:53:02.836  8848-8927  iDST::AsrArbitration:38 com.babelstream                      I  set session ready to true
2025-11-02 06:53:02.836  8848-8927  SdkGummyClient          com.babelstream                      D  sdklog[LOG_LEVEL_INFO]: I 2025-11-02 06:53:02.836366 [iDST::AsrEngine:3354] OnVoiceStart finish
2025-11-02 06:53:02.836  8848-8927  RecognitionService      com.babelstream                      I  status=SDKLog[LOG_LEVEL_INFO]: I 2025-11-02 06:53:02.836366 [iDST::AsrEngine:3354] OnVoiceStart finish
2025-11-02 06:53:02.837  8848-8927  RecognitionService      com.babelstream                      I  ACTION_STATUS: SDKLog[LOG_LEVEL_INFO]: I 2025-11-02 06:53:02.836366 [iDST::AsrEngine:3354] OnVoiceStart finish
2025-11-02 06:53:02.837  8848-8927  iDST::AsrEngine:3354    com.babelstream                      I  OnVoiceStart finish
2025-11-02 06:53:02.837  8848-8925  SdkGummyClient          com.babelstream                      D  sdklog[LOG_LEVEL_INFO]: I 2025-11-02 06:53:02.837377 [iDST::DialogEventCallback:14] [DialogEventCallback::DialogEventHandler::HandleMessage] Get Message (2)MSG_ASR_EVENT_VAD_START
2025-11-02 06:53:02.837  8848-8925  RecognitionService      com.babelstream                      I  status=SDKLog[LOG_LEVEL_INFO]: I 2025-11-02 06:53:02.837377 [iDST::DialogEventCallback:14] [DialogEventCallback::DialogEventHandler::HandleMessage] Get Message (2)MSG_ASR_EVENT_VAD_START
2025-11-02 06:53:02.838  8848-8925  RecognitionService      com.babelstream                      I  ACTION_STATUS: SDKLog[LOG_LEVEL_INFO]: I 2025-11-02 06:53:02.837377 [iDST::DialogEventCallback:14] [DialogEventCallback::DialogEventHandler::HandleMessage] Get Message (2)MSG_ASR_EVENT_VAD_START
2025-11-02 06:53:02.838  8848-8925  iDST::Dial...allback:14 com.babelstream                      I  [DialogEventCallback::DialogEventHandler::HandleMessage] Get Message (2)MSG_ASR_EVENT_VAD_START
2025-11-02 06:53:02.838  8848-8925  SdkGummyClient          com.babelstream                      D  sdklog[LOG_LEVEL_DEBUG]: D 2025-11-02 06:53:02.838604 [iDST::DialogEngineImpl:1686] dialog engine rcv vad start
2025-11-02 06:53:02.838  8848-8925  RecognitionService      com.babelstream                      I  status=SDKLog[LOG_LEVEL_DEBUG]: D 2025-11-02 06:53:02.838604 [iDST::DialogEngineImpl:1686] dialog engine rcv vad start
2025-11-02 06:53:02.839  8848-8925  RecognitionService      com.babelstream                      I  ACTION_STATUS: SDKLog[LOG_LEVEL_DEBUG]: D 2025-11-02 06:53:02.838604 [iDST::DialogEngineImpl:1686] dialog engine rcv vad start
2025-11-02 06:53:02.839  8848-8925  iDST::Dial...eImpl:1686 com.babelstream                      D  dialog engine rcv vad start
2025-11-02 06:53:02.839  8848-8925  SdkGummyClient          com.babelstream                      D  sdklog[LOG_LEVEL_INFO]: I 2025-11-02 06:53:02.839722 [iDST::DialogSched:39] test foreground_dialog[event:6/EventVadStart]
2025-11-02 06:53:02.840  8848-8925  RecognitionService      com.babelstream                      I  status=SDKLog[LOG_LEVEL_INFO]: I 2025-11-02 06:53:02.839722 [iDST::DialogSched:39] test foreground_dialog[event:6/EventVadStart]
2025-11-02 06:53:02.840  8848-8925  RecognitionService      com.babelstream                      I  ACTION_STATUS: SDKLog[LOG_LEVEL_INFO]: I 2025-11-02 06:53:02.839722 [iDST::DialogSched:39] test foreground_dialog[event:6/EventVadStart]
2025-11-02 06:53:02.840  8848-8925  iDST::DialogSched:39    com.babelstream                      I  test foreground_dialog[event:6/EventVadStart]
2025-11-02 06:53:02.841  8848-8925  SdkGummyClient          com.babelstream                      D  sdklog[LOG_LEVEL_INFO]: I 2025-11-02 06:53:02.840893 [iDST::DialogImpl:364] dialog event=EventVadStart, current state=StateStartIdle parallel_mode=false event.task_id=
2025-11-02 06:53:02.841  8848-8925  RecognitionService      com.babelstream                      I  status=SDKLog[LOG_LEVEL_INFO]: I 2025-11-02 06:53:02.840893 [iDST::DialogImpl:364] dialog event=EventVadStart, current state=StateStartIdle parallel_mode=false event.task_id=
2025-11-02 06:53:02.842  8848-8925  RecognitionService      com.babelstream                      I  ACTION_STATUS: SDKLog[LOG_LEVEL_INFO]: I 2025-11-02 06:53:02.840893 [iDST::DialogImpl:364] dialog event=EventVadStart, current state=StateStartIdle parallel_mode=false event.task_id=
2025-11-02 06:53:02.842  8848-8925  iDST::DialogImpl:364    com.babelstream                      I  dialog event=EventVadStart, current state=StateStartIdle parallel_mode=false event.task_id=
2025-11-02 06:53:02.842  8848-8925  SdkGummyClient          com.babelstream                      D  sdklog[LOG_LEVEL_INFO]: I 2025-11-02 06:53:02.842192 [iDST::DialogSched:51] foreground accepted foreground_dialog[6/EventVadStart] state set StateVoiceStage sched[false]
2025-11-02 06:53:02.842  8848-8925  RecognitionService      com.babelstream                      I  status=SDKLog[LOG_LEVEL_INFO]: I 2025-11-02 06:53:02.842192 [iDST::DialogSched:51] foreground accepted foreground_dialog[6/EventVadStart] state set StateVoiceStage sched[false]
2025-11-02 06:53:02.843  8848-8925  RecognitionService      com.babelstream                      I  ACTION_STATUS: SDKLog[LOG_LEVEL_INFO]: I 2025-11-02 06:53:02.842192 [iDST::DialogSched:51] foreground accepted foreground_dialog[6/EventVadStart] state set StateVoiceStage sched[false]
2025-11-02 06:53:02.844  8848-8925  iDST::DialogSched:51    com.babelstream                      I  foreground accepted foreground_dialog[6/EventVadStart] state set StateVoiceStage sched[false]
2025-11-02 06:53:02.844  8848-8925  SdkGummyClient          com.babelstream                      D  sdklog[LOG_LEVEL_INFO]: I 2025-11-02 06:53:02.844112 [iDST::DialogEngineImpl:1698] dialog[44938a3eab36416e9d715acad5d8f45b] occur vad start
2025-11-02 06:53:02.844  8848-8925  RecognitionService      com.babelstream                      I  status=SDKLog[LOG_LEVEL_INFO]: I 2025-11-02 06:53:02.844112 [iDST::DialogEngineImpl:1698] dialog[44938a3eab36416e9d715acad5d8f45b] occur vad start
2025-11-02 06:53:02.845  8848-8925  RecognitionService      com.babelstream                      I  ACTION_STATUS: SDKLog[LOG_LEVEL_INFO]: I 2025-11-02 06:53:02.844112 [iDST::DialogEngineImpl:1698] dialog[44938a3eab36416e9d715acad5d8f45b] occur vad start
2025-11-02 06:53:02.845  8848-8925  iDST::Dial...eImpl:1698 com.babelstream                      I  dialog[44938a3eab36416e9d715acad5d8f45b] occur vad start
2025-11-02 06:53:02.845  8848-8925  SdkGummyClient          com.babelstream                      D  sdklog[LOG_LEVEL_VERBOSE]: V 2025-11-02 06:53:02.845405 [iDST::DialogEngineImpl:67] HandleMessage what MSG_ASR_EVENT_EX
2025-11-02 06:53:02.845  8848-8925  RecognitionService      com.babelstream                      I  status=SDKLog[LOG_LEVEL_VERBOSE]: V 2025-11-02 06:53:02.845405 [iDST::DialogEngineImpl:67] HandleMessage what MSG_ASR_EVENT_EX
2025-11-02 06:53:02.846  8848-8925  RecognitionService      com.babelstream                      I  ACTION_STATUS: SDKLog[LOG_LEVEL_VERBOSE]: V 2025-11-02 06:53:02.845405 [iDST::DialogEngineImpl:67] HandleMessage what MSG_ASR_EVENT_EX
2025-11-02 06:53:02.846  8848-8925  iDST::Dial...ineImpl:67 com.babelstream                      V  HandleMessage what MSG_ASR_EVENT_EX
2025-11-02 06:53:02.847  8848-8925  SdkGummyClient          com.babelstream                      D  sdklog[LOG_LEVEL_VERBOSE]: V 2025-11-02 06:53:02.846891 [iDST::DialogEngineImpl:88] event callback EventVadStart
2025-11-02 06:53:02.847  8848-8925  RecognitionService      com.babelstream                      I  status=SDKLog[LOG_LEVEL_VERBOSE]: V 2025-11-02 06:53:02.846891 [iDST::DialogEngineImpl:88] event callback EventVadStart
2025-11-02 06:53:02.847  8848-8925  RecognitionService      com.babelstream                      I  ACTION_STATUS: SDKLog[LOG_LEVEL_VERBOSE]: V 2025-11-02 06:53:02.846891 [iDST::DialogEngineImpl:88] event callback EventVadStart
2025-11-02 06:53:02.848  8848-8925  iDST::Dial...ineImpl:88 com.babelstream                      V  event callback EventVadStart
2025-11-02 06:53:02.848  8848-8925  SdkGummyClient          com.babelstream                      D  sdklog[LOG_LEVEL_INFO]: I 2025-11-02 06:53:02.848115 [iDST::NuiAbsLayer:619] [0xb400007c7c692c00] dialogListenerOnEvent 6 [kEventVadStart]
2025-11-02 06:53:02.848  8848-8925  RecognitionService      com.babelstream                      I  status=SDKLog[LOG_LEVEL_INFO]: I 2025-11-02 06:53:02.848115 [iDST::NuiAbsLayer:619] [0xb400007c7c692c00] dialogListenerOnEvent 6 [kEventVadStart]
2025-11-02 06:53:02.849  8848-8925  RecognitionService      com.babelstream                      I  ACTION_STATUS: SDKLog[LOG_LEVEL_INFO]: I 2025-11-02 06:53:02.848115 [iDST::NuiAbsLayer:619] [0xb400007c7c692c00] dialogListenerOnEvent 6 [kEventVadStart]
2025-11-02 06:53:02.849  8848-8925  iDST::NuiAbsLayer:619   com.babelstream                      I  [0xb400007c7c692c00] dialogListenerOnEvent 6 [kEventVadStart]
2025-11-02 06:53:02.849  8848-8925  SdkGummyClient          com.babelstream                      D  sdklog[LOG_LEVEL_DEBUG]: D 2025-11-02 06:53:02.849469 [iDST::DialogEngineImpl:848] all_result is empty!
2025-11-02 06:53:02.849  8848-8925  RecognitionService      com.babelstream                      I  status=SDKLog[LOG_LEVEL_DEBUG]: D 2025-11-02 06:53:02.849469 [iDST::DialogEngineImpl:848] all_result is empty!
2025-11-02 06:53:02.851  8848-8925  RecognitionService      com.babelstream                      I  ACTION_STATUS: SDKLog[LOG_LEVEL_DEBUG]: D 2025-11-02 06:53:02.849469 [iDST::DialogEngineImpl:848] all_result is empty!
2025-11-02 06:53:02.851  8848-8925  iDST::Dial...neImpl:848 com.babelstream                      D  all_result is empty!
2025-11-02 06:53:02.852  8848-8925  SdkGummyClient          com.babelstream                      D  sdklog[LOG_LEVEL_WARNING]: W 2025-11-02 06:53:02.852075 [iDST::DialogeEngine:277] illegal length for ObtainBuffer len=-1
2025-11-02 06:53:02.852  8848-8925  RecognitionService      com.babelstream                      I  status=SDKLog[LOG_LEVEL_WARNING]: W 2025-11-02 06:53:02.852075 [iDST::DialogeEngine:277] illegal length for ObtainBuffer len=-1
2025-11-02 06:53:02.853  8848-8925  RecognitionService      com.babelstream                      I  ACTION_STATUS: SDKLog[LOG_LEVEL_WARNING]: W 2025-11-02 06:53:02.852075 [iDST::DialogeEngine:277] illegal length for ObtainBuffer len=-1
2025-11-02 06:53:02.853  8848-8925  iDST::DialogeEngine:277 com.babelstream                      W  illegal length for ObtainBuffer len=-1
2025-11-02 06:53:02.854  8848-8925  SdkGummyClient          com.babelstream                      D  sdklog[LOG_LEVEL_WARNING]: W 2025-11-02 06:53:02.853827 [iDST::NuiAbsLayer:452] GetAllResponse obtain buffer fail
2025-11-02 06:53:02.854  8848-8925  RecognitionService      com.babelstream                      I  status=SDKLog[LOG_LEVEL_WARNING]: W 2025-11-02 06:53:02.853827 [iDST::NuiAbsLayer:452] GetAllResponse obtain buffer fail
2025-11-02 06:53:02.855  8848-8925  RecognitionService      com.babelstream                      I  ACTION_STATUS: SDKLog[LOG_LEVEL_WARNING]: W 2025-11-02 06:53:02.853827 [iDST::NuiAbsLayer:452] GetAllResponse obtain buffer fail
2025-11-02 06:53:02.855  8848-8925  iDST::NuiAbsLayer:452   com.babelstream                      W  GetAllResponse obtain buffer fail
2025-11-02 06:53:02.855  8848-8927  SdkGummyClient          com.babelstream                      D  sdklog[LOG_LEVEL_VERBOSE]: V 2025-11-02 06:53:02.855341 [iDST::AsrCeiIf:652] cei callback MSG_VOICE_DATA len = 224
2025-11-02 06:53:02.855  8848-8927  RecognitionService      com.babelstream                      I  status=SDKLog[LOG_LEVEL_VERBOSE]: V 2025-11-02 06:53:02.855341 [iDST::AsrCeiIf:652] cei callback MSG_VOICE_DATA len = 224
2025-11-02 06:53:02.856  8848-8927  RecognitionService      com.babelstream                      I  ACTION_STATUS: SDKLog[LOG_LEVEL_VERBOSE]: V 2025-11-02 06:53:02.855341 [iDST::AsrCeiIf:652] cei callback MSG_VOICE_DATA len = 224
2025-11-02 06:53:02.856  8848-8927  iDST::AsrCeiIf:652      com.babelstream                      V  cei callback MSG_VOICE_DATA len = 224
2025-11-02 06:53:02.857  8848-8929  SdkGummyClient          com.babelstream                      D  sdklog[LOG_LEVEL_ERROR]: E 2025-11-02 06:53:02.856806 [iDST::NlsSt:501] send voice with null sdk request
2025-11-02 06:53:02.857  8848-8929  RecognitionService      com.babelstream                      I  status=SDKLog[LOG_LEVEL_ERROR]: E 2025-11-02 06:53:02.856806 [iDST::NlsSt:501] send voice with null sdk request
2025-11-02 06:53:02.859  8848-8929  RecognitionService      com.babelstream                      I  ACTION_STATUS: SDKLog[LOG_LEVEL_ERROR]: E 2025-11-02 06:53:02.856806 [iDST::NlsSt:501] send voice with null sdk request
2025-11-02 06:53:02.860  8848-8929  iDST::NlsSt:501         com.babelstream                      E  send voice with null sdk request
2025-11-02 06:53:02.860  8848-8925  SdkGummyClient          com.babelstream                      D  sdklog[LOG_LEVEL_INFO]: I 2025-11-02 06:53:02.860501 [iDST::NativeNui:413] got event 0:EVENT_VAD_START
2025-11-02 06:53:02.860  8848-8925  RecognitionService      com.babelstream                      I  status=SDKLog[LOG_LEVEL_INFO]: I 2025-11-02 06:53:02.860501 [iDST::NativeNui:413] got event 0:EVENT_VAD_START
2025-11-02 06:53:02.861  8848-8925  RecognitionService      com.babelstream                      I  ACTION_STATUS: SDKLog[LOG_LEVEL_INFO]: I 2025-11-02 06:53:02.860501 [iDST::NativeNui:413] got event 0:EVENT_VAD_START
2025-11-02 06:53:02.861  8848-8925  iDST::NativeNui:413     com.babelstream                      I  got event 0:EVENT_VAD_START
2025-11-02 06:53:02.872  8848-8931  SdkGummyClient          com.babelstream                      V  rms=-115.020836
2025-11-02 06:53:02.872  8848-8931  AlsCei::As...Impl, Main com.babelstream                      W  ved does not exist, skip ...
2025-11-02 06:53:02.873  8848-8925  NativeNui_JAVA          com.babelstream                      D  nui native callback event 0
2025-11-02 06:53:02.873  8848-8925  NativeNui_JAVA          com.babelstream                      D  asrResult is null object
2025-11-02 06:53:02.874  8848-8925  RecognitionService      com.babelstream                      I  status=NuiEvent=EVENT_VAD_START, code=0
2025-11-02 06:53:02.875  8848-8925  RecognitionService      com.babelstream                      I  ACTION_STATUS: NuiEvent=EVENT_VAD_START, code=0
2025-11-02 06:53:02.875  8848-8931  SdkGummyClient          com.babelstream                      V  rms=-94.57749
2025-11-02 06:53:02.875  8848-8931  AlsCei::As...Impl, Main com.babelstream                      W  ved does not exist, skip ...
2025-11-02 06:53:02.875  8848-8925  SdkGummyClient          com.babelstream                      D  sdklog[LOG_LEVEL_VERBOSE]: V 2025-11-02 06:53:02.875632 [iDST::DialogEngineImpl:131] HandleMessage what MSG_ASR_EVENT_EX finish
2025-11-02 06:53:02.875  8848-8925  RecognitionService      com.babelstream                      I  status=SDKLog[LOG_LEVEL_VERBOSE]: V 2025-11-02 06:53:02.875632 [iDST::DialogEngineImpl:131] HandleMessage what MSG_ASR_EVENT_EX finish
2025-11-02 06:53:02.876  8848-8925  RecognitionService      com.babelstream                      I  ACTION_STATUS: SDKLog[LOG_LEVEL_VERBOSE]: V 2025-11-02 06:53:02.875632 [iDST::DialogEngineImpl:131] HandleMessage what MSG_ASR_EVENT_EX finish
2025-11-02 06:53:02.876  8848-8925  iDST::Dial...neImpl:131 com.babelstream                      V  HandleMessage what MSG_ASR_EVENT_EX finish
2025-11-02 06:53:02.876  8848-8931  SdkGummyClient          com.babelstream                      V  rms=-92.03056
2025-11-02 06:53:02.876  8848-8931  AlsCei::As...Impl, Main com.babelstream                      W  ved does not exist, skip ...
2025-11-02 06:53:02.877  8848-8931  SdkGummyClient          com.babelstream                      V  rms=-55.465683
2025-11-02 06:53:02.877  8848-8931  AlsCei::As...Impl, Main com.babelstream                      W  ved does not exist, skip ...
2025-11-02 06:53:02.971  8848-8931  SdkGummyClient          com.babelstream                      V  rms=-48.262875
2025-11-02 06:53:02.971  8848-8931  AlsCei::As...Impl, Main com.babelstream                      W  ved does not exist, skip ...
2025-11-02 06:53:02.972  8848-8931  SdkGummyClient          com.babelstream                      V  rms=-44.44695
2025-11-02 06:53:02.972  8848-8931  AlsCei::As...Impl, Main com.babelstream                      W  ved does not exist, skip ...
2025-11-02 06:53:02.973  8848-8931  SdkGummyClient          com.babelstream                      V  rms=-42.626034
2025-11-02 06:53:02.973  8848-8931  AlsCei::As...Impl, Main com.babelstream                      W  ved does not exist, skip ...
2025-11-02 06:53:02.973  8848-8931  SdkGummyClient          com.babelstream                      V  rms=-43.328197
2025-11-02 06:53:02.974  8848-8931  AlsCei::As...Impl, Main com.babelstream                      W  ved does not exist, skip ...
2025-11-02 06:53:02.974  8848-8931  SdkGummyClient          com.babelstream                      V  rms=-45.778133
2025-11-02 06:53:02.975  8848-8931  AlsCei::As...Impl, Main com.babelstream                      W  ved does not exist, skip ...
2025-11-02 06:53:02.990  8848-8933  AlsCei::SdkListener     com.babelstream                      V  OnVoiceData: 375 bytes
2025-11-02 06:53:02.990  8848-8933  SdkGummyClient          com.babelstream                      D  sdklog[LOG_LEVEL_VERBOSE]: V 2025-11-02 06:53:02.990332 [iDST::AsrCeiIf:743] cei OnVoiceData with 375bytes
2025-11-02 06:53:02.990  8848-8933  RecognitionService      com.babelstream                      I  status=SDKLog[LOG_LEVEL_VERBOSE]: V 2025-11-02 06:53:02.990332 [iDST::AsrCeiIf:743] cei OnVoiceData with 375bytes
2025-11-02 06:53:02.991  8848-8933  RecognitionService      com.babelstream                      I  ACTION_STATUS: SDKLog[LOG_LEVEL_VERBOSE]: V 2025-11-02 06:53:02.990332 [iDST::AsrCeiIf:743] cei OnVoiceData with 375bytes
2025-11-02 06:53:02.991  8848-8933  iDST::AsrCeiIf:743      com.babelstream                      V  cei OnVoiceData with 375bytes
2025-11-02 06:53:02.992  8848-8933  AlsCei::SdkListener     com.babelstream                      V  OnVoiceData: 375 bytes finished
2025-11-02 06:53:02.992  8848-8927  SdkGummyClient          com.babelstream                      D  sdklog[LOG_LEVEL_VERBOSE]: V 2025-11-02 06:53:02.992083 [iDST::AsrCeiIf:652] cei callback MSG_VOICE_DATA len = 375
2025-11-02 06:53:02.992  8848-8927  RecognitionService      com.babelstream                      I  status=SDKLog[LOG_LEVEL_VERBOSE]: V 2025-11-02 06:53:02.992083 [iDST::AsrCeiIf:652] cei callback MSG_VOICE_DATA len = 375
2025-11-02 06:53:02.993  8848-8927  RecognitionService      com.babelstream                      I  ACTION_STATUS: SDKLog[LOG_LEVEL_VERBOSE]: V 2025-11-02 06:53:02.992083 [iDST::AsrCeiIf:652] cei callback MSG_VOICE_DATA len = 375
2025-11-02 06:53:02.993  8848-8927  iDST::AsrCeiIf:652      com.babelstream                      V  cei callback MSG_VOICE_DATA len = 375
2025-11-02 06:53:02.994  8848-8929  SdkGummyClient          com.babelstream                      D  sdklog[LOG_LEVEL_ERROR]: E 2025-11-02 06:53:02.993747 [iDST::NlsSt:501] send voice with null sdk request
2025-11-02 06:53:02.994  8848-8929  RecognitionService      com.babelstream                      I  status=SDKLog[LOG_LEVEL_ERROR]: E 2025-11-02 06:53:02.993747 [iDST::NlsSt:501] send voice with null sdk request
2025-11-02 06:53:02.994  8848-8929  RecognitionService      com.babelstream                      I  ACTION_STATUS: SDKLog[LOG_LEVEL_ERROR]: E 2025-11-02 06:53:02.993747 [iDST::NlsSt:501] send voice with null sdk request
2025-11-02 06:53:02.994  8848-8929  iDST::NlsSt:501         com.babelstream                      E  send voice with null sdk request
2025-11-02 06:53:03.048  8848-8931  SdkGummyClient          com.babelstream                      V  rms=-49.56223
2025-11-02 06:53:03.048  8848-8931  AlsCei::As...Impl, Main com.babelstream                      W  ved does not exist, skip ...
2025-11-02 06:53:03.049  8848-8931  SdkGummyClient          com.babelstream                      V  rms=-51.066093
2025-11-02 06:53:03.049  8848-8931  AlsCei::As...Impl, Main com.babelstream                      W  ved does not exist, skip ...
2025-11-02 06:53:03.050  8848-8931  SdkGummyClient          com.babelstream                      V  rms=-52.09947
2025-11-02 06:53:03.050  8848-8931  AlsCei::As...Impl, Main com.babelstream                      W  ved does not exist, skip ...
2025-11-02 06:53:03.051  8848-8931  SdkGummyClient          com.babelstream                      V  rms=-55.839355
2025-11-02 06:53:03.051  8848-8931  AlsCei::As...Impl, Main com.babelstream                      W  ved does not exist, skip ...
2025-11-02 06:53:03.131  8848-8931  SdkGummyClient          com.babelstream                      V  rms=-58.759617
2025-11-02 06:53:03.132  8848-8931  AlsCei::As...Impl, Main com.babelstream                      W  ved does not exist, skip ...
2025-11-02 06:53:03.132  8848-8931  SdkGummyClient          com.babelstream                      V  rms=-59.449425
2025-11-02 06:53:03.132  8848-8931  AlsCei::As...Impl, Main com.babelstream                      W  ved does not exist, skip ...
2025-11-02 06:53:03.136  8848-8931  SdkGummyClient          com.babelstream                      V  rms=-63.258602
2025-11-02 06:53:03.137  8848-8931  AlsCei::As...Impl, Main com.babelstream                      W  ved does not exist, skip ...
2025-11-02 06:53:03.138  8848-8931  SdkGummyClient          com.babelstream                      V  rms=-70.98934
2025-11-02 06:53:03.138  8848-8931  AlsCei::As...Impl, Main com.babelstream                      W  ved does not exist, skip ...
2025-11-02 06:53:03.143  8848-8933  AlsCei::SdkListener     com.babelstream                      V  OnVoiceData: 274 bytes
2025-11-02 06:53:03.143  8848-8933  SdkGummyClient          com.babelstream                      D  sdklog[LOG_LEVEL_VERBOSE]: V 2025-11-02 06:53:03.143567 [iDST::AsrCeiIf:743] cei OnVoiceData with 274bytes
2025-11-02 06:53:03.143  8848-8933  RecognitionService      com.babelstream                      I  status=SDKLog[LOG_LEVEL_VERBOSE]: V 2025-11-02 06:53:03.143567 [iDST::AsrCeiIf:743] cei OnVoiceData with 274bytes
2025-11-02 06:53:03.145  8848-8933  RecognitionService      com.babelstream                      I  ACTION_STATUS: SDKLog[LOG_LEVEL_VERBOSE]: V 2025-11-02 06:53:03.143567 [iDST::AsrCeiIf:743] cei OnVoiceData with 274bytes
2025-11-02 06:53:03.145  8848-8933  iDST::AsrCeiIf:743      com.babelstream                      V  cei OnVoiceData with 274bytes
2025-11-02 06:53:03.145  8848-8933  AlsCei::SdkListener     com.babelstream                      V  OnVoiceData: 274 bytes finished
2025-11-02 06:53:03.147  8848-8927  SdkGummyClient          com.babelstream                      D  sdklog[LOG_LEVEL_VERBOSE]: V 2025-11-02 06:53:03.145936 [iDST::AsrCeiIf:652] cei callback MSG_VOICE_DATA len = 274
2025-11-02 06:53:03.147  8848-8927  RecognitionService      com.babelstream                      I  status=SDKLog[LOG_LEVEL_VERBOSE]: V 2025-11-02 06:53:03.145936 [iDST::AsrCeiIf:652] cei callback MSG_VOICE_DATA len = 274
2025-11-02 06:53:03.149  8848-8927  RecognitionService      com.babelstream                      I  ACTION_STATUS: SDKLog[LOG_LEVEL_VERBOSE]: V 2025-11-02 06:53:03.145936 [iDST::AsrCeiIf:652] cei callback MSG_VOICE_DATA len = 274
2025-11-02 06:53:03.149  8848-8927  iDST::AsrCeiIf:652      com.babelstream                      V  cei callback MSG_VOICE_DATA len = 274
2025-11-02 06:53:03.149  8848-8929  SdkGummyClient          com.babelstream                      D  sdklog[LOG_LEVEL_ERROR]: E 2025-11-02 06:53:03.149360 [iDST::NlsSt:501] send voice with null sdk request
2025-11-02 06:53:03.149  8848-8929  RecognitionService      com.babelstream                      I  status=SDKLog[LOG_LEVEL_ERROR]: E 2025-11-02 06:53:03.149360 [iDST::NlsSt:501] send voice with null sdk request
2025-11-02 06:53:03.152  8848-8929  RecognitionService      com.babelstream                      I  ACTION_STATUS: SDKLog[LOG_LEVEL_ERROR]: E 2025-11-02 06:53:03.149360 [iDST::NlsSt:501] send voice with null sdk request
2025-11-02 06:53:03.152  8848-8929  iDST::NlsSt:501         com.babelstream                      E  send voice with null sdk request
2025-11-02 06:53:03.212  8848-8931  SdkGummyClient          com.babelstream                      V  rms=-82.16768
2025-11-02 06:53:03.212  8848-8931  AlsCei::As...Impl, Main com.babelstream                      W  ved does not exist, skip ...
2025-11-02 06:53:03.213  8848-8931  SdkGummyClient          com.babelstream                      V  rms=-100.519936
2025-11-02 06:53:03.213  8848-8931  AlsCei::As...Impl, Main com.babelstream                      W  ved does not exist, skip ...
2025-11-02 06:53:03.213  8848-8931  SdkGummyClient          com.babelstream                      V  rms=-107.751114
2025-11-02 06:53:03.213  8848-8931  AlsCei::As...Impl, Main com.babelstream                      W  ved does not exist, skip ...
2025-11-02 06:53:03.214  8848-8931  SdkGummyClient          com.babelstream                      V  rms=-119.66804
2025-11-02 06:53:03.214  8848-8931  AlsCei::As...Impl, Main com.babelstream                      W  ved does not exist, skip ...
2025-11-02 06:53:03.226  8848-8933  AlsCei::SdkListener     com.babelstream                      V  OnVoiceData: 221 bytes
2025-11-02 06:53:03.227  8848-8933  SdkGummyClient          com.babelstream                      D  sdklog[LOG_LEVEL_VERBOSE]: V 2025-11-02 06:53:03.226544 [iDST::AsrCeiIf:743] cei OnVoiceData with 221bytes
2025-11-02 06:53:03.227  8848-8933  RecognitionService      com.babelstream                      I  status=SDKLog[LOG_LEVEL_VERBOSE]: V 2025-11-02 06:53:03.226544 [iDST::AsrCeiIf:743] cei OnVoiceData with 221bytes
2025-11-02 06:53:03.228  8848-8933  RecognitionService      com.babelstream                      I  ACTION_STATUS: SDKLog[LOG_LEVEL_VERBOSE]: V 2025-11-02 06:53:03.226544 [iDST::AsrCeiIf:743] cei OnVoiceData with 221bytes
2025-11-02 06:53:03.228  8848-8933  iDST::AsrCeiIf:743      com.babelstream                      V  cei OnVoiceData with 221bytes
2025-11-02 06:53:03.228  8848-8933  AlsCei::SdkListener     com.babelstream                      V  OnVoiceData: 221 bytes finished
2025-11-02 06:53:03.228  8848-8927  SdkGummyClient          com.babelstream                      D  sdklog[LOG_LEVEL_VERBOSE]: V 2025-11-02 06:53:03.228243 [iDST::AsrCeiIf:652] cei callback MSG_VOICE_DATA len = 221
2025-11-02 06:53:03.228  8848-8927  RecognitionService      com.babelstream                      I  status=SDKLog[LOG_LEVEL_VERBOSE]: V 2025-11-02 06:53:03.228243 [iDST::AsrCeiIf:652] cei callback MSG_VOICE_DATA len = 221
2025-11-02 06:53:03.229  8848-8927  RecognitionService      com.babelstream                      I  ACTION_STATUS: SDKLog[LOG_LEVEL_VERBOSE]: V 2025-11-02 06:53:03.228243 [iDST::AsrCeiIf:652] cei callback MSG_VOICE_DATA len = 221
2025-11-02 06:53:03.229  8848-8927  iDST::AsrCeiIf:652      com.babelstream                      V  cei callback MSG_VOICE_DATA len = 221
2025-11-02 06:53:03.229  8848-8929  SdkGummyClient          com.babelstream                      D  sdklog[LOG_LEVEL_ERROR]: E 2025-11-02 06:53:03.229340 [iDST::NlsSt:501] send voice with null sdk request
2025-11-02 06:53:03.229  8848-8929  RecognitionService      com.babelstream                      I  status=SDKLog[LOG_LEVEL_ERROR]: E 2025-11-02 06:53:03.229340 [iDST::NlsSt:501] send voice with null sdk request
2025-11-02 06:53:03.230  8848-8929  RecognitionService      com.babelstream                      I  ACTION_STATUS: SDKLog[LOG_LEVEL_ERROR]: E 2025-11-02 06:53:03.229340 [iDST::NlsSt:501] send voice with null sdk request
2025-11-02 06:53:03.230  8848-8929  iDST::NlsSt:501         com.babelstream                      E  send voice with null sdk request
2025-11-02 06:53:03.308  8848-8931  SdkGummyClient          com.babelstream                      V  rms=-118.32562
2025-11-02 06:53:03.308  8848-8931  AlsCei::As...Impl, Main com.babelstream                      W  ved does not exist, skip ...
2025-11-02 06:53:03.309  8848-8931  SdkGummyClient          com.babelstream                      V  rms=-72.78178
2025-11-02 06:53:03.309  8848-8931  AlsCei::As...Impl, Main com.babelstream                      W  ved does not exist, skip ...
2025-11-02 06:53:03.309  8848-8931  SdkGummyClient          com.babelstream                      V  rms=-63.680668
2025-11-02 06:53:03.309  8848-8931  AlsCei::As...Impl, Main com.babelstream                      W  ved does not exist, skip ...
2025-11-02 06:53:03.310  8848-8931  SdkGummyClient          com.babelstream                      V  rms=-61.57483
2025-11-02 06:53:03.310  8848-8931  AlsCei::As...Impl, Main com.babelstream                      W  ved does not exist, skip ...
2025-11-02 06:53:03.311  8848-8931  SdkGummyClient          com.babelstream                      V  rms=-56.190968
2025-11-02 06:53:03.311  8848-8931  AlsCei::As...Impl, Main com.babelstream                      W  ved does not exist, skip ...
2025-11-02 06:53:03.318  8848-8933  AlsCei::SdkListener     com.babelstream                      V  OnVoiceData: 207 bytes
2025-11-02 06:53:03.319  8848-8933  SdkGummyClient          com.babelstream                      D  sdklog[LOG_LEVEL_VERBOSE]: V 2025-11-02 06:53:03.318943 [iDST::AsrCeiIf:743] cei OnVoiceData with 207bytes
2025-11-02 06:53:03.319  8848-8933  RecognitionService      com.babelstream                      I  status=SDKLog[LOG_LEVEL_VERBOSE]: V 2025-11-02 06:53:03.318943 [iDST::AsrCeiIf:743] cei OnVoiceData with 207bytes
2025-11-02 06:53:03.320  8848-8933  RecognitionService      com.babelstream                      I  ACTION_STATUS: SDKLog[LOG_LEVEL_VERBOSE]: V 2025-11-02 06:53:03.318943 [iDST::AsrCeiIf:743] cei OnVoiceData with 207bytes
2025-11-02 06:53:03.320  8848-8933  iDST::AsrCeiIf:743      com.babelstream                      V  cei OnVoiceData with 207bytes
2025-11-02 06:53:03.320  8848-8933  AlsCei::SdkListener     com.babelstream                      V  OnVoiceData: 207 bytes finished
2025-11-02 06:53:03.320  8848-8927  SdkGummyClient          com.babelstream                      D  sdklog[LOG_LEVEL_VERBOSE]: V 2025-11-02 06:53:03.320586 [iDST::AsrCeiIf:652] cei callback MSG_VOICE_DATA len = 207
2025-11-02 06:53:03.320  8848-8927  RecognitionService      com.babelstream                      I  status=SDKLog[LOG_LEVEL_VERBOSE]: V 2025-11-02 06:53:03.320586 [iDST::AsrCeiIf:652] cei callback MSG_VOICE_DATA len = 207
2025-11-02 06:53:03.321  8848-8927  RecognitionService      com.babelstream                      I  ACTION_STATUS: SDKLog[LOG_LEVEL_VERBOSE]: V 2025-11-02 06:53:03.320586 [iDST::AsrCeiIf:652] cei callback MSG_VOICE_DATA len = 207
2025-11-02 06:53:03.321  8848-8927  iDST::AsrCeiIf:652      com.babelstream                      V  cei callback MSG_VOICE_DATA len = 207
2025-11-02 06:53:03.322  8848-8929  SdkGummyClient          com.babelstream                      D  sdklog[LOG_LEVEL_ERROR]: E 2025-11-02 06:53:03.321870 [iDST::NlsSt:501] send voice with null sdk request
2025-11-02 06:53:03.322  8848-8929  RecognitionService      com.babelstream                      I  status=SDKLog[LOG_LEVEL_ERROR]: E 2025-11-02 06:53:03.321870 [iDST::NlsSt:501] send voice with null sdk request
2025-11-02 06:53:03.322  8848-8929  RecognitionService      com.babelstream                      I  ACTION_STATUS: SDKLog[LOG_LEVEL_ERROR]: E 2025-11-02 06:53:03.321870 [iDST::NlsSt:501] send voice with null sdk request
2025-11-02 06:53:03.322  8848-8929  iDST::NlsSt:501         com.babelstream                      E  send voice with null sdk request
2025-11-02 06:53:03.390  8848-8931  SdkGummyClient          com.babelstream                      V  rms=-56.769733
2025-11-02 06:53:03.390  8848-8931  AlsCei::As...Impl, Main com.babelstream                      W  ved does not exist, skip ...
2025-11-02 06:53:03.391  8848-8931  SdkGummyClient          com.babelstream                      V  rms=-57.232143
2025-11-02 06:53:03.391  8848-8931  AlsCei::As...Impl, Main com.babelstream                      W  ved does not exist, skip ...
2025-11-02 06:53:03.391  8848-8931  SdkGummyClient          com.babelstream                      V  rms=-54.215702
2025-11-02 06:53:03.391  8848-8931  AlsCei::As...Impl, Main com.babelstream                      W  ved does not exist, skip ...
2025-11-02 06:53:03.392  8848-8931  SdkGummyClient          com.babelstream                      V  rms=-55.63777
2025-11-02 06:53:03.392  8848-8931  AlsCei::As...Impl, Main com.babelstream                      W  ved does not exist, skip ...
2025-11-02 06:53:03.469  8848-8931  SdkGummyClient          com.babelstream                      V  rms=-52.642513
2025-11-02 06:53:03.469  8848-8931  AlsCei::As...Impl, Main com.babelstream                      W  ved does not exist, skip ...
2025-11-02 06:53:03.470  8848-8931  SdkGummyClient          com.babelstream                      V  rms=-53.785564
2025-11-02 06:53:03.470  8848-8931  AlsCei::As...Impl, Main com.babelstream                      W  ved does not exist, skip ...
2025-11-02 06:53:03.471  8848-8931  SdkGummyClient          com.babelstream                      V  rms=-53.17791
2025-11-02 06:53:03.471  8848-8931  AlsCei::As...Impl, Main com.babelstream                      W  ved does not exist, skip ...
2025-11-02 06:53:03.471  8848-8931  SdkGummyClient          com.babelstream                      V  rms=-53.52463
2025-11-02 06:53:03.472  8848-8931  AlsCei::As...Impl, Main com.babelstream                      W  ved does not exist, skip ...
2025-11-02 06:53:03.482  8848-8933  AlsCei::SdkListener     com.babelstream                      V  OnVoiceData: 351 bytes
2025-11-02 06:53:03.482  8848-8933  SdkGummyClient          com.babelstream                      D  sdklog[LOG_LEVEL_VERBOSE]: V 2025-11-02 06:53:03.482166 [iDST::AsrCeiIf:743] cei OnVoiceData with 351bytes
2025-11-02 06:53:03.482  8848-8933  RecognitionService      com.babelstream                      I  status=SDKLog[LOG_LEVEL_VERBOSE]: V 2025-11-02 06:53:03.482166 [iDST::AsrCeiIf:743] cei OnVoiceData with 351bytes
2025-11-02 06:53:03.483  8848-8933  RecognitionService      com.babelstream                      I  ACTION_STATUS: SDKLog[LOG_LEVEL_VERBOSE]: V 2025-11-02 06:53:03.482166 [iDST::AsrCeiIf:743] cei OnVoiceData with 351bytes
2025-11-02 06:53:03.483  8848-8933  iDST::AsrCeiIf:743      com.babelstream                      V  cei OnVoiceData with 351bytes
2025-11-02 06:53:03.484  8848-8933  AlsCei::SdkListener     com.babelstream                      V  OnVoiceData: 351 bytes finished
2025-11-02 06:53:03.484  8848-8927  SdkGummyClient          com.babelstream                      D  sdklog[LOG_LEVEL_VERBOSE]: V 2025-11-02 06:53:03.484099 [iDST::AsrCeiIf:652] cei callback MSG_VOICE_DATA len = 351
2025-11-02 06:53:03.484  8848-8927  RecognitionService      com.babelstream                      I  status=SDKLog[LOG_LEVEL_VERBOSE]: V 2025-11-02 06:53:03.484099 [iDST::AsrCeiIf:652] cei callback MSG_VOICE_DATA len = 351
2025-11-02 06:53:03.485  8848-8927  RecognitionService      com.babelstream                      I  ACTION_STATUS: SDKLog[LOG_LEVEL_VERBOSE]: V 2025-11-02 06:53:03.484099 [iDST::AsrCeiIf:652] cei callback MSG_VOICE_DATA len = 351
2025-11-02 06:53:03.485  8848-8927  iDST::AsrCeiIf:652      com.babelstream                      V  cei callback MSG_VOICE_DATA len = 351
2025-11-02 06:53:03.485  8848-8929  SdkGummyClient          com.babelstream                      D  sdklog[LOG_LEVEL_ERROR]: E 2025-11-02 06:53:03.485390 [iDST::NlsSt:501] send voice with null sdk request
2025-11-02 06:53:03.485  8848-8929  RecognitionService      com.babelstream                      I  status=SDKLog[LOG_LEVEL_ERROR]: E 2025-11-02 06:53:03.485390 [iDST::NlsSt:501] send voice with null sdk request
2025-11-02 06:53:03.486  8848-8929  RecognitionService      com.babelstream                      I  ACTION_STATUS: SDKLog[LOG_LEVEL_ERROR]: E 2025-11-02 06:53:03.485390 [iDST::NlsSt:501] send voice with null sdk request
2025-11-02 06:53:03.486  8848-8929  iDST::NlsSt:501         com.babelstream                      E  send voice with null sdk request
2025-11-02 06:53:03.550  8848-8931  SdkGummyClient          com.babelstream                      V  rms=-55.036964
2025-11-02 06:53:03.550  8848-8931  AlsCei::As...Impl, Main com.babelstream                      W  ved does not exist, skip ...
2025-11-02 06:53:03.550  8848-8931  SdkGummyClient          com.babelstream                      V  rms=-54.41678
2025-11-02 06:53:03.550  8848-8931  AlsCei::As...Impl, Main com.babelstream                      W  ved does not exist, skip ...
2025-11-02 06:53:03.551  8848-8931  SdkGummyClient          com.babelstream                      V  rms=-56.750214
2025-11-02 06:53:03.551  8848-8931  AlsCei::As...Impl, Main com.babelstream                      W  ved does not exist, skip ...
2025-11-02 06:53:03.551  8848-8931  SdkGummyClient          com.babelstream                      V  rms=-53.788948
2025-11-02 06:53:03.552  8848-8931  AlsCei::As...Impl, Main com.babelstream                      W  ved does not exist, skip ...
2025-11-02 06:53:03.650  8848-8931  SdkGummyClient          com.babelstream                      V  rms=-54.84691
2025-11-02 06:53:03.650  8848-8931  AlsCei::As...Impl, Main com.babelstream                      W  ved does not exist, skip ...
2025-11-02 06:53:03.651  8848-8931  SdkGummyClient          com.babelstream                      V  rms=-54.17687
2025-11-02 06:53:03.651  8848-8931  AlsCei::As...Impl, Main com.babelstream                      W  ved does not exist, skip ...
2025-11-02 06:53:03.652  8848-8931  SdkGummyClient          com.babelstream                      V  rms=-69.889305
2025-11-02 06:53:03.652  8848-8931  AlsCei::As...Impl, Main com.babelstream                      W  ved does not exist, skip ...
2025-11-02 06:53:03.653  8848-8931  SdkGummyClient          com.babelstream                      V  rms=-73.803764
2025-11-02 06:53:03.653  8848-8931  AlsCei::As...Impl, Main com.babelstream                      W  ved does not exist, skip ...
2025-11-02 06:53:03.653  8848-8931  SdkGummyClient          com.babelstream                      V  rms=-66.215576
2025-11-02 06:53:03.653  8848-8931  AlsCei::As...Impl, Main com.babelstream                      W  ved does not exist, skip ...
2025-11-02 06:53:03.665  8848-8933  AlsCei::SdkListener     com.babelstream                      V  OnVoiceData: 390 bytes
2025-11-02 06:53:03.666  8848-8933  SdkGummyClient          com.babelstream                      D  sdklog[LOG_LEVEL_VERBOSE]: V 2025-11-02 06:53:03.665570 [iDST::AsrCeiIf:743] cei OnVoiceData with 390bytes
2025-11-02 06:53:03.666  8848-8933  RecognitionService      com.babelstream                      I  status=SDKLog[LOG_LEVEL_VERBOSE]: V 2025-11-02 06:53:03.665570 [iDST::AsrCeiIf:743] cei OnVoiceData with 390bytes
2025-11-02 06:53:03.667  8848-8933  RecognitionService      com.babelstream                      I  ACTION_STATUS: SDKLog[LOG_LEVEL_VERBOSE]: V 2025-11-02 06:53:03.665570 [iDST::AsrCeiIf:743] cei OnVoiceData with 390bytes
2025-11-02 06:53:03.667  8848-8933  iDST::AsrCeiIf:743      com.babelstream                      V  cei OnVoiceData with 390bytes
2025-11-02 06:53:03.667  8848-8933  AlsCei::SdkListener     com.babelstream                      V  OnVoiceData: 390 bytes finished
2025-11-02 06:53:03.667  8848-8927  SdkGummyClient          com.babelstream                      D  sdklog[LOG_LEVEL_VERBOSE]: V 2025-11-02 06:53:03.667386 [iDST::AsrCeiIf:652] cei callback MSG_VOICE_DATA len = 390
2025-11-02 06:53:03.667  8848-8927  RecognitionService      com.babelstream                      I  status=SDKLog[LOG_LEVEL_VERBOSE]: V 2025-11-02 06:53:03.667386 [iDST::AsrCeiIf:652] cei callback MSG_VOICE_DATA len = 390
2025-11-02 06:53:03.668  8848-8927  RecognitionService      com.babelstream                      I  ACTION_STATUS: SDKLog[LOG_LEVEL_VERBOSE]: V 2025-11-02 06:53:03.667386 [iDST::AsrCeiIf:652] cei callback MSG_VOICE_DATA len = 390
2025-11-02 06:53:03.668  8848-8927  iDST::AsrCeiIf:652      com.babelstream                      V  cei callback MSG_VOICE_DATA len = 390
2025-11-02 06:53:03.668  8848-8929  SdkGummyClient          com.babelstream                      D  sdklog[LOG_LEVEL_ERROR]: E 2025-11-02 06:53:03.668393 [iDST::NlsSt:501] send voice with null sdk request
2025-11-02 06:53:03.668  8848-8929  RecognitionService      com.babelstream                      I  status=SDKLog[LOG_LEVEL_ERROR]: E 2025-11-02 06:53:03.668393 [iDST::NlsSt:501] send voice with null sdk request
2025-11-02 06:53:03.669  8848-8929  RecognitionService      com.babelstream                      I  ACTION_STATUS: SDKLog[LOG_LEVEL_ERROR]: E 2025-11-02 06:53:03.668393 [iDST::NlsSt:501] send voice with null sdk request
2025-11-02 06:53:03.669  8848-8929  iDST::NlsSt:501         com.babelstream                      E  send voice with null sdk request
2025-11-02 06:53:03.724  8848-8922  AudioCaptureManager     com.babelstream                      I  level=34
2025-11-02 06:53:03.731  8848-8931  SdkGummyClient          com.babelstream                      V  rms=-68.31008
2025-11-02 06:53:03.731  8848-8931  AlsCei::As...Impl, Main com.babelstream                      W  ved does not exist, skip ...
2025-11-02 06:53:03.732  8848-8931  SdkGummyClient          com.babelstream                      V  rms=-70.11254
2025-11-02 06:53:03.732  8848-8931  AlsCei::As...Impl, Main com.babelstream                      W  ved does not exist, skip ...
2025-11-02 06:53:03.732  8848-8931  SdkGummyClient          com.babelstream                      V  rms=-74.967606
2025-11-02 06:53:03.732  8848-8931  AlsCei::As...Impl, Main com.babelstream                      W  ved does not exist, skip ...
2025-11-02 06:53:03.733  8848-8931  SdkGummyClient          com.babelstream                      V  rms=-90.15861
2025-11-02 06:53:03.733  8848-8931  AlsCei::As...Impl, Main com.babelstream                      W  ved does not exist, skip ...
2025-11-02 06:53:03.809  8848-8922  RecognitionService      com.babelstream                      I  level=57
2025-11-02 06:53:03.811  8848-8931  SdkGummyClient          com.babelstream                      V  rms=-95.22125
2025-11-02 06:53:03.811  8848-8931  AlsCei::As...Impl, Main com.babelstream                      W  ved does not exist, skip ...
2025-11-02 06:53:03.812  8848-8931  SdkGummyClient          com.babelstream                      V  rms=-57.1445
2025-11-02 06:53:03.812  8848-8931  AlsCei::As...Impl, Main com.babelstream                      W  ved does not exist, skip ...
2025-11-02 06:53:03.813  8848-8931  SdkGummyClient          com.babelstream                      V  rms=-44.879147
2025-11-02 06:53:03.813  8848-8931  AlsCei::As...Impl, Main com.babelstream                      W  ved does not exist, skip ...
2025-11-02 06:53:03.813  8848-8931  SdkGummyClient          com.babelstream                      V  rms=-44.493046
2025-11-02 06:53:03.813  8848-8931  AlsCei::As...Impl, Main com.babelstream                      W  ved does not exist, skip ...
2025-11-02 06:53:03.828  8848-8933  AlsCei::SdkListener     com.babelstream                      V  OnVoiceData: 331 bytes
2025-11-02 06:53:03.828  8848-8933  SdkGummyClient          com.babelstream                      D  sdklog[LOG_LEVEL_VERBOSE]: V 2025-11-02 06:53:03.828602 [iDST::AsrCeiIf:743] cei OnVoiceData with 331bytes
2025-11-02 06:53:03.829  8848-8933  RecognitionService      com.babelstream                      I  status=SDKLog[LOG_LEVEL_VERBOSE]: V 2025-11-02 06:53:03.828602 [iDST::AsrCeiIf:743] cei OnVoiceData with 331bytes
2025-11-02 06:53:03.830  8848-8933  RecognitionService      com.babelstream                      I  ACTION_STATUS: SDKLog[LOG_LEVEL_VERBOSE]: V 2025-11-02 06:53:03.828602 [iDST::AsrCeiIf:743] cei OnVoiceData with 331bytes
2025-11-02 06:53:03.830  8848-8933  iDST::AsrCeiIf:743      com.babelstream                      V  cei OnVoiceData with 331bytes
2025-11-02 06:53:03.830  8848-8933  AlsCei::SdkListener     com.babelstream                      V  OnVoiceData: 331 bytes finished
2025-11-02 06:53:03.830  8848-8927  SdkGummyClient          com.babelstream                      D  sdklog[LOG_LEVEL_VERBOSE]: V 2025-11-02 06:53:03.830476 [iDST::AsrCeiIf:652] cei callback MSG_VOICE_DATA len = 331
2025-11-02 06:53:03.831  8848-8927  RecognitionService      com.babelstream                      I  status=SDKLog[LOG_LEVEL_VERBOSE]: V 2025-11-02 06:53:03.830476 [iDST::AsrCeiIf:652] cei callback MSG_VOICE_DATA len = 331
2025-11-02 06:53:03.832  8848-8927  RecognitionService      com.babelstream                      I  ACTION_STATUS: SDKLog[LOG_LEVEL_VERBOSE]: V 2025-11-02 06:53:03.830476 [iDST::AsrCeiIf:652] cei callback MSG_VOICE_DATA len = 331
2025-11-02 06:53:03.832  8848-8927  iDST::AsrCeiIf:652      com.babelstream                      V  cei callback MSG_VOICE_DATA len = 331
2025-11-02 06:53:03.832  8848-8929  SdkGummyClient          com.babelstream                      D  sdklog[LOG_LEVEL_ERROR]: E 2025-11-02 06:53:03.832528 [iDST::NlsSt:501] send voice with null sdk request
2025-11-02 06:53:03.832  8848-8929  RecognitionService      com.babelstream                      I  status=SDKLog[LOG_LEVEL_ERROR]: E 2025-11-02 06:53:03.832528 [iDST::NlsSt:501] send voice with null sdk request
2025-11-02 06:53:03.833  8848-8929  RecognitionService      com.babelstream                      I  ACTION_STATUS: SDKLog[LOG_LEVEL_ERROR]: E 2025-11-02 06:53:03.832528 [iDST::NlsSt:501] send voice with null sdk request
2025-11-02 06:53:03.833  8848-8929  iDST::NlsSt:501         com.babelstream                      E  send voice with null sdk request
2025-11-02 06:53:03.892  8848-8931  SdkGummyClient          com.babelstream                      V  rms=-47.0105
2025-11-02 06:53:03.892  8848-8931  AlsCei::As...Impl, Main com.babelstream                      W  ved does not exist, skip ...
2025-11-02 06:53:03.892  8848-8931  SdkGummyClient          com.babelstream                      V  rms=-49.700314
2025-11-02 06:53:03.892  8848-8931  AlsCei::As...Impl, Main com.babelstream                      W  ved does not exist, skip ...
2025-11-02 06:53:03.893  8848-8931  SdkGummyClient          com.babelstream                      V  rms=-59.77391
2025-11-02 06:53:03.893  8848-8931  AlsCei::As...Impl, Main com.babelstream                      W  ved does not exist, skip ...
2025-11-02 06:53:03.893  8848-8931  SdkGummyClient          com.babelstream                      V  rms=-76.54067
2025-11-02 06:53:03.893  8848-8931  AlsCei::As...Impl, Main com.babelstream                      W  ved does not exist, skip ...
2025-11-02 06:53:03.894  8848-8931  SdkGummyClient          com.babelstream                      V  rms=-81.903595
2025-11-02 06:53:03.894  8848-8931  AlsCei::As...Impl, Main com.babelstream                      W  ved does not exist, skip ...
2025-11-02 06:53:03.901  8848-8933  AlsCei::SdkListener     com.babelstream                      V  OnVoiceData: 215 bytes
2025-11-02 06:53:03.902  8848-8933  SdkGummyClient          com.babelstream                      D  sdklog[LOG_LEVEL_VERBOSE]: V 2025-11-02 06:53:03.901721 [iDST::AsrCeiIf:743] cei OnVoiceData with 215bytes
2025-11-02 06:53:03.902  8848-8933  RecognitionService      com.babelstream                      I  status=SDKLog[LOG_LEVEL_VERBOSE]: V 2025-11-02 06:53:03.901721 [iDST::AsrCeiIf:743] cei OnVoiceData with 215bytes
2025-11-02 06:53:03.903  8848-8933  RecognitionService      com.babelstream                      I  ACTION_STATUS: SDKLog[LOG_LEVEL_VERBOSE]: V 2025-11-02 06:53:03.901721 [iDST::AsrCeiIf:743] cei OnVoiceData with 215bytes
2025-11-02 06:53:03.903  8848-8933  iDST::AsrCeiIf:743      com.babelstream                      V  cei OnVoiceData with 215bytes
2025-11-02 06:53:03.903  8848-8933  AlsCei::SdkListener     com.babelstream                      V  OnVoiceData: 215 bytes finished
2025-11-02 06:53:03.904  8848-8927  SdkGummyClient          com.babelstream                      D  sdklog[LOG_LEVEL_VERBOSE]: V 2025-11-02 06:53:03.903839 [iDST::AsrCeiIf:652] cei callback MSG_VOICE_DATA len = 215
