2025-11-02 06:53:02.629  8848-8923  SdkGummyClient          com.babelstream                      D  sdklog[LOG_LEVEL_INFO]: I 2025-11-02 06:53:02.629577 [iDST::DialogConfig:428] dialog without uuid use c1ab67a602d4472aa2534e65667fa583
2025-11-02 06:53:02.629  8848-8923  RecognitionService      com.babelstream                      I  status=SDKLog[LOG_LEVEL_INFO]: I 2025-11-02 06:53:02.629577 [iDST::DialogConfig:428] dialog without uuid use c1ab67a602d4472aa2534e65667fa583
2025-11-02 06:53:02.630  8848-8923  RecognitionService      com.babelstream                      I  ACTION_STATUS: SDKLog[LOG_LEVEL_INFO]: I 2025-11-02 06:53:02.629577 [iDST::DialogConfig:428] dialog without uuid use c1ab67a602d4472aa2534e65667fa583
2025-11-02 06:53:02.630  8848-8923  iDST::DialogConfig:428  com.babelstream                      I  dialog without uuid use c1ab67a602d4472aa2534e65667fa583
2025-11-02 06:53:02.630  8848-8923  SdkGummyClient          com.babelstream                      D  sdklog[LOG_LEVEL_INFO]: I 2025-11-02 06:53:02.630686 [iDST::DialogConfig:621] random uuid=44938a3eab36416e9d715acad5d8f45b
2025-11-02 06:53:02.631  8848-8923  RecognitionService      com.babelstream                      I  status=SDKLog[LOG_LEVEL_INFO]: I 2025-11-02 06:53:02.630686 [iDST::DialogConfig:621] random uuid=44938a3eab36416e9d715acad5d8f45b
2025-11-02 06:53:02.631  8848-8923  RecognitionService      com.babelstream                      I  ACTION_STATUS: SDKLog[LOG_LEVEL_INFO]: I 2025-11-02 06:53:02.630686 [iDST::DialogConfig:621] random uuid=44938a3eab36416e9d715acad5d8f45b
2025-11-02 06:53:02.631  8848-8923  iDST::DialogConfig:621  com.babelstream                      I  random uuid=44938a3eab36416e9d715acad5d8f45b
2025-11-02 06:53:02.632  8848-8923  SdkGummyClient          com.babelstream                      D  sdklog[LOG_LEVEL_INFO]: I 2025-11-02 06:53:02.631953 [iDST::NuiAbsLayer:2226] gender detection 0
2025-11-02 06:53:02.632  8848-8923  RecognitionService      com.babelstream                      I  status=SDKLog[LOG_LEVEL_INFO]: I 2025-11-02 06:53:02.631953 [iDST::NuiAbsLayer:2226] gender detection 0
2025-11-02 06:53:02.632  8848-8923  RecognitionService      com.babelstream                      I  ACTION_STATUS: SDKLog[LOG_LEVEL_INFO]: I 2025-11-02 06:53:02.631953 [iDST::NuiAbsLayer:2226] gender detection 0
2025-11-02 06:53:02.632  8848-8923  iDST::NuiAbsLayer:2226  com.babelstream                      I  gender detection 0
2025-11-02 06:53:02.633  8848-8923  SdkGummyClient          com.babelstream                      D  sdklog[LOG_LEVEL_VERBOSE]: V 2025-11-02 06:53:02.632912 [iDST::NuiAbsLayer:2239] set apikey sk-54 for dialog
2025-11-02 06:53:02.633  8848-8923  RecognitionService      com.babelstream                      I  status=SDKLog[LOG_LEVEL_VERBOSE]: V 2025-11-02 06:53:02.632912 [iDST::NuiAbsLayer:2239] set apikey sk-54 for dialog
2025-11-02 06:53:02.633  8848-8923  RecognitionService      com.babelstream                      I  ACTION_STATUS: SDKLog[LOG_LEVEL_VERBOSE]: V 2025-11-02 06:53:02.632912 [iDST::NuiAbsLayer:2239] set apikey sk-54 for dialog
2025-11-02 06:53:02.633  8848-8923  iDST::NuiAbsLayer:2239  com.babelstream                      V  set apikey sk-54 for dialog
2025-11-02 06:53:02.633  8848-8923  SdkGummyClient          com.babelstream                      D  sdklog[LOG_LEVEL_VERBOSE]: V 2025-11-02 06:53:02.633733 [iDST::DialogeEngine:37] DialogEngine(0xb400007c7c565148) StartDialog
2025-11-02 06:53:02.633  8848-8923  RecognitionService      com.babelstream                      I  status=SDKLog[LOG_LEVEL_VERBOSE]: V 2025-11-02 06:53:02.633733 [iDST::DialogeEngine:37] DialogEngine(0xb400007c7c565148) StartDialog
2025-11-02 06:53:02.634  8848-8923  RecognitionService      com.babelstream                      I  ACTION_STATUS: SDKLog[LOG_LEVEL_VERBOSE]: V 2025-11-02 06:53:02.633733 [iDST::DialogeEngine:37] DialogEngine(0xb400007c7c565148) StartDialog
2025-11-02 06:53:02.634  8848-8923  iDST::DialogeEngine:37  com.babelstream                      V  DialogEngine(0xb400007c7c565148) StartDialog
2025-11-02 06:53:02.635  8848-8923  SdkGummyClient          com.babelstream                      D  sdklog[LOG_LEVEL_INFO]: I 2025-11-02 06:53:02.635103 [iDST::AsrEngine:1418] prepare
2025-11-02 06:53:02.635  8848-8923  RecognitionService      com.babelstream                      I  status=SDKLog[LOG_LEVEL_INFO]: I 2025-11-02 06:53:02.635103 [iDST::AsrEngine:1418] prepare
2025-11-02 06:53:02.636  8848-8923  RecognitionService      com.babelstream                      I  ACTION_STATUS: SDKLog[LOG_LEVEL_INFO]: I 2025-11-02 06:53:02.635103 [iDST::AsrEngine:1418] prepare
2025-11-02 06:53:02.636  8848-8923  iDST::AsrEngine:1418    com.babelstream                      I  prepare
2025-11-02 06:53:02.636  8848-8923  SdkGummyClient          com.babelstream                      D  sdklog[LOG_LEVEL_INFO]: I 2025-11-02 06:53:02.636366 [iDST::AsrEngine:854] SetVadMode with mode[1] enable_cloud_vad[0]
2025-11-02 06:53:02.636  8848-8923  RecognitionService      com.babelstream                      I  status=SDKLog[LOG_LEVEL_INFO]: I 2025-11-02 06:53:02.636366 [iDST::AsrEngine:854] SetVadMode with mode[1] enable_cloud_vad[0]
2025-11-02 06:53:02.637  8848-8923  RecognitionService      com.babelstream                      I  ACTION_STATUS: SDKLog[LOG_LEVEL_INFO]: I 2025-11-02 06:53:02.636366 [iDST::AsrEngine:854] SetVadMode with mode[1] enable_cloud_vad[0]
2025-11-02 06:53:02.637  8848-8923  iDST::AsrEngine:854     com.babelstream                      I  SetVadMode with mode[1] enable_cloud_vad[0]
2025-11-02 06:53:02.638  8848-8926  SdkGummyClient          com.babelstream                      D  sdklog[LOG_LEVEL_DEBUG]: D 2025-11-02 06:53:02.637915 [iDST::AsrEngineHandler:1622] HandleMessage[SET_VAD]
2025-11-02 06:53:02.638  8848-8926  RecognitionService      com.babelstream                      I  status=SDKLog[LOG_LEVEL_DEBUG]: D 2025-11-02 06:53:02.637915 [iDST::AsrEngineHandler:1622] HandleMessage[SET_VAD]
2025-11-02 06:53:02.639  8848-8926  RecognitionService      com.babelstream                      I  ACTION_STATUS: SDKLog[LOG_LEVEL_DEBUG]: D 2025-11-02 06:53:02.637915 [iDST::AsrEngineHandler:1622] HandleMessage[SET_VAD]
2025-11-02 06:53:02.639  8848-8926  iDST::AsrE...ndler:1622 com.babelstream                      D  HandleMessage[SET_VAD]
2025-11-02 06:53:02.639  8848-8926  SdkGummyClient          com.babelstream                      D  sdklog[LOG_LEVEL_INFO]: I 2025-11-02 06:53:02.639148 [iDST::AsrCeiIf:316] asr cei set param cei_param_work_mode, value 1
2025-11-02 06:53:02.639  8848-8926  RecognitionService      com.babelstream                      I  status=SDKLog[LOG_LEVEL_INFO]: I 2025-11-02 06:53:02.639148 [iDST::AsrCeiIf:316] asr cei set param cei_param_work_mode, value 1
2025-11-02 06:53:02.640  8848-8926  RecognitionService      com.babelstream                      I  ACTION_STATUS: SDKLog[LOG_LEVEL_INFO]: I 2025-11-02 06:53:02.639148 [iDST::AsrCeiIf:316] asr cei set param cei_param_work_mode, value 1
2025-11-02 06:53:02.640  8848-8926  iDST::AsrCeiIf:316      com.babelstream                      I  asr cei set param cei_param_work_mode, value 1
2025-11-02 06:53:02.640  8848-8923  SdkGummyClient          com.babelstream                      D  sdklog[LOG_LEVEL_INFO]: I 2025-11-02 06:53:02.640145 [iDST::AsrEngine:2661] RestoreVadBackTimeout
2025-11-02 06:53:02.640  8848-8923  RecognitionService      com.babelstream                      I  status=SDKLog[LOG_LEVEL_INFO]: I 2025-11-02 06:53:02.640145 [iDST::AsrEngine:2661] RestoreVadBackTimeout
2025-11-02 06:53:02.640  8848-8923  RecognitionService      com.babelstream                      I  ACTION_STATUS: SDKLog[LOG_LEVEL_INFO]: I 2025-11-02 06:53:02.640145 [iDST::AsrEngine:2661] RestoreVadBackTimeout
2025-11-02 06:53:02.641  8848-8923  iDST::AsrEngine:2661    com.babelstream                      I  RestoreVadBackTimeout
2025-11-02 06:53:02.641  8848-8926  SdkGummyClient          com.babelstream                      D  sdklog[LOG_LEVEL_DEBUG]: D 2025-11-02 06:53:02.641078 [iDST::AsrEngineHandler:1626] HandleMessage[SET_VAD_TIMEOUT]
2025-11-02 06:53:02.641  8848-8926  RecognitionService      com.babelstream                      I  status=SDKLog[LOG_LEVEL_DEBUG]: D 2025-11-02 06:53:02.641078 [iDST::AsrEngineHandler:1626] HandleMessage[SET_VAD_TIMEOUT]
2025-11-02 06:53:02.641  8848-8926  RecognitionService      com.babelstream                      I  ACTION_STATUS: SDKLog[LOG_LEVEL_DEBUG]: D 2025-11-02 06:53:02.641078 [iDST::AsrEngineHandler:1626] HandleMessage[SET_VAD_TIMEOUT]
2025-11-02 06:53:02.641  8848-8926  iDST::AsrE...ndler:1626 com.babelstream                      D  HandleMessage[SET_VAD_TIMEOUT]
2025-11-02 06:53:02.642  8848-8926  SdkGummyClient          com.babelstream                      D  sdklog[LOG_LEVEL_INFO]: I 2025-11-02 06:53:02.641920 [iDST::AsrEngineHandler:1115] set vad back timeout with 0
2025-11-02 06:53:02.642  8848-8926  RecognitionService      com.babelstream                      I  status=SDKLog[LOG_LEVEL_INFO]: I 2025-11-02 06:53:02.641920 [iDST::AsrEngineHandler:1115] set vad back timeout with 0
2025-11-02 06:53:02.642  8848-8926  RecognitionService      com.babelstream                      I  ACTION_STATUS: SDKLog[LOG_LEVEL_INFO]: I 2025-11-02 06:53:02.641920 [iDST::AsrEngineHandler:1115] set vad back timeout with 0
2025-11-02 06:53:02.642  8848-8926  iDST::AsrE...ndler:1115 com.babelstream                      I  set vad back timeout with 0
2025-11-02 06:53:02.643  8848-8926  SdkGummyClient          com.babelstream                      D  sdklog[LOG_LEVEL_INFO]: I 2025-11-02 06:53:02.642763 [iDST::AsrCeiIf:316] asr cei set param vad_param_tail_timeout_interval, value 0
2025-11-02 06:53:02.643  8848-8926  RecognitionService      com.babelstream                      I  status=SDKLog[LOG_LEVEL_INFO]: I 2025-11-02 06:53:02.642763 [iDST::AsrCeiIf:316] asr cei set param vad_param_tail_timeout_interval, value 0
2025-11-02 06:53:02.643  8848-8926  RecognitionService      com.babelstream                      I  ACTION_STATUS: SDKLog[LOG_LEVEL_INFO]: I 2025-11-02 06:53:02.642763 [iDST::AsrCeiIf:316] asr cei set param vad_param_tail_timeout_interval, value 0
2025-11-02 06:53:02.643  8848-8926  iDST::AsrCeiIf:316      com.babelstream                      I  asr cei set param vad_param_tail_timeout_interval, value 0
2025-11-02 06:53:02.644  8848-8926  SdkGummyClient          com.babelstream                      D  sdklog[LOG_LEVEL_ERROR]: E 2025-11-02 06:53:02.644039 [iDST::AsrCeiIf:320] asr cei set ret 2, param vad_param_tail_timeout_interval, value 0
2025-11-02 06:53:02.644  8848-8926  RecognitionService      com.babelstream                      I  status=SDKLog[LOG_LEVEL_ERROR]: E 2025-11-02 06:53:02.644039 [iDST::AsrCeiIf:320] asr cei set ret 2, param vad_param_tail_timeout_interval, value 0
2025-11-02 06:53:02.644  8848-8926  RecognitionService      com.babelstream                      I  ACTION_STATUS: SDKLog[LOG_LEVEL_ERROR]: E 2025-11-02 06:53:02.644039 [iDST::AsrCeiIf:320] asr cei set ret 2, param vad_param_tail_timeout_interval, value 0
2025-11-02 06:53:02.644  8848-8926  iDST::AsrCeiIf:320      com.babelstream                      E  asr cei set ret 2, param vad_param_tail_timeout_interval, value 0
2025-11-02 06:53:02.645  8848-8926  SdkGummyClient          com.babelstream                      D  sdklog[LOG_LEVEL_INFO]: I 2025-11-02 06:53:02.644852 [iDST::AsrCeiIf:316] asr cei set param vad_param_awake_tail_lookahead_time, value 0
2025-11-02 06:53:02.645  8848-8926  RecognitionService      com.babelstream                      I  status=SDKLog[LOG_LEVEL_INFO]: I 2025-11-02 06:53:02.644852 [iDST::AsrCeiIf:316] asr cei set param vad_param_awake_tail_lookahead_time, value 0
2025-11-02 06:53:02.645  8848-8926  RecognitionService      com.babelstream                      I  ACTION_STATUS: SDKLog[LOG_LEVEL_INFO]: I 2025-11-02 06:53:02.644852 [iDST::AsrCeiIf:316] asr cei set param vad_param_awake_tail_lookahead_time, value 0
2025-11-02 06:53:02.645  8848-8926  iDST::AsrCeiIf:316      com.babelstream                      I  asr cei set param vad_param_awake_tail_lookahead_time, value 0
2025-11-02 06:53:02.645  8848-8926  SdkGummyClient          com.babelstream                      D  sdklog[LOG_LEVEL_ERROR]: E 2025-11-02 06:53:02.645793 [iDST::AsrCeiIf:320] asr cei set ret 2, param vad_param_awake_tail_lookahead_time, value 0
2025-11-02 06:53:02.646  8848-8926  RecognitionService      com.babelstream                      I  status=SDKLog[LOG_LEVEL_ERROR]: E 2025-11-02 06:53:02.645793 [iDST::AsrCeiIf:320] asr cei set ret 2, param vad_param_awake_tail_lookahead_time, value 0
2025-11-02 06:53:02.646  8848-8926  RecognitionService      com.babelstream                      I  ACTION_STATUS: SDKLog[LOG_LEVEL_ERROR]: E 2025-11-02 06:53:02.645793 [iDST::AsrCeiIf:320] asr cei set ret 2, param vad_param_awake_tail_lookahead_time, value 0
2025-11-02 06:53:02.646  8848-8926  iDST::AsrCeiIf:320      com.babelstream                      E  asr cei set ret 2, param vad_param_awake_tail_lookahead_time, value 0
2025-11-02 06:53:02.647  8848-8926  SdkGummyClient          com.babelstream                      D  sdklog[LOG_LEVEL_INFO]: I 2025-11-02 06:53:02.646889 [iDST::AsrCeiIf:329] asr cei get param vad_param_tail_timeout_interval, value 0
2025-11-02 06:53:02.647  8848-8926  RecognitionService      com.babelstream                      I  status=SDKLog[LOG_LEVEL_INFO]: I 2025-11-02 06:53:02.646889 [iDST::AsrCeiIf:329] asr cei get param vad_param_tail_timeout_interval, value 0
2025-11-02 06:53:02.647  8848-8926  RecognitionService      com.babelstream                      I  ACTION_STATUS: SDKLog[LOG_LEVEL_INFO]: I 2025-11-02 06:53:02.646889 [iDST::AsrCeiIf:329] asr cei get param vad_param_tail_timeout_interval, value 0
2025-11-02 06:53:02.647  8848-8926  iDST::AsrCeiIf:329      com.babelstream                      I  asr cei get param vad_param_tail_timeout_interval, value 0
2025-11-02 06:53:02.648  8848-8926  SdkGummyClient          com.babelstream                      D  sdklog[LOG_LEVEL_INFO]: I 2025-11-02 06:53:02.648009 [iDST::AsrEngineHandler:1628] HandleAsrCmdSetVadTimeout done
2025-11-02 06:53:02.649  8848-8926  RecognitionService      com.babelstream                      I  status=SDKLog[LOG_LEVEL_INFO]: I 2025-11-02 06:53:02.648009 [iDST::AsrEngineHandler:1628] HandleAsrCmdSetVadTimeout done
2025-11-02 06:53:02.649  8848-8926  RecognitionService      com.babelstream                      I  ACTION_STATUS: SDKLog[LOG_LEVEL_INFO]: I 2025-11-02 06:53:02.648009 [iDST::AsrEngineHandler:1628] HandleAsrCmdSetVadTimeout done
2025-11-02 06:53:02.649  8848-8926  iDST::AsrE...ndler:1628 com.babelstream                      I  HandleAsrCmdSetVadTimeout done
2025-11-02 06:53:02.650  8848-8923  SdkGummyClient          com.babelstream                      D  sdklog[LOG_LEVEL_INFO]: I 2025-11-02 06:53:02.650068 [iDST::AsrEngine:2674] RestoreVadBackTimeout done
2025-11-02 06:53:02.650  8848-8923  RecognitionService      com.babelstream                      I  status=SDKLog[LOG_LEVEL_INFO]: I 2025-11-02 06:53:02.650068 [iDST::AsrEngine:2674] RestoreVadBackTimeout done
2025-11-02 06:53:02.651  8848-8923  RecognitionService      com.babelstream                      I  ACTION_STATUS: SDKLog[LOG_LEVEL_INFO]: I 2025-11-02 06:53:02.650068 [iDST::AsrEngine:2674] RestoreVadBackTimeout done
2025-11-02 06:53:02.651  8848-8923  iDST::AsrEngine:2674    com.babelstream                      I  RestoreVadBackTimeout done
2025-11-02 06:53:02.652  8848-8923  SdkGummyClient          com.babelstream                      D  sdklog[LOG_LEVEL_INFO]: I 2025-11-02 06:53:02.651769 [iDST::AsrEngine:2678] RestoreVadFrontTimeout
2025-11-02 06:53:02.652  8848-8923  RecognitionService      com.babelstream                      I  status=SDKLog[LOG_LEVEL_INFO]: I 2025-11-02 06:53:02.651769 [iDST::AsrEngine:2678] RestoreVadFrontTimeout
2025-11-02 06:53:02.652  8848-8923  RecognitionService      com.babelstream                      I  ACTION_STATUS: SDKLog[LOG_LEVEL_INFO]: I 2025-11-02 06:53:02.651769 [iDST::AsrEngine:2678] RestoreVadFrontTimeout
2025-11-02 06:53:02.652  8848-8923  iDST::AsrEngine:2678    com.babelstream                      I  RestoreVadFrontTimeout
2025-11-02 06:53:02.653  8848-8926  SdkGummyClient          com.babelstream                      D  sdklog[LOG_LEVEL_DEBUG]: D 2025-11-02 06:53:02.653062 [iDST::AsrEngineHandler:1626] HandleMessage[SET_VAD_TIMEOUT]
2025-11-02 06:53:02.653  8848-8926  RecognitionService      com.babelstream                      I  status=SDKLog[LOG_LEVEL_DEBUG]: D 2025-11-02 06:53:02.653062 [iDST::AsrEngineHandler:1626] HandleMessage[SET_VAD_TIMEOUT]
2025-11-02 06:53:02.653  8848-8926  RecognitionService      com.babelstream                      I  ACTION_STATUS: SDKLog[LOG_LEVEL_DEBUG]: D 2025-11-02 06:53:02.653062 [iDST::AsrEngineHandler:1626] HandleMessage[SET_VAD_TIMEOUT]
2025-11-02 06:53:02.653  8848-8926  iDST::AsrE...ndler:1626 com.babelstream                      D  HandleMessage[SET_VAD_TIMEOUT]
2025-11-02 06:53:02.654  8848-8926  SdkGummyClient          com.babelstream                      D  sdklog[LOG_LEVEL_INFO]: I 2025-11-02 06:53:02.653883 [iDST::AsrEngineHandler:1104] set vad front timeout with 0
2025-11-02 06:53:02.654  8848-8926  RecognitionService      com.babelstream                      I  status=SDKLog[LOG_LEVEL_INFO]: I 2025-11-02 06:53:02.653883 [iDST::AsrEngineHandler:1104] set vad front timeout with 0
2025-11-02 06:53:02.654  8848-8926  RecognitionService      com.babelstream                      I  ACTION_STATUS: SDKLog[LOG_LEVEL_INFO]: I 2025-11-02 06:53:02.653883 [iDST::AsrEngineHandler:1104] set vad front timeout with 0
2025-11-02 06:53:02.654  8848-8926  iDST::AsrE...ndler:1104 com.babelstream                      I  set vad front timeout with 0
2025-11-02 06:53:02.654  8848-8926  SdkGummyClient          com.babelstream                      D  sdklog[LOG_LEVEL_INFO]: I 2025-11-02 06:53:02.654672 [iDST::AsrCeiIf:316] asr cei set param vad_param_front_timeout_interval, value 0
2025-11-02 06:53:02.655  8848-8926  RecognitionService      com.babelstream                      I  status=SDKLog[LOG_LEVEL_INFO]: I 2025-11-02 06:53:02.654672 [iDST::AsrCeiIf:316] asr cei set param vad_param_front_timeout_interval, value 0
2025-11-02 06:53:02.655  8848-8926  RecognitionService      com.babelstream                      I  ACTION_STATUS: SDKLog[LOG_LEVEL_INFO]: I 2025-11-02 06:53:02.654672 [iDST::AsrCeiIf:316] asr cei set param vad_param_front_timeout_interval, value 0
2025-11-02 06:53:02.655  8848-8926  iDST::AsrCeiIf:316      com.babelstream                      I  asr cei set param vad_param_front_timeout_interval, value 0
2025-11-02 06:53:02.656  8848-8926  SdkGummyClient          com.babelstream                      D  sdklog[LOG_LEVEL_ERROR]: E 2025-11-02 06:53:02.655847 [iDST::AsrCeiIf:320] asr cei set ret 2, param vad_param_front_timeout_interval, value 0
2025-11-02 06:53:02.656  8848-8926  RecognitionService      com.babelstream                      I  status=SDKLog[LOG_LEVEL_ERROR]: E 2025-11-02 06:53:02.655847 [iDST::AsrCeiIf:320] asr cei set ret 2, param vad_param_front_timeout_interval, value 0
2025-11-02 06:53:02.656  8848-8926  RecognitionService      com.babelstream                      I  ACTION_STATUS: SDKLog[LOG_LEVEL_ERROR]: E 2025-11-02 06:53:02.655847 [iDST::AsrCeiIf:320] asr cei set ret 2, param vad_param_front_timeout_interval, value 0
2025-11-02 06:53:02.656  8848-8926  iDST::AsrCeiIf:320      com.babelstream                      E  asr cei set ret 2, param vad_param_front_timeout_interval, value 0
2025-11-02 06:53:02.657  8848-8926  SdkGummyClient          com.babelstream                      D  sdklog[LOG_LEVEL_INFO]: I 2025-11-02 06:53:02.656784 [iDST::AsrCeiIf:329] asr cei get param vad_param_front_timeout_interval, value 0
2025-11-02 06:53:02.657  8848-8926  RecognitionService      com.babelstream                      I  status=SDKLog[LOG_LEVEL_INFO]: I 2025-11-02 06:53:02.656784 [iDST::AsrCeiIf:329] asr cei get param vad_param_front_timeout_interval, value 0
2025-11-02 06:53:02.657  8848-8926  RecognitionService      com.babelstream                      I  ACTION_STATUS: SDKLog[LOG_LEVEL_INFO]: I 2025-11-02 06:53:02.656784 [iDST::AsrCeiIf:329] asr cei get param vad_param_front_timeout_interval, value 0
2025-11-02 06:53:02.657  8848-8926  iDST::AsrCeiIf:329      com.babelstream                      I  asr cei get param vad_param_front_timeout_interval, value 0
2025-11-02 06:53:02.657  8848-8926  SdkGummyClient          com.babelstream                      D  sdklog[LOG_LEVEL_INFO]: I 2025-11-02 06:53:02.657723 [iDST::AsrEngineHandler:1628] HandleAsrCmdSetVadTimeout done
2025-11-02 06:53:02.657  8848-8926  RecognitionService      com.babelstream                      I  status=SDKLog[LOG_LEVEL_INFO]: I 2025-11-02 06:53:02.657723 [iDST::AsrEngineHandler:1628] HandleAsrCmdSetVadTimeout done
2025-11-02 06:53:02.658  8848-8926  RecognitionService      com.babelstream                      I  ACTION_STATUS: SDKLog[LOG_LEVEL_INFO]: I 2025-11-02 06:53:02.657723 [iDST::AsrEngineHandler:1628] HandleAsrCmdSetVadTimeout done
2025-11-02 06:53:02.658  8848-8926  iDST::AsrE...ndler:1628 com.babelstream                      I  HandleAsrCmdSetVadTimeout done
2025-11-02 06:53:02.659  8848-8923  SdkGummyClient          com.babelstream                      D  sdklog[LOG_LEVEL_INFO]: I 2025-11-02 06:53:02.658606 [iDST::DialogEngineImpl:454] alloc new dialog[0] with vad_mode:1
2025-11-02 06:53:02.659  8848-8923  RecognitionService      com.babelstream                      I  status=SDKLog[LOG_LEVEL_INFO]: I 2025-11-02 06:53:02.658606 [iDST::DialogEngineImpl:454] alloc new dialog[0] with vad_mode:1
2025-11-02 06:53:02.660  8848-8923  RecognitionService      com.babelstream                      I  ACTION_STATUS: SDKLog[LOG_LEVEL_INFO]: I 2025-11-02 06:53:02.658606 [iDST::DialogEngineImpl:454] alloc new dialog[0] with vad_mode:1
2025-11-02 06:53:02.660  8848-8923  iDST::Dial...neImpl:454 com.babelstream                      I  alloc new dialog[0] with vad_mode:1
2025-11-02 06:53:02.660  8848-8923  SdkGummyClient          com.babelstream                      D  sdklog[LOG_LEVEL_WARNING]: W 2025-11-02 06:53:02.660391 [iDST::DialogEngineImpl:529] no such field mode keep empty
2025-11-02 06:53:02.660  8848-8923  RecognitionService      com.babelstream                      I  status=SDKLog[LOG_LEVEL_WARNING]: W 2025-11-02 06:53:02.660391 [iDST::DialogEngineImpl:529] no such field mode keep empty
2025-11-02 06:53:02.663  8848-8923  RecognitionService      com.babelstream                      I  ACTION_STATUS: SDKLog[LOG_LEVEL_WARNING]: W 2025-11-02 06:53:02.660391 [iDST::DialogEngineImpl:529] no such field mode keep empty
2025-11-02 06:53:02.663  8848-8923  iDST::Dial...neImpl:529 com.babelstream                      W  no such field mode keep empty
2025-11-02 06:53:02.663  8848-8922  AudioRecord             com.babelstream                      D  releaseBuffer is no-op due to IAudioRecord sequence mismatch 1 != 2
2025-11-02 06:53:02.664  8848-8923  SdkGummyClient          com.babelstream                      D  sdklog[LOG_LEVEL_WARNING]: W 2025-11-02 06:53:02.663420 [iDST::AsrEngine:1893] context is null on start
2025-11-02 06:53:02.664  8848-8923  RecognitionService      com.babelstream                      I  status=SDKLog[LOG_LEVEL_WARNING]: W 2025-11-02 06:53:02.663420 [iDST::AsrEngine:1893] context is null on start
2025-11-02 06:53:02.666  8848-8923  RecognitionService      com.babelstream                      I  ACTION_STATUS: SDKLog[LOG_LEVEL_WARNING]: W 2025-11-02 06:53:02.663420 [iDST::AsrEngine:1893] context is null on start
2025-11-02 06:53:02.666  8848-8923  iDST::AsrEngine:1893    com.babelstream                      W  context is null on start
2025-11-02 06:53:02.666  8848-8923  SdkGummyClient          com.babelstream                      D  sdklog[LOG_LEVEL_VERBOSE]: V 2025-11-02 06:53:02.666273 [iDST::ttssdk_itf:220] key=font_name
2025-11-02 06:53:02.666  8848-8923  RecognitionService      com.babelstream                      I  status=SDKLog[LOG_LEVEL_VERBOSE]: V 2025-11-02 06:53:02.666273 [iDST::ttssdk_itf:220] key=font_name
2025-11-02 06:53:02.670  8848-8923  RecognitionService      com.babelstream                      I  ACTION_STATUS: SDKLog[LOG_LEVEL_VERBOSE]: V 2025-11-02 06:53:02.666273 [iDST::ttssdk_itf:220] key=font_name
2025-11-02 06:53:02.670  8848-8923  iDST::ttssdk_itf:220    com.babelstream                      V  key=font_name
2025-11-02 06:53:02.671  8848-8923  SdkGummyClient          com.babelstream                      D  sdklog[LOG_LEVEL_INFO]: I 2025-11-02 06:53:02.671060 [iDST::ttssdk_itf:251] kTtsInstance=nullptr
2025-11-02 06:53:02.671  8848-8923  RecognitionService      com.babelstream                      I  status=SDKLog[LOG_LEVEL_INFO]: I 2025-11-02 06:53:02.671060 [iDST::ttssdk_itf:251] kTtsInstance=nullptr
2025-11-02 06:53:02.674  8848-8923  RecognitionService      com.babelstream                      I  ACTION_STATUS: SDKLog[LOG_LEVEL_INFO]: I 2025-11-02 06:53:02.671060 [iDST::ttssdk_itf:251] kTtsInstance=nullptr
2025-11-02 06:53:02.674  8848-8923  iDST::ttssdk_itf:251    com.babelstream                      I  kTtsInstance=nullptr
2025-11-02 06:53:02.674  8848-8923  SdkGummyClient          com.babelstream                      D  sdklog[LOG_LEVEL_INFO]: I 2025-11-02 06:53:02.674403 [iDST::AsrEngine:1914] service_type is 4
2025-11-02 06:53:02.674  8848-8923  RecognitionService      com.babelstream                      I  status=SDKLog[LOG_LEVEL_INFO]: I 2025-11-02 06:53:02.674403 [iDST::AsrEngine:1914] service_type is 4
2025-11-02 06:53:02.675  8848-8923  RecognitionService      com.babelstream                      I  ACTION_STATUS: SDKLog[LOG_LEVEL_INFO]: I 2025-11-02 06:53:02.674403 [iDST::AsrEngine:1914] service_type is 4
2025-11-02 06:53:02.675  8848-8923  iDST::AsrEngine:1914    com.babelstream                      I  service_type is 4
2025-11-02 06:53:02.676  8848-8923  SdkGummyClient          com.babelstream                      D  sdklog[LOG_LEVEL_DEBUG]: D 2025-11-02 06:53:02.676099 [iDST::AsrEngine:1612] UpdateNlsConfig ->
2025-11-02 06:53:02.676  8848-8923  RecognitionService      com.babelstream                      I  status=SDKLog[LOG_LEVEL_DEBUG]: D 2025-11-02 06:53:02.676099 [iDST::AsrEngine:1612] UpdateNlsConfig ->
2025-11-02 06:53:02.677  8848-8923  RecognitionService      com.babelstream                      I  ACTION_STATUS: SDKLog[LOG_LEVEL_DEBUG]: D 2025-11-02 06:53:02.676099 [iDST::AsrEngine:1612] UpdateNlsConfig ->
2025-11-02 06:53:02.677  8848-8923  iDST::AsrEngine:1612    com.babelstream                      D  UpdateNlsConfig ->
2025-11-02 06:53:02.677  8848-8923  SdkGummyClient          com.babelstream                      D  sdklog[LOG_LEVEL_INFO]: I 2025-11-02 06:53:02.677461 [iDST::AsrEngine:1620] dialog config key  and apikey sk-54
2025-11-02 06:53:02.677  8848-8923  RecognitionService      com.babelstream                      I  status=SDKLog[LOG_LEVEL_INFO]: I 2025-11-02 06:53:02.677461 [iDST::AsrEngine:1620] dialog config key  and apikey sk-54
2025-11-02 06:53:02.679  8848-8923  RecognitionService      com.babelstream                      I  ACTION_STATUS: SDKLog[LOG_LEVEL_INFO]: I 2025-11-02 06:53:02.677461 [iDST::AsrEngine:1620] dialog config key  and apikey sk-54
2025-11-02 06:53:02.679  8848-8923  iDST::AsrEngine:1620    com.babelstream                      I  dialog config key  and apikey sk-54
2025-11-02 06:53:02.679  8848-8923  SdkGummyClient          com.babelstream                      D  sdklog[LOG_LEVEL_WARNING]: W 2025-11-02 06:53:02.679274 [iDST::NlsConfig:7] nls config get_key is nullptr
2025-11-02 06:53:02.679  8848-8923  RecognitionService      com.babelstream                      I  status=SDKLog[LOG_LEVEL_WARNING]: W 2025-11-02 06:53:02.679274 [iDST::NlsConfig:7] nls config get_key is nullptr
2025-11-02 06:53:02.680  8848-8923  RecognitionService      com.babelstream                      I  ACTION_STATUS: SDKLog[LOG_LEVEL_WARNING]: W 2025-11-02 06:53:02.679274 [iDST::NlsConfig:7] nls config get_key is nullptr
2025-11-02 06:53:02.680  8848-8923  iDST::NlsConfig:7       com.babelstream                      W  nls config get_key is nullptr
2025-11-02 06:53:02.680  8848-8923  SdkGummyClient          com.babelstream                      D  sdklog[LOG_LEVEL_INFO]: I 2025-11-02 06:53:02.680481 [iDST::AsrEngine:1647] current nls config key (null)
2025-11-02 06:53:02.680  8848-8923  RecognitionService      com.babelstream                      I  status=SDKLog[LOG_LEVEL_INFO]: I 2025-11-02 06:53:02.680481 [iDST::AsrEngine:1647] current nls config key (null)
2025-11-02 06:53:02.681  8848-8923  RecognitionService      com.babelstream                      I  ACTION_STATUS: SDKLog[LOG_LEVEL_INFO]: I 2025-11-02 06:53:02.680481 [iDST::AsrEngine:1647] current nls config key (null)
2025-11-02 06:53:02.681  8848-8923  iDST::AsrEngine:1647    com.babelstream                      I  current nls config key (null)
2025-11-02 06:53:02.681  8848-8923  SdkGummyClient          com.babelstream                      D  sdklog[LOG_LEVEL_WARNING]: W 2025-11-02 06:53:02.681409 [iDST::NlsConfig:10] nls config get_apikey is nullptr
2025-11-02 06:53:02.681  8848-8923  RecognitionService      com.babelstream                      I  status=SDKLog[LOG_LEVEL_WARNING]: W 2025-11-02 06:53:02.681409 [iDST::NlsConfig:10] nls config get_apikey is nullptr
2025-11-02 06:53:02.682  8848-8923  RecognitionService      com.babelstream                      I  ACTION_STATUS: SDKLog[LOG_LEVEL_WARNING]: W 2025-11-02 06:53:02.681409 [iDST::NlsConfig:10] nls config get_apikey is nullptr
2025-11-02 06:53:02.682  8848-8923  iDST::NlsConfig:10      com.babelstream                      W  nls config get_apikey is nullptr
2025-11-02 06:53:02.682  8848-8923  SdkGummyClient          com.babelstream                      D  sdklog[LOG_LEVEL_INFO]: I 2025-11-02 06:53:02.682167 [iDST::AsrEngine:1694] update nls config as key changed.
2025-11-02 06:53:02.682  8848-8923  RecognitionService      com.babelstream                      I  status=SDKLog[LOG_LEVEL_INFO]: I 2025-11-02 06:53:02.682167 [iDST::AsrEngine:1694] update nls config as key changed.
2025-11-02 06:53:02.682  8848-8923  RecognitionService      com.babelstream                      I  ACTION_STATUS: SDKLog[LOG_LEVEL_INFO]: I 2025-11-02 06:53:02.682167 [iDST::AsrEngine:1694] update nls config as key changed.
2025-11-02 06:53:02.682  8848-8923  iDST::AsrEngine:1694    com.babelstream                      I  update nls config as key changed.
2025-11-02 06:53:02.683  8848-8923  SdkGummyClient          com.babelstream                      D  sdklog[LOG_LEVEL_INFO]: I 2025-11-02 06:53:02.683091 [iDST::AsrNlsWrapper:258] update nls config service_type 4
2025-11-02 06:53:02.683  8848-8923  RecognitionService      com.babelstream                      I  status=SDKLog[LOG_LEVEL_INFO]: I 2025-11-02 06:53:02.683091 [iDST::AsrNlsWrapper:258] update nls config service_type 4
2025-11-02 06:53:02.684  8848-8923  RecognitionService      com.babelstream                      I  ACTION_STATUS: SDKLog[LOG_LEVEL_INFO]: I 2025-11-02 06:53:02.683091 [iDST::AsrNlsWrapper:258] update nls config service_type 4
2025-11-02 06:53:02.684  8848-8923  iDST::AsrNlsWrapper:258 com.babelstream                      I  update nls config service_type 4
2025-11-02 06:53:02.684  8848-8923  SdkGummyClient          com.babelstream                      D  sdklog[LOG_LEVEL_INFO]: I 2025-11-02 06:53:02.684130 [iDST::NlsSt:768] NlsSt::UpdateConfig update config
2025-11-02 06:53:02.684  8848-8923  RecognitionService      com.babelstream                      I  status=SDKLog[LOG_LEVEL_INFO]: I 2025-11-02 06:53:02.684130 [iDST::NlsSt:768] NlsSt::UpdateConfig update config
2025-11-02 06:53:02.685  8848-8923  RecognitionService      com.babelstream                      I  ACTION_STATUS: SDKLog[LOG_LEVEL_INFO]: I 2025-11-02 06:53:02.684130 [iDST::NlsSt:768] NlsSt::UpdateConfig update config
2025-11-02 06:53:02.685  8848-8923  iDST::NlsSt:768         com.babelstream                      I  NlsSt::UpdateConfig update config
2025-11-02 06:53:02.685  8848-8923  SdkGummyClient          com.babelstream                      D  sdklog[LOG_LEVEL_INFO]: I 2025-11-02 06:53:02.685181 [iDST::AsrEngine:1929] load dialog config with uuid=44938a3eab36416e9d715acad5d8f45b userdata={}
2025-11-02 06:53:02.685  8848-8923  RecognitionService      com.babelstream                      I  status=SDKLog[LOG_LEVEL_INFO]: I 2025-11-02 06:53:02.685181 [iDST::AsrEngine:1929] load dialog config with uuid=44938a3eab36416e9d715acad5d8f45b userdata={}
2025-11-02 06:53:02.686  8848-8923  RecognitionService      com.babelstream                      I  ACTION_STATUS: SDKLog[LOG_LEVEL_INFO]: I 2025-11-02 06:53:02.685181 [iDST::AsrEngine:1929] load dialog config with uuid=44938a3eab36416e9d715acad5d8f45b userdata={}
2025-11-02 06:53:02.686  8848-8923  iDST::AsrEngine:1929    com.babelstream                      I  load dialog config with uuid=44938a3eab36416e9d715acad5d8f45b userdata={}
2025-11-02 06:53:02.686  8848-8923  SdkGummyClient          com.babelstream                      D  sdklog[LOG_LEVEL_INFO]: I 2025-11-02 06:53:02.686503 [iDST::AsrEngine:1936] enable wuw hint(0)
2025-11-02 06:53:02.686  8848-8923  RecognitionService      com.babelstream                      I  status=SDKLog[LOG_LEVEL_INFO]: I 2025-11-02 06:53:02.686503 [iDST::AsrEngine:1936] enable wuw hint(0)
2025-11-02 06:53:02.688  8848-8923  RecognitionService      com.babelstream                      I  ACTION_STATUS: SDKLog[LOG_LEVEL_INFO]: I 2025-11-02 06:53:02.686503 [iDST::AsrEngine:1936] enable wuw hint(0)
2025-11-02 06:53:02.688  8848-8923  iDST::AsrEngine:1936    com.babelstream                      I  enable wuw hint(0)
2025-11-02 06:53:02.688  8848-8923  SdkGummyClient          com.babelstream                      D  sdklog[LOG_LEVEL_WARNING]: W 2025-11-02 06:53:02.688252 [iDST::NlsConfig:54] nls config get_sr_model is nullptr
2025-11-02 06:53:02.688  8848-8923  RecognitionService      com.babelstream                      I  status=SDKLog[LOG_LEVEL_WARNING]: W 2025-11-02 06:53:02.688252 [iDST::NlsConfig:54] nls config get_sr_model is nullptr
2025-11-02 06:53:02.689  8848-8923  RecognitionService      com.babelstream                      I  ACTION_STATUS: SDKLog[LOG_LEVEL_WARNING]: W 2025-11-02 06:53:02.688252 [iDST::NlsConfig:54] nls config get_sr_model is nullptr
2025-11-02 06:53:02.689  8848-8923  iDST::NlsConfig:54      com.babelstream                      W  nls config get_sr_model is nullptr
2025-11-02 06:53:02.689  8848-8923  SdkGummyClient          com.babelstream                      D  sdklog[LOG_LEVEL_INFO]: I 2025-11-02 06:53:02.689713 [iDST::AsrEngine:1962] keeps use nls config asr model [(null)]
2025-11-02 06:53:02.690  8848-8923  RecognitionService      com.babelstream                      I  status=SDKLog[LOG_LEVEL_INFO]: I 2025-11-02 06:53:02.689713 [iDST::AsrEngine:1962] keeps use nls config asr model [(null)]
2025-11-02 06:53:02.691  8848-8923  RecognitionService      com.babelstream                      I  ACTION_STATUS: SDKLog[LOG_LEVEL_INFO]: I 2025-11-02 06:53:02.689713 [iDST::AsrEngine:1962] keeps use nls config asr model [(null)]
2025-11-02 06:53:02.691  8848-8923  iDST::AsrEngine:1962    com.babelstream                      I  keeps use nls config asr model [(null)]
2025-11-02 06:53:02.691  8848-8923  SdkGummyClient          com.babelstream                      D  sdklog[LOG_LEVEL_WARNING]: W 2025-11-02 06:53:02.691192 [iDST::NlsConfig:54] nls config get_sr_model is nullptr
2025-11-02 06:53:02.691  8848-8923  RecognitionService      com.babelstream                      I  status=SDKLog[LOG_LEVEL_WARNING]: W 2025-11-02 06:53:02.691192 [iDST::NlsConfig:54] nls config get_sr_model is nullptr
2025-11-02 06:53:02.693  8848-8923  RecognitionService      com.babelstream                      I  ACTION_STATUS: SDKLog[LOG_LEVEL_WARNING]: W 2025-11-02 06:53:02.691192 [iDST::NlsConfig:54] nls config get_sr_model is nullptr
2025-11-02 06:53:02.693  8848-8923  iDST::NlsConfig:54      com.babelstream                      W  nls config get_sr_model is nullptr
2025-11-02 06:53:02.694  8848-8923  SdkGummyClient          com.babelstream                      D  sdklog[LOG_LEVEL_WARNING]: W 2025-11-02 06:53:02.693764 [iDST::NlsConfig:27] nls config get_enable_direct_host is nullptr
2025-11-02 06:53:02.694  8848-8923  RecognitionService      com.babelstream                      I  status=SDKLog[LOG_LEVEL_WARNING]: W 2025-11-02 06:53:02.693764 [iDST::NlsConfig:27] nls config get_enable_direct_host is nullptr
2025-11-02 06:53:02.695  8848-8923  RecognitionService      com.babelstream                      I  ACTION_STATUS: SDKLog[LOG_LEVEL_WARNING]: W 2025-11-02 06:53:02.693764 [iDST::NlsConfig:27] nls config get_enable_direct_host is nullptr
2025-11-02 06:53:02.695  8848-8923  iDST::NlsConfig:27      com.babelstream                      W  nls config get_enable_direct_host is nullptr
2025-11-02 06:53:02.695  8848-8923  SdkGummyClient          com.babelstream                      D  sdklog[LOG_LEVEL_INFO]: I 2025-11-02 06:53:02.695268 [iDST::AsrEngine:2003] gender detect=0
2025-11-02 06:53:02.695  8848-8923  RecognitionService      com.babelstream                      I  status=SDKLog[LOG_LEVEL_INFO]: I 2025-11-02 06:53:02.695268 [iDST::AsrEngine:2003] gender detect=0
2025-11-02 06:53:02.696  8848-8923  RecognitionService      com.babelstream                      I  ACTION_STATUS: SDKLog[LOG_LEVEL_INFO]: I 2025-11-02 06:53:02.695268 [iDST::AsrEngine:2003] gender detect=0
2025-11-02 06:53:02.696  8848-8923  iDST::AsrEngine:2003    com.babelstream                      I  gender detect=0
2025-11-02 06:53:02.696  8848-8923  SdkGummyClient          com.babelstream                      D  sdklog[LOG_LEVEL_INFO]: I 2025-11-02 06:53:02.696180 [iDST::Tracer:121] Tracer::Reset
2025-11-02 06:53:02.696  8848-8923  RecognitionService      com.babelstream                      I  status=SDKLog[LOG_LEVEL_INFO]: I 2025-11-02 06:53:02.696180 [iDST::Tracer:121] Tracer::Reset
2025-11-02 06:53:02.696  8848-8923  RecognitionService      com.babelstream                      I  ACTION_STATUS: SDKLog[LOG_LEVEL_INFO]: I 2025-11-02 06:53:02.696180 [iDST::Tracer:121] Tracer::Reset
2025-11-02 06:53:02.696  8848-8923  iDST::Tracer:121        com.babelstream                      I  Tracer::Reset
2025-11-02 06:53:02.697  8848-8923  SdkGummyClient          com.babelstream                      D  sdklog[LOG_LEVEL_DEBUG]: D 2025-11-02 06:53:02.696895 [iDST::Tracer:198] Tracer::SetTaskId
2025-11-02 06:53:02.697  8848-8923  RecognitionService      com.babelstream                      I  status=SDKLog[LOG_LEVEL_DEBUG]: D 2025-11-02 06:53:02.696895 [iDST::Tracer:198] Tracer::SetTaskId
2025-11-02 06:53:02.697  8848-8923  RecognitionService      com.babelstream                      I  ACTION_STATUS: SDKLog[LOG_LEVEL_DEBUG]: D 2025-11-02 06:53:02.696895 [iDST::Tracer:198] Tracer::SetTaskId
2025-11-02 06:53:02.697  8848-8923  iDST::Tracer:198        com.babelstream                      D  Tracer::SetTaskId
2025-11-02 06:53:02.697  8848-8923  SdkGummyClient          com.babelstream                      D  sdklog[LOG_LEVEL_INFO]: I 2025-11-02 06:53:02.697718 [iDST::Tracer:200] Tracer::SetTaskId 
2025-11-02 06:53:02.697  8848-8923  RecognitionService      com.babelstream                      I  status=SDKLog[LOG_LEVEL_INFO]: I 2025-11-02 06:53:02.697718 [iDST::Tracer:200] Tracer::SetTaskId 
2025-11-02 06:53:02.698  8848-8923  RecognitionService      com.babelstream                      I  ACTION_STATUS: SDKLog[LOG_LEVEL_INFO]: I 2025-11-02 06:53:02.697718 [iDST::Tracer:200] Tracer::SetTaskId 
2025-11-02 06:53:02.698  8848-8923  iDST::Tracer:200        com.babelstream                      I  Tracer::SetTaskId 
2025-11-02 06:53:02.698  8848-8923  SdkGummyClient          com.babelstream                      D  sdklog[LOG_LEVEL_WARNING]: W 2025-11-02 06:53:02.698505 [iDST::NlsConfig:56] nls config get_wuw_model is nullptr
2025-11-02 06:53:02.698  8848-8923  RecognitionService      com.babelstream                      I  status=SDKLog[LOG_LEVEL_WARNING]: W 2025-11-02 06:53:02.698505 [iDST::NlsConfig:56] nls config get_wuw_model is nullptr
2025-11-02 06:53:02.699  8848-8923  RecognitionService      com.babelstream                      I  ACTION_STATUS: SDKLog[LOG_LEVEL_WARNING]: W 2025-11-02 06:53:02.698505 [iDST::NlsConfig:56] nls config get_wuw_model is nullptr
2025-11-02 06:53:02.699  8848-8923  iDST::NlsConfig:56      com.babelstream                      W  nls config get_wuw_model is nullptr
2025-11-02 06:53:02.699  8848-8923  SdkGummyClient          com.babelstream                      D  sdklog[LOG_LEVEL_INFO]: I 2025-11-02 06:53:02.699773 [iDST::Tracer:121] Tracer::Reset
2025-11-02 06:53:02.700  8848-8923  RecognitionService      com.babelstream                      I  status=SDKLog[LOG_LEVEL_INFO]: I 2025-11-02 06:53:02.699773 [iDST::Tracer:121] Tracer::Reset
2025-11-02 06:53:02.700  8848-8923  RecognitionService      com.babelstream                      I  ACTION_STATUS: SDKLog[LOG_LEVEL_INFO]: I 2025-11-02 06:53:02.699773 [iDST::Tracer:121] Tracer::Reset
2025-11-02 06:53:02.700  8848-8923  iDST::Tracer:121        com.babelstream                      I  Tracer::Reset
2025-11-02 06:53:02.700  8848-8923  SdkGummyClient          com.babelstream                      D  sdklog[LOG_LEVEL_DEBUG]: D 2025-11-02 06:53:02.700782 [iDST::Tracer:84] generate timestamp 1762037582700[2025-11-02_06:53:02.700769]
2025-11-02 06:53:02.701  8848-8923  RecognitionService      com.babelstream                      I  status=SDKLog[LOG_LEVEL_DEBUG]: D 2025-11-02 06:53:02.700782 [iDST::Tracer:84] generate timestamp 1762037582700[2025-11-02_06:53:02.700769]
2025-11-02 06:53:02.701  8848-8923  RecognitionService      com.babelstream                      I  ACTION_STATUS: SDKLog[LOG_LEVEL_DEBUG]: D 2025-11-02 06:53:02.700782 [iDST::Tracer:84] generate timestamp 1762037582700[2025-11-02_06:53:02.700769]
2025-11-02 06:53:02.702  8848-8923  iDST::Tracer:84         com.babelstream                      D  generate timestamp 1762037582700[2025-11-02_06:53:02.700769]
2025-11-02 06:53:02.702  8848-8923  SdkGummyClient          com.babelstream                      D  sdklog[LOG_LEVEL_INFO]: I 2025-11-02 06:53:02.702058 [iDST::StateMachine:45] Idle -- Start --> Start
2025-11-02 06:53:02.702  8848-8923  RecognitionService      com.babelstream                      I  status=SDKLog[LOG_LEVEL_INFO]: I 2025-11-02 06:53:02.702058 [iDST::StateMachine:45] Idle -- Start --> Start
2025-11-02 06:53:02.703  8848-8923  RecognitionService      com.babelstream                      I  ACTION_STATUS: SDKLog[LOG_LEVEL_INFO]: I 2025-11-02 06:53:02.702058 [iDST::StateMachine:45] Idle -- Start --> Start
2025-11-02 06:53:02.703  8848-8923  iDST::StateMachine:45   com.babelstream                      I  Idle -- Start --> Start
2025-11-02 06:53:02.703  8848-8926  SdkGummyClient          com.babelstream                      D  sdklog[LOG_LEVEL_DEBUG]: D 2025-11-02 06:53:02.703339 [iDST::AsrEngineHandler:1609] HandleMessage[ASR_START]
2025-11-02 06:53:02.703  8848-8926  RecognitionService      com.babelstream                      I  status=SDKLog[LOG_LEVEL_DEBUG]: D 2025-11-02 06:53:02.703339 [iDST::AsrEngineHandler:1609] HandleMessage[ASR_START]
2025-11-02 06:53:02.704  8848-8922  AudioCaptureManager     com.babelstream                      I  level=4
2025-11-02 06:53:02.704  8848-8926  RecognitionService      com.babelstream                      I  ACTION_STATUS: SDKLog[LOG_LEVEL_DEBUG]: D 2025-11-02 06:53:02.703339 [iDST::AsrEngineHandler:1609] HandleMessage[ASR_START]
2025-11-02 06:53:02.704  8848-8926  iDST::AsrE...ndler:1609 com.babelstream                      D  HandleMessage[ASR_START]
2025-11-02 06:53:02.705  8848-8926  SdkGummyClient          com.babelstream                      D  sdklog[LOG_LEVEL_INFO]: I 2025-11-02 06:53:02.705019 [iDST::AsrCeiIf:316] asr cei set param vad_param_front_timeout_interval, value 0
2025-11-02 06:53:02.705  8848-8926  RecognitionService      com.babelstream                      I  status=SDKLog[LOG_LEVEL_INFO]: I 2025-11-02 06:53:02.705019 [iDST::AsrCeiIf:316] asr cei set param vad_param_front_timeout_interval, value 0
2025-11-02 06:53:02.706  8848-8926  RecognitionService      com.babelstream                      I  ACTION_STATUS: SDKLog[LOG_LEVEL_INFO]: I 2025-11-02 06:53:02.705019 [iDST::AsrCeiIf:316] asr cei set param vad_param_front_timeout_interval, value 0
2025-11-02 06:53:02.706  8848-8926  iDST::AsrCeiIf:316      com.babelstream                      I  asr cei set param vad_param_front_timeout_interval, value 0
2025-11-02 06:53:02.706  8848-8926  SdkGummyClient          com.babelstream                      D  sdklog[LOG_LEVEL_ERROR]: E 2025-11-02 06:53:02.706299 [iDST::AsrCeiIf:320] asr cei set ret 2, param vad_param_front_timeout_interval, value 0
2025-11-02 06:53:02.706  8848-8926  RecognitionService      com.babelstream                      I  status=SDKLog[LOG_LEVEL_ERROR]: E 2025-11-02 06:53:02.706299 [iDST::AsrCeiIf:320] asr cei set ret 2, param vad_param_front_timeout_interval, value 0
2025-11-02 06:53:02.708  8848-8926  RecognitionService      com.babelstream                      I  ACTION_STATUS: SDKLog[LOG_LEVEL_ERROR]: E 2025-11-02 06:53:02.706299 [iDST::AsrCeiIf:320] asr cei set ret 2, param vad_param_front_timeout_interval, value 0
2025-11-02 06:53:02.708  8848-8926  iDST::AsrCeiIf:320      com.babelstream                      E  asr cei set ret 2, param vad_param_front_timeout_interval, value 0
2025-11-02 06:53:02.708  8848-8926  SdkGummyClient          com.babelstream                      D  sdklog[LOG_LEVEL_DEBUG]: D 2025-11-02 06:53:02.708162 [iDST::AsrEngineHandler:991] GetWuwSuspThres 0
2025-11-02 06:53:02.708  8848-8926  RecognitionService      com.babelstream                      I  status=SDKLog[LOG_LEVEL_DEBUG]: D 2025-11-02 06:53:02.708162 [iDST::AsrEngineHandler:991] GetWuwSuspThres 0
2025-11-02 06:53:02.708  8848-8926  RecognitionService      com.babelstream                      I  ACTION_STATUS: SDKLog[LOG_LEVEL_DEBUG]: D 2025-11-02 06:53:02.708162 [iDST::AsrEngineHandler:991] GetWuwSuspThres 0
2025-11-02 06:53:02.709  8848-8926  iDST::AsrE...andler:991 com.babelstream                      D  GetWuwSuspThres 0
2025-11-02 06:53:02.709  8848-8926  SdkGummyClient          com.babelstream                      D  sdklog[LOG_LEVEL_INFO]: I 2025-11-02 06:53:02.709067 [iDST::AsrEngineHandler:1038] disable vad ossupload
2025-11-02 06:53:02.709  8848-8926  RecognitionService      com.babelstream                      I  status=SDKLog[LOG_LEVEL_INFO]: I 2025-11-02 06:53:02.709067 [iDST::AsrEngineHandler:1038] disable vad ossupload
2025-11-02 06:53:02.709  8848-8926  RecognitionService      com.babelstream                      I  ACTION_STATUS: SDKLog[LOG_LEVEL_INFO]: I 2025-11-02 06:53:02.709067 [iDST::AsrEngineHandler:1038] disable vad ossupload
2025-11-02 06:53:02.709  8848-8926  iDST::AsrE...ndler:1038 com.babelstream                      I  disable vad ossupload
2025-11-02 06:53:02.710  8848-8926  SdkGummyClient          com.babelstream                      D  sdklog[LOG_LEVEL_INFO]: I 2025-11-02 06:53:02.709886 [iDST::AsrCeiIf:316] asr cei set param oss_upload_param_vad_in, value false
2025-11-02 06:53:02.710  8848-8926  RecognitionService      com.babelstream                      I  status=SDKLog[LOG_LEVEL_INFO]: I 2025-11-02 06:53:02.709886 [iDST::AsrCeiIf:316] asr cei set param oss_upload_param_vad_in, value false
2025-11-02 06:53:02.710  8848-8922  RecognitionService      com.babelstream                      I  level=4
2025-11-02 06:53:02.710  8848-8926  RecognitionService      com.babelstream                      I  ACTION_STATUS: SDKLog[LOG_LEVEL_INFO]: I 2025-11-02 06:53:02.709886 [iDST::AsrCeiIf:316] asr cei set param oss_upload_param_vad_in, value false
2025-11-02 06:53:02.710  8848-8926  iDST::AsrCeiIf:316      com.babelstream                      I  asr cei set param oss_upload_param_vad_in, value false
2025-11-02 06:53:02.711  8848-8926  SdkGummyClient          com.babelstream                      D  sdklog[LOG_LEVEL_INFO]: I 2025-11-02 06:53:02.711003 [iDST::AsrEngineHandler:1057] disable aec kws ossupload
2025-11-02 06:53:02.711  8848-8926  RecognitionService      com.babelstream                      I  status=SDKLog[LOG_LEVEL_INFO]: I 2025-11-02 06:53:02.711003 [iDST::AsrEngineHandler:1057] disable aec kws ossupload
2025-11-02 06:53:02.711  8848-8926  RecognitionService      com.babelstream                      I  ACTION_STATUS: SDKLog[LOG_LEVEL_INFO]: I 2025-11-02 06:53:02.711003 [iDST::AsrEngineHandler:1057] disable aec kws ossupload
2025-11-02 06:53:02.711  8848-8926  iDST::AsrE...ndler:1057 com.babelstream                      I  disable aec kws ossupload
2025-11-02 06:53:02.711  8848-8926  SdkGummyClient          com.babelstream                      D  sdklog[LOG_LEVEL_INFO]: I 2025-11-02 06:53:02.711826 [iDST::AsrCeiIf:316] asr cei set param oss_upload_param_is_aec_upload, value false
2025-11-02 06:53:02.712  8848-8926  RecognitionService      com.babelstream                      I  status=SDKLog[LOG_LEVEL_INFO]: I 2025-11-02 06:53:02.711826 [iDST::AsrCeiIf:316] asr cei set param oss_upload_param_is_aec_upload, value false
2025-11-02 06:53:02.712  8848-8926  RecognitionService      com.babelstream                      I  ACTION_STATUS: SDKLog[LOG_LEVEL_INFO]: I 2025-11-02 06:53:02.711826 [iDST::AsrCeiIf:316] asr cei set param oss_upload_param_is_aec_upload, value false
2025-11-02 06:53:02.712  8848-8926  iDST::AsrCeiIf:316      com.babelstream                      I  asr cei set param oss_upload_param_is_aec_upload, value false
