2025-11-02 06:53:02.712  8848-8926  SdkGummyClient          com.babelstream                      D  sdklog[LOG_LEVEL_INFO]: I 2025-11-02 06:53:02.712711 [iDST::AsrCeiIf:491] asr cei start with grammar_tag=default_tag is_need_result=0
2025-11-02 06:53:02.713  8848-8926  RecognitionService      com.babelstream                      I  status=SDKLog[LOG_LEVEL_INFO]: I 2025-11-02 06:53:02.712711 [iDST::AsrCeiIf:491] asr cei start with grammar_tag=default_tag is_need_result=0
2025-11-02 06:53:02.713  8848-8926  RecognitionService      com.babelstream                      I  ACTION_STATUS: SDKLog[LOG_LEVEL_INFO]: I 2025-11-02 06:53:02.712711 [iDST::AsrCeiIf:491] asr cei start with grammar_tag=default_tag is_need_result=0
2025-11-02 06:53:02.713  8848-8926  iDST::AsrCeiIf:491      com.babelstream                      I  asr cei start with grammar_tag=default_tag is_need_result=0
2025-11-02 06:53:02.713  8848-8926  AlsCei::As...Impl, Main com.babelstream                      W  ved does not exist, skip ...
2025-11-02 06:53:02.713  8848-8926  AlsCei::As...Impl, Main com.babelstream                      I  version is 0.824-V20251010114822.
2025-11-02 06:53:02.713  8848-8926  AlsCei::As...Impl, Main com.babelstream                      I  compiled by shichen.fsc at /home/shichen.fsc/code/public/nui_dev/se, git commit is 45573a1b20008c4ea6841803e224c35f90ead35d
2025-11-02 06:53:02.713  8848-8926  AlsCei::As...Impl, Main com.babelstream                      W  ved does not exist, skip ...
2025-11-02 06:53:02.713  8848-8926  AlsCei::As...l, Profile com.babelstream                      I  set log level to 3
2025-11-02 06:53:02.714  8848-8926  Idec::WaveDebug         com.babelstream                      I  open debug file /storage/emulated/0/Android/data/com.babelstream/cache/debug/20251102_065302/origin_0.wav to write
2025-11-02 06:53:02.714  8848-8926  AlsCei::AsrCeiImpl, Sr  com.babelstream                      I  start sr with grammar default_tag [begin]
2025-11-02 06:53:02.714  8848-8926  Idec::WaveDebug         com.babelstream                      I  open debug file /storage/emulated/0/Android/data/com.babelstream/cache/debug/20251102_065302/sr_0.wav to write
2025-11-02 06:53:02.714  8848-8926  AlsSdk::SrImpl, Main    com.babelstream                      I  create encode thread [begin]
2025-11-02 06:53:02.714  8848-8926  AlsSdk::SrImpl, Main    com.babelstream                      I  create encode thread [done]
2025-11-02 06:53:02.714  8848-8926  AlsSdk::SrImpl, Main    com.babelstream                      I  create callback thread [begin]
2025-11-02 06:53:02.714  8848-8932  AlsSdk::SrImpl, Encode  com.babelstream                      I  encode thread started
2025-11-02 06:53:02.714  8848-8926  AlsSdk::SrImpl, Main    com.babelstream                      I  create callback thread [done]
2025-11-02 06:53:02.714  8848-8926  AlsCei::AsrCeiImpl, Sr  com.babelstream                      I  start sr with grammar default_tag [done]
2025-11-02 06:53:02.714  8848-8926  AlsCei::As...Impl, Main com.babelstream                      W  ignore local engine, skip StartVed ...
2025-11-02 06:53:02.714  8848-8932  AlsSdk::AliOpus         com.babelstream                      I  framesamplenum:320
2025-11-02 06:53:02.714  8848-8933  AlsSdk::Sr..., Callback com.babelstream                      I  callback thread started
2025-11-02 06:53:02.715  8848-8926  SdkGummyClient          com.babelstream                      D  sdklog[LOG_LEVEL_INFO]: I 2025-11-02 06:53:02.714867 [iDST::RecorderManager:882] RecorderManager(0xb400007c7c739bd0) RecorderThread(0xb400007ce6874d80) start
2025-11-02 06:53:02.715  8848-8926  RecognitionService      com.babelstream                      I  status=SDKLog[LOG_LEVEL_INFO]: I 2025-11-02 06:53:02.714867 [iDST::RecorderManager:882] RecorderManager(0xb400007c7c739bd0) RecorderThread(0xb400007ce6874d80) start
2025-11-02 06:53:02.716  8848-8926  RecognitionService      com.babelstream                      I  ACTION_STATUS: SDKLog[LOG_LEVEL_INFO]: I 2025-11-02 06:53:02.714867 [iDST::RecorderManager:882] RecorderManager(0xb400007c7c739bd0) RecorderThread(0xb400007ce6874d80) start
2025-11-02 06:53:02.716  8848-8926  iDST::Reco...anager:882 com.babelstream                      I  RecorderManager(0xb400007c7c739bd0) RecorderThread(0xb400007ce6874d80) start
2025-11-02 06:53:02.716  8848-8931  SdkGummyClient          com.babelstream                      D  sdklog[LOG_LEVEL_INFO]: I 2025-11-02 06:53:02.716541 [iDST::RecorderManager:241] RecorderThread(0xb400007ce6874d80) start
2025-11-02 06:53:02.716  8848-8931  RecognitionService      com.babelstream                      I  status=SDKLog[LOG_LEVEL_INFO]: I 2025-11-02 06:53:02.716541 [iDST::RecorderManager:241] RecorderThread(0xb400007ce6874d80) start
2025-11-02 06:53:02.717  8848-8931  RecognitionService      com.babelstream                      I  ACTION_STATUS: SDKLog[LOG_LEVEL_INFO]: I 2025-11-02 06:53:02.716541 [iDST::RecorderManager:241] RecorderThread(0xb400007ce6874d80) start
2025-11-02 06:53:02.717  8848-8931  iDST::Reco...anager:241 com.babelstream                      I  RecorderThread(0xb400007ce6874d80) start
2025-11-02 06:53:02.717  8848-8930  SdkGummyClient          com.babelstream                      D  sdklog[LOG_LEVEL_INFO]: I 2025-11-02 06:53:02.717633 [iDST::AudioManagerIf:64] kAudioStateOpen
2025-11-02 06:53:02.717  8848-8930  RecognitionService      com.babelstream                      I  status=SDKLog[LOG_LEVEL_INFO]: I 2025-11-02 06:53:02.717633 [iDST::AudioManagerIf:64] kAudioStateOpen
2025-11-02 06:53:02.718  8848-8930  RecognitionService      com.babelstream                      I  ACTION_STATUS: SDKLog[LOG_LEVEL_INFO]: I 2025-11-02 06:53:02.717633 [iDST::AudioManagerIf:64] kAudioStateOpen
2025-11-02 06:53:02.718  8848-8930  iDST::AudioManagerIf:64 com.babelstream                      I  kAudioStateOpen
2025-11-02 06:53:02.719  8848-8930  SdkGummyClient          com.babelstream                      D  sdklog[LOG_LEVEL_INFO]: I 2025-11-02 06:53:02.719232 [iDST::NativeNui:533] [0xb400007c7c565038] audio state change to 0(0:OPEN 1:PAUSE 2:CLOSE)
2025-11-02 06:53:02.719  8848-8930  RecognitionService      com.babelstream                      I  status=SDKLog[LOG_LEVEL_INFO]: I 2025-11-02 06:53:02.719232 [iDST::NativeNui:533] [0xb400007c7c565038] audio state change to 0(0:OPEN 1:PAUSE 2:CLOSE)
2025-11-02 06:53:02.720  8848-8930  RecognitionService      com.babelstream                      I  ACTION_STATUS: SDKLog[LOG_LEVEL_INFO]: I 2025-11-02 06:53:02.719232 [iDST::NativeNui:533] [0xb400007c7c565038] audio state change to 0(0:OPEN 1:PAUSE 2:CLOSE)
2025-11-02 06:53:02.720  8848-8930  iDST::NativeNui:533     com.babelstream                      I  [0xb400007c7c565038] audio state change to 0(0:OPEN 1:PAUSE 2:CLOSE)
2025-11-02 06:53:02.720  8848-8930  SdkGummyClient          com.babelstream                      I  audioState=STATE_OPEN
2025-11-02 06:53:02.720  8848-8930  SdkGummyClient          com.babelstream                      D  sdklog[LOG_LEVEL_INFO]: I 2025-11-02 06:53:02.720501 [iDST::NativeNui:536] [0xb400007c7c565038] audio state callback done
2025-11-02 06:53:02.720  8848-8930  RecognitionService      com.babelstream                      I  status=SDKLog[LOG_LEVEL_INFO]: I 2025-11-02 06:53:02.720501 [iDST::NativeNui:536] [0xb400007c7c565038] audio state callback done
2025-11-02 06:53:02.721  8848-8930  RecognitionService      com.babelstream                      I  ACTION_STATUS: SDKLog[LOG_LEVEL_INFO]: I 2025-11-02 06:53:02.720501 [iDST::NativeNui:536] [0xb400007c7c565038] audio state callback done
2025-11-02 06:53:02.721  8848-8930  iDST::NativeNui:536     com.babelstream                      I  [0xb400007c7c565038] audio state callback done
2025-11-02 06:53:02.721  8848-8931  SdkGummyClient          com.babelstream                      D  sdklog[LOG_LEVEL_INFO]: I 2025-11-02 06:53:02.721343 [iDST::AudioManagerIf:169] wait open complete
2025-11-02 06:53:02.721  8848-8931  RecognitionService      com.babelstream                      I  status=SDKLog[LOG_LEVEL_INFO]: I 2025-11-02 06:53:02.721343 [iDST::AudioManagerIf:169] wait open complete
2025-11-02 06:53:02.722  8848-8931  RecognitionService      com.babelstream                      I  ACTION_STATUS: SDKLog[LOG_LEVEL_INFO]: I 2025-11-02 06:53:02.721343 [iDST::AudioManagerIf:169] wait open complete
2025-11-02 06:53:02.722  8848-8931  iDST::Audi...agerIf:169 com.babelstream                      I  wait open complete
2025-11-02 06:53:02.722  8848-8931  SdkGummyClient          com.babelstream                      D  sdklog[LOG_LEVEL_INFO]: I 2025-11-02 06:53:02.722337 [iDST::RecorderManager:273] use recording interval 10, first provide data will callback 50ms later.
2025-11-02 06:53:02.722  8848-8931  RecognitionService      com.babelstream                      I  status=SDKLog[LOG_LEVEL_INFO]: I 2025-11-02 06:53:02.722337 [iDST::RecorderManager:273] use recording interval 10, first provide data will callback 50ms later.
2025-11-02 06:53:02.723  8848-8931  RecognitionService      com.babelstream                      I  ACTION_STATUS: SDKLog[LOG_LEVEL_INFO]: I 2025-11-02 06:53:02.722337 [iDST::RecorderManager:273] use recording interval 10, first provide data will callback 50ms later.
2025-11-02 06:53:02.723  8848-8931  iDST::Reco...anager:273 com.babelstream                      I  use recording interval 10, first provide data will callback 50ms later.
2025-11-02 06:53:02.723  8848-8926  SdkGummyClient          com.babelstream                      D  sdklog[LOG_LEVEL_INFO]: I 2025-11-02 06:53:02.723495 [iDST::RecorderManager:123] start end
2025-11-02 06:53:02.723  8848-8926  RecognitionService      com.babelstream                      I  status=SDKLog[LOG_LEVEL_INFO]: I 2025-11-02 06:53:02.723495 [iDST::RecorderManager:123] start end
2025-11-02 06:53:02.724  8848-8926  RecognitionService      com.babelstream                      I  ACTION_STATUS: SDKLog[LOG_LEVEL_INFO]: I 2025-11-02 06:53:02.723495 [iDST::RecorderManager:123] start end
2025-11-02 06:53:02.724  8848-8926  iDST::Reco...anager:123 com.babelstream                      I  start end
2025-11-02 06:53:02.724  8848-8923  SdkGummyClient          com.babelstream                      D  sdklog[LOG_LEVEL_INFO]: I 2025-11-02 06:53:02.724407 [iDST::NuiAbsLayer:619] [0xb400007c7c692c00] dialogListenerOnEvent 0 [kEventAsrInitialized]
2025-11-02 06:53:02.724  8848-8923  RecognitionService      com.babelstream                      I  status=SDKLog[LOG_LEVEL_INFO]: I 2025-11-02 06:53:02.724407 [iDST::NuiAbsLayer:619] [0xb400007c7c692c00] dialogListenerOnEvent 0 [kEventAsrInitialized]
2025-11-02 06:53:02.725  8848-8923  RecognitionService      com.babelstream                      I  ACTION_STATUS: SDKLog[LOG_LEVEL_INFO]: I 2025-11-02 06:53:02.724407 [iDST::NuiAbsLayer:619] [0xb400007c7c692c00] dialogListenerOnEvent 0 [kEventAsrInitialized]
2025-11-02 06:53:02.725  8848-8923  iDST::NuiAbsLayer:619   com.babelstream                      I  [0xb400007c7c692c00] dialogListenerOnEvent 0 [kEventAsrInitialized]
2025-11-02 06:53:02.725  8848-8923  SdkGummyClient          com.babelstream                      D  sdklog[LOG_LEVEL_DEBUG]: D 2025-11-02 06:53:02.725369 [iDST::NuiAbsLayer:976] invalid event 0 [kEventAsrInitialized]
2025-11-02 06:53:02.725  8848-8923  RecognitionService      com.babelstream                      I  status=SDKLog[LOG_LEVEL_DEBUG]: D 2025-11-02 06:53:02.725369 [iDST::NuiAbsLayer:976] invalid event 0 [kEventAsrInitialized]
2025-11-02 06:53:02.726  8848-8923  RecognitionService      com.babelstream                      I  ACTION_STATUS: SDKLog[LOG_LEVEL_DEBUG]: D 2025-11-02 06:53:02.725369 [iDST::NuiAbsLayer:976] invalid event 0 [kEventAsrInitialized]
2025-11-02 06:53:02.726  8848-8923  iDST::NuiAbsLayer:976   com.babelstream                      D  invalid event 0 [kEventAsrInitialized]
2025-11-02 06:53:02.727  8848-8923  SdkGummyClient          com.babelstream                      D  sdklog[LOG_LEVEL_INFO]: I 2025-11-02 06:53:02.726566 [iDST::DialogEngineImpl:561] start dialog end
2025-11-02 06:53:02.727  8848-8923  RecognitionService      com.babelstream                      I  status=SDKLog[LOG_LEVEL_INFO]: I 2025-11-02 06:53:02.726566 [iDST::DialogEngineImpl:561] start dialog end
2025-11-02 06:53:02.727  8848-8923  RecognitionService      com.babelstream                      I  ACTION_STATUS: SDKLog[LOG_LEVEL_INFO]: I 2025-11-02 06:53:02.726566 [iDST::DialogEngineImpl:561] start dialog end
2025-11-02 06:53:02.727  8848-8923  iDST::Dial...neImpl:561 com.babelstream                      I  start dialog end
2025-11-02 06:53:02.727  8848-8923  SdkGummyClient          com.babelstream                      D  sdklog[LOG_LEVEL_INFO]: I 2025-11-02 06:53:02.727775 [iDST::NuiAbsLayer:2275] update dialog id 44938a3eab36416e9d715acad5d8f45b
2025-11-02 06:53:02.728  8848-8923  RecognitionService      com.babelstream                      I  status=SDKLog[LOG_LEVEL_INFO]: I 2025-11-02 06:53:02.727775 [iDST::NuiAbsLayer:2275] update dialog id 44938a3eab36416e9d715acad5d8f45b
2025-11-02 06:53:02.728  8848-8923  RecognitionService      com.babelstream                      I  ACTION_STATUS: SDKLog[LOG_LEVEL_INFO]: I 2025-11-02 06:53:02.727775 [iDST::NuiAbsLayer:2275] update dialog id 44938a3eab36416e9d715acad5d8f45b
2025-11-02 06:53:02.728  8848-8923  iDST::NuiAbsLayer:2275  com.babelstream                      I  update dialog id 44938a3eab36416e9d715acad5d8f45b
2025-11-02 06:53:02.729  8848-8923  SdkGummyClient          com.babelstream                      D  sdklog[LOG_LEVEL_INFO]: I 2025-11-02 06:53:02.729141 [iDST::NuiAbsLayer:2503] NuiAbsLayer[0xb400007c7c692c00] api start ret 0
2025-11-02 06:53:02.729  8848-8923  RecognitionService      com.babelstream                      I  status=SDKLog[LOG_LEVEL_INFO]: I 2025-11-02 06:53:02.729141 [iDST::NuiAbsLayer:2503] NuiAbsLayer[0xb400007c7c692c00] api start ret 0
2025-11-02 06:53:02.730  8848-8923  RecognitionService      com.babelstream                      I  ACTION_STATUS: SDKLog[LOG_LEVEL_INFO]: I 2025-11-02 06:53:02.729141 [iDST::NuiAbsLayer:2503] NuiAbsLayer[0xb400007c7c692c00] api start ret 0
2025-11-02 06:53:02.730  8848-8923  iDST::NuiAbsLayer:2503  com.babelstream                      I  NuiAbsLayer[0xb400007c7c692c00] api start ret 0
2025-11-02 06:53:02.730  8848-8923  SdkGummyClient          com.babelstream                      D  sdklog[LOG_LEVEL_INFO]: I 2025-11-02 06:53:02.730193 [iDST::NuiAbsLayer:2551] sync call or api async callback is nullptr skip. msg:4/MSG_API_START.
2025-11-02 06:53:02.730  8848-8923  RecognitionService      com.babelstream                      I  status=SDKLog[LOG_LEVEL_INFO]: I 2025-11-02 06:53:02.730193 [iDST::NuiAbsLayer:2551] sync call or api async callback is nullptr skip. msg:4/MSG_API_START.
2025-11-02 06:53:02.731  8848-8923  RecognitionService      com.babelstream                      I  ACTION_STATUS: SDKLog[LOG_LEVEL_INFO]: I 2025-11-02 06:53:02.730193 [iDST::NuiAbsLayer:2551] sync call or api async callback is nullptr skip. msg:4/MSG_API_START.
2025-11-02 06:53:02.731  8848-8923  iDST::NuiAbsLayer:2551  com.babelstream                      I  sync call or api async callback is nullptr skip. msg:4/MSG_API_START.
2025-11-02 06:53:02.731  8848-8848  SdkGummyClient          com.babelstream                      D  sdklog[LOG_LEVEL_INFO]: I 2025-11-02 06:53:02.731537 [iDST::NUISDK:451] nui_dialog_start result:0
2025-11-02 06:53:02.731  8848-8848  RecognitionService      com.babelstream                      I  status=SDKLog[LOG_LEVEL_INFO]: I 2025-11-02 06:53:02.731537 [iDST::NUISDK:451] nui_dialog_start result:0
2025-11-02 06:53:02.732  8848-8848  RecognitionService      com.babelstream                      I  ACTION_STATUS: SDKLog[LOG_LEVEL_INFO]: I 2025-11-02 06:53:02.731537 [iDST::NUISDK:451] nui_dialog_start result:0
2025-11-02 06:53:02.732  8848-8848  iDST::NUISDK:451        com.babelstream                      I  nui_dialog_start result:0
2025-11-02 06:53:02.732  8848-8848  SdkGummyClient          com.babelstream                      I  startDialog ret=0
2025-11-02 06:53:02.732  8848-8848  RecognitionService      com.babelstream                      I  status=startDialog ret=0
2025-11-02 06:53:02.733  8848-8848  RecognitionService      com.babelstream                      I  ACTION_STATUS: startDialog ret=0
2025-11-02 06:53:02.733  8848-8848  RecognitionService      com.babelstream                      I  status=识别中...
2025-11-02 06:53:02.734  8848-8848  RecognitionService      com.babelstream                      I  ACTION_STATUS: 识别中...
2025-11-02 06:53:02.734  8848-8848  RecognitionService      com.babelstream                      I  recognizer.start returned=true
2025-11-02 06:53:02.735  8848-8848  RecognitionService      com.babelstream                      I  ACTION_STATUS: 识别中...
2025-11-02 06:53:02.735  8848-8848  Choreographer           com.babelstream                      I  Skipped 62 frames!  The application may be doing too much work on its main thread.
2025-11-02 06:53:02.774  8848-8930  SdkGummyClient          com.babelstream                      D  sdklog[LOG_LEVEL_INFO]: I 2025-11-02 06:53:02.773626 [iDST::DialogEngineImpl:1427] try to get first user audio data with buffer(0xb400007cce100d80) and len(640) and callback(0x7c72386f8c).
2025-11-02 06:53:02.774  8848-8930  RecognitionService      com.babelstream                      I  status=SDKLog[LOG_LEVEL_INFO]: I 2025-11-02 06:53:02.773626 [iDST::DialogEngineImpl:1427] try to get first user audio data with buffer(0xb400007cce100d80) and len(640) and callback(0x7c72386f8c).
2025-11-02 06:53:02.775  8848-8930  RecognitionService      com.babelstream                      I  ACTION_STATUS: SDKLog[LOG_LEVEL_INFO]: I 2025-11-02 06:53:02.773626 [iDST::DialogEngineImpl:1427] try to get first user audio data with buffer(0xb400007cce100d80) and len(640) and callback(0x7c72386f8c).
2025-11-02 06:53:02.775  8848-8930  iDST::Dial...eImpl:1427 com.babelstream                      I  try to get first user audio data with buffer(0xb400007cce100d80) and len(640) and callback(0x7c72386f8c).
2025-11-02 06:53:02.776  8848-8930  SdkGummyClient          com.babelstream                      D  sdklog[LOG_LEVEL_INFO]: I 2025-11-02 06:53:02.775972 [iDST::NuiAbsLayer:993] try to get first user audio data with buffer(0xb400007cce100d80) and len(640) and callback(0x7ce3c28c5c).
2025-11-02 06:53:02.776  8848-8930  RecognitionService      com.babelstream                      I  status=SDKLog[LOG_LEVEL_INFO]: I 2025-11-02 06:53:02.775972 [iDST::NuiAbsLayer:993] try to get first user audio data with buffer(0xb400007cce100d80) and len(640) and callback(0x7ce3c28c5c).
2025-11-02 06:53:02.777  8848-8930  RecognitionService      com.babelstream                      I  ACTION_STATUS: SDKLog[LOG_LEVEL_INFO]: I 2025-11-02 06:53:02.775972 [iDST::NuiAbsLayer:993] try to get first user audio data with buffer(0xb400007cce100d80) and len(640) and callback(0x7ce3c28c5c).
2025-11-02 06:53:02.777  8848-8930  iDST::NuiAbsLayer:993   com.babelstream                      I  try to get first user audio data with buffer(0xb400007cce100d80) and len(640) and callback(0x7ce3c28c5c).
2025-11-02 06:53:02.778  8848-8930  SdkGummyClient          com.babelstream                      D  sdklog[LOG_LEVEL_INFO]: I 2025-11-02 06:53:02.777881 [iDST::DialogEngineImpl:1432] get first user audio data 640bytes.
2025-11-02 06:53:02.778  8848-8930  RecognitionService      com.babelstream                      I  status=SDKLog[LOG_LEVEL_INFO]: I 2025-11-02 06:53:02.777881 [iDST::DialogEngineImpl:1432] get first user audio data 640bytes.
2025-11-02 06:53:02.779  8848-8930  RecognitionService      com.babelstream                      I  ACTION_STATUS: SDKLog[LOG_LEVEL_INFO]: I 2025-11-02 06:53:02.777881 [iDST::DialogEngineImpl:1432] get first user audio data 640bytes.
2025-11-02 06:53:02.779  8848-8930  iDST::Dial...eImpl:1432 com.babelstream                      I  get first user audio data 640bytes.
2025-11-02 06:53:02.779  8848-8931  SdkGummyClient          com.babelstream                      V  rms=-160.0
2025-11-02 06:53:02.779  8848-8931  AlsCei::As...Impl, Main com.babelstream                      W  ved does not exist, skip ...
2025-11-02 06:53:02.780  8848-8931  SdkGummyClient          com.babelstream                      V  rms=-160.0
2025-11-02 06:53:02.780  8848-8931  AlsCei::As...Impl, Main com.babelstream                      W  ved does not exist, skip ...
2025-11-02 06:53:02.780  8848-8931  SdkGummyClient          com.babelstream                      V  rms=-160.0
2025-11-02 06:53:02.780  8848-8931  AlsCei::As...Impl, Main com.babelstream                      W  ved does not exist, skip ...
2025-11-02 06:53:02.781  8848-8931  SdkGummyClient          com.babelstream                      V  rms=-107.48013
2025-11-02 06:53:02.781  8848-8931  AlsCei::As...Impl, Main com.babelstream                      W  ved does not exist, skip ...
2025-11-02 06:53:02.787  8848-8933  AlsSdk::Sr..., Callback com.babelstream                      I  break in case 39
2025-11-02 06:53:02.787  8848-8933  AlsCei::SdkListener     com.babelstream                      I  OnDebugWavPath: /storage/emulated/0/Android/data/com.babelstream/cache/debug/20251102_065302/sr_0.wav
2025-11-02 06:53:02.787  8848-8933  SdkGummyClient          com.babelstream                      D  sdklog[LOG_LEVEL_DEBUG]: D 2025-11-02 06:53:02.787342 [iDST::AsrCeiIf:167] OnDebugWavPath
2025-11-02 06:53:02.787  8848-8933  RecognitionService      com.babelstream                      I  status=SDKLog[LOG_LEVEL_DEBUG]: D 2025-11-02 06:53:02.787342 [iDST::AsrCeiIf:167] OnDebugWavPath
2025-11-02 06:53:02.788  8848-8933  RecognitionService      com.babelstream                      I  ACTION_STATUS: SDKLog[LOG_LEVEL_DEBUG]: D 2025-11-02 06:53:02.787342 [iDST::AsrCeiIf:167] OnDebugWavPath
2025-11-02 06:53:02.789  8848-8933  iDST::AsrCeiIf:167      com.babelstream                      D  OnDebugWavPath
2025-11-02 06:53:02.789  8848-8933  SdkGummyClient          com.babelstream                      D  sdklog[LOG_LEVEL_INFO]: I 2025-11-02 06:53:02.789146 [iDST::AsrCeiIf:804] debug path type=5, path=/storage/emulated/0/Android/data/com.babelstream/cache/debug/20251102_065302/sr_0.wav
2025-11-02 06:53:02.789  8848-8933  RecognitionService      com.babelstream                      I  status=SDKLog[LOG_LEVEL_INFO]: I 2025-11-02 06:53:02.789146 [iDST::AsrCeiIf:804] debug path type=5, path=/storage/emulated/0/Android/data/com.babelstream/cache/debug/20251102_065302/sr_0.wav
2025-11-02 06:53:02.790  8848-8931  SdkGummyClient          com.babelstream                      V  rms=-61.871174
2025-11-02 06:53:02.790  8848-8931  AlsCei::As...Impl, Main com.babelstream                      W  ved does not exist, skip ...
2025-11-02 06:53:02.790  8848-8933  RecognitionService      com.babelstream                      I  ACTION_STATUS: SDKLog[LOG_LEVEL_INFO]: I 2025-11-02 06:53:02.789146 [iDST::AsrCeiIf:804] debug path type=5, path=/storage/emulated/0/Android/data/com.babelstream/cache/debug/20251102_065302/sr_0.wav
2025-11-02 06:53:02.790  8848-8933  iDST::AsrCeiIf:804      com.babelstream                      I  debug path type=5, path=/storage/emulated/0/Android/data/com.babelstream/cache/debug/20251102_065302/sr_0.wav
2025-11-02 06:53:02.791  8848-8927  SdkGummyClient          com.babelstream                      D  sdklog[LOG_LEVEL_INFO]: I 2025-11-02 06:53:02.791112 [iDST::AsrCeiIf:693] cei callback MSG_ON_DEBUG_PATH
2025-11-02 06:53:02.791  8848-8927  RecognitionService      com.babelstream                      I  status=SDKLog[LOG_LEVEL_INFO]: I 2025-11-02 06:53:02.791112 [iDST::AsrCeiIf:693] cei callback MSG_ON_DEBUG_PATH
2025-11-02 06:53:02.791  8848-8931  SdkGummyClient          com.babelstream                      V  rms=-58.41789
2025-11-02 06:53:02.791  8848-8931  AlsCei::As...Impl, Main com.babelstream                      W  ved does not exist, skip ...
2025-11-02 06:53:02.792  8848-8931  SdkGummyClient          com.babelstream                      V  rms=-74.4631
2025-11-02 06:53:02.792  8848-8927  RecognitionService      com.babelstream                      I  ACTION_STATUS: SDKLog[LOG_LEVEL_INFO]: I 2025-11-02 06:53:02.791112 [iDST::AsrCeiIf:693] cei callback MSG_ON_DEBUG_PATH
2025-11-02 06:53:02.792  8848-8931  AlsCei::As...Impl, Main com.babelstream                      W  ved does not exist, skip ...
2025-11-02 06:53:02.792  8848-8927  iDST::AsrCeiIf:693      com.babelstream                      I  cei callback MSG_ON_DEBUG_PATH
2025-11-02 06:53:02.792  8848-8933  SdkGummyClient          com.babelstream                      D  sdklog[LOG_LEVEL_INFO]: I 2025-11-02 06:53:02.792550 [iDST::AsrCeiIf:170] OnDebugWavPath done
2025-11-02 06:53:02.792  8848-8933  RecognitionService      com.babelstream                      I  status=SDKLog[LOG_LEVEL_INFO]: I 2025-11-02 06:53:02.792550 [iDST::AsrCeiIf:170] OnDebugWavPath done
2025-11-02 06:53:02.792  8848-8931  SdkGummyClient          com.babelstream                      V  rms=-99.74737
2025-11-02 06:53:02.793  8848-8931  AlsCei::As...Impl, Main com.babelstream                      W  ved does not exist, skip ...
2025-11-02 06:53:02.793  8848-8933  RecognitionService      com.babelstream                      I  ACTION_STATUS: SDKLog[LOG_LEVEL_INFO]: I 2025-11-02 06:53:02.792550 [iDST::AsrCeiIf:170] OnDebugWavPath done
2025-11-02 06:53:02.793  8848-8933  iDST::AsrCeiIf:170      com.babelstream                      I  OnDebugWavPath done
2025-11-02 06:53:02.793  8848-8933  AlsCei::SdkListener     com.babelstream                      I  OnVoiceStart
2025-11-02 06:53:02.793  8848-8933  SdkGummyClient          com.babelstream                      D  sdklog[LOG_LEVEL_DEBUG]: D 2025-11-02 06:53:02.793645 [iDST::AsrCeiIf:82] OnVoiceStart
2025-11-02 06:53:02.793  8848-8933  RecognitionService      com.babelstream                      I  status=SDKLog[LOG_LEVEL_DEBUG]: D 2025-11-02 06:53:02.793645 [iDST::AsrCeiIf:82] OnVoiceStart
2025-11-02 06:53:02.794  8848-8933  RecognitionService      com.babelstream                      I  ACTION_STATUS: SDKLog[LOG_LEVEL_DEBUG]: D 2025-11-02 06:53:02.793645 [iDST::AsrCeiIf:82] OnVoiceStart
2025-11-02 06:53:02.794  8848-8933  iDST::AsrCeiIf:82       com.babelstream                      D  OnVoiceStart
2025-11-02 06:53:02.794  8848-8933  SdkGummyClient          com.babelstream                      D  sdklog[LOG_LEVEL_INFO]: I 2025-11-02 06:53:02.794639 [iDST::AsrCeiIf:736] [Key Events] cei OnVoiceStart
2025-11-02 06:53:02.794  8848-8933  RecognitionService      com.babelstream                      I  status=SDKLog[LOG_LEVEL_INFO]: I 2025-11-02 06:53:02.794639 [iDST::AsrCeiIf:736] [Key Events] cei OnVoiceStart
2025-11-02 06:53:02.795  8848-8933  RecognitionService      com.babelstream                      I  ACTION_STATUS: SDKLog[LOG_LEVEL_INFO]: I 2025-11-02 06:53:02.794639 [iDST::AsrCeiIf:736] [Key Events] cei OnVoiceStart
2025-11-02 06:53:02.795  8848-8933  iDST::AsrCeiIf:736      com.babelstream                      I  [Key Events] cei OnVoiceStart
2025-11-02 06:53:02.795  8848-8933  Idec::WaveDebug         com.babelstream                      I  open debug file /storage/emulated/0/Android/data/com.babelstream/cache/debug/20251102_065302/sr_callback_0.bin to write
2025-11-02 06:53:02.795  8848-8927  SdkGummyClient          com.babelstream                      D  sdklog[LOG_LEVEL_INFO]: I 2025-11-02 06:53:02.795707 [iDST::AsrCeiIf:648] cei callback MSG_VOICE_START
2025-11-02 06:53:02.796  8848-8927  RecognitionService      com.babelstream                      I  status=SDKLog[LOG_LEVEL_INFO]: I 2025-11-02 06:53:02.795707 [iDST::AsrCeiIf:648] cei callback MSG_VOICE_START
2025-11-02 06:53:02.796  8848-8927  RecognitionService      com.babelstream                      I  ACTION_STATUS: SDKLog[LOG_LEVEL_INFO]: I 2025-11-02 06:53:02.795707 [iDST::AsrCeiIf:648] cei callback MSG_VOICE_START
2025-11-02 06:53:02.796  8848-8927  iDST::AsrCeiIf:648      com.babelstream                      I  cei callback MSG_VOICE_START
2025-11-02 06:53:02.796  8848-8927  SdkGummyClient          com.babelstream                      D  sdklog[LOG_LEVEL_INFO]: I 2025-11-02 06:53:02.796760 [iDST::AsrEngine:3304] on voice start vad_mode=1
2025-11-02 06:53:02.797  8848-8927  RecognitionService      com.babelstream                      I  status=SDKLog[LOG_LEVEL_INFO]: I 2025-11-02 06:53:02.796760 [iDST::AsrEngine:3304] on voice start vad_mode=1
2025-11-02 06:53:02.797  8848-8927  RecognitionService      com.babelstream                      I  ACTION_STATUS: SDKLog[LOG_LEVEL_INFO]: I 2025-11-02 06:53:02.796760 [iDST::AsrEngine:3304] on voice start vad_mode=1
2025-11-02 06:53:02.797  8848-8927  iDST::AsrEngine:3304    com.babelstream                      I  on voice start vad_mode=1
2025-11-02 06:53:02.797  8848-8927  SdkGummyClient          com.babelstream                      D  sdklog[LOG_LEVEL_INFO]: I 2025-11-02 06:53:02.797786 [iDST::AsrEngine:3306] get sr callback data type 5
2025-11-02 06:53:02.798  8848-8927  RecognitionService      com.babelstream                      I  status=SDKLog[LOG_LEVEL_INFO]: I 2025-11-02 06:53:02.797786 [iDST::AsrEngine:3306] get sr callback data type 5
2025-11-02 06:53:02.799  8848-8927  RecognitionService      com.babelstream                      I  ACTION_STATUS: SDKLog[LOG_LEVEL_INFO]: I 2025-11-02 06:53:02.797786 [iDST::AsrEngine:3306] get sr callback data type 5
2025-11-02 06:53:02.799  8848-8927  iDST::AsrEngine:3306    com.babelstream                      I  get sr callback data type 5
2025-11-02 06:53:02.799  8848-8927  SdkGummyClient          com.babelstream                      D  sdklog[LOG_LEVEL_INFO]: I 2025-11-02 06:53:02.799429 [iDST::StateMachine:45] Start -- VoiceStart --> Asr
2025-11-02 06:53:02.799  8848-8927  RecognitionService      com.babelstream                      I  status=SDKLog[LOG_LEVEL_INFO]: I 2025-11-02 06:53:02.799429 [iDST::StateMachine:45] Start -- VoiceStart --> Asr
2025-11-02 06:53:02.800  8848-8927  RecognitionService      com.babelstream                      I  ACTION_STATUS: SDKLog[LOG_LEVEL_INFO]: I 2025-11-02 06:53:02.799429 [iDST::StateMachine:45] Start -- VoiceStart --> Asr
2025-11-02 06:53:02.800  8848-8927  iDST::StateMachine:45   com.babelstream                      I  Start -- VoiceStart --> Asr
2025-11-02 06:53:02.800  8848-8927  SdkGummyClient          com.babelstream                      D  sdklog[LOG_LEVEL_DEBUG]: D 2025-11-02 06:53:02.800340 [iDST::Tracer:84] generate timestamp 1762037582800[2025-11-02_06:53:02.800329]
2025-11-02 06:53:02.800  8848-8927  RecognitionService      com.babelstream                      I  status=SDKLog[LOG_LEVEL_DEBUG]: D 2025-11-02 06:53:02.800340 [iDST::Tracer:84] generate timestamp 1762037582800[2025-11-02_06:53:02.800329]
2025-11-02 06:53:02.802  8848-8927  RecognitionService      com.babelstream                      I  ACTION_STATUS: SDKLog[LOG_LEVEL_DEBUG]: D 2025-11-02 06:53:02.800340 [iDST::Tracer:84] generate timestamp 1762037582800[2025-11-02_06:53:02.800329]
2025-11-02 06:53:02.802  8848-8927  iDST::Tracer:84         com.babelstream                      D  generate timestamp 1762037582800[2025-11-02_06:53:02.800329]
2025-11-02 06:53:02.802  8848-8927  SdkGummyClient          com.babelstream                      D  sdklog[LOG_LEVEL_WARNING]: W 2025-11-02 06:53:02.802325 [iDST::AsrNlsWrapper:35] current session isnot ready with service_type:4.
2025-11-02 06:53:02.802  8848-8927  RecognitionService      com.babelstream                      I  status=SDKLog[LOG_LEVEL_WARNING]: W 2025-11-02 06:53:02.802325 [iDST::AsrNlsWrapper:35] current session isnot ready with service_type:4.
2025-11-02 06:53:02.803  8848-8927  RecognitionService      com.babelstream                      I  ACTION_STATUS: SDKLog[LOG_LEVEL_WARNING]: W 2025-11-02 06:53:02.802325 [iDST::AsrNlsWrapper:35] current session isnot ready with service_type:4.
2025-11-02 06:53:02.803  8848-8927  iDST::AsrNlsWrapper:35  com.babelstream                      W  current session isnot ready with service_type:4.
2025-11-02 06:53:02.804  8848-8927  SdkGummyClient          com.babelstream                      D  sdklog[LOG_LEVEL_INFO]: I 2025-11-02 06:53:02.803889 [iDST::DialogEngineImpl:1483] RequestUpdateDialog
2025-11-02 06:53:02.804  8848-8927  RecognitionService      com.babelstream                      I  status=SDKLog[LOG_LEVEL_INFO]: I 2025-11-02 06:53:02.803889 [iDST::DialogEngineImpl:1483] RequestUpdateDialog
2025-11-02 06:53:02.804  8848-8927  RecognitionService      com.babelstream                      I  ACTION_STATUS: SDKLog[LOG_LEVEL_INFO]: I 2025-11-02 06:53:02.803889 [iDST::DialogEngineImpl:1483] RequestUpdateDialog
2025-11-02 06:53:02.804  8848-8927  iDST::Dial...eImpl:1483 com.babelstream                      I  RequestUpdateDialog
2025-11-02 06:53:02.805  8848-8927  SdkGummyClient          com.babelstream                      D  sdklog[LOG_LEVEL_ERROR]: E 2025-11-02 06:53:02.805044 [iDST::DialogEngineImpl:1495] RequestUpdateDialog with listener null
2025-11-02 06:53:02.805  8848-8927  RecognitionService      com.babelstream                      I  status=SDKLog[LOG_LEVEL_ERROR]: E 2025-11-02 06:53:02.805044 [iDST::DialogEngineImpl:1495] RequestUpdateDialog with listener null
2025-11-02 06:53:02.805  8848-8933  AlsCei::SdkListener     com.babelstream                      V  OnVoiceData: 224 bytes
2025-11-02 06:53:02.806  8848-8927  RecognitionService      com.babelstream                      I  ACTION_STATUS: SDKLog[LOG_LEVEL_ERROR]: E 2025-11-02 06:53:02.805044 [iDST::DialogEngineImpl:1495] RequestUpdateDialog with listener null
2025-11-02 06:53:02.806  8848-8927  iDST::Dial...eImpl:1495 com.babelstream                      E  RequestUpdateDialog with listener null
2025-11-02 06:53:02.806  8848-8933  SdkGummyClient          com.babelstream                      D  sdklog[LOG_LEVEL_VERBOSE]: V 2025-11-02 06:53:02.806402 [iDST::AsrCeiIf:743] cei OnVoiceData with 224bytes
2025-11-02 06:53:02.807  8848-8933  RecognitionService      com.babelstream                      I  status=SDKLog[LOG_LEVEL_VERBOSE]: V 2025-11-02 06:53:02.806402 [iDST::AsrCeiIf:743] cei OnVoiceData with 224bytes
2025-11-02 06:53:02.808  8848-8933  RecognitionService      com.babelstream                      I  ACTION_STATUS: SDKLog[LOG_LEVEL_VERBOSE]: V 2025-11-02 06:53:02.806402 [iDST::AsrCeiIf:743] cei OnVoiceData with 224bytes
2025-11-02 06:53:02.808  8848-8933  iDST::AsrCeiIf:743      com.babelstream                      V  cei OnVoiceData with 224bytes
2025-11-02 06:53:02.808  8848-8933  AlsCei::SdkListener     com.babelstream                      V  OnVoiceData: 224 bytes finished
2025-11-02 06:53:02.808  8848-8927  SdkGummyClient          com.babelstream                      D  sdklog[LOG_LEVEL_INFO]: I 2025-11-02 06:53:02.808335 [iDST::AsrNlsWrapper:94] dialog user data not update
2025-11-02 06:53:02.808  8848-8927  RecognitionService      com.babelstream                      I  status=SDKLog[LOG_LEVEL_INFO]: I 2025-11-02 06:53:02.808335 [iDST::AsrNlsWrapper:94] dialog user data not update
2025-11-02 06:53:02.809  8848-8927  RecognitionService      com.babelstream                      I  ACTION_STATUS: SDKLog[LOG_LEVEL_INFO]: I 2025-11-02 06:53:02.808335 [iDST::AsrNlsWrapper:94] dialog user data not update
2025-11-02 06:53:02.809  8848-8927  iDST::AsrNlsWrapper:94  com.babelstream                      I  dialog user data not update
2025-11-02 06:53:02.809  8848-8927  SdkGummyClient          com.babelstream                      D  sdklog[LOG_LEVEL_INFO]: I 2025-11-02 06:53:02.809370 [iDST::AsrNlsWrapper:98] vad start with tiangong or vad mode vad/p2t
2025-11-02 06:53:02.809  8848-8927  RecognitionService      com.babelstream                      I  status=SDKLog[LOG_LEVEL_INFO]: I 2025-11-02 06:53:02.809370 [iDST::AsrNlsWrapper:98] vad start with tiangong or vad mode vad/p2t
2025-11-02 06:53:02.810  8848-8927  RecognitionService      com.babelstream                      I  ACTION_STATUS: SDKLog[LOG_LEVEL_INFO]: I 2025-11-02 06:53:02.809370 [iDST::AsrNlsWrapper:98] vad start with tiangong or vad mode vad/p2t
2025-11-02 06:53:02.810  8848-8927  iDST::AsrNlsWrapper:98  com.babelstream                      I  vad start with tiangong or vad mode vad/p2t
2025-11-02 06:53:02.810  8848-8927  SdkGummyClient          com.babelstream                      D  sdklog[LOG_LEVEL_INFO]: I 2025-11-02 06:53:02.810336 [iDST::AsrNlsWrapper:129] start with uuid[44938a3eab36416e9d715acad5d8f45b] task_id[]
2025-11-02 06:53:02.810  8848-8927  RecognitionService      com.babelstream                      I  status=SDKLog[LOG_LEVEL_INFO]: I 2025-11-02 06:53:02.810336 [iDST::AsrNlsWrapper:129] start with uuid[44938a3eab36416e9d715acad5d8f45b] task_id[]
2025-11-02 06:53:02.811  8848-8927  RecognitionService      com.babelstream                      I  ACTION_STATUS: SDKLog[LOG_LEVEL_INFO]: I 2025-11-02 06:53:02.810336 [iDST::AsrNlsWrapper:129] start with uuid[44938a3eab36416e9d715acad5d8f45b] task_id[]
2025-11-02 06:53:02.811  8848-8927  iDST::AsrNlsWrapper:129 com.babelstream                      I  start with uuid[44938a3eab36416e9d715acad5d8f45b] task_id[]
2025-11-02 06:53:02.811  8848-8927  SdkGummyClient          com.babelstream                      D  sdklog[LOG_LEVEL_INFO]: I 2025-11-02 06:53:02.811340 [iDST::AsrNlsWrapper:130] user_data={}
2025-11-02 06:53:02.811  8848-8927  RecognitionService      com.babelstream                      I  status=SDKLog[LOG_LEVEL_INFO]: I 2025-11-02 06:53:02.811340 [iDST::AsrNlsWrapper:130] user_data={}
2025-11-02 06:53:02.812  8848-8927  RecognitionService      com.babelstream                      I  ACTION_STATUS: SDKLog[LOG_LEVEL_INFO]: I 2025-11-02 06:53:02.811340 [iDST::AsrNlsWrapper:130] user_data={}
2025-11-02 06:53:02.812  8848-8927  iDST::AsrNlsWrapper:130 com.babelstream                      I  user_data={}
2025-11-02 06:53:02.812  8848-8927  SdkGummyClient          com.babelstream                      D  sdklog[LOG_LEVEL_INFO]: I 2025-11-02 06:53:02.812348 [iDST::AsrNlsWrapper:131] service_type is 4
2025-11-02 06:53:02.812  8848-8927  RecognitionService      com.babelstream                      I  status=SDKLog[LOG_LEVEL_INFO]: I 2025-11-02 06:53:02.812348 [iDST::AsrNlsWrapper:131] service_type is 4
2025-11-02 06:53:02.813  8848-8927  RecognitionService      com.babelstream                      I  ACTION_STATUS: SDKLog[LOG_LEVEL_INFO]: I 2025-11-02 06:53:02.812348 [iDST::AsrNlsWrapper:131] service_type is 4
2025-11-02 06:53:02.813  8848-8927  iDST::AsrNlsWrapper:131 com.babelstream                      I  service_type is 4
2025-11-02 06:53:02.813  8848-8927  SdkGummyClient          com.babelstream                      D  sdklog[LOG_LEVEL_INFO]: I 2025-11-02 06:53:02.813387 [iDST::AsrNlsWrapper:136] nls st start
2025-11-02 06:53:02.813  8848-8927  RecognitionService      com.babelstream                      I  status=SDKLog[LOG_LEVEL_INFO]: I 2025-11-02 06:53:02.813387 [iDST::AsrNlsWrapper:136] nls st start
2025-11-02 06:53:02.814  8848-8927  RecognitionService      com.babelstream                      I  ACTION_STATUS: SDKLog[LOG_LEVEL_INFO]: I 2025-11-02 06:53:02.813387 [iDST::AsrNlsWrapper:136] nls st start
2025-11-02 06:53:02.814  8848-8927  iDST::AsrNlsWrapper:136 com.babelstream                      I  nls st start
2025-11-02 06:53:02.815  8848-8929  SdkGummyClient          com.babelstream                      D  sdklog[LOG_LEVEL_INFO]: I 2025-11-02 06:53:02.814847 [iDST::NlsConfig:63] nls config get_enable_event_tracker true
2025-11-02 06:53:02.815  8848-8929  RecognitionService      com.babelstream                      I  status=SDKLog[LOG_LEVEL_INFO]: I 2025-11-02 06:53:02.814847 [iDST::NlsConfig:63] nls config get_enable_event_tracker true
2025-11-02 06:53:02.816  8848-8929  RecognitionService      com.babelstream                      I  ACTION_STATUS: SDKLog[LOG_LEVEL_INFO]: I 2025-11-02 06:53:02.814847 [iDST::NlsConfig:63] nls config get_enable_event_tracker true
2025-11-02 06:53:02.816  8848-8929  iDST::NlsConfig:63      com.babelstream                      I  nls config get_enable_event_tracker true
2025-11-02 06:53:02.816  8848-8929  SdkGummyClient          com.babelstream                      D  sdklog[LOG_LEVEL_DEBUG]: D 2025-11-02 06:53:02.816573 [iDST::NlsConfig:65] nls config get_service_protocol 1
2025-11-02 06:53:02.816  8848-8929  RecognitionService      com.babelstream                      I  status=SDKLog[LOG_LEVEL_DEBUG]: D 2025-11-02 06:53:02.816573 [iDST::NlsConfig:65] nls config get_service_protocol 1
2025-11-02 06:53:02.817  8848-8929  RecognitionService      com.babelstream                      I  ACTION_STATUS: SDKLog[LOG_LEVEL_DEBUG]: D 2025-11-02 06:53:02.816573 [iDST::NlsConfig:65] nls config get_service_protocol 1
2025-11-02 06:53:02.817  8848-8929  iDST::NlsConfig:65      com.babelstream                      D  nls config get_service_protocol 1
2025-11-02 06:53:02.818  8848-8929  SdkGummyClient          com.babelstream                      D  sdklog[LOG_LEVEL_DEBUG]: D 2025-11-02 06:53:02.817830 [iDST::NlsConfig:5] nls config get_url wss://dashscope.aliyuncs.com/api-ws/v1/inference/
2025-11-02 06:53:02.818  8848-8929  RecognitionService      com.babelstream                      I  status=SDKLog[LOG_LEVEL_DEBUG]: D 2025-11-02 06:53:02.817830 [iDST::NlsConfig:5] nls config get_url wss://dashscope.aliyuncs.com/api-ws/v1/inference/
2025-11-02 06:53:02.819  8848-8929  RecognitionService      com.babelstream                      I  ACTION_STATUS: SDKLog[LOG_LEVEL_DEBUG]: D 2025-11-02 06:53:02.817830 [iDST::NlsConfig:5] nls config get_url wss://dashscope.aliyuncs.com/api-ws/v1/inference/
2025-11-02 06:53:02.819  8848-8929  iDST::NlsConfig:5       com.babelstream                      D  nls config get_url wss://dashscope.aliyuncs.com/api-ws/v1/inference/
2025-11-02 06:53:02.820  8848-8929  SdkGummyClient          com.babelstream                      D  sdklog[LOG_LEVEL_DEBUG]: D 2025-11-02 06:53:02.820034 [iDST::NlsConfig:10] nls config get_apikey sk-54
2025-11-02 06:53:02.820  8848-8929  RecognitionService      com.babelstream                      I  status=SDKLog[LOG_LEVEL_DEBUG]: D 2025-11-02 06:53:02.820034 [iDST::NlsConfig:10] nls config get_apikey sk-54
2025-11-02 06:53:02.821  8848-8929  RecognitionService      com.babelstream                      I  ACTION_STATUS: SDKLog[LOG_LEVEL_DEBUG]: D 2025-11-02 06:53:02.820034 [iDST::NlsConfig:10] nls config get_apikey sk-54
2025-11-02 06:53:02.821  8848-8929  iDST::NlsConfig:10      com.babelstream                      D  nls config get_apikey sk-54
2025-11-02 06:53:02.821  8848-8929  SdkGummyClient          com.babelstream                      D  sdklog[LOG_LEVEL_DEBUG]: D 2025-11-02 06:53:02.821426 [iDST::NlsConfig:53] nls config get_sr_format opus
2025-11-02 06:53:02.821  8848-8929  RecognitionService      com.babelstream                      I  status=SDKLog[LOG_LEVEL_DEBUG]: D 2025-11-02 06:53:02.821426 [iDST::NlsConfig:53] nls config get_sr_format opus
2025-11-02 06:53:02.822  8848-8929  RecognitionService      com.babelstream                      I  ACTION_STATUS: SDKLog[LOG_LEVEL_DEBUG]: D 2025-11-02 06:53:02.821426 [iDST::NlsConfig:53] nls config get_sr_format opus
2025-11-02 06:53:02.822  8848-8929  iDST::NlsConfig:53      com.babelstream                      D  nls config get_sr_format opus
2025-11-02 06:53:02.823  8848-8929  SdkGummyClient          com.babelstream                      D  sdklog[LOG_LEVEL_DEBUG]: D 2025-11-02 06:53:02.822540 [iDST::NlsConfig:31] nls config get_sample_rate 16000
2025-11-02 06:53:02.823  8848-8929  RecognitionService      com.babelstream                      I  status=SDKLog[LOG_LEVEL_DEBUG]: D 2025-11-02 06:53:02.822540 [iDST::NlsConfig:31] nls config get_sample_rate 16000
2025-11-02 06:53:02.823  8848-8929  RecognitionService      com.babelstream                      I  ACTION_STATUS: SDKLog[LOG_LEVEL_DEBUG]: D 2025-11-02 06:53:02.822540 [iDST::NlsConfig:31] nls config get_sample_rate 16000
2025-11-02 06:53:02.823  8848-8929  iDST::NlsConfig:31      com.babelstream                      D  nls config get_sample_rate 16000
2025-11-02 06:53:02.823  8848-8929  SdkGummyClient          com.babelstream                      D  sdklog[LOG_LEVEL_WARNING]: W 2025-11-02 06:53:02.823807 [iDST::NlsSt:378] connect to wss://dashscope.aliyuncs.com/api-ws/v1/inference/ with apikey sk-54 format opus samplerate 16000
2025-11-02 06:53:02.824  8848-8929  RecognitionService      com.babelstream                      I  status=SDKLog[LOG_LEVEL_WARNING]: W 2025-11-02 06:53:02.823807 [iDST::NlsSt:378] connect to wss://dashscope.aliyuncs.com/api-ws/v1/inference/ with apikey sk-54 format opus samplerate 16000
2025-11-02 06:53:02.825  8848-8929  RecognitionService      com.babelstream                      I  ACTION_STATUS: SDKLog[LOG_LEVEL_WARNING]: W 2025-11-02 06:53:02.823807 [iDST::NlsSt:378] connect to wss://dashscope.aliyuncs.com/api-ws/v1/inference/ with apikey sk-54 format opus samplerate 16000
2025-11-02 06:53:02.825  8848-8929  iDST::NlsSt:378         com.babelstream                      W  connect to wss://dashscope.aliyuncs.com/api-ws/v1/inference/ with apikey sk-54 format opus samplerate 16000
2025-11-02 06:53:02.825  8848-8929  SdkGummyClient          com.babelstream                      D  sdklog[LOG_LEVEL_WARNING]: W 2025-11-02 06:53:02.825221 [iDST::NlsConfig:69] nls config get_model_basename is nullptr
2025-11-02 06:53:02.825  8848-8929  RecognitionService      com.babelstream                      I  status=SDKLog[LOG_LEVEL_WARNING]: W 2025-11-02 06:53:02.825221 [iDST::NlsConfig:69] nls config get_model_basename is nullptr
2025-11-02 06:53:02.827  8848-8929  RecognitionService      com.babelstream                      I  ACTION_STATUS: SDKLog[LOG_LEVEL_WARNING]: W 2025-11-02 06:53:02.825221 [iDST::NlsConfig:69] nls config get_model_basename is nullptr
2025-11-02 06:53:02.827  8848-8929  iDST::NlsConfig:69      com.babelstream                      W  nls config get_model_basename is nullptr
2025-11-02 06:53:02.827  8848-8929  SdkGummyClient          com.babelstream                      D  sdklog[LOG_LEVEL_WARNING]: W 2025-11-02 06:53:02.827517 [iDST::NlsConfig:68] nls config get_model is nullptr
2025-11-02 06:53:02.827  8848-8929  RecognitionService      com.babelstream                      I  status=SDKLog[LOG_LEVEL_WARNING]: W 2025-11-02 06:53:02.827517 [iDST::NlsConfig:68] nls config get_model is nullptr
2025-11-02 06:53:02.828  8848-8929  RecognitionService      com.babelstream                      I  ACTION_STATUS: SDKLog[LOG_LEVEL_WARNING]: W 2025-11-02 06:53:02.827517 [iDST::NlsConfig:68] nls config get_model is nullptr
2025-11-02 06:53:02.828  8848-8929  iDST::NlsConfig:68      com.babelstream                      W  nls config get_model is nullptr
2025-11-02 06:53:02.829  8848-8929  SdkGummyClient          com.babelstream                      D  sdklog[LOG_LEVEL_DEBUG]: D 2025-11-02 06:53:02.828924 [iDST::NlsSt:408] service_protocol(1) start DashScope with (null)/(null)...
2025-11-02 06:53:02.829  8848-8929  RecognitionService      com.babelstream                      I  status=SDKLog[LOG_LEVEL_DEBUG]: D 2025-11-02 06:53:02.828924 [iDST::NlsSt:408] service_protocol(1) start DashScope with (null)/(null)...
2025-11-02 06:53:02.830  8848-8929  RecognitionService      com.babelstream                      I  ACTION_STATUS: SDKLog[LOG_LEVEL_DEBUG]: D 2025-11-02 06:53:02.828924 [iDST::NlsSt:408] service_protocol(1) start DashScope with (null)/(null)...
2025-11-02 06:53:02.830  8848-8929  iDST::NlsSt:408         com.babelstream                      D  service_protocol(1) start DashScope with (null)/(null)...
2025-11-02 06:53:02.831  8848-8929  SdkGummyClient          com.babelstream                      D  sdklog[LOG_LEVEL_ERROR]: E 2025-11-02 06:53:02.830963 [iDST::NlsSt:442] start failed because of non-model.
2025-11-02 06:53:02.831  8848-8929  RecognitionService      com.babelstream                      I  status=SDKLog[LOG_LEVEL_ERROR]: E 2025-11-02 06:53:02.830963 [iDST::NlsSt:442] start failed because of non-model.
2025-11-02 06:53:02.832  8848-8929  RecognitionService      com.babelstream                      I  ACTION_STATUS: SDKLog[LOG_LEVEL_ERROR]: E 2025-11-02 06:53:02.830963 [iDST::NlsSt:442] start failed because of non-model.
2025-11-02 06:53:02.832  8848-8929  iDST::NlsSt:442         com.babelstream                      E  start failed because of non-model.
2025-11-02 06:53:02.832  8848-8927  SdkGummyClient          com.babelstream                      D  sdklog[LOG_LEVEL_INFO]: I 2025-11-02 06:53:02.832711 [iDST::NlsSt:862] nls start finish
2025-11-02 06:53:02.832  8848-8927  RecognitionService      com.babelstream                      I  status=SDKLog[LOG_LEVEL_INFO]: I 2025-11-02 06:53:02.832711 [iDST::NlsSt:862] nls start finish
2025-11-02 06:53:02.833  8848-8927  RecognitionService      com.babelstream                      I  ACTION_STATUS: SDKLog[LOG_LEVEL_INFO]: I 2025-11-02 06:53:02.832711 [iDST::NlsSt:862] nls start finish
2025-11-02 06:53:02.833  8848-8927  iDST::NlsSt:862         com.babelstream                      I  nls start finish
2025-11-02 06:53:02.833  8848-8927  SdkGummyClient          com.babelstream                      D  sdklog[LOG_LEVEL_DEBUG]: D 2025-11-02 06:53:02.833631 [iDST::Tracer:84] generate timestamp 1762037582833[2025-11-02_06:53:02.833622]
2025-11-02 06:53:02.833  8848-8927  RecognitionService      com.babelstream                      I  status=SDKLog[LOG_LEVEL_DEBUG]: D 2025-11-02 06:53:02.833631 [iDST::Tracer:84] generate timestamp 1762037582833[2025-11-02_06:53:02.833622]
2025-11-02 06:53:02.834  8848-8927  RecognitionService      com.babelstream                      I  ACTION_STATUS: SDKLog[LOG_LEVEL_DEBUG]: D 2025-11-02 06:53:02.833631 [iDST::Tracer:84] generate timestamp 1762037582833[2025-11-02_06:53:02.833622]
