2025-11-02 07:10:25.537 11311-11471 SdkGummyClient          com.babelstream                      D  sdklog[LOG_LEVEL_INFO]: I 2025-11-02 07:10:25.536799 [iDST::DialogEventCallback:14] [DialogEventCallback::DialogEventHandler::HandleMessage] Get Message (2)MSG_ASR_EVENT_VAD_START
2025-11-02 07:10:25.537 11311-11471 RecognitionService      com.babelstream                      I  status=SDKLog[LOG_LEVEL_INFO]: I 2025-11-02 07:10:25.536799 [iDST::DialogEventCallback:14] [DialogEventCallback::DialogEventHandler::HandleMessage] Get Message (2)MSG_ASR_EVENT_VAD_START
2025-11-02 07:10:25.537 11311-11471 RecognitionService      com.babelstream                      I  ACTION_STATUS: SDKLog[LOG_LEVEL_INFO]: I 2025-11-02 07:10:25.536799 [iDST::DialogEventCallback:14] [DialogEventCallback::DialogEventHandler::HandleMessage] Get Message (2)MSG_ASR_EVENT_VAD_START
2025-11-02 07:10:25.537 11311-11471 iDST::Dial...allback:14 com.babelstream                      I  [DialogEventCallback::DialogEventHandler::HandleMessage] Get Message (2)MSG_ASR_EVENT_VAD_START
2025-11-02 07:10:25.537 11311-11471 SdkGummyClient          com.babelstream                      D  sdklog[LOG_LEVEL_DEBUG]: D 2025-11-02 07:10:25.537762 [iDST::DialogEngineImpl:1686] dialog engine rcv vad start
2025-11-02 07:10:25.537 11311-11471 RecognitionService      com.babelstream                      I  status=SDKLog[LOG_LEVEL_DEBUG]: D 2025-11-02 07:10:25.537762 [iDST::DialogEngineImpl:1686] dialog engine rcv vad start
2025-11-02 07:10:25.538 11311-11471 RecognitionService      com.babelstream                      I  ACTION_STATUS: SDKLog[LOG_LEVEL_DEBUG]: D 2025-11-02 07:10:25.537762 [iDST::DialogEngineImpl:1686] dialog engine rcv vad start
2025-11-02 07:10:25.538 11311-11471 iDST::Dial...eImpl:1686 com.babelstream                      D  dialog engine rcv vad start
2025-11-02 07:10:25.538 11311-11471 SdkGummyClient          com.babelstream                      D  sdklog[LOG_LEVEL_INFO]: I 2025-11-02 07:10:25.538732 [iDST::DialogSched:39] test foreground_dialog[event:6/EventVadStart]
2025-11-02 07:10:25.538 11311-11471 RecognitionService      com.babelstream                      I  status=SDKLog[LOG_LEVEL_INFO]: I 2025-11-02 07:10:25.538732 [iDST::DialogSched:39] test foreground_dialog[event:6/EventVadStart]
2025-11-02 07:10:25.539 11311-11471 RecognitionService      com.babelstream                      I  ACTION_STATUS: SDKLog[LOG_LEVEL_INFO]: I 2025-11-02 07:10:25.538732 [iDST::DialogSched:39] test foreground_dialog[event:6/EventVadStart]
2025-11-02 07:10:25.539 11311-11471 iDST::DialogSched:39    com.babelstream                      I  test foreground_dialog[event:6/EventVadStart]
2025-11-02 07:10:25.539 11311-11471 SdkGummyClient          com.babelstream                      D  sdklog[LOG_LEVEL_INFO]: I 2025-11-02 07:10:25.539663 [iDST::DialogImpl:364] dialog event=EventVadStart, current state=StateStartIdle parallel_mode=false event.task_id=
2025-11-02 07:10:25.539 11311-11471 RecognitionService      com.babelstream                      I  status=SDKLog[LOG_LEVEL_INFO]: I 2025-11-02 07:10:25.539663 [iDST::DialogImpl:364] dialog event=EventVadStart, current state=StateStartIdle parallel_mode=false event.task_id=
2025-11-02 07:10:25.541 11311-11471 RecognitionService      com.babelstream                      I  ACTION_STATUS: SDKLog[LOG_LEVEL_INFO]: I 2025-11-02 07:10:25.539663 [iDST::DialogImpl:364] dialog event=EventVadStart, current state=StateStartIdle parallel_mode=false event.task_id=
2025-11-02 07:10:25.541 11311-11471 iDST::DialogImpl:364    com.babelstream                      I  dialog event=EventVadStart, current state=StateStartIdle parallel_mode=false event.task_id=
2025-11-02 07:10:25.541 11311-11471 SdkGummyClient          com.babelstream                      D  sdklog[LOG_LEVEL_INFO]: I 2025-11-02 07:10:25.541189 [iDST::DialogSched:51] foreground accepted foreground_dialog[6/EventVadStart] state set StateVoiceStage sched[false]
2025-11-02 07:10:25.541 11311-11471 RecognitionService      com.babelstream                      I  status=SDKLog[LOG_LEVEL_INFO]: I 2025-11-02 07:10:25.541189 [iDST::DialogSched:51] foreground accepted foreground_dialog[6/EventVadStart] state set StateVoiceStage sched[false]
2025-11-02 07:10:25.542 11311-11471 RecognitionService      com.babelstream                      I  ACTION_STATUS: SDKLog[LOG_LEVEL_INFO]: I 2025-11-02 07:10:25.541189 [iDST::DialogSched:51] foreground accepted foreground_dialog[6/EventVadStart] state set StateVoiceStage sched[false]
2025-11-02 07:10:25.542 11311-11471 iDST::DialogSched:51    com.babelstream                      I  foreground accepted foreground_dialog[6/EventVadStart] state set StateVoiceStage sched[false]
2025-11-02 07:10:25.542 11311-11471 SdkGummyClient          com.babelstream                      D  sdklog[LOG_LEVEL_INFO]: I 2025-11-02 07:10:25.542429 [iDST::DialogEngineImpl:1698] dialog[448a0303c7fd47aa9b6c9af081e2938c] occur vad start
2025-11-02 07:10:25.542 11311-11471 RecognitionService      com.babelstream                      I  status=SDKLog[LOG_LEVEL_INFO]: I 2025-11-02 07:10:25.542429 [iDST::DialogEngineImpl:1698] dialog[448a0303c7fd47aa9b6c9af081e2938c] occur vad start
2025-11-02 07:10:25.543 11311-11471 RecognitionService      com.babelstream                      I  ACTION_STATUS: SDKLog[LOG_LEVEL_INFO]: I 2025-11-02 07:10:25.542429 [iDST::DialogEngineImpl:1698] dialog[448a0303c7fd47aa9b6c9af081e2938c] occur vad start
2025-11-02 07:10:25.543 11311-11471 iDST::Dial...eImpl:1698 com.babelstream                      I  dialog[448a0303c7fd47aa9b6c9af081e2938c] occur vad start
2025-11-02 07:10:25.543 11311-11471 SdkGummyClient          com.babelstream                      D  sdklog[LOG_LEVEL_VERBOSE]: V 2025-11-02 07:10:25.543432 [iDST::DialogEngineImpl:67] HandleMessage what MSG_ASR_EVENT_EX
2025-11-02 07:10:25.543 11311-11471 RecognitionService      com.babelstream                      I  status=SDKLog[LOG_LEVEL_VERBOSE]: V 2025-11-02 07:10:25.543432 [iDST::DialogEngineImpl:67] HandleMessage what MSG_ASR_EVENT_EX
2025-11-02 07:10:25.544 11311-11471 RecognitionService      com.babelstream                      I  ACTION_STATUS: SDKLog[LOG_LEVEL_VERBOSE]: V 2025-11-02 07:10:25.543432 [iDST::DialogEngineImpl:67] HandleMessage what MSG_ASR_EVENT_EX
2025-11-02 07:10:25.544 11311-11471 iDST::Dial...ineImpl:67 com.babelstream                      V  HandleMessage what MSG_ASR_EVENT_EX
2025-11-02 07:10:25.544 11311-11471 SdkGummyClient          com.babelstream                      D  sdklog[LOG_LEVEL_VERBOSE]: V 2025-11-02 07:10:25.544292 [iDST::DialogEngineImpl:88] event callback EventVadStart
2025-11-02 07:10:25.544 11311-11471 RecognitionService      com.babelstream                      I  status=SDKLog[LOG_LEVEL_VERBOSE]: V 2025-11-02 07:10:25.544292 [iDST::DialogEngineImpl:88] event callback EventVadStart
2025-11-02 07:10:25.545 11311-11471 RecognitionService      com.babelstream                      I  ACTION_STATUS: SDKLog[LOG_LEVEL_VERBOSE]: V 2025-11-02 07:10:25.544292 [iDST::DialogEngineImpl:88] event callback EventVadStart
2025-11-02 07:10:25.545 11311-11471 iDST::Dial...ineImpl:88 com.babelstream                      V  event callback EventVadStart
2025-11-02 07:10:25.545 11311-11471 SdkGummyClient          com.babelstream                      D  sdklog[LOG_LEVEL_INFO]: I 2025-11-02 07:10:25.545653 [iDST::NuiAbsLayer:619] [0xb400007c7babce00] dialogListenerOnEvent 6 [kEventVadStart]
2025-11-02 07:10:25.546 11311-11471 RecognitionService      com.babelstream                      I  status=SDKLog[LOG_LEVEL_INFO]: I 2025-11-02 07:10:25.545653 [iDST::NuiAbsLayer:619] [0xb400007c7babce00] dialogListenerOnEvent 6 [kEventVadStart]
2025-11-02 07:10:25.546 11311-11471 RecognitionService      com.babelstream                      I  ACTION_STATUS: SDKLog[LOG_LEVEL_INFO]: I 2025-11-02 07:10:25.545653 [iDST::NuiAbsLayer:619] [0xb400007c7babce00] dialogListenerOnEvent 6 [kEventVadStart]
2025-11-02 07:10:25.546 11311-11471 iDST::NuiAbsLayer:619   com.babelstream                      I  [0xb400007c7babce00] dialogListenerOnEvent 6 [kEventVadStart]
2025-11-02 07:10:25.546 11311-11471 SdkGummyClient          com.babelstream                      D  sdklog[LOG_LEVEL_DEBUG]: D 2025-11-02 07:10:25.546788 [iDST::DialogEngineImpl:848] all_result is empty!
2025-11-02 07:10:25.547 11311-11471 RecognitionService      com.babelstream                      I  status=SDKLog[LOG_LEVEL_DEBUG]: D 2025-11-02 07:10:25.546788 [iDST::DialogEngineImpl:848] all_result is empty!
2025-11-02 07:10:25.547 11311-11471 RecognitionService      com.babelstream                      I  ACTION_STATUS: SDKLog[LOG_LEVEL_DEBUG]: D 2025-11-02 07:10:25.546788 [iDST::DialogEngineImpl:848] all_result is empty!
2025-11-02 07:10:25.547 11311-11471 iDST::Dial...neImpl:848 com.babelstream                      D  all_result is empty!
2025-11-02 07:10:25.548 11311-11471 SdkGummyClient          com.babelstream                      D  sdklog[LOG_LEVEL_WARNING]: W 2025-11-02 07:10:25.547899 [iDST::DialogeEngine:277] illegal length for ObtainBuffer len=-1
2025-11-02 07:10:25.548 11311-11471 RecognitionService      com.babelstream                      I  status=SDKLog[LOG_LEVEL_WARNING]: W 2025-11-02 07:10:25.547899 [iDST::DialogeEngine:277] illegal length for ObtainBuffer len=-1
2025-11-02 07:10:25.548 11311-11471 RecognitionService      com.babelstream                      I  ACTION_STATUS: SDKLog[LOG_LEVEL_WARNING]: W 2025-11-02 07:10:25.547899 [iDST::DialogeEngine:277] illegal length for ObtainBuffer len=-1
2025-11-02 07:10:25.548 11311-11471 iDST::DialogeEngine:277 com.babelstream                      W  illegal length for ObtainBuffer len=-1
2025-11-02 07:10:25.549 11311-11471 SdkGummyClient          com.babelstream                      D  sdklog[LOG_LEVEL_WARNING]: W 2025-11-02 07:10:25.549155 [iDST::NuiAbsLayer:452] GetAllResponse obtain buffer fail
2025-11-02 07:10:25.549 11311-11471 RecognitionService      com.babelstream                      I  status=SDKLog[LOG_LEVEL_WARNING]: W 2025-11-02 07:10:25.549155 [iDST::NuiAbsLayer:452] GetAllResponse obtain buffer fail
2025-11-02 07:10:25.550 11311-11471 RecognitionService      com.babelstream                      I  ACTION_STATUS: SDKLog[LOG_LEVEL_WARNING]: W 2025-11-02 07:10:25.549155 [iDST::NuiAbsLayer:452] GetAllResponse obtain buffer fail
2025-11-02 07:10:25.550 11311-11471 iDST::NuiAbsLayer:452   com.babelstream                      W  GetAllResponse obtain buffer fail
2025-11-02 07:10:25.550 11311-11471 SdkGummyClient          com.babelstream                      D  sdklog[LOG_LEVEL_INFO]: I 2025-11-02 07:10:25.550236 [iDST::NativeNui:413] got event 0:EVENT_VAD_START
2025-11-02 07:10:25.550 11311-11471 RecognitionService      com.babelstream                      I  status=SDKLog[LOG_LEVEL_INFO]: I 2025-11-02 07:10:25.550236 [iDST::NativeNui:413] got event 0:EVENT_VAD_START
2025-11-02 07:10:25.551 11311-11471 RecognitionService      com.babelstream                      I  ACTION_STATUS: SDKLog[LOG_LEVEL_INFO]: I 2025-11-02 07:10:25.550236 [iDST::NativeNui:413] got event 0:EVENT_VAD_START
2025-11-02 07:10:25.551 11311-11471 iDST::NativeNui:413     com.babelstream                      I  got event 0:EVENT_VAD_START
2025-11-02 07:10:25.551 11311-11473 SdkGummyClient          com.babelstream                      D  sdklog[LOG_LEVEL_INFO]: I 2025-11-02 07:10:25.551314 [iDST::AsrEngine:3354] OnVoiceStart finish
2025-11-02 07:10:25.551 11311-11473 RecognitionService      com.babelstream                      I  status=SDKLog[LOG_LEVEL_INFO]: I 2025-11-02 07:10:25.551314 [iDST::AsrEngine:3354] OnVoiceStart finish
2025-11-02 07:10:25.552 11311-11473 RecognitionService      com.babelstream                      I  ACTION_STATUS: SDKLog[LOG_LEVEL_INFO]: I 2025-11-02 07:10:25.551314 [iDST::AsrEngine:3354] OnVoiceStart finish
2025-11-02 07:10:25.552 11311-11473 iDST::AsrEngine:3354    com.babelstream                      I  OnVoiceStart finish
2025-11-02 07:10:25.552 11311-11473 SdkGummyClient          com.babelstream                      D  sdklog[LOG_LEVEL_VERBOSE]: V 2025-11-02 07:10:25.552410 [iDST::AsrCeiIf:652] cei callback MSG_VOICE_DATA len = 120
2025-11-02 07:10:25.552 11311-11473 RecognitionService      com.babelstream                      I  status=SDKLog[LOG_LEVEL_VERBOSE]: V 2025-11-02 07:10:25.552410 [iDST::AsrCeiIf:652] cei callback MSG_VOICE_DATA len = 120
2025-11-02 07:10:25.553 11311-11473 RecognitionService      com.babelstream                      I  ACTION_STATUS: SDKLog[LOG_LEVEL_VERBOSE]: V 2025-11-02 07:10:25.552410 [iDST::AsrCeiIf:652] cei callback MSG_VOICE_DATA len = 120
2025-11-02 07:10:25.553 11311-11473 iDST::AsrCeiIf:652      com.babelstream                      V  cei callback MSG_VOICE_DATA len = 120
2025-11-02 07:10:25.553 11311-11475 SdkGummyClient          com.babelstream                      D  sdklog[LOG_LEVEL_ERROR]: E 2025-11-02 07:10:25.553440 [iDST::NlsSt:501] send voice with null sdk request
2025-11-02 07:10:25.553 11311-11475 RecognitionService      com.babelstream                      I  status=SDKLog[LOG_LEVEL_ERROR]: E 2025-11-02 07:10:25.553440 [iDST::NlsSt:501] send voice with null sdk request
2025-11-02 07:10:25.554 11311-11475 RecognitionService      com.babelstream                      I  ACTION_STATUS: SDKLog[LOG_LEVEL_ERROR]: E 2025-11-02 07:10:25.553440 [iDST::NlsSt:501] send voice with null sdk request
2025-11-02 07:10:25.554 11311-11475 iDST::NlsSt:501         com.babelstream                      E  send voice with null sdk request
2025-11-02 07:10:25.573 11311-11477 SdkGummyClient          com.babelstream                      V  rms=-148.93898
2025-11-02 07:10:25.573 11311-11477 AlsCei::As...Impl, Main com.babelstream                      W  ved does not exist, skip ...
2025-11-02 07:10:25.574 11311-11477 SdkGummyClient          com.babelstream                      V  rms=-145.0609
2025-11-02 07:10:25.574 11311-11477 AlsCei::As...Impl, Main com.babelstream                      W  ved does not exist, skip ...
2025-11-02 07:10:25.574 11311-11477 SdkGummyClient          com.babelstream                      V  rms=-141.07462
2025-11-02 07:10:25.574 11311-11477 AlsCei::As...Impl, Main com.babelstream                      W  ved does not exist, skip ...
2025-11-02 07:10:25.575 11311-11477 SdkGummyClient          com.babelstream                      V  rms=-147.30733
2025-11-02 07:10:25.575 11311-11477 AlsCei::As...Impl, Main com.babelstream                      W  ved does not exist, skip ...
2025-11-02 07:10:25.578 11311-11479 AlsCei::SdkListener     com.babelstream                      V  OnVoiceData: 99 bytes
2025-11-02 07:10:25.578 11311-11479 SdkGummyClient          com.babelstream                      D  sdklog[LOG_LEVEL_VERBOSE]: V 2025-11-02 07:10:25.578512 [iDST::AsrCeiIf:743] cei OnVoiceData with 99bytes
2025-11-02 07:10:25.578 11311-11479 RecognitionService      com.babelstream                      I  status=SDKLog[LOG_LEVEL_VERBOSE]: V 2025-11-02 07:10:25.578512 [iDST::AsrCeiIf:743] cei OnVoiceData with 99bytes
2025-11-02 07:10:25.579 11311-11479 RecognitionService      com.babelstream                      I  ACTION_STATUS: SDKLog[LOG_LEVEL_VERBOSE]: V 2025-11-02 07:10:25.578512 [iDST::AsrCeiIf:743] cei OnVoiceData with 99bytes
2025-11-02 07:10:25.579 11311-11479 iDST::AsrCeiIf:743      com.babelstream                      V  cei OnVoiceData with 99bytes
2025-11-02 07:10:25.579 11311-11479 AlsCei::SdkListener     com.babelstream                      V  OnVoiceData: 99 bytes finished
2025-11-02 07:10:25.580 11311-11473 SdkGummyClient          com.babelstream                      D  sdklog[LOG_LEVEL_VERBOSE]: V 2025-11-02 07:10:25.579913 [iDST::AsrCeiIf:652] cei callback MSG_VOICE_DATA len = 99
2025-11-02 07:10:25.580 11311-11473 RecognitionService      com.babelstream                      I  status=SDKLog[LOG_LEVEL_VERBOSE]: V 2025-11-02 07:10:25.579913 [iDST::AsrCeiIf:652] cei callback MSG_VOICE_DATA len = 99
2025-11-02 07:10:25.581 11311-11473 RecognitionService      com.babelstream                      I  ACTION_STATUS: SDKLog[LOG_LEVEL_VERBOSE]: V 2025-11-02 07:10:25.579913 [iDST::AsrCeiIf:652] cei callback MSG_VOICE_DATA len = 99
2025-11-02 07:10:25.581 11311-11473 iDST::AsrCeiIf:652      com.babelstream                      V  cei callback MSG_VOICE_DATA len = 99
2025-11-02 07:10:25.581 11311-11475 SdkGummyClient          com.babelstream                      D  sdklog[LOG_LEVEL_ERROR]: E 2025-11-02 07:10:25.581326 [iDST::NlsSt:501] send voice with null sdk request
2025-11-02 07:10:25.581 11311-11475 RecognitionService      com.babelstream                      I  status=SDKLog[LOG_LEVEL_ERROR]: E 2025-11-02 07:10:25.581326 [iDST::NlsSt:501] send voice with null sdk request
2025-11-02 07:10:25.582 11311-11475 RecognitionService      com.babelstream                      I  ACTION_STATUS: SDKLog[LOG_LEVEL_ERROR]: E 2025-11-02 07:10:25.581326 [iDST::NlsSt:501] send voice with null sdk request
2025-11-02 07:10:25.582 11311-11475 iDST::NlsSt:501         com.babelstream                      E  send voice with null sdk request
2025-11-02 07:10:25.670 11311-11471 NativeNui_JAVA          com.babelstream                      D  nui native callback event 0
2025-11-02 07:10:25.670 11311-11471 NativeNui_JAVA          com.babelstream                      D  asrResult is null object
2025-11-02 07:10:25.670 11311-11471 RecognitionService      com.babelstream                      I  status=NuiEvent=EVENT_VAD_START, code=0
2025-11-02 07:10:25.671 11311-11471 RecognitionService      com.babelstream                      I  ACTION_STATUS: NuiEvent=EVENT_VAD_START, code=0
2025-11-02 07:10:25.672 11311-11477 SdkGummyClient          com.babelstream                      V  rms=-142.9875
2025-11-02 07:10:25.672 11311-11477 AlsCei::As...Impl, Main com.babelstream                      W  ved does not exist, skip ...
2025-11-02 07:10:25.672 11311-11471 SdkGummyClient          com.babelstream                      D  sdklog[LOG_LEVEL_VERBOSE]: V 2025-11-02 07:10:25.671666 [iDST::DialogEngineImpl:131] HandleMessage what MSG_ASR_EVENT_EX finish
2025-11-02 07:10:25.672 11311-11471 RecognitionService      com.babelstream                      I  status=SDKLog[LOG_LEVEL_VERBOSE]: V 2025-11-02 07:10:25.671666 [iDST::DialogEngineImpl:131] HandleMessage what MSG_ASR_EVENT_EX finish
2025-11-02 07:10:25.673 11311-11477 SdkGummyClient          com.babelstream                      V  rms=-146.1827
2025-11-02 07:10:25.673 11311-11477 AlsCei::As...Impl, Main com.babelstream                      W  ved does not exist, skip ...
2025-11-02 07:10:25.674 11311-11477 SdkGummyClient          com.babelstream                      V  rms=-141.90399
2025-11-02 07:10:25.674 11311-11477 AlsCei::As...Impl, Main com.babelstream                      W  ved does not exist, skip ...
2025-11-02 07:10:25.674 11311-11471 RecognitionService      com.babelstream                      I  ACTION_STATUS: SDKLog[LOG_LEVEL_VERBOSE]: V 2025-11-02 07:10:25.671666 [iDST::DialogEngineImpl:131] HandleMessage what MSG_ASR_EVENT_EX finish
2025-11-02 07:10:25.674 11311-11471 iDST::Dial...neImpl:131 com.babelstream                      V  HandleMessage what MSG_ASR_EVENT_EX finish
2025-11-02 07:10:25.674 11311-11477 SdkGummyClient          com.babelstream                      V  rms=-150.92365
2025-11-02 07:10:25.674 11311-11477 AlsCei::As...Impl, Main com.babelstream                      W  ved does not exist, skip ...
2025-11-02 07:10:25.675 11311-11477 SdkGummyClient          com.babelstream                      V  rms=-137.0124
2025-11-02 07:10:25.675 11311-11477 AlsCei::As...Impl, Main com.babelstream                      W  ved does not exist, skip ...
2025-11-02 07:10:25.680 11311-11479 AlsCei::SdkListener     com.babelstream                      V  OnVoiceData: 93 bytes
2025-11-02 07:10:25.681 11311-11479 SdkGummyClient          com.babelstream                      D  sdklog[LOG_LEVEL_VERBOSE]: V 2025-11-02 07:10:25.680952 [iDST::AsrCeiIf:743] cei OnVoiceData with 93bytes
2025-11-02 07:10:25.681 11311-11479 RecognitionService      com.babelstream                      I  status=SDKLog[LOG_LEVEL_VERBOSE]: V 2025-11-02 07:10:25.680952 [iDST::AsrCeiIf:743] cei OnVoiceData with 93bytes
2025-11-02 07:10:25.682 11311-11479 RecognitionService      com.babelstream                      I  ACTION_STATUS: SDKLog[LOG_LEVEL_VERBOSE]: V 2025-11-02 07:10:25.680952 [iDST::AsrCeiIf:743] cei OnVoiceData with 93bytes
2025-11-02 07:10:25.682 11311-11479 iDST::AsrCeiIf:743      com.babelstream                      V  cei OnVoiceData with 93bytes
2025-11-02 07:10:25.682 11311-11479 AlsCei::SdkListener     com.babelstream                      V  OnVoiceData: 93 bytes finished
2025-11-02 07:10:25.683 11311-11473 SdkGummyClient          com.babelstream                      D  sdklog[LOG_LEVEL_VERBOSE]: V 2025-11-02 07:10:25.682772 [iDST::AsrCeiIf:652] cei callback MSG_VOICE_DATA len = 93
2025-11-02 07:10:25.683 11311-11473 RecognitionService      com.babelstream                      I  status=SDKLog[LOG_LEVEL_VERBOSE]: V 2025-11-02 07:10:25.682772 [iDST::AsrCeiIf:652] cei callback MSG_VOICE_DATA len = 93
2025-11-02 07:10:25.684 11311-11473 RecognitionService      com.babelstream                      I  ACTION_STATUS: SDKLog[LOG_LEVEL_VERBOSE]: V 2025-11-02 07:10:25.682772 [iDST::AsrCeiIf:652] cei callback MSG_VOICE_DATA len = 93
2025-11-02 07:10:25.684 11311-11473 iDST::AsrCeiIf:652      com.babelstream                      V  cei callback MSG_VOICE_DATA len = 93
2025-11-02 07:10:25.685 11311-11475 SdkGummyClient          com.babelstream                      D  sdklog[LOG_LEVEL_ERROR]: E 2025-11-02 07:10:25.684571 [iDST::NlsSt:501] send voice with null sdk request
2025-11-02 07:10:25.685 11311-11475 RecognitionService      com.babelstream                      I  status=SDKLog[LOG_LEVEL_ERROR]: E 2025-11-02 07:10:25.684571 [iDST::NlsSt:501] send voice with null sdk request
2025-11-02 07:10:25.686 11311-11475 RecognitionService      com.babelstream                      I  ACTION_STATUS: SDKLog[LOG_LEVEL_ERROR]: E 2025-11-02 07:10:25.684571 [iDST::NlsSt:501] send voice with null sdk request
2025-11-02 07:10:25.686 11311-11475 iDST::NlsSt:501         com.babelstream                      E  send voice with null sdk request
2025-11-02 07:10:25.753 11311-11477 SdkGummyClient          com.babelstream                      V  rms=-133.24342
2025-11-02 07:10:25.753 11311-11477 AlsCei::As...Impl, Main com.babelstream                      W  ved does not exist, skip ...
2025-11-02 07:10:25.753 11311-11477 SdkGummyClient          com.babelstream                      V  rms=-134.50502
2025-11-02 07:10:25.754 11311-11477 AlsCei::As...Impl, Main com.babelstream                      W  ved does not exist, skip ...
2025-11-02 07:10:25.754 11311-11477 SdkGummyClient          com.babelstream                      V  rms=-140.79385
2025-11-02 07:10:25.754 11311-11477 AlsCei::As...Impl, Main com.babelstream                      W  ved does not exist, skip ...
2025-11-02 07:10:25.755 11311-11477 SdkGummyClient          com.babelstream                      V  rms=-151.74959
2025-11-02 07:10:25.755 11311-11477 AlsCei::As...Impl, Main com.babelstream                      W  ved does not exist, skip ...
2025-11-02 07:10:25.833 11311-11477 SdkGummyClient          com.babelstream                      V  rms=-159.10934
2025-11-02 07:10:25.833 11311-11477 AlsCei::As...Impl, Main com.babelstream                      W  ved does not exist, skip ...
2025-11-02 07:10:25.833 11311-11477 SdkGummyClient          com.babelstream                      V  rms=-160.0
2025-11-02 07:10:25.834 11311-11477 AlsCei::As...Impl, Main com.babelstream                      W  ved does not exist, skip ...
2025-11-02 07:10:25.834 11311-11477 SdkGummyClient          com.babelstream                      V  rms=-160.0
2025-11-02 07:10:25.834 11311-11477 AlsCei::As...Impl, Main com.babelstream                      W  ved does not exist, skip ...
2025-11-02 07:10:25.835 11311-11477 SdkGummyClient          com.babelstream                      V  rms=-160.0
2025-11-02 07:10:25.835 11311-11477 AlsCei::As...Impl, Main com.babelstream                      W  ved does not exist, skip ...
2025-11-02 07:10:25.844 11311-11479 AlsCei::SdkListener     com.babelstream                      V  OnVoiceData: 127 bytes
2025-11-02 07:10:25.844 11311-11479 SdkGummyClient          com.babelstream                      D  sdklog[LOG_LEVEL_VERBOSE]: V 2025-11-02 07:10:25.844548 [iDST::AsrCeiIf:743] cei OnVoiceData with 127bytes
2025-11-02 07:10:25.845 11311-11479 RecognitionService      com.babelstream                      I  status=SDKLog[LOG_LEVEL_VERBOSE]: V 2025-11-02 07:10:25.844548 [iDST::AsrCeiIf:743] cei OnVoiceData with 127bytes
2025-11-02 07:10:25.846 11311-11479 RecognitionService      com.babelstream                      I  ACTION_STATUS: SDKLog[LOG_LEVEL_VERBOSE]: V 2025-11-02 07:10:25.844548 [iDST::AsrCeiIf:743] cei OnVoiceData with 127bytes
2025-11-02 07:10:25.846 11311-11479 iDST::AsrCeiIf:743      com.babelstream                      V  cei OnVoiceData with 127bytes
2025-11-02 07:10:25.846 11311-11479 AlsCei::SdkListener     com.babelstream                      V  OnVoiceData: 127 bytes finished
2025-11-02 07:10:25.846 11311-11473 SdkGummyClient          com.babelstream                      D  sdklog[LOG_LEVEL_VERBOSE]: V 2025-11-02 07:10:25.846310 [iDST::AsrCeiIf:652] cei callback MSG_VOICE_DATA len = 127
2025-11-02 07:10:25.846 11311-11473 RecognitionService      com.babelstream                      I  status=SDKLog[LOG_LEVEL_VERBOSE]: V 2025-11-02 07:10:25.846310 [iDST::AsrCeiIf:652] cei callback MSG_VOICE_DATA len = 127
2025-11-02 07:10:25.847 11311-11473 RecognitionService      com.babelstream                      I  ACTION_STATUS: SDKLog[LOG_LEVEL_VERBOSE]: V 2025-11-02 07:10:25.846310 [iDST::AsrCeiIf:652] cei callback MSG_VOICE_DATA len = 127
2025-11-02 07:10:25.847 11311-11473 iDST::AsrCeiIf:652      com.babelstream                      V  cei callback MSG_VOICE_DATA len = 127
2025-11-02 07:10:25.847 11311-11475 SdkGummyClient          com.babelstream                      D  sdklog[LOG_LEVEL_ERROR]: E 2025-11-02 07:10:25.847538 [iDST::NlsSt:501] send voice with null sdk request
2025-11-02 07:10:25.847 11311-11475 RecognitionService      com.babelstream                      I  status=SDKLog[LOG_LEVEL_ERROR]: E 2025-11-02 07:10:25.847538 [iDST::NlsSt:501] send voice with null sdk request
2025-11-02 07:10:25.848 11311-11475 RecognitionService      com.babelstream                      I  ACTION_STATUS: SDKLog[LOG_LEVEL_ERROR]: E 2025-11-02 07:10:25.847538 [iDST::NlsSt:501] send voice with null sdk request
2025-11-02 07:10:25.848 11311-11475 iDST::NlsSt:501         com.babelstream                      E  send voice with null sdk request
2025-11-02 07:10:25.913 11311-11477 SdkGummyClient          com.babelstream                      V  rms=-160.0
2025-11-02 07:10:25.913 11311-11477 AlsCei::As...Impl, Main com.babelstream                      W  ved does not exist, skip ...
2025-11-02 07:10:25.914 11311-11477 SdkGummyClient          com.babelstream                      V  rms=-160.0
2025-11-02 07:10:25.914 11311-11477 AlsCei::As...Impl, Main com.babelstream                      W  ved does not exist, skip ...
2025-11-02 07:10:25.914 11311-11477 SdkGummyClient          com.babelstream                      V  rms=-160.0
2025-11-02 07:10:25.914 11311-11477 AlsCei::As...Impl, Main com.babelstream                      W  ved does not exist, skip ...
2025-11-02 07:10:25.915 11311-11477 SdkGummyClient          com.babelstream                      V  rms=-160.0
2025-11-02 07:10:25.915 11311-11477 AlsCei::As...Impl, Main com.babelstream                      W  ved does not exist, skip ...
2025-11-02 07:10:26.013 11311-11477 SdkGummyClient          com.babelstream                      V  rms=-160.0
2025-11-02 07:10:26.013 11311-11477 AlsCei::As...Impl, Main com.babelstream                      W  ved does not exist, skip ...
2025-11-02 07:10:26.014 11311-11477 SdkGummyClient          com.babelstream                      V  rms=-160.0
2025-11-02 07:10:26.014 11311-11477 AlsCei::As...Impl, Main com.babelstream                      W  ved does not exist, skip ...
2025-11-02 07:10:26.015 11311-11477 SdkGummyClient          com.babelstream                      V  rms=-160.0
2025-11-02 07:10:26.015 11311-11477 AlsCei::As...Impl, Main com.babelstream                      W  ved does not exist, skip ...
2025-11-02 07:10:26.015 11311-11477 SdkGummyClient          com.babelstream                      V  rms=-160.0
2025-11-02 07:10:26.015 11311-11477 AlsCei::As...Impl, Main com.babelstream                      W  ved does not exist, skip ...
2025-11-02 07:10:26.016 11311-11477 SdkGummyClient          com.babelstream                      V  rms=-138.2239
2025-11-02 07:10:26.016 11311-11477 AlsCei::As...Impl, Main com.babelstream                      W  ved does not exist, skip ...
2025-11-02 07:10:26.027 11311-11479 AlsCei::SdkListener     com.babelstream                      V  OnVoiceData: 111 bytes
2025-11-02 07:10:26.027 11311-11479 SdkGummyClient          com.babelstream                      D  sdklog[LOG_LEVEL_VERBOSE]: V 2025-11-02 07:10:26.027633 [iDST::AsrCeiIf:743] cei OnVoiceData with 111bytes
2025-11-02 07:10:26.027 11311-11479 RecognitionService      com.babelstream                      I  status=SDKLog[LOG_LEVEL_VERBOSE]: V 2025-11-02 07:10:26.027633 [iDST::AsrCeiIf:743] cei OnVoiceData with 111bytes
2025-11-02 07:10:26.028 11311-11479 RecognitionService      com.babelstream                      I  ACTION_STATUS: SDKLog[LOG_LEVEL_VERBOSE]: V 2025-11-02 07:10:26.027633 [iDST::AsrCeiIf:743] cei OnVoiceData with 111bytes
2025-11-02 07:10:26.029 11311-11479 iDST::AsrCeiIf:743      com.babelstream                      V  cei OnVoiceData with 111bytes
2025-11-02 07:10:26.029 11311-11479 AlsCei::SdkListener     com.babelstream                      V  OnVoiceData: 111 bytes finished
2025-11-02 07:10:26.029 11311-11473 SdkGummyClient          com.babelstream                      D  sdklog[LOG_LEVEL_VERBOSE]: V 2025-11-02 07:10:26.029327 [iDST::AsrCeiIf:652] cei callback MSG_VOICE_DATA len = 111
2025-11-02 07:10:26.029 11311-11473 RecognitionService      com.babelstream                      I  status=SDKLog[LOG_LEVEL_VERBOSE]: V 2025-11-02 07:10:26.029327 [iDST::AsrCeiIf:652] cei callback MSG_VOICE_DATA len = 111
2025-11-02 07:10:26.030 11311-11473 RecognitionService      com.babelstream                      I  ACTION_STATUS: SDKLog[LOG_LEVEL_VERBOSE]: V 2025-11-02 07:10:26.029327 [iDST::AsrCeiIf:652] cei callback MSG_VOICE_DATA len = 111
2025-11-02 07:10:26.030 11311-11473 iDST::AsrCeiIf:652      com.babelstream                      V  cei callback MSG_VOICE_DATA len = 111
2025-11-02 07:10:26.030 11311-11475 SdkGummyClient          com.babelstream                      D  sdklog[LOG_LEVEL_ERROR]: E 2025-11-02 07:10:26.030569 [iDST::NlsSt:501] send voice with null sdk request
2025-11-02 07:10:26.030 11311-11475 RecognitionService      com.babelstream                      I  status=SDKLog[LOG_LEVEL_ERROR]: E 2025-11-02 07:10:26.030569 [iDST::NlsSt:501] send voice with null sdk request
2025-11-02 07:10:26.031 11311-11475 RecognitionService      com.babelstream                      I  ACTION_STATUS: SDKLog[LOG_LEVEL_ERROR]: E 2025-11-02 07:10:26.030569 [iDST::NlsSt:501] send voice with null sdk request
2025-11-02 07:10:26.031 11311-11475 iDST::NlsSt:501         com.babelstream                      E  send voice with null sdk request
2025-11-02 07:10:26.093 11311-11477 SdkGummyClient          com.babelstream                      V  rms=-118.82384
2025-11-02 07:10:26.093 11311-11477 AlsCei::As...Impl, Main com.babelstream                      W  ved does not exist, skip ...
2025-11-02 07:10:26.094 11311-11477 SdkGummyClient          com.babelstream                      V  rms=-126.99378
2025-11-02 07:10:26.094 11311-11477 AlsCei::As...Impl, Main com.babelstream                      W  ved does not exist, skip ...
2025-11-02 07:10:26.094 11311-11477 SdkGummyClient          com.babelstream                      V  rms=-141.59322
2025-11-02 07:10:26.095 11311-11477 AlsCei::As...Impl, Main com.babelstream                      W  ved does not exist, skip ...
2025-11-02 07:10:26.095 11311-11477 SdkGummyClient          com.babelstream                      V  rms=-141.1741
2025-11-02 07:10:26.095 11311-11477 AlsCei::As...Impl, Main com.babelstream                      W  ved does not exist, skip ...
2025-11-02 07:10:26.173 11311-11477 SdkGummyClient          com.babelstream                      V  rms=-91.83545
2025-11-02 07:10:26.173 11311-11477 AlsCei::As...Impl, Main com.babelstream                      W  ved does not exist, skip ...
2025-11-02 07:10:26.174 11311-11477 SdkGummyClient          com.babelstream                      V  rms=-55.81072
2025-11-02 07:10:26.174 11311-11477 AlsCei::As...Impl, Main com.babelstream                      W  ved does not exist, skip ...
2025-11-02 07:10:26.174 11311-11477 SdkGummyClient          com.babelstream                      V  rms=-46.719566
2025-11-02 07:10:26.174 11311-11477 AlsCei::As...Impl, Main com.babelstream                      W  ved does not exist, skip ...
2025-11-02 07:10:26.175 11311-11477 SdkGummyClient          com.babelstream                      V  rms=-43.61452
2025-11-02 07:10:26.175 11311-11477 AlsCei::As...Impl, Main com.babelstream                      W  ved does not exist, skip ...
2025-11-02 07:10:26.190 11311-11479 AlsCei::SdkListener     com.babelstream                      V  OnVoiceData: 307 bytes
2025-11-02 07:10:26.190 11311-11479 SdkGummyClient          com.babelstream                      D  sdklog[LOG_LEVEL_VERBOSE]: V 2025-11-02 07:10:26.190488 [iDST::AsrCeiIf:743] cei OnVoiceData with 307bytes
2025-11-02 07:10:26.190 11311-11479 RecognitionService      com.babelstream                      I  status=SDKLog[LOG_LEVEL_VERBOSE]: V 2025-11-02 07:10:26.190488 [iDST::AsrCeiIf:743] cei OnVoiceData with 307bytes
2025-11-02 07:10:26.191 11311-11479 RecognitionService      com.babelstream                      I  ACTION_STATUS: SDKLog[LOG_LEVEL_VERBOSE]: V 2025-11-02 07:10:26.190488 [iDST::AsrCeiIf:743] cei OnVoiceData with 307bytes
2025-11-02 07:10:26.191 11311-11479 iDST::AsrCeiIf:743      com.babelstream                      V  cei OnVoiceData with 307bytes
2025-11-02 07:10:26.191 11311-11479 AlsCei::SdkListener     com.babelstream                      V  OnVoiceData: 307 bytes finished
2025-11-02 07:10:26.192 11311-11473 SdkGummyClient          com.babelstream                      D  sdklog[LOG_LEVEL_VERBOSE]: V 2025-11-02 07:10:26.191941 [iDST::AsrCeiIf:652] cei callback MSG_VOICE_DATA len = 307
2025-11-02 07:10:26.192 11311-11473 RecognitionService      com.babelstream                      I  status=SDKLog[LOG_LEVEL_VERBOSE]: V 2025-11-02 07:10:26.191941 [iDST::AsrCeiIf:652] cei callback MSG_VOICE_DATA len = 307
2025-11-02 07:10:26.192 11311-11473 RecognitionService      com.babelstream                      I  ACTION_STATUS: SDKLog[LOG_LEVEL_VERBOSE]: V 2025-11-02 07:10:26.191941 [iDST::AsrCeiIf:652] cei callback MSG_VOICE_DATA len = 307
2025-11-02 07:10:26.193 11311-11473 iDST::AsrCeiIf:652      com.babelstream                      V  cei callback MSG_VOICE_DATA len = 307
2025-11-02 07:10:26.193 11311-11475 SdkGummyClient          com.babelstream                      D  sdklog[LOG_LEVEL_ERROR]: E 2025-11-02 07:10:26.193255 [iDST::NlsSt:501] send voice with null sdk request
2025-11-02 07:10:26.193 11311-11475 RecognitionService      com.babelstream                      I  status=SDKLog[LOG_LEVEL_ERROR]: E 2025-11-02 07:10:26.193255 [iDST::NlsSt:501] send voice with null sdk request
2025-11-02 07:10:26.194 11311-11475 RecognitionService      com.babelstream                      I  ACTION_STATUS: SDKLog[LOG_LEVEL_ERROR]: E 2025-11-02 07:10:26.193255 [iDST::NlsSt:501] send voice with null sdk request
2025-11-02 07:10:26.194 11311-11475 iDST::NlsSt:501         com.babelstream                      E  send voice with null sdk request
2025-11-02 07:10:26.252 11311-11477 SdkGummyClient          com.babelstream                      V  rms=-38.76901
2025-11-02 07:10:26.252 11311-11477 AlsCei::As...Impl, Main com.babelstream                      W  ved does not exist, skip ...
2025-11-02 07:10:26.254 11311-11477 SdkGummyClient          com.babelstream                      V  rms=-35.657387
2025-11-02 07:10:26.254 11311-11477 AlsCei::As...Impl, Main com.babelstream                      W  ved does not exist, skip ...
2025-11-02 07:10:26.255 11311-11477 SdkGummyClient          com.babelstream                      V  rms=-34.805138
2025-11-02 07:10:26.255 11311-11477 AlsCei::As...Impl, Main com.babelstream                      W  ved does not exist, skip ...
2025-11-02 07:10:26.257 11311-11477 SdkGummyClient          com.babelstream                      V  rms=-33.629036
2025-11-02 07:10:26.257 11311-11477 AlsCei::As...Impl, Main com.babelstream                      W  ved does not exist, skip ...
2025-11-02 07:10:26.351 11311-11477 SdkGummyClient          com.babelstream                      V  rms=-35.233097
2025-11-02 07:10:26.351 11311-11477 AlsCei::As...Impl, Main com.babelstream                      W  ved does not exist, skip ...
2025-11-02 07:10:26.352 11311-11477 SdkGummyClient          com.babelstream                      V  rms=-34.60318
2025-11-02 07:10:26.352 11311-11477 AlsCei::As...Impl, Main com.babelstream                      W  ved does not exist, skip ...
2025-11-02 07:10:26.352 11311-11477 SdkGummyClient          com.babelstream                      V  rms=-37.08971
2025-11-02 07:10:26.352 11311-11477 AlsCei::As...Impl, Main com.babelstream                      W  ved does not exist, skip ...
2025-11-02 07:10:26.353 11311-11477 SdkGummyClient          com.babelstream                      V  rms=-36.396725
2025-11-02 07:10:26.353 11311-11477 AlsCei::As...Impl, Main com.babelstream                      W  ved does not exist, skip ...
2025-11-02 07:10:26.354 11311-11477 SdkGummyClient          com.babelstream                      V  rms=-38.49209
2025-11-02 07:10:26.354 11311-11477 AlsCei::As...Impl, Main com.babelstream                      W  ved does not exist, skip ...
2025-11-02 07:10:26.365 11311-11479 AlsCei::SdkListener     com.babelstream                      V  OnVoiceData: 327 bytes
2025-11-02 07:10:26.366 11311-11479 SdkGummyClient          com.babelstream                      D  sdklog[LOG_LEVEL_VERBOSE]: V 2025-11-02 07:10:26.365950 [iDST::AsrCeiIf:743] cei OnVoiceData with 327bytes
2025-11-02 07:10:26.366 11311-11479 RecognitionService      com.babelstream                      I  status=SDKLog[LOG_LEVEL_VERBOSE]: V 2025-11-02 07:10:26.365950 [iDST::AsrCeiIf:743] cei OnVoiceData with 327bytes
2025-11-02 07:10:26.367 11311-11479 RecognitionService      com.babelstream                      I  ACTION_STATUS: SDKLog[LOG_LEVEL_VERBOSE]: V 2025-11-02 07:10:26.365950 [iDST::AsrCeiIf:743] cei OnVoiceData with 327bytes
2025-11-02 07:10:26.367 11311-11479 iDST::AsrCeiIf:743      com.babelstream                      V  cei OnVoiceData with 327bytes
2025-11-02 07:10:26.367 11311-11479 AlsCei::SdkListener     com.babelstream                      V  OnVoiceData: 327 bytes finished
2025-11-02 07:10:26.367 11311-11473 SdkGummyClient          com.babelstream                      D  sdklog[LOG_LEVEL_VERBOSE]: V 2025-11-02 07:10:26.367441 [iDST::AsrCeiIf:652] cei callback MSG_VOICE_DATA len = 327
2025-11-02 07:10:26.367 11311-11473 RecognitionService      com.babelstream                      I  status=SDKLog[LOG_LEVEL_VERBOSE]: V 2025-11-02 07:10:26.367441 [iDST::AsrCeiIf:652] cei callback MSG_VOICE_DATA len = 327
2025-11-02 07:10:26.368 11311-11473 RecognitionService      com.babelstream                      I  ACTION_STATUS: SDKLog[LOG_LEVEL_VERBOSE]: V 2025-11-02 07:10:26.367441 [iDST::AsrCeiIf:652] cei callback MSG_VOICE_DATA len = 327
2025-11-02 07:10:26.368 11311-11473 iDST::AsrCeiIf:652      com.babelstream                      V  cei callback MSG_VOICE_DATA len = 327
2025-11-02 07:10:26.368 11311-11475 SdkGummyClient          com.babelstream                      D  sdklog[LOG_LEVEL_ERROR]: E 2025-11-02 07:10:26.368594 [iDST::NlsSt:501] send voice with null sdk request
2025-11-02 07:10:26.368 11311-11475 RecognitionService      com.babelstream                      I  status=SDKLog[LOG_LEVEL_ERROR]: E 2025-11-02 07:10:26.368594 [iDST::NlsSt:501] send voice with null sdk request
2025-11-02 07:10:26.369 11311-11475 RecognitionService      com.babelstream                      I  ACTION_STATUS: SDKLog[LOG_LEVEL_ERROR]: E 2025-11-02 07:10:26.368594 [iDST::NlsSt:501] send voice with null sdk request
2025-11-02 07:10:26.369 11311-11475 iDST::NlsSt:501         com.babelstream                      E  send voice with null sdk request
2025-11-02 07:10:26.426 11311-11468 AudioCaptureManager     com.babelstream                      I  level=64
2025-11-02 07:10:26.432 11311-11477 SdkGummyClient          com.babelstream                      V  rms=-38.56147
2025-11-02 07:10:26.432 11311-11477 AlsCei::As...Impl, Main com.babelstream                      W  ved does not exist, skip ...
2025-11-02 07:10:26.432 11311-11477 SdkGummyClient          com.babelstream                      V  rms=-41.29478
2025-11-02 07:10:26.432 11311-11477 AlsCei::As...Impl, Main com.babelstream                      W  ved does not exist, skip ...
2025-11-02 07:10:26.433 11311-11477 SdkGummyClient          com.babelstream                      V  rms=-41.560722
2025-11-02 07:10:26.433 11311-11477 AlsCei::As...Impl, Main com.babelstream                      W  ved does not exist, skip ...
2025-11-02 07:10:26.434 11311-11477 SdkGummyClient          com.babelstream                      V  rms=-42.983395
2025-11-02 07:10:26.434 11311-11477 AlsCei::As...Impl, Main com.babelstream                      W  ved does not exist, skip ...
2025-11-02 07:10:26.511 11311-11477 SdkGummyClient          com.babelstream                      V  rms=-44.636047
2025-11-02 07:10:26.511 11311-11477 AlsCei::As...Impl, Main com.babelstream                      W  ved does not exist, skip ...
2025-11-02 07:10:26.512 11311-11468 RecognitionService      com.babelstream                      I  level=61
2025-11-02 07:10:26.512 11311-11477 SdkGummyClient          com.babelstream                      V  rms=-43.587032
2025-11-02 07:10:26.512 11311-11477 AlsCei::As...Impl, Main com.babelstream                      W  ved does not exist, skip ...
2025-11-02 07:10:26.513 11311-11477 SdkGummyClient          com.babelstream                      V  rms=-45.24477
2025-11-02 07:10:26.513 11311-11477 AlsCei::As...Impl, Main com.babelstream                      W  ved does not exist, skip ...
2025-11-02 07:10:26.514 11311-11477 SdkGummyClient          com.babelstream                      V  rms=-44.727177
2025-11-02 07:10:26.514 11311-11477 AlsCei::As...Impl, Main com.babelstream                      W  ved does not exist, skip ...
2025-11-02 07:10:26.528 11311-11479 AlsCei::SdkListener     com.babelstream                      V  OnVoiceData: 318 bytes
2025-11-02 07:10:26.529 11311-11479 SdkGummyClient          com.babelstream                      D  sdklog[LOG_LEVEL_VERBOSE]: V 2025-11-02 07:10:26.528566 [iDST::AsrCeiIf:743] cei OnVoiceData with 318bytes
2025-11-02 07:10:26.529 11311-11479 RecognitionService      com.babelstream                      I  status=SDKLog[LOG_LEVEL_VERBOSE]: V 2025-11-02 07:10:26.528566 [iDST::AsrCeiIf:743] cei OnVoiceData with 318bytes
2025-11-02 07:10:26.530 11311-11479 RecognitionService      com.babelstream                      I  ACTION_STATUS: SDKLog[LOG_LEVEL_VERBOSE]: V 2025-11-02 07:10:26.528566 [iDST::AsrCeiIf:743] cei OnVoiceData with 318bytes
2025-11-02 07:10:26.530 11311-11479 iDST::AsrCeiIf:743      com.babelstream                      V  cei OnVoiceData with 318bytes
2025-11-02 07:10:26.531 11311-11479 AlsCei::SdkListener     com.babelstream                      V  OnVoiceData: 318 bytes finished
2025-11-02 07:10:26.531 11311-11473 SdkGummyClient          com.babelstream                      D  sdklog[LOG_LEVEL_VERBOSE]: V 2025-11-02 07:10:26.530993 [iDST::AsrCeiIf:652] cei callback MSG_VOICE_DATA len = 318
2025-11-02 07:10:26.531 11311-11473 RecognitionService      com.babelstream                      I  status=SDKLog[LOG_LEVEL_VERBOSE]: V 2025-11-02 07:10:26.530993 [iDST::AsrCeiIf:652] cei callback MSG_VOICE_DATA len = 318
2025-11-02 07:10:26.532 11311-11473 RecognitionService      com.babelstream                      I  ACTION_STATUS: SDKLog[LOG_LEVEL_VERBOSE]: V 2025-11-02 07:10:26.530993 [iDST::AsrCeiIf:652] cei callback MSG_VOICE_DATA len = 318
2025-11-02 07:10:26.532 11311-11473 iDST::AsrCeiIf:652      com.babelstream                      V  cei callback MSG_VOICE_DATA len = 318
2025-11-02 07:10:26.532 11311-11475 SdkGummyClient          com.babelstream                      D  sdklog[LOG_LEVEL_ERROR]: E 2025-11-02 07:10:26.532350 [iDST::NlsSt:501] send voice with null sdk request
2025-11-02 07:10:26.532 11311-11475 RecognitionService      com.babelstream                      I  status=SDKLog[LOG_LEVEL_ERROR]: E 2025-11-02 07:10:26.532350 [iDST::NlsSt:501] send voice with null sdk request
2025-11-02 07:10:26.534 11311-11475 RecognitionService      com.babelstream                      I  ACTION_STATUS: SDKLog[LOG_LEVEL_ERROR]: E 2025-11-02 07:10:26.532350 [iDST::NlsSt:501] send voice with null sdk request
2025-11-02 07:10:26.534 11311-11475 iDST::NlsSt:501         com.babelstream                      E  send voice with null sdk request
2025-11-02 07:10:26.592 11311-11477 SdkGummyClient          com.babelstream                      V  rms=-46.24802
2025-11-02 07:10:26.592 11311-11477 AlsCei::As...Impl, Main com.babelstream                      W  ved does not exist, skip ...
2025-11-02 07:10:26.593 11311-11477 SdkGummyClient          com.babelstream                      V  rms=-47.577602
2025-11-02 07:10:26.593 11311-11477 AlsCei::As...Impl, Main com.babelstream                      W  ved does not exist, skip ...
2025-11-02 07:10:26.594 11311-11477 SdkGummyClient          com.babelstream                      V  rms=-50.867752
2025-11-02 07:10:26.594 11311-11477 AlsCei::As...Impl, Main com.babelstream                      W  ved does not exist, skip ...
2025-11-02 07:10:26.594 11311-11477 SdkGummyClient          com.babelstream                      V  rms=-51.33703
2025-11-02 07:10:26.594 11311-11477 AlsCei::As...Impl, Main com.babelstream                      W  ved does not exist, skip ...
2025-11-02 07:10:26.595 11311-11477 SdkGummyClient          com.babelstream                      V  rms=-56.376083
2025-11-02 07:10:26.595 11311-11477 AlsCei::As...Impl, Main com.babelstream                      W  ved does not exist, skip ...
2025-11-02 07:10:26.611 11311-11479 AlsCei::SdkListener     com.babelstream                      V  OnVoiceData: 236 bytes
2025-11-02 07:10:26.611 11311-11479 SdkGummyClient          com.babelstream                      D  sdklog[LOG_LEVEL_VERBOSE]: V 2025-11-02 07:10:26.611642 [iDST::AsrCeiIf:743] cei OnVoiceData with 236bytes
2025-11-02 07:10:26.612 11311-11479 RecognitionService      com.babelstream                      I  status=SDKLog[LOG_LEVEL_VERBOSE]: V 2025-11-02 07:10:26.611642 [iDST::AsrCeiIf:743] cei OnVoiceData with 236bytes
2025-11-02 07:10:26.613 11311-11479 RecognitionService      com.babelstream                      I  ACTION_STATUS: SDKLog[LOG_LEVEL_VERBOSE]: V 2025-11-02 07:10:26.611642 [iDST::AsrCeiIf:743] cei OnVoiceData with 236bytes
2025-11-02 07:10:26.613 11311-11479 iDST::AsrCeiIf:743      com.babelstream                      V  cei OnVoiceData with 236bytes
2025-11-02 07:10:26.613 11311-11479 AlsCei::SdkListener     com.babelstream                      V  OnVoiceData: 236 bytes finished
2025-11-02 07:10:26.614 11311-11473 SdkGummyClient          com.babelstream                      D  sdklog[LOG_LEVEL_VERBOSE]: V 2025-11-02 07:10:26.613755 [iDST::AsrCeiIf:652] cei callback MSG_VOICE_DATA len = 236
2025-11-02 07:10:26.614 11311-11473 RecognitionService      com.babelstream                      I  status=SDKLog[LOG_LEVEL_VERBOSE]: V 2025-11-02 07:10:26.613755 [iDST::AsrCeiIf:652] cei callback MSG_VOICE_DATA len = 236
2025-11-02 07:10:26.615 11311-11473 RecognitionService      com.babelstream                      I  ACTION_STATUS: SDKLog[LOG_LEVEL_VERBOSE]: V 2025-11-02 07:10:26.613755 [iDST::AsrCeiIf:652] cei callback MSG_VOICE_DATA len = 236
2025-11-02 07:10:26.615 11311-11473 iDST::AsrCeiIf:652      com.babelstream                      V  cei callback MSG_VOICE_DATA len = 236
2025-11-02 07:10:26.615 11311-11475 SdkGummyClient          com.babelstream                      D  sdklog[LOG_LEVEL_ERROR]: E 2025-11-02 07:10:26.615333 [iDST::NlsSt:501] send voice with null sdk request
2025-11-02 07:10:26.615 11311-11475 RecognitionService      com.babelstream                      I  status=SDKLog[LOG_LEVEL_ERROR]: E 2025-11-02 07:10:26.615333 [iDST::NlsSt:501] send voice with null sdk request
2025-11-02 07:10:26.616 11311-11475 RecognitionService      com.babelstream                      I  ACTION_STATUS: SDKLog[LOG_LEVEL_ERROR]: E 2025-11-02 07:10:26.615333 [iDST::NlsSt:501] send voice with null sdk request
2025-11-02 07:10:26.616 11311-11475 iDST::NlsSt:501         com.babelstream                      E  send voice with null sdk request
2025-11-02 07:10:26.693 11311-11477 SdkGummyClient          com.babelstream                      V  rms=-60.881947
2025-11-02 07:10:26.694 11311-11477 AlsCei::As...Impl, Main com.babelstream                      W  ved does not exist, skip ...
2025-11-02 07:10:26.694 11311-11477 SdkGummyClient          com.babelstream                      V  rms=-66.67856
