2025-11-02 07:10:25.412 11311-11472 Idec::WaveDebug         com.babelstream                      I  open debug file /storage/emulated/0/Android/data/com.babelstream/cache/debug/20251102_071025/origin_0.wav to write
2025-11-02 07:10:25.412 11311-11472 AlsCei::AsrCeiImpl, Sr  com.babelstream                      I  start sr with grammar default_tag [begin]
2025-11-02 07:10:25.412 11311-11472 Idec::WaveDebug         com.babelstream                      I  open debug file /storage/emulated/0/Android/data/com.babelstream/cache/debug/20251102_071025/sr_0.wav to write
2025-11-02 07:10:25.413 11311-11472 AlsSdk::SrImpl, Main    com.babelstream                      I  create encode thread [begin]
2025-11-02 07:10:25.413 11311-11472 AlsSdk::SrImpl, Main    com.babelstream                      I  create encode thread [done]
2025-11-02 07:10:25.413 11311-11472 AlsSdk::SrImpl, Main    com.babelstream                      I  create callback thread [begin]
2025-11-02 07:10:25.413 11311-11478 AlsSdk::SrImpl, Encode  com.babelstream                      I  encode thread started
2025-11-02 07:10:25.413 11311-11472 AlsSdk::SrImpl, Main    com.babelstream                      I  create callback thread [done]
2025-11-02 07:10:25.413 11311-11479 AlsSdk::Sr..., Callback com.babelstream                      I  callback thread started
2025-11-02 07:10:25.413 11311-11472 AlsCei::AsrCeiImpl, Sr  com.babelstream                      I  start sr with grammar default_tag [done]
2025-11-02 07:10:25.413 11311-11472 AlsCei::As...Impl, Main com.babelstream                      W  ignore local engine, skip StartVed ...
2025-11-02 07:10:25.413 11311-11478 AlsSdk::AliOpus         com.babelstream                      I  framesamplenum:320
2025-11-02 07:10:25.413 11311-11472 SdkGummyClient          com.babelstream                      D  sdklog[LOG_LEVEL_INFO]: I 2025-11-02 07:10:25.413271 [iDST::RecorderManager:882] RecorderManager(0xb400007c7ba824d0) RecorderThread(0xb400007ce680ad80) start
2025-11-02 07:10:25.413 11311-11472 RecognitionService      com.babelstream                      I  status=SDKLog[LOG_LEVEL_INFO]: I 2025-11-02 07:10:25.413271 [iDST::RecorderManager:882] RecorderManager(0xb400007c7ba824d0) RecorderThread(0xb400007ce680ad80) start
2025-11-02 07:10:25.414 11311-11472 RecognitionService      com.babelstream                      I  ACTION_STATUS: SDKLog[LOG_LEVEL_INFO]: I 2025-11-02 07:10:25.413271 [iDST::RecorderManager:882] RecorderManager(0xb400007c7ba824d0) RecorderThread(0xb400007ce680ad80) start
2025-11-02 07:10:25.414 11311-11472 iDST::Reco...anager:882 com.babelstream                      I  RecorderManager(0xb400007c7ba824d0) RecorderThread(0xb400007ce680ad80) start
2025-11-02 07:10:25.414 11311-11477 SdkGummyClient          com.babelstream                      D  sdklog[LOG_LEVEL_INFO]: I 2025-11-02 07:10:25.414476 [iDST::RecorderManager:241] RecorderThread(0xb400007ce680ad80) start
2025-11-02 07:10:25.414 11311-11477 RecognitionService      com.babelstream                      I  status=SDKLog[LOG_LEVEL_INFO]: I 2025-11-02 07:10:25.414476 [iDST::RecorderManager:241] RecorderThread(0xb400007ce680ad80) start
2025-11-02 07:10:25.415 11311-11477 RecognitionService      com.babelstream                      I  ACTION_STATUS: SDKLog[LOG_LEVEL_INFO]: I 2025-11-02 07:10:25.414476 [iDST::RecorderManager:241] RecorderThread(0xb400007ce680ad80) start
2025-11-02 07:10:25.416 11311-11477 iDST::Reco...anager:241 com.babelstream                      I  RecorderThread(0xb400007ce680ad80) start
2025-11-02 07:10:25.416 11311-11476 SdkGummyClient          com.babelstream                      D  sdklog[LOG_LEVEL_INFO]: I 2025-11-02 07:10:25.416161 [iDST::AudioManagerIf:64] kAudioStateOpen
2025-11-02 07:10:25.416 11311-11476 RecognitionService      com.babelstream                      I  status=SDKLog[LOG_LEVEL_INFO]: I 2025-11-02 07:10:25.416161 [iDST::AudioManagerIf:64] kAudioStateOpen
2025-11-02 07:10:25.417 11311-11476 RecognitionService      com.babelstream                      I  ACTION_STATUS: SDKLog[LOG_LEVEL_INFO]: I 2025-11-02 07:10:25.416161 [iDST::AudioManagerIf:64] kAudioStateOpen
2025-11-02 07:10:25.417 11311-11476 iDST::AudioManagerIf:64 com.babelstream                      I  kAudioStateOpen
2025-11-02 07:10:25.417 11311-11476 SdkGummyClient          com.babelstream                      D  sdklog[LOG_LEVEL_INFO]: I 2025-11-02 07:10:25.417598 [iDST::NativeNui:533] [0xb400007cdbddee68] audio state change to 0(0:OPEN 1:PAUSE 2:CLOSE)
2025-11-02 07:10:25.417 11311-11476 RecognitionService      com.babelstream                      I  status=SDKLog[LOG_LEVEL_INFO]: I 2025-11-02 07:10:25.417598 [iDST::NativeNui:533] [0xb400007cdbddee68] audio state change to 0(0:OPEN 1:PAUSE 2:CLOSE)
2025-11-02 07:10:25.418 11311-11476 RecognitionService      com.babelstream                      I  ACTION_STATUS: SDKLog[LOG_LEVEL_INFO]: I 2025-11-02 07:10:25.417598 [iDST::NativeNui:533] [0xb400007cdbddee68] audio state change to 0(0:OPEN 1:PAUSE 2:CLOSE)
2025-11-02 07:10:25.418 11311-11476 iDST::NativeNui:533     com.babelstream                      I  [0xb400007cdbddee68] audio state change to 0(0:OPEN 1:PAUSE 2:CLOSE)
2025-11-02 07:10:25.418 11311-11476 SdkGummyClient          com.babelstream                      I  audioState=STATE_OPEN
2025-11-02 07:10:25.418 11311-11476 SdkGummyClient          com.babelstream                      D  sdklog[LOG_LEVEL_INFO]: I 2025-11-02 07:10:25.418926 [iDST::NativeNui:536] [0xb400007cdbddee68] audio state callback done
2025-11-02 07:10:25.419 11311-11476 RecognitionService      com.babelstream                      I  status=SDKLog[LOG_LEVEL_INFO]: I 2025-11-02 07:10:25.418926 [iDST::NativeNui:536] [0xb400007cdbddee68] audio state callback done
2025-11-02 07:10:25.419 11311-11476 RecognitionService      com.babelstream                      I  ACTION_STATUS: SDKLog[LOG_LEVEL_INFO]: I 2025-11-02 07:10:25.418926 [iDST::NativeNui:536] [0xb400007cdbddee68] audio state callback done
2025-11-02 07:10:25.419 11311-11476 iDST::NativeNui:536     com.babelstream                      I  [0xb400007cdbddee68] audio state callback done
2025-11-02 07:10:25.420 11311-11477 SdkGummyClient          com.babelstream                      D  sdklog[LOG_LEVEL_INFO]: I 2025-11-02 07:10:25.419783 [iDST::AudioManagerIf:169] wait open complete
2025-11-02 07:10:25.420 11311-11477 RecognitionService      com.babelstream                      I  status=SDKLog[LOG_LEVEL_INFO]: I 2025-11-02 07:10:25.419783 [iDST::AudioManagerIf:169] wait open complete
2025-11-02 07:10:25.421 11311-11477 RecognitionService      com.babelstream                      I  ACTION_STATUS: SDKLog[LOG_LEVEL_INFO]: I 2025-11-02 07:10:25.419783 [iDST::AudioManagerIf:169] wait open complete
2025-11-02 07:10:25.421 11311-11477 iDST::Audi...agerIf:169 com.babelstream                      I  wait open complete
2025-11-02 07:10:25.421 11311-11477 SdkGummyClient          com.babelstream                      D  sdklog[LOG_LEVEL_INFO]: I 2025-11-02 07:10:25.421303 [iDST::RecorderManager:273] use recording interval 10, first provide data will callback 50ms later.
2025-11-02 07:10:25.421 11311-11477 RecognitionService      com.babelstream                      I  status=SDKLog[LOG_LEVEL_INFO]: I 2025-11-02 07:10:25.421303 [iDST::RecorderManager:273] use recording interval 10, first provide data will callback 50ms later.
2025-11-02 07:10:25.422 11311-11477 RecognitionService      com.babelstream                      I  ACTION_STATUS: SDKLog[LOG_LEVEL_INFO]: I 2025-11-02 07:10:25.421303 [iDST::RecorderManager:273] use recording interval 10, first provide data will callback 50ms later.
2025-11-02 07:10:25.422 11311-11477 iDST::Reco...anager:273 com.babelstream                      I  use recording interval 10, first provide data will callback 50ms later.
2025-11-02 07:10:25.422 11311-11472 SdkGummyClient          com.babelstream                      D  sdklog[LOG_LEVEL_INFO]: I 2025-11-02 07:10:25.422289 [iDST::RecorderManager:123] start end
2025-11-02 07:10:25.422 11311-11472 RecognitionService      com.babelstream                      I  status=SDKLog[LOG_LEVEL_INFO]: I 2025-11-02 07:10:25.422289 [iDST::RecorderManager:123] start end
2025-11-02 07:10:25.423 11311-11472 RecognitionService      com.babelstream                      I  ACTION_STATUS: SDKLog[LOG_LEVEL_INFO]: I 2025-11-02 07:10:25.422289 [iDST::RecorderManager:123] start end
2025-11-02 07:10:25.423 11311-11472 iDST::Reco...anager:123 com.babelstream                      I  start end
2025-11-02 07:10:25.423 11311-11469 SdkGummyClient          com.babelstream                      D  sdklog[LOG_LEVEL_INFO]: I 2025-11-02 07:10:25.423290 [iDST::NuiAbsLayer:619] [0xb400007c7babce00] dialogListenerOnEvent 0 [kEventAsrInitialized]
2025-11-02 07:10:25.423 11311-11469 RecognitionService      com.babelstream                      I  status=SDKLog[LOG_LEVEL_INFO]: I 2025-11-02 07:10:25.423290 [iDST::NuiAbsLayer:619] [0xb400007c7babce00] dialogListenerOnEvent 0 [kEventAsrInitialized]
2025-11-02 07:10:25.424 11311-11469 RecognitionService      com.babelstream                      I  ACTION_STATUS: SDKLog[LOG_LEVEL_INFO]: I 2025-11-02 07:10:25.423290 [iDST::NuiAbsLayer:619] [0xb400007c7babce00] dialogListenerOnEvent 0 [kEventAsrInitialized]
2025-11-02 07:10:25.424 11311-11469 iDST::NuiAbsLayer:619   com.babelstream                      I  [0xb400007c7babce00] dialogListenerOnEvent 0 [kEventAsrInitialized]
2025-11-02 07:10:25.424 11311-11469 SdkGummyClient          com.babelstream                      D  sdklog[LOG_LEVEL_DEBUG]: D 2025-11-02 07:10:25.424234 [iDST::NuiAbsLayer:976] invalid event 0 [kEventAsrInitialized]
2025-11-02 07:10:25.424 11311-11469 RecognitionService      com.babelstream                      I  status=SDKLog[LOG_LEVEL_DEBUG]: D 2025-11-02 07:10:25.424234 [iDST::NuiAbsLayer:976] invalid event 0 [kEventAsrInitialized]
2025-11-02 07:10:25.425 11311-11469 RecognitionService      com.babelstream                      I  ACTION_STATUS: SDKLog[LOG_LEVEL_DEBUG]: D 2025-11-02 07:10:25.424234 [iDST::NuiAbsLayer:976] invalid event 0 [kEventAsrInitialized]
2025-11-02 07:10:25.425 11311-11469 iDST::NuiAbsLayer:976   com.babelstream                      D  invalid event 0 [kEventAsrInitialized]
2025-11-02 07:10:25.425 11311-11469 SdkGummyClient          com.babelstream                      D  sdklog[LOG_LEVEL_INFO]: I 2025-11-02 07:10:25.425247 [iDST::DialogEngineImpl:561] start dialog end
2025-11-02 07:10:25.425 11311-11469 RecognitionService      com.babelstream                      I  status=SDKLog[LOG_LEVEL_INFO]: I 2025-11-02 07:10:25.425247 [iDST::DialogEngineImpl:561] start dialog end
2025-11-02 07:10:25.425 11311-11469 RecognitionService      com.babelstream                      I  ACTION_STATUS: SDKLog[LOG_LEVEL_INFO]: I 2025-11-02 07:10:25.425247 [iDST::DialogEngineImpl:561] start dialog end
2025-11-02 07:10:25.425 11311-11469 iDST::Dial...neImpl:561 com.babelstream                      I  start dialog end
2025-11-02 07:10:25.426 11311-11469 SdkGummyClient          com.babelstream                      D  sdklog[LOG_LEVEL_INFO]: I 2025-11-02 07:10:25.426035 [iDST::NuiAbsLayer:2275] update dialog id 448a0303c7fd47aa9b6c9af081e2938c
2025-11-02 07:10:25.426 11311-11469 RecognitionService      com.babelstream                      I  status=SDKLog[LOG_LEVEL_INFO]: I 2025-11-02 07:10:25.426035 [iDST::NuiAbsLayer:2275] update dialog id 448a0303c7fd47aa9b6c9af081e2938c
2025-11-02 07:10:25.426 11311-11469 RecognitionService      com.babelstream                      I  ACTION_STATUS: SDKLog[LOG_LEVEL_INFO]: I 2025-11-02 07:10:25.426035 [iDST::NuiAbsLayer:2275] update dialog id 448a0303c7fd47aa9b6c9af081e2938c
2025-11-02 07:10:25.426 11311-11469 iDST::NuiAbsLayer:2275  com.babelstream                      I  update dialog id 448a0303c7fd47aa9b6c9af081e2938c
2025-11-02 07:10:25.427 11311-11469 SdkGummyClient          com.babelstream                      D  sdklog[LOG_LEVEL_INFO]: I 2025-11-02 07:10:25.426911 [iDST::NuiAbsLayer:2503] NuiAbsLayer[0xb400007c7babce00] api start ret 0
2025-11-02 07:10:25.427 11311-11469 RecognitionService      com.babelstream                      I  status=SDKLog[LOG_LEVEL_INFO]: I 2025-11-02 07:10:25.426911 [iDST::NuiAbsLayer:2503] NuiAbsLayer[0xb400007c7babce00] api start ret 0
2025-11-02 07:10:25.427 11311-11469 RecognitionService      com.babelstream                      I  ACTION_STATUS: SDKLog[LOG_LEVEL_INFO]: I 2025-11-02 07:10:25.426911 [iDST::NuiAbsLayer:2503] NuiAbsLayer[0xb400007c7babce00] api start ret 0
2025-11-02 07:10:25.427 11311-11469 iDST::NuiAbsLayer:2503  com.babelstream                      I  NuiAbsLayer[0xb400007c7babce00] api start ret 0
2025-11-02 07:10:25.428 11311-11469 SdkGummyClient          com.babelstream                      D  sdklog[LOG_LEVEL_INFO]: I 2025-11-02 07:10:25.427863 [iDST::NuiAbsLayer:2551] sync call or api async callback is nullptr skip. msg:4/MSG_API_START.
2025-11-02 07:10:25.428 11311-11469 RecognitionService      com.babelstream                      I  status=SDKLog[LOG_LEVEL_INFO]: I 2025-11-02 07:10:25.427863 [iDST::NuiAbsLayer:2551] sync call or api async callback is nullptr skip. msg:4/MSG_API_START.
2025-11-02 07:10:25.428 11311-11469 RecognitionService      com.babelstream                      I  ACTION_STATUS: SDKLog[LOG_LEVEL_INFO]: I 2025-11-02 07:10:25.427863 [iDST::NuiAbsLayer:2551] sync call or api async callback is nullptr skip. msg:4/MSG_API_START.
2025-11-02 07:10:25.428 11311-11469 iDST::NuiAbsLayer:2551  com.babelstream                      I  sync call or api async callback is nullptr skip. msg:4/MSG_API_START.
2025-11-02 07:10:25.428 11311-11311 SdkGummyClient          com.babelstream                      D  sdklog[LOG_LEVEL_INFO]: I 2025-11-02 07:10:25.428724 [iDST::NUISDK:451] nui_dialog_start result:0
2025-11-02 07:10:25.429 11311-11311 RecognitionService      com.babelstream                      I  status=SDKLog[LOG_LEVEL_INFO]: I 2025-11-02 07:10:25.428724 [iDST::NUISDK:451] nui_dialog_start result:0
2025-11-02 07:10:25.429 11311-11311 RecognitionService      com.babelstream                      I  ACTION_STATUS: SDKLog[LOG_LEVEL_INFO]: I 2025-11-02 07:10:25.428724 [iDST::NUISDK:451] nui_dialog_start result:0
2025-11-02 07:10:25.429 11311-11311 iDST::NUISDK:451        com.babelstream                      I  nui_dialog_start result:0
2025-11-02 07:10:25.429 11311-11311 SdkGummyClient          com.babelstream                      I  startDialog ret=0
2025-11-02 07:10:25.429 11311-11311 RecognitionService      com.babelstream                      I  status=startDialog ret=0
2025-11-02 07:10:25.430 11311-11311 RecognitionService      com.babelstream                      I  ACTION_STATUS: startDialog ret=0
2025-11-02 07:10:25.430 11311-11311 RecognitionService      com.babelstream                      I  status=识别中...
2025-11-02 07:10:25.431 11311-11311 RecognitionService      com.babelstream                      I  ACTION_STATUS: 识别中...
2025-11-02 07:10:25.431 11311-11311 RecognitionService      com.babelstream                      I  recognizer.start returned=true
2025-11-02 07:10:25.431 11311-11311 RecognitionService      com.babelstream                      I  ACTION_STATUS: 识别中...
2025-11-02 07:10:25.432 11311-11311 Choreographer           com.babelstream                      I  Skipped 59 frames!  The application may be doing too much work on its main thread.
2025-11-02 07:10:25.473 11311-11476 SdkGummyClient          com.babelstream                      D  sdklog[LOG_LEVEL_INFO]: I 2025-11-02 07:10:25.472576 [iDST::DialogEngineImpl:1427] try to get first user audio data with buffer(0xb400007cce101100) and len(640) and callback(0x7c6e57ef8c).
2025-11-02 07:10:25.473 11311-11476 RecognitionService      com.babelstream                      I  status=SDKLog[LOG_LEVEL_INFO]: I 2025-11-02 07:10:25.472576 [iDST::DialogEngineImpl:1427] try to get first user audio data with buffer(0xb400007cce101100) and len(640) and callback(0x7c6e57ef8c).
2025-11-02 07:10:25.474 11311-11476 RecognitionService      com.babelstream                      I  ACTION_STATUS: SDKLog[LOG_LEVEL_INFO]: I 2025-11-02 07:10:25.472576 [iDST::DialogEngineImpl:1427] try to get first user audio data with buffer(0xb400007cce101100) and len(640) and callback(0x7c6e57ef8c).
2025-11-02 07:10:25.474 11311-11476 iDST::Dial...eImpl:1427 com.babelstream                      I  try to get first user audio data with buffer(0xb400007cce101100) and len(640) and callback(0x7c6e57ef8c).
2025-11-02 07:10:25.475 11311-11476 SdkGummyClient          com.babelstream                      D  sdklog[LOG_LEVEL_INFO]: I 2025-11-02 07:10:25.474694 [iDST::NuiAbsLayer:993] try to get first user audio data with buffer(0xb400007cce101100) and len(640) and callback(0x7ce768ec5c).
2025-11-02 07:10:25.475 11311-11476 RecognitionService      com.babelstream                      I  status=SDKLog[LOG_LEVEL_INFO]: I 2025-11-02 07:10:25.474694 [iDST::NuiAbsLayer:993] try to get first user audio data with buffer(0xb400007cce101100) and len(640) and callback(0x7ce768ec5c).
2025-11-02 07:10:25.476 11311-11476 RecognitionService      com.babelstream                      I  ACTION_STATUS: SDKLog[LOG_LEVEL_INFO]: I 2025-11-02 07:10:25.474694 [iDST::NuiAbsLayer:993] try to get first user audio data with buffer(0xb400007cce101100) and len(640) and callback(0x7ce768ec5c).
2025-11-02 07:10:25.476 11311-11476 iDST::NuiAbsLayer:993   com.babelstream                      I  try to get first user audio data with buffer(0xb400007cce101100) and len(640) and callback(0x7ce768ec5c).
2025-11-02 07:10:25.477 11311-11476 SdkGummyClient          com.babelstream                      D  sdklog[LOG_LEVEL_INFO]: I 2025-11-02 07:10:25.476929 [iDST::DialogEngineImpl:1432] get first user audio data 640bytes.
2025-11-02 07:10:25.477 11311-11476 RecognitionService      com.babelstream                      I  status=SDKLog[LOG_LEVEL_INFO]: I 2025-11-02 07:10:25.476929 [iDST::DialogEngineImpl:1432] get first user audio data 640bytes.
2025-11-02 07:10:25.479 11311-11476 RecognitionService      com.babelstream                      I  ACTION_STATUS: SDKLog[LOG_LEVEL_INFO]: I 2025-11-02 07:10:25.476929 [iDST::DialogEngineImpl:1432] get first user audio data 640bytes.
2025-11-02 07:10:25.479 11311-11476 iDST::Dial...eImpl:1432 com.babelstream                      I  get first user audio data 640bytes.
2025-11-02 07:10:25.479 11311-11477 SdkGummyClient          com.babelstream                      V  rms=-160.0
2025-11-02 07:10:25.479 11311-11477 AlsCei::As...Impl, Main com.babelstream                      W  ved does not exist, skip ...
2025-11-02 07:10:25.480 11311-11477 SdkGummyClient          com.babelstream                      V  rms=-160.0
2025-11-02 07:10:25.480 11311-11477 AlsCei::As...Impl, Main com.babelstream                      W  ved does not exist, skip ...
2025-11-02 07:10:25.480 11311-11477 SdkGummyClient          com.babelstream                      V  rms=-160.0
2025-11-02 07:10:25.480 11311-11477 AlsCei::As...Impl, Main com.babelstream                      W  ved does not exist, skip ...
2025-11-02 07:10:25.481 11311-11477 SdkGummyClient          com.babelstream                      V  rms=-145.7548
2025-11-02 07:10:25.481 11311-11477 AlsCei::As...Impl, Main com.babelstream                      W  ved does not exist, skip ...
2025-11-02 07:10:25.492 11311-11477 SdkGummyClient          com.babelstream                      V  rms=-129.57077
2025-11-02 07:10:25.492 11311-11477 AlsCei::As...Impl, Main com.babelstream                      W  ved does not exist, skip ...
2025-11-02 07:10:25.493 11311-11477 SdkGummyClient          com.babelstream                      V  rms=-136.76395
2025-11-02 07:10:25.493 11311-11477 AlsCei::As...Impl, Main com.babelstream                      W  ved does not exist, skip ...
2025-11-02 07:10:25.493 11311-11479 AlsSdk::Sr..., Callback com.babelstream                      I  break in case 39
2025-11-02 07:10:25.494 11311-11479 AlsCei::SdkListener     com.babelstream                      I  OnDebugWavPath: /storage/emulated/0/Android/data/com.babelstream/cache/debug/20251102_071025/sr_0.wav
2025-11-02 07:10:25.494 11311-11477 SdkGummyClient          com.babelstream                      V  rms=-141.50557
2025-11-02 07:10:25.494 11311-11477 AlsCei::As...Impl, Main com.babelstream                      W  ved does not exist, skip ...
2025-11-02 07:10:25.494 11311-11479 SdkGummyClient          com.babelstream                      D  sdklog[LOG_LEVEL_DEBUG]: D 2025-11-02 07:10:25.494046 [iDST::AsrCeiIf:167] OnDebugWavPath
2025-11-02 07:10:25.494 11311-11479 RecognitionService      com.babelstream                      I  status=SDKLog[LOG_LEVEL_DEBUG]: D 2025-11-02 07:10:25.494046 [iDST::AsrCeiIf:167] OnDebugWavPath
2025-11-02 07:10:25.495 11311-11477 SdkGummyClient          com.babelstream                      V  rms=-144.80626
2025-11-02 07:10:25.495 11311-11477 AlsCei::As...Impl, Main com.babelstream                      W  ved does not exist, skip ...
2025-11-02 07:10:25.495 11311-11479 RecognitionService      com.babelstream                      I  ACTION_STATUS: SDKLog[LOG_LEVEL_DEBUG]: D 2025-11-02 07:10:25.494046 [iDST::AsrCeiIf:167] OnDebugWavPath
2025-11-02 07:10:25.495 11311-11479 iDST::AsrCeiIf:167      com.babelstream                      D  OnDebugWavPath
2025-11-02 07:10:25.496 11311-11479 SdkGummyClient          com.babelstream                      D  sdklog[LOG_LEVEL_INFO]: I 2025-11-02 07:10:25.495972 [iDST::AsrCeiIf:804] debug path type=5, path=/storage/emulated/0/Android/data/com.babelstream/cache/debug/20251102_071025/sr_0.wav
2025-11-02 07:10:25.496 11311-11479 RecognitionService      com.babelstream                      I  status=SDKLog[LOG_LEVEL_INFO]: I 2025-11-02 07:10:25.495972 [iDST::AsrCeiIf:804] debug path type=5, path=/storage/emulated/0/Android/data/com.babelstream/cache/debug/20251102_071025/sr_0.wav
2025-11-02 07:10:25.496 11311-11479 RecognitionService      com.babelstream                      I  ACTION_STATUS: SDKLog[LOG_LEVEL_INFO]: I 2025-11-02 07:10:25.495972 [iDST::AsrCeiIf:804] debug path type=5, path=/storage/emulated/0/Android/data/com.babelstream/cache/debug/20251102_071025/sr_0.wav
2025-11-02 07:10:25.496 11311-11479 iDST::AsrCeiIf:804      com.babelstream                      I  debug path type=5, path=/storage/emulated/0/Android/data/com.babelstream/cache/debug/20251102_071025/sr_0.wav
2025-11-02 07:10:25.497 11311-11479 SdkGummyClient          com.babelstream                      D  sdklog[LOG_LEVEL_INFO]: I 2025-11-02 07:10:25.497005 [iDST::AsrCeiIf:170] OnDebugWavPath done
2025-11-02 07:10:25.497 11311-11479 RecognitionService      com.babelstream                      I  status=SDKLog[LOG_LEVEL_INFO]: I 2025-11-02 07:10:25.497005 [iDST::AsrCeiIf:170] OnDebugWavPath done
2025-11-02 07:10:25.497 11311-11479 RecognitionService      com.babelstream                      I  ACTION_STATUS: SDKLog[LOG_LEVEL_INFO]: I 2025-11-02 07:10:25.497005 [iDST::AsrCeiIf:170] OnDebugWavPath done
2025-11-02 07:10:25.498 11311-11479 iDST::AsrCeiIf:170      com.babelstream                      I  OnDebugWavPath done
2025-11-02 07:10:25.498 11311-11479 AlsCei::SdkListener     com.babelstream                      I  OnVoiceStart
2025-11-02 07:10:25.498 11311-11473 SdkGummyClient          com.babelstream                      D  sdklog[LOG_LEVEL_INFO]: I 2025-11-02 07:10:25.498130 [iDST::AsrCeiIf:693] cei callback MSG_ON_DEBUG_PATH
2025-11-02 07:10:25.498 11311-11473 RecognitionService      com.babelstream                      I  status=SDKLog[LOG_LEVEL_INFO]: I 2025-11-02 07:10:25.498130 [iDST::AsrCeiIf:693] cei callback MSG_ON_DEBUG_PATH
2025-11-02 07:10:25.499 11311-11473 RecognitionService      com.babelstream                      I  ACTION_STATUS: SDKLog[LOG_LEVEL_INFO]: I 2025-11-02 07:10:25.498130 [iDST::AsrCeiIf:693] cei callback MSG_ON_DEBUG_PATH
2025-11-02 07:10:25.499 11311-11473 iDST::AsrCeiIf:693      com.babelstream                      I  cei callback MSG_ON_DEBUG_PATH
2025-11-02 07:10:25.499 11311-11479 SdkGummyClient          com.babelstream                      D  sdklog[LOG_LEVEL_DEBUG]: D 2025-11-02 07:10:25.499719 [iDST::AsrCeiIf:82] OnVoiceStart
2025-11-02 07:10:25.500 11311-11479 RecognitionService      com.babelstream                      I  status=SDKLog[LOG_LEVEL_DEBUG]: D 2025-11-02 07:10:25.499719 [iDST::AsrCeiIf:82] OnVoiceStart
2025-11-02 07:10:25.500 11311-11479 RecognitionService      com.babelstream                      I  ACTION_STATUS: SDKLog[LOG_LEVEL_DEBUG]: D 2025-11-02 07:10:25.499719 [iDST::AsrCeiIf:82] OnVoiceStart
2025-11-02 07:10:25.501 11311-11479 iDST::AsrCeiIf:82       com.babelstream                      D  OnVoiceStart
2025-11-02 07:10:25.501 11311-11479 SdkGummyClient          com.babelstream                      D  sdklog[LOG_LEVEL_INFO]: I 2025-11-02 07:10:25.501096 [iDST::AsrCeiIf:736] [Key Events] cei OnVoiceStart
2025-11-02 07:10:25.501 11311-11479 RecognitionService      com.babelstream                      I  status=SDKLog[LOG_LEVEL_INFO]: I 2025-11-02 07:10:25.501096 [iDST::AsrCeiIf:736] [Key Events] cei OnVoiceStart
2025-11-02 07:10:25.502 11311-11479 RecognitionService      com.babelstream                      I  ACTION_STATUS: SDKLog[LOG_LEVEL_INFO]: I 2025-11-02 07:10:25.501096 [iDST::AsrCeiIf:736] [Key Events] cei OnVoiceStart
2025-11-02 07:10:25.502 11311-11479 iDST::AsrCeiIf:736      com.babelstream                      I  [Key Events] cei OnVoiceStart
2025-11-02 07:10:25.502 11311-11479 Idec::WaveDebug         com.babelstream                      I  open debug file /storage/emulated/0/Android/data/com.babelstream/cache/debug/20251102_071025/sr_callback_0.bin to write
2025-11-02 07:10:25.502 11311-11473 SdkGummyClient          com.babelstream                      D  sdklog[LOG_LEVEL_INFO]: I 2025-11-02 07:10:25.502203 [iDST::AsrCeiIf:648] cei callback MSG_VOICE_START
2025-11-02 07:10:25.502 11311-11473 RecognitionService      com.babelstream                      I  status=SDKLog[LOG_LEVEL_INFO]: I 2025-11-02 07:10:25.502203 [iDST::AsrCeiIf:648] cei callback MSG_VOICE_START
2025-11-02 07:10:25.503 11311-11473 RecognitionService      com.babelstream                      I  ACTION_STATUS: SDKLog[LOG_LEVEL_INFO]: I 2025-11-02 07:10:25.502203 [iDST::AsrCeiIf:648] cei callback MSG_VOICE_START
2025-11-02 07:10:25.503 11311-11473 iDST::AsrCeiIf:648      com.babelstream                      I  cei callback MSG_VOICE_START
2025-11-02 07:10:25.503 11311-11473 SdkGummyClient          com.babelstream                      D  sdklog[LOG_LEVEL_INFO]: I 2025-11-02 07:10:25.503558 [iDST::AsrEngine:3304] on voice start vad_mode=1
2025-11-02 07:10:25.503 11311-11473 RecognitionService      com.babelstream                      I  status=SDKLog[LOG_LEVEL_INFO]: I 2025-11-02 07:10:25.503558 [iDST::AsrEngine:3304] on voice start vad_mode=1
2025-11-02 07:10:25.503 11311-11479 AlsCei::SdkListener     com.babelstream                      V  OnVoiceData: 120 bytes
2025-11-02 07:10:25.504 11311-11473 RecognitionService      com.babelstream                      I  ACTION_STATUS: SDKLog[LOG_LEVEL_INFO]: I 2025-11-02 07:10:25.503558 [iDST::AsrEngine:3304] on voice start vad_mode=1
2025-11-02 07:10:25.504 11311-11473 iDST::AsrEngine:3304    com.babelstream                      I  on voice start vad_mode=1
2025-11-02 07:10:25.504 11311-11473 SdkGummyClient          com.babelstream                      D  sdklog[LOG_LEVEL_INFO]: I 2025-11-02 07:10:25.504644 [iDST::AsrEngine:3306] get sr callback data type 5
2025-11-02 07:10:25.504 11311-11473 RecognitionService      com.babelstream                      I  status=SDKLog[LOG_LEVEL_INFO]: I 2025-11-02 07:10:25.504644 [iDST::AsrEngine:3306] get sr callback data type 5
2025-11-02 07:10:25.505 11311-11473 RecognitionService      com.babelstream                      I  ACTION_STATUS: SDKLog[LOG_LEVEL_INFO]: I 2025-11-02 07:10:25.504644 [iDST::AsrEngine:3306] get sr callback data type 5
2025-11-02 07:10:25.505 11311-11473 iDST::AsrEngine:3306    com.babelstream                      I  get sr callback data type 5
2025-11-02 07:10:25.505 11311-11473 SdkGummyClient          com.babelstream                      D  sdklog[LOG_LEVEL_INFO]: I 2025-11-02 07:10:25.505724 [iDST::StateMachine:45] Start -- VoiceStart --> Asr
2025-11-02 07:10:25.505 11311-11473 RecognitionService      com.babelstream                      I  status=SDKLog[LOG_LEVEL_INFO]: I 2025-11-02 07:10:25.505724 [iDST::StateMachine:45] Start -- VoiceStart --> Asr
2025-11-02 07:10:25.506 11311-11473 RecognitionService      com.babelstream                      I  ACTION_STATUS: SDKLog[LOG_LEVEL_INFO]: I 2025-11-02 07:10:25.505724 [iDST::StateMachine:45] Start -- VoiceStart --> Asr
2025-11-02 07:10:25.506 11311-11473 iDST::StateMachine:45   com.babelstream                      I  Start -- VoiceStart --> Asr
2025-11-02 07:10:25.507 11311-11479 SdkGummyClient          com.babelstream                      D  sdklog[LOG_LEVEL_VERBOSE]: V 2025-11-02 07:10:25.506743 [iDST::AsrCeiIf:743] cei OnVoiceData with 120bytes
2025-11-02 07:10:25.507 11311-11479 RecognitionService      com.babelstream                      I  status=SDKLog[LOG_LEVEL_VERBOSE]: V 2025-11-02 07:10:25.506743 [iDST::AsrCeiIf:743] cei OnVoiceData with 120bytes
2025-11-02 07:10:25.507 11311-11479 RecognitionService      com.babelstream                      I  ACTION_STATUS: SDKLog[LOG_LEVEL_VERBOSE]: V 2025-11-02 07:10:25.506743 [iDST::AsrCeiIf:743] cei OnVoiceData with 120bytes
2025-11-02 07:10:25.507 11311-11479 iDST::AsrCeiIf:743      com.babelstream                      V  cei OnVoiceData with 120bytes
2025-11-02 07:10:25.507 11311-11479 AlsCei::SdkListener     com.babelstream                      V  OnVoiceData: 120 bytes finished
2025-11-02 07:10:25.508 11311-11473 SdkGummyClient          com.babelstream                      D  sdklog[LOG_LEVEL_DEBUG]: D 2025-11-02 07:10:25.507893 [iDST::Tracer:84] generate timestamp 1762038625506[2025-11-02_07:10:25.506729]
2025-11-02 07:10:25.508 11311-11473 RecognitionService      com.babelstream                      I  status=SDKLog[LOG_LEVEL_DEBUG]: D 2025-11-02 07:10:25.507893 [iDST::Tracer:84] generate timestamp 1762038625506[2025-11-02_07:10:25.506729]
2025-11-02 07:10:25.508 11311-11473 RecognitionService      com.babelstream                      I  ACTION_STATUS: SDKLog[LOG_LEVEL_DEBUG]: D 2025-11-02 07:10:25.507893 [iDST::Tracer:84] generate timestamp 1762038625506[2025-11-02_07:10:25.506729]
2025-11-02 07:10:25.508 11311-11473 iDST::Tracer:84         com.babelstream                      D  generate timestamp 1762038625506[2025-11-02_07:10:25.506729]
2025-11-02 07:10:25.509 11311-11473 SdkGummyClient          com.babelstream                      D  sdklog[LOG_LEVEL_WARNING]: W 2025-11-02 07:10:25.509062 [iDST::AsrNlsWrapper:35] current session isnot ready with service_type:4.
2025-11-02 07:10:25.509 11311-11473 RecognitionService      com.babelstream                      I  status=SDKLog[LOG_LEVEL_WARNING]: W 2025-11-02 07:10:25.509062 [iDST::AsrNlsWrapper:35] current session isnot ready with service_type:4.
2025-11-02 07:10:25.509 11311-11473 RecognitionService      com.babelstream                      I  ACTION_STATUS: SDKLog[LOG_LEVEL_WARNING]: W 2025-11-02 07:10:25.509062 [iDST::AsrNlsWrapper:35] current session isnot ready with service_type:4.
2025-11-02 07:10:25.509 11311-11473 iDST::AsrNlsWrapper:35  com.babelstream                      W  current session isnot ready with service_type:4.
2025-11-02 07:10:25.510 11311-11473 SdkGummyClient          com.babelstream                      D  sdklog[LOG_LEVEL_INFO]: I 2025-11-02 07:10:25.509981 [iDST::DialogEngineImpl:1483] RequestUpdateDialog
2025-11-02 07:10:25.510 11311-11473 RecognitionService      com.babelstream                      I  status=SDKLog[LOG_LEVEL_INFO]: I 2025-11-02 07:10:25.509981 [iDST::DialogEngineImpl:1483] RequestUpdateDialog
2025-11-02 07:10:25.510 11311-11473 RecognitionService      com.babelstream                      I  ACTION_STATUS: SDKLog[LOG_LEVEL_INFO]: I 2025-11-02 07:10:25.509981 [iDST::DialogEngineImpl:1483] RequestUpdateDialog
2025-11-02 07:10:25.510 11311-11473 iDST::Dial...eImpl:1483 com.babelstream                      I  RequestUpdateDialog
2025-11-02 07:10:25.511 11311-11473 SdkGummyClient          com.babelstream                      D  sdklog[LOG_LEVEL_ERROR]: E 2025-11-02 07:10:25.510892 [iDST::DialogEngineImpl:1495] RequestUpdateDialog with listener null
2025-11-02 07:10:25.511 11311-11473 RecognitionService      com.babelstream                      I  status=SDKLog[LOG_LEVEL_ERROR]: E 2025-11-02 07:10:25.510892 [iDST::DialogEngineImpl:1495] RequestUpdateDialog with listener null
2025-11-02 07:10:25.511 11311-11473 RecognitionService      com.babelstream                      I  ACTION_STATUS: SDKLog[LOG_LEVEL_ERROR]: E 2025-11-02 07:10:25.510892 [iDST::DialogEngineImpl:1495] RequestUpdateDialog with listener null
2025-11-02 07:10:25.511 11311-11473 iDST::Dial...eImpl:1495 com.babelstream                      E  RequestUpdateDialog with listener null
2025-11-02 07:10:25.512 11311-11473 SdkGummyClient          com.babelstream                      D  sdklog[LOG_LEVEL_INFO]: I 2025-11-02 07:10:25.511936 [iDST::AsrNlsWrapper:94] dialog user data not update
2025-11-02 07:10:25.512 11311-11473 RecognitionService      com.babelstream                      I  status=SDKLog[LOG_LEVEL_INFO]: I 2025-11-02 07:10:25.511936 [iDST::AsrNlsWrapper:94] dialog user data not update
2025-11-02 07:10:25.513 11311-11473 RecognitionService      com.babelstream                      I  ACTION_STATUS: SDKLog[LOG_LEVEL_INFO]: I 2025-11-02 07:10:25.511936 [iDST::AsrNlsWrapper:94] dialog user data not update
2025-11-02 07:10:25.513 11311-11473 iDST::AsrNlsWrapper:94  com.babelstream                      I  dialog user data not update
2025-11-02 07:10:25.513 11311-11473 SdkGummyClient          com.babelstream                      D  sdklog[LOG_LEVEL_INFO]: I 2025-11-02 07:10:25.513210 [iDST::AsrNlsWrapper:98] vad start with tiangong or vad mode vad/p2t
2025-11-02 07:10:25.513 11311-11473 RecognitionService      com.babelstream                      I  status=SDKLog[LOG_LEVEL_INFO]: I 2025-11-02 07:10:25.513210 [iDST::AsrNlsWrapper:98] vad start with tiangong or vad mode vad/p2t
2025-11-02 07:10:25.513 11311-11473 RecognitionService      com.babelstream                      I  ACTION_STATUS: SDKLog[LOG_LEVEL_INFO]: I 2025-11-02 07:10:25.513210 [iDST::AsrNlsWrapper:98] vad start with tiangong or vad mode vad/p2t
2025-11-02 07:10:25.513 11311-11473 iDST::AsrNlsWrapper:98  com.babelstream                      I  vad start with tiangong or vad mode vad/p2t
2025-11-02 07:10:25.514 11311-11473 SdkGummyClient          com.babelstream                      D  sdklog[LOG_LEVEL_INFO]: I 2025-11-02 07:10:25.514006 [iDST::AsrNlsWrapper:129] start with uuid[448a0303c7fd47aa9b6c9af081e2938c] task_id[]
2025-11-02 07:10:25.514 11311-11473 RecognitionService      com.babelstream                      I  status=SDKLog[LOG_LEVEL_INFO]: I 2025-11-02 07:10:25.514006 [iDST::AsrNlsWrapper:129] start with uuid[448a0303c7fd47aa9b6c9af081e2938c] task_id[]
2025-11-02 07:10:25.514 11311-11473 RecognitionService      com.babelstream                      I  ACTION_STATUS: SDKLog[LOG_LEVEL_INFO]: I 2025-11-02 07:10:25.514006 [iDST::AsrNlsWrapper:129] start with uuid[448a0303c7fd47aa9b6c9af081e2938c] task_id[]
2025-11-02 07:10:25.514 11311-11473 iDST::AsrNlsWrapper:129 com.babelstream                      I  start with uuid[448a0303c7fd47aa9b6c9af081e2938c] task_id[]
2025-11-02 07:10:25.515 11311-11473 SdkGummyClient          com.babelstream                      D  sdklog[LOG_LEVEL_INFO]: I 2025-11-02 07:10:25.514850 [iDST::AsrNlsWrapper:130] user_data={}
2025-11-02 07:10:25.515 11311-11473 RecognitionService      com.babelstream                      I  status=SDKLog[LOG_LEVEL_INFO]: I 2025-11-02 07:10:25.514850 [iDST::AsrNlsWrapper:130] user_data={}
2025-11-02 07:10:25.515 11311-11473 RecognitionService      com.babelstream                      I  ACTION_STATUS: SDKLog[LOG_LEVEL_INFO]: I 2025-11-02 07:10:25.514850 [iDST::AsrNlsWrapper:130] user_data={}
2025-11-02 07:10:25.515 11311-11473 iDST::AsrNlsWrapper:130 com.babelstream                      I  user_data={}
2025-11-02 07:10:25.516 11311-11473 SdkGummyClient          com.babelstream                      D  sdklog[LOG_LEVEL_INFO]: I 2025-11-02 07:10:25.516074 [iDST::AsrNlsWrapper:131] service_type is 4
2025-11-02 07:10:25.516 11311-11473 RecognitionService      com.babelstream                      I  status=SDKLog[LOG_LEVEL_INFO]: I 2025-11-02 07:10:25.516074 [iDST::AsrNlsWrapper:131] service_type is 4
2025-11-02 07:10:25.517 11311-11473 RecognitionService      com.babelstream                      I  ACTION_STATUS: SDKLog[LOG_LEVEL_INFO]: I 2025-11-02 07:10:25.516074 [iDST::AsrNlsWrapper:131] service_type is 4
2025-11-02 07:10:25.517 11311-11473 iDST::AsrNlsWrapper:131 com.babelstream                      I  service_type is 4
2025-11-02 07:10:25.517 11311-11473 SdkGummyClient          com.babelstream                      D  sdklog[LOG_LEVEL_INFO]: I 2025-11-02 07:10:25.517330 [iDST::AsrNlsWrapper:136] nls st start
2025-11-02 07:10:25.517 11311-11473 RecognitionService      com.babelstream                      I  status=SDKLog[LOG_LEVEL_INFO]: I 2025-11-02 07:10:25.517330 [iDST::AsrNlsWrapper:136] nls st start
2025-11-02 07:10:25.518 11311-11473 RecognitionService      com.babelstream                      I  ACTION_STATUS: SDKLog[LOG_LEVEL_INFO]: I 2025-11-02 07:10:25.517330 [iDST::AsrNlsWrapper:136] nls st start
2025-11-02 07:10:25.518 11311-11473 iDST::AsrNlsWrapper:136 com.babelstream                      I  nls st start
2025-11-02 07:10:25.518 11311-11475 SdkGummyClient          com.babelstream                      D  sdklog[LOG_LEVEL_INFO]: I 2025-11-02 07:10:25.518526 [iDST::NlsConfig:63] nls config get_enable_event_tracker true
2025-11-02 07:10:25.518 11311-11475 RecognitionService      com.babelstream                      I  status=SDKLog[LOG_LEVEL_INFO]: I 2025-11-02 07:10:25.518526 [iDST::NlsConfig:63] nls config get_enable_event_tracker true
2025-11-02 07:10:25.519 11311-11475 RecognitionService      com.babelstream                      I  ACTION_STATUS: SDKLog[LOG_LEVEL_INFO]: I 2025-11-02 07:10:25.518526 [iDST::NlsConfig:63] nls config get_enable_event_tracker true
2025-11-02 07:10:25.519 11311-11475 iDST::NlsConfig:63      com.babelstream                      I  nls config get_enable_event_tracker true
2025-11-02 07:10:25.520 11311-11475 SdkGummyClient          com.babelstream                      D  sdklog[LOG_LEVEL_DEBUG]: D 2025-11-02 07:10:25.519975 [iDST::NlsConfig:65] nls config get_service_protocol 1
2025-11-02 07:10:25.520 11311-11475 RecognitionService      com.babelstream                      I  status=SDKLog[LOG_LEVEL_DEBUG]: D 2025-11-02 07:10:25.519975 [iDST::NlsConfig:65] nls config get_service_protocol 1
2025-11-02 07:10:25.521 11311-11475 RecognitionService      com.babelstream                      I  ACTION_STATUS: SDKLog[LOG_LEVEL_DEBUG]: D 2025-11-02 07:10:25.519975 [iDST::NlsConfig:65] nls config get_service_protocol 1
2025-11-02 07:10:25.521 11311-11475 iDST::NlsConfig:65      com.babelstream                      D  nls config get_service_protocol 1
2025-11-02 07:10:25.521 11311-11475 SdkGummyClient          com.babelstream                      D  sdklog[LOG_LEVEL_DEBUG]: D 2025-11-02 07:10:25.521398 [iDST::NlsConfig:5] nls config get_url wss://dashscope.aliyuncs.com/api-ws/v1/inference/
2025-11-02 07:10:25.521 11311-11475 RecognitionService      com.babelstream                      I  status=SDKLog[LOG_LEVEL_DEBUG]: D 2025-11-02 07:10:25.521398 [iDST::NlsConfig:5] nls config get_url wss://dashscope.aliyuncs.com/api-ws/v1/inference/
2025-11-02 07:10:25.522 11311-11475 RecognitionService      com.babelstream                      I  ACTION_STATUS: SDKLog[LOG_LEVEL_DEBUG]: D 2025-11-02 07:10:25.521398 [iDST::NlsConfig:5] nls config get_url wss://dashscope.aliyuncs.com/api-ws/v1/inference/
2025-11-02 07:10:25.522 11311-11475 iDST::NlsConfig:5       com.babelstream                      D  nls config get_url wss://dashscope.aliyuncs.com/api-ws/v1/inference/
2025-11-02 07:10:25.522 11311-11475 SdkGummyClient          com.babelstream                      D  sdklog[LOG_LEVEL_DEBUG]: D 2025-11-02 07:10:25.522421 [iDST::NlsConfig:10] nls config get_apikey sk-54
2025-11-02 07:10:25.522 11311-11475 RecognitionService      com.babelstream                      I  status=SDKLog[LOG_LEVEL_DEBUG]: D 2025-11-02 07:10:25.522421 [iDST::NlsConfig:10] nls config get_apikey sk-54
2025-11-02 07:10:25.523 11311-11475 RecognitionService      com.babelstream                      I  ACTION_STATUS: SDKLog[LOG_LEVEL_DEBUG]: D 2025-11-02 07:10:25.522421 [iDST::NlsConfig:10] nls config get_apikey sk-54
2025-11-02 07:10:25.523 11311-11475 iDST::NlsConfig:10      com.babelstream                      D  nls config get_apikey sk-54
2025-11-02 07:10:25.523 11311-11475 SdkGummyClient          com.babelstream                      D  sdklog[LOG_LEVEL_DEBUG]: D 2025-11-02 07:10:25.523439 [iDST::NlsConfig:53] nls config get_sr_format opus
2025-11-02 07:10:25.523 11311-11475 RecognitionService      com.babelstream                      I  status=SDKLog[LOG_LEVEL_DEBUG]: D 2025-11-02 07:10:25.523439 [iDST::NlsConfig:53] nls config get_sr_format opus
2025-11-02 07:10:25.524 11311-11475 RecognitionService      com.babelstream                      I  ACTION_STATUS: SDKLog[LOG_LEVEL_DEBUG]: D 2025-11-02 07:10:25.523439 [iDST::NlsConfig:53] nls config get_sr_format opus
2025-11-02 07:10:25.524 11311-11475 iDST::NlsConfig:53      com.babelstream                      D  nls config get_sr_format opus
2025-11-02 07:10:25.524 11311-11475 SdkGummyClient          com.babelstream                      D  sdklog[LOG_LEVEL_DEBUG]: D 2025-11-02 07:10:25.524255 [iDST::NlsConfig:31] nls config get_sample_rate 16000
2025-11-02 07:10:25.524 11311-11475 RecognitionService      com.babelstream                      I  status=SDKLog[LOG_LEVEL_DEBUG]: D 2025-11-02 07:10:25.524255 [iDST::NlsConfig:31] nls config get_sample_rate 16000
2025-11-02 07:10:25.525 11311-11475 RecognitionService      com.babelstream                      I  ACTION_STATUS: SDKLog[LOG_LEVEL_DEBUG]: D 2025-11-02 07:10:25.524255 [iDST::NlsConfig:31] nls config get_sample_rate 16000
2025-11-02 07:10:25.525 11311-11475 iDST::NlsConfig:31      com.babelstream                      D  nls config get_sample_rate 16000
2025-11-02 07:10:25.525 11311-11475 SdkGummyClient          com.babelstream                      D  sdklog[LOG_LEVEL_WARNING]: W 2025-11-02 07:10:25.525197 [iDST::NlsSt:378] connect to wss://dashscope.aliyuncs.com/api-ws/v1/inference/ with apikey sk-54 format opus samplerate 16000
2025-11-02 07:10:25.525 11311-11475 RecognitionService      com.babelstream                      I  status=SDKLog[LOG_LEVEL_WARNING]: W 2025-11-02 07:10:25.525197 [iDST::NlsSt:378] connect to wss://dashscope.aliyuncs.com/api-ws/v1/inference/ with apikey sk-54 format opus samplerate 16000
2025-11-02 07:10:25.526 11311-11475 RecognitionService      com.babelstream                      I  ACTION_STATUS: SDKLog[LOG_LEVEL_WARNING]: W 2025-11-02 07:10:25.525197 [iDST::NlsSt:378] connect to wss://dashscope.aliyuncs.com/api-ws/v1/inference/ with apikey sk-54 format opus samplerate 16000
2025-11-02 07:10:25.526 11311-11475 iDST::NlsSt:378         com.babelstream                      W  connect to wss://dashscope.aliyuncs.com/api-ws/v1/inference/ with apikey sk-54 format opus samplerate 16000
2025-11-02 07:10:25.526 11311-11475 SdkGummyClient          com.babelstream                      D  sdklog[LOG_LEVEL_WARNING]: W 2025-11-02 07:10:25.526284 [iDST::NlsConfig:69] nls config get_model_basename is nullptr
2025-11-02 07:10:25.526 11311-11475 RecognitionService      com.babelstream                      I  status=SDKLog[LOG_LEVEL_WARNING]: W 2025-11-02 07:10:25.526284 [iDST::NlsConfig:69] nls config get_model_basename is nullptr
2025-11-02 07:10:25.527 11311-11475 RecognitionService      com.babelstream                      I  ACTION_STATUS: SDKLog[LOG_LEVEL_WARNING]: W 2025-11-02 07:10:25.526284 [iDST::NlsConfig:69] nls config get_model_basename is nullptr
2025-11-02 07:10:25.527 11311-11475 iDST::NlsConfig:69      com.babelstream                      W  nls config get_model_basename is nullptr
2025-11-02 07:10:25.527 11311-11475 SdkGummyClient          com.babelstream                      D  sdklog[LOG_LEVEL_WARNING]: W 2025-11-02 07:10:25.527345 [iDST::NlsConfig:68] nls config get_model is nullptr
2025-11-02 07:10:25.527 11311-11475 RecognitionService      com.babelstream                      I  status=SDKLog[LOG_LEVEL_WARNING]: W 2025-11-02 07:10:25.527345 [iDST::NlsConfig:68] nls config get_model is nullptr
2025-11-02 07:10:25.528 11311-11475 RecognitionService      com.babelstream                      I  ACTION_STATUS: SDKLog[LOG_LEVEL_WARNING]: W 2025-11-02 07:10:25.527345 [iDST::NlsConfig:68] nls config get_model is nullptr
2025-11-02 07:10:25.528 11311-11475 iDST::NlsConfig:68      com.babelstream                      W  nls config get_model is nullptr
2025-11-02 07:10:25.529 11311-11475 SdkGummyClient          com.babelstream                      D  sdklog[LOG_LEVEL_DEBUG]: D 2025-11-02 07:10:25.528681 [iDST::NlsSt:408] service_protocol(1) start DashScope with (null)/(null)...
2025-11-02 07:10:25.529 11311-11475 RecognitionService      com.babelstream                      I  status=SDKLog[LOG_LEVEL_DEBUG]: D 2025-11-02 07:10:25.528681 [iDST::NlsSt:408] service_protocol(1) start DashScope with (null)/(null)...
2025-11-02 07:10:25.530 11311-11475 RecognitionService      com.babelstream                      I  ACTION_STATUS: SDKLog[LOG_LEVEL_DEBUG]: D 2025-11-02 07:10:25.528681 [iDST::NlsSt:408] service_protocol(1) start DashScope with (null)/(null)...
2025-11-02 07:10:25.530 11311-11475 iDST::NlsSt:408         com.babelstream                      D  service_protocol(1) start DashScope with (null)/(null)...
2025-11-02 07:10:25.530 11311-11475 SdkGummyClient          com.babelstream                      D  sdklog[LOG_LEVEL_ERROR]: E 2025-11-02 07:10:25.530282 [iDST::NlsSt:442] start failed because of non-model.
2025-11-02 07:10:25.530 11311-11475 RecognitionService      com.babelstream                      I  status=SDKLog[LOG_LEVEL_ERROR]: E 2025-11-02 07:10:25.530282 [iDST::NlsSt:442] start failed because of non-model.
2025-11-02 07:10:25.531 11311-11475 RecognitionService      com.babelstream                      I  ACTION_STATUS: SDKLog[LOG_LEVEL_ERROR]: E 2025-11-02 07:10:25.530282 [iDST::NlsSt:442] start failed because of non-model.
2025-11-02 07:10:25.531 11311-11475 iDST::NlsSt:442         com.babelstream                      E  start failed because of non-model.
2025-11-02 07:10:25.531 11311-11473 SdkGummyClient          com.babelstream                      D  sdklog[LOG_LEVEL_INFO]: I 2025-11-02 07:10:25.531672 [iDST::NlsSt:862] nls start finish
2025-11-02 07:10:25.531 11311-11473 RecognitionService      com.babelstream                      I  status=SDKLog[LOG_LEVEL_INFO]: I 2025-11-02 07:10:25.531672 [iDST::NlsSt:862] nls start finish
2025-11-02 07:10:25.533 11311-11473 RecognitionService      com.babelstream                      I  ACTION_STATUS: SDKLog[LOG_LEVEL_INFO]: I 2025-11-02 07:10:25.531672 [iDST::NlsSt:862] nls start finish
2025-11-02 07:10:25.533 11311-11473 iDST::NlsSt:862         com.babelstream                      I  nls start finish
2025-11-02 07:10:25.533 11311-11473 SdkGummyClient          com.babelstream                      D  sdklog[LOG_LEVEL_DEBUG]: D 2025-11-02 07:10:25.533217 [iDST::Tracer:84] generate timestamp 1762038625533[2025-11-02_07:10:25.533201]
2025-11-02 07:10:25.533 11311-11473 RecognitionService      com.babelstream                      I  status=SDKLog[LOG_LEVEL_DEBUG]: D 2025-11-02 07:10:25.533217 [iDST::Tracer:84] generate timestamp 1762038625533[2025-11-02_07:10:25.533201]
2025-11-02 07:10:25.534 11311-11473 RecognitionService      com.babelstream                      I  ACTION_STATUS: SDKLog[LOG_LEVEL_DEBUG]: D 2025-11-02 07:10:25.533217 [iDST::Tracer:84] generate timestamp 1762038625533[2025-11-02_07:10:25.533201]
2025-11-02 07:10:25.534 11311-11473 iDST::Tracer:84         com.babelstream                      D  generate timestamp 1762038625533[2025-11-02_07:10:25.533201]
2025-11-02 07:10:25.534 11311-11473 SdkGummyClient          com.babelstream                      D  sdklog[LOG_LEVEL_INFO]: I 2025-11-02 07:10:25.534495 [iDST::AsrNlsWrapper:247] Start finish
2025-11-02 07:10:25.534 11311-11473 RecognitionService      com.babelstream                      I  status=SDKLog[LOG_LEVEL_INFO]: I 2025-11-02 07:10:25.534495 [iDST::AsrNlsWrapper:247] Start finish
2025-11-02 07:10:25.535 11311-11473 RecognitionService      com.babelstream                      I  ACTION_STATUS: SDKLog[LOG_LEVEL_INFO]: I 2025-11-02 07:10:25.534495 [iDST::AsrNlsWrapper:247] Start finish
2025-11-02 07:10:25.535 11311-11473 iDST::AsrNlsWrapper:247 com.babelstream                      I  Start finish
2025-11-02 07:10:25.536 11311-11473 SdkGummyClient          com.babelstream                      D  sdklog[LOG_LEVEL_INFO]: I 2025-11-02 07:10:25.535770 [iDST::AsrArbitration:38] set session ready to true
2025-11-02 07:10:25.536 11311-11473 RecognitionService      com.babelstream                      I  status=SDKLog[LOG_LEVEL_INFO]: I 2025-11-02 07:10:25.535770 [iDST::AsrArbitration:38] set session ready to true
2025-11-02 07:10:25.536 11311-11473 RecognitionService      com.babelstream                      I  ACTION_STATUS: SDKLog[LOG_LEVEL_INFO]: I 2025-11-02 07:10:25.535770 [iDST::AsrArbitration:38] set session ready to true
2025-11-02 07:10:25.536 11311-11473 iDST::AsrArbitration:38 com.babelstream                      I  set session ready to true
