2025-11-02 07:10:25.343 11311-11469 iDST::DialogConfig:621  com.babelstream                      I  random uuid=448a0303c7fd47aa9b6c9af081e2938c
2025-11-02 07:10:25.344 11311-11469 SdkGummyClient          com.babelstream                      D  sdklog[LOG_LEVEL_INFO]: I 2025-11-02 07:10:25.343944 [iDST::NuiAbsLayer:2226] gender detection 0
2025-11-02 07:10:25.344 11311-11469 RecognitionService      com.babelstream                      I  status=SDKLog[LOG_LEVEL_INFO]: I 2025-11-02 07:10:25.343944 [iDST::NuiAbsLayer:2226] gender detection 0
2025-11-02 07:10:25.344 11311-11469 RecognitionService      com.babelstream                      I  ACTION_STATUS: SDKLog[LOG_LEVEL_INFO]: I 2025-11-02 07:10:25.343944 [iDST::NuiAbsLayer:2226] gender detection 0
2025-11-02 07:10:25.344 11311-11469 iDST::NuiAbsLayer:2226  com.babelstream                      I  gender detection 0
2025-11-02 07:10:25.345 11311-11469 SdkGummyClient          com.babelstream                      D  sdklog[LOG_LEVEL_VERBOSE]: V 2025-11-02 07:10:25.344814 [iDST::NuiAbsLayer:2239] set apikey sk-54 for dialog
2025-11-02 07:10:25.345 11311-11469 RecognitionService      com.babelstream                      I  status=SDKLog[LOG_LEVEL_VERBOSE]: V 2025-11-02 07:10:25.344814 [iDST::NuiAbsLayer:2239] set apikey sk-54 for dialog
2025-11-02 07:10:25.346 11311-11469 RecognitionService      com.babelstream                      I  ACTION_STATUS: SDKLog[LOG_LEVEL_VERBOSE]: V 2025-11-02 07:10:25.344814 [iDST::NuiAbsLayer:2239] set apikey sk-54 for dialog
2025-11-02 07:10:25.346 11311-11469 iDST::NuiAbsLayer:2239  com.babelstream                      V  set apikey sk-54 for dialog
2025-11-02 07:10:25.346 11311-11469 SdkGummyClient          com.babelstream                      D  sdklog[LOG_LEVEL_VERBOSE]: V 2025-11-02 07:10:25.346299 [iDST::DialogeEngine:37] DialogEngine(0xb400007cdbf5a1d8) StartDialog
2025-11-02 07:10:25.346 11311-11469 RecognitionService      com.babelstream                      I  status=SDKLog[LOG_LEVEL_VERBOSE]: V 2025-11-02 07:10:25.346299 [iDST::DialogeEngine:37] DialogEngine(0xb400007cdbf5a1d8) StartDialog
2025-11-02 07:10:25.347 11311-11469 RecognitionService      com.babelstream                      I  ACTION_STATUS: SDKLog[LOG_LEVEL_VERBOSE]: V 2025-11-02 07:10:25.346299 [iDST::DialogeEngine:37] DialogEngine(0xb400007cdbf5a1d8) StartDialog
2025-11-02 07:10:25.347 11311-11469 iDST::DialogeEngine:37  com.babelstream                      V  DialogEngine(0xb400007cdbf5a1d8) StartDialog
2025-11-02 07:10:25.347 11311-11469 SdkGummyClient          com.babelstream                      D  sdklog[LOG_LEVEL_INFO]: I 2025-11-02 07:10:25.347114 [iDST::AsrEngine:1418] prepare
2025-11-02 07:10:25.347 11311-11469 RecognitionService      com.babelstream                      I  status=SDKLog[LOG_LEVEL_INFO]: I 2025-11-02 07:10:25.347114 [iDST::AsrEngine:1418] prepare
2025-11-02 07:10:25.348 11311-11469 RecognitionService      com.babelstream                      I  ACTION_STATUS: SDKLog[LOG_LEVEL_INFO]: I 2025-11-02 07:10:25.347114 [iDST::AsrEngine:1418] prepare
2025-11-02 07:10:25.348 11311-11469 iDST::AsrEngine:1418    com.babelstream                      I  prepare
2025-11-02 07:10:25.348 11311-11469 SdkGummyClient          com.babelstream                      D  sdklog[LOG_LEVEL_INFO]: I 2025-11-02 07:10:25.348292 [iDST::AsrEngine:854] SetVadMode with mode[1] enable_cloud_vad[0]
2025-11-02 07:10:25.348 11311-11469 RecognitionService      com.babelstream                      I  status=SDKLog[LOG_LEVEL_INFO]: I 2025-11-02 07:10:25.348292 [iDST::AsrEngine:854] SetVadMode with mode[1] enable_cloud_vad[0]
2025-11-02 07:10:25.349 11311-11469 RecognitionService      com.babelstream                      I  ACTION_STATUS: SDKLog[LOG_LEVEL_INFO]: I 2025-11-02 07:10:25.348292 [iDST::AsrEngine:854] SetVadMode with mode[1] enable_cloud_vad[0]
2025-11-02 07:10:25.349 11311-11469 iDST::AsrEngine:854     com.babelstream                      I  SetVadMode with mode[1] enable_cloud_vad[0]
2025-11-02 07:10:25.349 11311-11472 SdkGummyClient          com.babelstream                      D  sdklog[LOG_LEVEL_DEBUG]: D 2025-11-02 07:10:25.349476 [iDST::AsrEngineHandler:1622] HandleMessage[SET_VAD]
2025-11-02 07:10:25.349 11311-11472 RecognitionService      com.babelstream                      I  status=SDKLog[LOG_LEVEL_DEBUG]: D 2025-11-02 07:10:25.349476 [iDST::AsrEngineHandler:1622] HandleMessage[SET_VAD]
2025-11-02 07:10:25.350 11311-11472 RecognitionService      com.babelstream                      I  ACTION_STATUS: SDKLog[LOG_LEVEL_DEBUG]: D 2025-11-02 07:10:25.349476 [iDST::AsrEngineHandler:1622] HandleMessage[SET_VAD]
2025-11-02 07:10:25.350 11311-11472 iDST::AsrE...ndler:1622 com.babelstream                      D  HandleMessage[SET_VAD]
2025-11-02 07:10:25.350 11311-11472 SdkGummyClient          com.babelstream                      D  sdklog[LOG_LEVEL_INFO]: I 2025-11-02 07:10:25.350602 [iDST::AsrCeiIf:316] asr cei set param cei_param_work_mode, value 1
2025-11-02 07:10:25.350 11311-11472 RecognitionService      com.babelstream                      I  status=SDKLog[LOG_LEVEL_INFO]: I 2025-11-02 07:10:25.350602 [iDST::AsrCeiIf:316] asr cei set param cei_param_work_mode, value 1
2025-11-02 07:10:25.351 11311-11472 RecognitionService      com.babelstream                      I  ACTION_STATUS: SDKLog[LOG_LEVEL_INFO]: I 2025-11-02 07:10:25.350602 [iDST::AsrCeiIf:316] asr cei set param cei_param_work_mode, value 1
2025-11-02 07:10:25.351 11311-11472 iDST::AsrCeiIf:316      com.babelstream                      I  asr cei set param cei_param_work_mode, value 1
2025-11-02 07:10:25.352 11311-11469 SdkGummyClient          com.babelstream                      D  sdklog[LOG_LEVEL_INFO]: I 2025-11-02 07:10:25.351796 [iDST::AsrEngine:2661] RestoreVadBackTimeout
2025-11-02 07:10:25.352 11311-11469 RecognitionService      com.babelstream                      I  status=SDKLog[LOG_LEVEL_INFO]: I 2025-11-02 07:10:25.351796 [iDST::AsrEngine:2661] RestoreVadBackTimeout
2025-11-02 07:10:25.353 11311-11469 RecognitionService      com.babelstream                      I  ACTION_STATUS: SDKLog[LOG_LEVEL_INFO]: I 2025-11-02 07:10:25.351796 [iDST::AsrEngine:2661] RestoreVadBackTimeout
2025-11-02 07:10:25.353 11311-11469 iDST::AsrEngine:2661    com.babelstream                      I  RestoreVadBackTimeout
2025-11-02 07:10:25.353 11311-11472 SdkGummyClient          com.babelstream                      D  sdklog[LOG_LEVEL_DEBUG]: D 2025-11-02 07:10:25.353203 [iDST::AsrEngineHandler:1626] HandleMessage[SET_VAD_TIMEOUT]
2025-11-02 07:10:25.353 11311-11472 RecognitionService      com.babelstream                      I  status=SDKLog[LOG_LEVEL_DEBUG]: D 2025-11-02 07:10:25.353203 [iDST::AsrEngineHandler:1626] HandleMessage[SET_VAD_TIMEOUT]
2025-11-02 07:10:25.354 11311-11472 RecognitionService      com.babelstream                      I  ACTION_STATUS: SDKLog[LOG_LEVEL_DEBUG]: D 2025-11-02 07:10:25.353203 [iDST::AsrEngineHandler:1626] HandleMessage[SET_VAD_TIMEOUT]
2025-11-02 07:10:25.354 11311-11472 iDST::AsrE...ndler:1626 com.babelstream                      D  HandleMessage[SET_VAD_TIMEOUT]
2025-11-02 07:10:25.354 11311-11472 SdkGummyClient          com.babelstream                      D  sdklog[LOG_LEVEL_INFO]: I 2025-11-02 07:10:25.354121 [iDST::AsrEngineHandler:1115] set vad back timeout with 0
2025-11-02 07:10:25.354 11311-11472 RecognitionService      com.babelstream                      I  status=SDKLog[LOG_LEVEL_INFO]: I 2025-11-02 07:10:25.354121 [iDST::AsrEngineHandler:1115] set vad back timeout with 0
2025-11-02 07:10:25.354 11311-11472 RecognitionService      com.babelstream                      I  ACTION_STATUS: SDKLog[LOG_LEVEL_INFO]: I 2025-11-02 07:10:25.354121 [iDST::AsrEngineHandler:1115] set vad back timeout with 0
2025-11-02 07:10:25.354 11311-11472 iDST::AsrE...ndler:1115 com.babelstream                      I  set vad back timeout with 0
2025-11-02 07:10:25.355 11311-11472 SdkGummyClient          com.babelstream                      D  sdklog[LOG_LEVEL_INFO]: I 2025-11-02 07:10:25.354896 [iDST::AsrCeiIf:316] asr cei set param vad_param_tail_timeout_interval, value 0
2025-11-02 07:10:25.355 11311-11472 RecognitionService      com.babelstream                      I  status=SDKLog[LOG_LEVEL_INFO]: I 2025-11-02 07:10:25.354896 [iDST::AsrCeiIf:316] asr cei set param vad_param_tail_timeout_interval, value 0
2025-11-02 07:10:25.355 11311-11472 RecognitionService      com.babelstream                      I  ACTION_STATUS: SDKLog[LOG_LEVEL_INFO]: I 2025-11-02 07:10:25.354896 [iDST::AsrCeiIf:316] asr cei set param vad_param_tail_timeout_interval, value 0
2025-11-02 07:10:25.355 11311-11472 iDST::AsrCeiIf:316      com.babelstream                      I  asr cei set param vad_param_tail_timeout_interval, value 0
2025-11-02 07:10:25.355 11311-11472 SdkGummyClient          com.babelstream                      D  sdklog[LOG_LEVEL_ERROR]: E 2025-11-02 07:10:25.355610 [iDST::AsrCeiIf:320] asr cei set ret 2, param vad_param_tail_timeout_interval, value 0
2025-11-02 07:10:25.355 11311-11472 RecognitionService      com.babelstream                      I  status=SDKLog[LOG_LEVEL_ERROR]: E 2025-11-02 07:10:25.355610 [iDST::AsrCeiIf:320] asr cei set ret 2, param vad_param_tail_timeout_interval, value 0
2025-11-02 07:10:25.356 11311-11472 RecognitionService      com.babelstream                      I  ACTION_STATUS: SDKLog[LOG_LEVEL_ERROR]: E 2025-11-02 07:10:25.355610 [iDST::AsrCeiIf:320] asr cei set ret 2, param vad_param_tail_timeout_interval, value 0
2025-11-02 07:10:25.356 11311-11472 iDST::AsrCeiIf:320      com.babelstream                      E  asr cei set ret 2, param vad_param_tail_timeout_interval, value 0
2025-11-02 07:10:25.356 11311-11472 SdkGummyClient          com.babelstream                      D  sdklog[LOG_LEVEL_INFO]: I 2025-11-02 07:10:25.356310 [iDST::AsrCeiIf:316] asr cei set param vad_param_awake_tail_lookahead_time, value 0
2025-11-02 07:10:25.356 11311-11472 RecognitionService      com.babelstream                      I  status=SDKLog[LOG_LEVEL_INFO]: I 2025-11-02 07:10:25.356310 [iDST::AsrCeiIf:316] asr cei set param vad_param_awake_tail_lookahead_time, value 0
2025-11-02 07:10:25.357 11311-11472 RecognitionService      com.babelstream                      I  ACTION_STATUS: SDKLog[LOG_LEVEL_INFO]: I 2025-11-02 07:10:25.356310 [iDST::AsrCeiIf:316] asr cei set param vad_param_awake_tail_lookahead_time, value 0
2025-11-02 07:10:25.357 11311-11472 iDST::AsrCeiIf:316      com.babelstream                      I  asr cei set param vad_param_awake_tail_lookahead_time, value 0
2025-11-02 07:10:25.357 11311-11472 SdkGummyClient          com.babelstream                      D  sdklog[LOG_LEVEL_ERROR]: E 2025-11-02 07:10:25.357248 [iDST::AsrCeiIf:320] asr cei set ret 2, param vad_param_awake_tail_lookahead_time, value 0
2025-11-02 07:10:25.357 11311-11472 RecognitionService      com.babelstream                      I  status=SDKLog[LOG_LEVEL_ERROR]: E 2025-11-02 07:10:25.357248 [iDST::AsrCeiIf:320] asr cei set ret 2, param vad_param_awake_tail_lookahead_time, value 0
2025-11-02 07:10:25.358 11311-11472 RecognitionService      com.babelstream                      I  ACTION_STATUS: SDKLog[LOG_LEVEL_ERROR]: E 2025-11-02 07:10:25.357248 [iDST::AsrCeiIf:320] asr cei set ret 2, param vad_param_awake_tail_lookahead_time, value 0
2025-11-02 07:10:25.358 11311-11472 iDST::AsrCeiIf:320      com.babelstream                      E  asr cei set ret 2, param vad_param_awake_tail_lookahead_time, value 0
2025-11-02 07:10:25.358 11311-11472 SdkGummyClient          com.babelstream                      D  sdklog[LOG_LEVEL_INFO]: I 2025-11-02 07:10:25.358338 [iDST::AsrCeiIf:329] asr cei get param vad_param_tail_timeout_interval, value 0
2025-11-02 07:10:25.358 11311-11472 RecognitionService      com.babelstream                      I  status=SDKLog[LOG_LEVEL_INFO]: I 2025-11-02 07:10:25.358338 [iDST::AsrCeiIf:329] asr cei get param vad_param_tail_timeout_interval, value 0
2025-11-02 07:10:25.359 11311-11472 RecognitionService      com.babelstream                      I  ACTION_STATUS: SDKLog[LOG_LEVEL_INFO]: I 2025-11-02 07:10:25.358338 [iDST::AsrCeiIf:329] asr cei get param vad_param_tail_timeout_interval, value 0
2025-11-02 07:10:25.359 11311-11472 iDST::AsrCeiIf:329      com.babelstream                      I  asr cei get param vad_param_tail_timeout_interval, value 0
2025-11-02 07:10:25.359 11311-11472 SdkGummyClient          com.babelstream                      D  sdklog[LOG_LEVEL_INFO]: I 2025-11-02 07:10:25.359365 [iDST::AsrEngineHandler:1628] HandleAsrCmdSetVadTimeout done
2025-11-02 07:10:25.359 11311-11472 RecognitionService      com.babelstream                      I  status=SDKLog[LOG_LEVEL_INFO]: I 2025-11-02 07:10:25.359365 [iDST::AsrEngineHandler:1628] HandleAsrCmdSetVadTimeout done
2025-11-02 07:10:25.361 11311-11472 RecognitionService      com.babelstream                      I  ACTION_STATUS: SDKLog[LOG_LEVEL_INFO]: I 2025-11-02 07:10:25.359365 [iDST::AsrEngineHandler:1628] HandleAsrCmdSetVadTimeout done
2025-11-02 07:10:25.361 11311-11472 iDST::AsrE...ndler:1628 com.babelstream                      I  HandleAsrCmdSetVadTimeout done
2025-11-02 07:10:25.361 11311-11469 SdkGummyClient          com.babelstream                      D  sdklog[LOG_LEVEL_INFO]: I 2025-11-02 07:10:25.361422 [iDST::AsrEngine:2674] RestoreVadBackTimeout done
2025-11-02 07:10:25.361 11311-11469 RecognitionService      com.babelstream                      I  status=SDKLog[LOG_LEVEL_INFO]: I 2025-11-02 07:10:25.361422 [iDST::AsrEngine:2674] RestoreVadBackTimeout done
2025-11-02 07:10:25.362 11311-11469 RecognitionService      com.babelstream                      I  ACTION_STATUS: SDKLog[LOG_LEVEL_INFO]: I 2025-11-02 07:10:25.361422 [iDST::AsrEngine:2674] RestoreVadBackTimeout done
2025-11-02 07:10:25.362 11311-11469 iDST::AsrEngine:2674    com.babelstream                      I  RestoreVadBackTimeout done
2025-11-02 07:10:25.362 11311-11469 SdkGummyClient          com.babelstream                      D  sdklog[LOG_LEVEL_INFO]: I 2025-11-02 07:10:25.362670 [iDST::AsrEngine:2678] RestoreVadFrontTimeout
2025-11-02 07:10:25.362 11311-11469 RecognitionService      com.babelstream                      I  status=SDKLog[LOG_LEVEL_INFO]: I 2025-11-02 07:10:25.362670 [iDST::AsrEngine:2678] RestoreVadFrontTimeout
2025-11-02 07:10:25.363 11311-11469 RecognitionService      com.babelstream                      I  ACTION_STATUS: SDKLog[LOG_LEVEL_INFO]: I 2025-11-02 07:10:25.362670 [iDST::AsrEngine:2678] RestoreVadFrontTimeout
2025-11-02 07:10:25.363 11311-11469 iDST::AsrEngine:2678    com.babelstream                      I  RestoreVadFrontTimeout
2025-11-02 07:10:25.364 11311-11472 SdkGummyClient          com.babelstream                      D  sdklog[LOG_LEVEL_DEBUG]: D 2025-11-02 07:10:25.363769 [iDST::AsrEngineHandler:1626] HandleMessage[SET_VAD_TIMEOUT]
2025-11-02 07:10:25.364 11311-11472 RecognitionService      com.babelstream                      I  status=SDKLog[LOG_LEVEL_DEBUG]: D 2025-11-02 07:10:25.363769 [iDST::AsrEngineHandler:1626] HandleMessage[SET_VAD_TIMEOUT]
2025-11-02 07:10:25.365 11311-11468 AudioRecord             com.babelstream                      D  releaseBuffer is no-op due to IAudioRecord sequence mismatch 1 != 2
2025-11-02 07:10:25.365 11311-11472 RecognitionService      com.babelstream                      I  ACTION_STATUS: SDKLog[LOG_LEVEL_DEBUG]: D 2025-11-02 07:10:25.363769 [iDST::AsrEngineHandler:1626] HandleMessage[SET_VAD_TIMEOUT]
2025-11-02 07:10:25.365 11311-11472 iDST::AsrE...ndler:1626 com.babelstream                      D  HandleMessage[SET_VAD_TIMEOUT]
2025-11-02 07:10:25.365 11311-11472 SdkGummyClient          com.babelstream                      D  sdklog[LOG_LEVEL_INFO]: I 2025-11-02 07:10:25.365560 [iDST::AsrEngineHandler:1104] set vad front timeout with 0
2025-11-02 07:10:25.366 11311-11472 RecognitionService      com.babelstream                      I  status=SDKLog[LOG_LEVEL_INFO]: I 2025-11-02 07:10:25.365560 [iDST::AsrEngineHandler:1104] set vad front timeout with 0
2025-11-02 07:10:25.366 11311-11472 RecognitionService      com.babelstream                      I  ACTION_STATUS: SDKLog[LOG_LEVEL_INFO]: I 2025-11-02 07:10:25.365560 [iDST::AsrEngineHandler:1104] set vad front timeout with 0
2025-11-02 07:10:25.366 11311-11472 iDST::AsrE...ndler:1104 com.babelstream                      I  set vad front timeout with 0
2025-11-02 07:10:25.367 11311-11472 SdkGummyClient          com.babelstream                      D  sdklog[LOG_LEVEL_INFO]: I 2025-11-02 07:10:25.367044 [iDST::AsrCeiIf:316] asr cei set param vad_param_front_timeout_interval, value 0
2025-11-02 07:10:25.367 11311-11472 RecognitionService      com.babelstream                      I  status=SDKLog[LOG_LEVEL_INFO]: I 2025-11-02 07:10:25.367044 [iDST::AsrCeiIf:316] asr cei set param vad_param_front_timeout_interval, value 0
2025-11-02 07:10:25.367 11311-11472 RecognitionService      com.babelstream                      I  ACTION_STATUS: SDKLog[LOG_LEVEL_INFO]: I 2025-11-02 07:10:25.367044 [iDST::AsrCeiIf:316] asr cei set param vad_param_front_timeout_interval, value 0
2025-11-02 07:10:25.367 11311-11472 iDST::AsrCeiIf:316      com.babelstream                      I  asr cei set param vad_param_front_timeout_interval, value 0
2025-11-02 07:10:25.368 11311-11472 SdkGummyClient          com.babelstream                      D  sdklog[LOG_LEVEL_ERROR]: E 2025-11-02 07:10:25.367978 [iDST::AsrCeiIf:320] asr cei set ret 2, param vad_param_front_timeout_interval, value 0
2025-11-02 07:10:25.368 11311-11472 RecognitionService      com.babelstream                      I  status=SDKLog[LOG_LEVEL_ERROR]: E 2025-11-02 07:10:25.367978 [iDST::AsrCeiIf:320] asr cei set ret 2, param vad_param_front_timeout_interval, value 0
2025-11-02 07:10:25.369 11311-11472 RecognitionService      com.babelstream                      I  ACTION_STATUS: SDKLog[LOG_LEVEL_ERROR]: E 2025-11-02 07:10:25.367978 [iDST::AsrCeiIf:320] asr cei set ret 2, param vad_param_front_timeout_interval, value 0
2025-11-02 07:10:25.369 11311-11472 iDST::AsrCeiIf:320      com.babelstream                      E  asr cei set ret 2, param vad_param_front_timeout_interval, value 0
2025-11-02 07:10:25.369 11311-11472 SdkGummyClient          com.babelstream                      D  sdklog[LOG_LEVEL_INFO]: I 2025-11-02 07:10:25.369130 [iDST::AsrCeiIf:329] asr cei get param vad_param_front_timeout_interval, value 0
2025-11-02 07:10:25.369 11311-11472 RecognitionService      com.babelstream                      I  status=SDKLog[LOG_LEVEL_INFO]: I 2025-11-02 07:10:25.369130 [iDST::AsrCeiIf:329] asr cei get param vad_param_front_timeout_interval, value 0
2025-11-02 07:10:25.369 11311-11472 RecognitionService      com.babelstream                      I  ACTION_STATUS: SDKLog[LOG_LEVEL_INFO]: I 2025-11-02 07:10:25.369130 [iDST::AsrCeiIf:329] asr cei get param vad_param_front_timeout_interval, value 0
2025-11-02 07:10:25.369 11311-11472 iDST::AsrCeiIf:329      com.babelstream                      I  asr cei get param vad_param_front_timeout_interval, value 0
2025-11-02 07:10:25.370 11311-11472 SdkGummyClient          com.babelstream                      D  sdklog[LOG_LEVEL_INFO]: I 2025-11-02 07:10:25.369887 [iDST::AsrEngineHandler:1628] HandleAsrCmdSetVadTimeout done
2025-11-02 07:10:25.370 11311-11472 RecognitionService      com.babelstream                      I  status=SDKLog[LOG_LEVEL_INFO]: I 2025-11-02 07:10:25.369887 [iDST::AsrEngineHandler:1628] HandleAsrCmdSetVadTimeout done
2025-11-02 07:10:25.370 11311-11472 RecognitionService      com.babelstream                      I  ACTION_STATUS: SDKLog[LOG_LEVEL_INFO]: I 2025-11-02 07:10:25.369887 [iDST::AsrEngineHandler:1628] HandleAsrCmdSetVadTimeout done
2025-11-02 07:10:25.370 11311-11472 iDST::AsrE...ndler:1628 com.babelstream                      I  HandleAsrCmdSetVadTimeout done
2025-11-02 07:10:25.370 11311-11469 SdkGummyClient          com.babelstream                      D  sdklog[LOG_LEVEL_INFO]: I 2025-11-02 07:10:25.370604 [iDST::DialogEngineImpl:454] alloc new dialog[0] with vad_mode:1
2025-11-02 07:10:25.370 11311-11469 RecognitionService      com.babelstream                      I  status=SDKLog[LOG_LEVEL_INFO]: I 2025-11-02 07:10:25.370604 [iDST::DialogEngineImpl:454] alloc new dialog[0] with vad_mode:1
2025-11-02 07:10:25.371 11311-11469 RecognitionService      com.babelstream                      I  ACTION_STATUS: SDKLog[LOG_LEVEL_INFO]: I 2025-11-02 07:10:25.370604 [iDST::DialogEngineImpl:454] alloc new dialog[0] with vad_mode:1
2025-11-02 07:10:25.371 11311-11469 iDST::Dial...neImpl:454 com.babelstream                      I  alloc new dialog[0] with vad_mode:1
2025-11-02 07:10:25.371 11311-11469 SdkGummyClient          com.babelstream                      D  sdklog[LOG_LEVEL_WARNING]: W 2025-11-02 07:10:25.371416 [iDST::DialogEngineImpl:529] no such field mode keep empty
2025-11-02 07:10:25.371 11311-11469 RecognitionService      com.babelstream                      I  status=SDKLog[LOG_LEVEL_WARNING]: W 2025-11-02 07:10:25.371416 [iDST::DialogEngineImpl:529] no such field mode keep empty
2025-11-02 07:10:25.372 11311-11469 RecognitionService      com.babelstream                      I  ACTION_STATUS: SDKLog[LOG_LEVEL_WARNING]: W 2025-11-02 07:10:25.371416 [iDST::DialogEngineImpl:529] no such field mode keep empty
2025-11-02 07:10:25.372 11311-11469 iDST::Dial...neImpl:529 com.babelstream                      W  no such field mode keep empty
2025-11-02 07:10:25.372 11311-11469 SdkGummyClient          com.babelstream                      D  sdklog[LOG_LEVEL_WARNING]: W 2025-11-02 07:10:25.372310 [iDST::AsrEngine:1893] context is null on start
2025-11-02 07:10:25.372 11311-11469 RecognitionService      com.babelstream                      I  status=SDKLog[LOG_LEVEL_WARNING]: W 2025-11-02 07:10:25.372310 [iDST::AsrEngine:1893] context is null on start
2025-11-02 07:10:25.373 11311-11469 RecognitionService      com.babelstream                      I  ACTION_STATUS: SDKLog[LOG_LEVEL_WARNING]: W 2025-11-02 07:10:25.372310 [iDST::AsrEngine:1893] context is null on start
2025-11-02 07:10:25.373 11311-11469 iDST::AsrEngine:1893    com.babelstream                      W  context is null on start
2025-11-02 07:10:25.373 11311-11469 SdkGummyClient          com.babelstream                      D  sdklog[LOG_LEVEL_VERBOSE]: V 2025-11-02 07:10:25.373497 [iDST::ttssdk_itf:220] key=font_name
2025-11-02 07:10:25.373 11311-11469 RecognitionService      com.babelstream                      I  status=SDKLog[LOG_LEVEL_VERBOSE]: V 2025-11-02 07:10:25.373497 [iDST::ttssdk_itf:220] key=font_name
2025-11-02 07:10:25.374 11311-11469 RecognitionService      com.babelstream                      I  ACTION_STATUS: SDKLog[LOG_LEVEL_VERBOSE]: V 2025-11-02 07:10:25.373497 [iDST::ttssdk_itf:220] key=font_name
2025-11-02 07:10:25.374 11311-11469 iDST::ttssdk_itf:220    com.babelstream                      V  key=font_name
2025-11-02 07:10:25.374 11311-11469 SdkGummyClient          com.babelstream                      D  sdklog[LOG_LEVEL_INFO]: I 2025-11-02 07:10:25.374546 [iDST::ttssdk_itf:251] kTtsInstance=nullptr
2025-11-02 07:10:25.374 11311-11469 RecognitionService      com.babelstream                      I  status=SDKLog[LOG_LEVEL_INFO]: I 2025-11-02 07:10:25.374546 [iDST::ttssdk_itf:251] kTtsInstance=nullptr
2025-11-02 07:10:25.375 11311-11469 RecognitionService      com.babelstream                      I  ACTION_STATUS: SDKLog[LOG_LEVEL_INFO]: I 2025-11-02 07:10:25.374546 [iDST::ttssdk_itf:251] kTtsInstance=nullptr
2025-11-02 07:10:25.375 11311-11469 iDST::ttssdk_itf:251    com.babelstream                      I  kTtsInstance=nullptr
2025-11-02 07:10:25.375 11311-11469 SdkGummyClient          com.babelstream                      D  sdklog[LOG_LEVEL_INFO]: I 2025-11-02 07:10:25.375432 [iDST::AsrEngine:1914] service_type is 4
2025-11-02 07:10:25.375 11311-11469 RecognitionService      com.babelstream                      I  status=SDKLog[LOG_LEVEL_INFO]: I 2025-11-02 07:10:25.375432 [iDST::AsrEngine:1914] service_type is 4
2025-11-02 07:10:25.376 11311-11469 RecognitionService      com.babelstream                      I  ACTION_STATUS: SDKLog[LOG_LEVEL_INFO]: I 2025-11-02 07:10:25.375432 [iDST::AsrEngine:1914] service_type is 4
2025-11-02 07:10:25.376 11311-11469 iDST::AsrEngine:1914    com.babelstream                      I  service_type is 4
2025-11-02 07:10:25.377 11311-11469 SdkGummyClient          com.babelstream                      D  sdklog[LOG_LEVEL_DEBUG]: D 2025-11-02 07:10:25.376550 [iDST::AsrEngine:1612] UpdateNlsConfig ->
2025-11-02 07:10:25.377 11311-11469 RecognitionService      com.babelstream                      I  status=SDKLog[LOG_LEVEL_DEBUG]: D 2025-11-02 07:10:25.376550 [iDST::AsrEngine:1612] UpdateNlsConfig ->
2025-11-02 07:10:25.378 11311-11469 RecognitionService      com.babelstream                      I  ACTION_STATUS: SDKLog[LOG_LEVEL_DEBUG]: D 2025-11-02 07:10:25.376550 [iDST::AsrEngine:1612] UpdateNlsConfig ->
2025-11-02 07:10:25.378 11311-11469 iDST::AsrEngine:1612    com.babelstream                      D  UpdateNlsConfig ->
2025-11-02 07:10:25.378 11311-11469 SdkGummyClient          com.babelstream                      D  sdklog[LOG_LEVEL_INFO]: I 2025-11-02 07:10:25.378311 [iDST::AsrEngine:1620] dialog config key  and apikey sk-54
2025-11-02 07:10:25.378 11311-11469 RecognitionService      com.babelstream                      I  status=SDKLog[LOG_LEVEL_INFO]: I 2025-11-02 07:10:25.378311 [iDST::AsrEngine:1620] dialog config key  and apikey sk-54
2025-11-02 07:10:25.379 11311-11469 RecognitionService      com.babelstream                      I  ACTION_STATUS: SDKLog[LOG_LEVEL_INFO]: I 2025-11-02 07:10:25.378311 [iDST::AsrEngine:1620] dialog config key  and apikey sk-54
2025-11-02 07:10:25.379 11311-11469 iDST::AsrEngine:1620    com.babelstream                      I  dialog config key  and apikey sk-54
2025-11-02 07:10:25.379 11311-11469 SdkGummyClient          com.babelstream                      D  sdklog[LOG_LEVEL_WARNING]: W 2025-11-02 07:10:25.379370 [iDST::NlsConfig:7] nls config get_key is nullptr
2025-11-02 07:10:25.379 11311-11469 RecognitionService      com.babelstream                      I  status=SDKLog[LOG_LEVEL_WARNING]: W 2025-11-02 07:10:25.379370 [iDST::NlsConfig:7] nls config get_key is nullptr
2025-11-02 07:10:25.380 11311-11469 RecognitionService      com.babelstream                      I  ACTION_STATUS: SDKLog[LOG_LEVEL_WARNING]: W 2025-11-02 07:10:25.379370 [iDST::NlsConfig:7] nls config get_key is nullptr
2025-11-02 07:10:25.380 11311-11469 iDST::NlsConfig:7       com.babelstream                      W  nls config get_key is nullptr
2025-11-02 07:10:25.380 11311-11469 SdkGummyClient          com.babelstream                      D  sdklog[LOG_LEVEL_INFO]: I 2025-11-02 07:10:25.380560 [iDST::AsrEngine:1647] current nls config key (null)
2025-11-02 07:10:25.380 11311-11469 RecognitionService      com.babelstream                      I  status=SDKLog[LOG_LEVEL_INFO]: I 2025-11-02 07:10:25.380560 [iDST::AsrEngine:1647] current nls config key (null)
2025-11-02 07:10:25.381 11311-11469 RecognitionService      com.babelstream                      I  ACTION_STATUS: SDKLog[LOG_LEVEL_INFO]: I 2025-11-02 07:10:25.380560 [iDST::AsrEngine:1647] current nls config key (null)
2025-11-02 07:10:25.381 11311-11469 iDST::AsrEngine:1647    com.babelstream                      I  current nls config key (null)
2025-11-02 07:10:25.381 11311-11469 SdkGummyClient          com.babelstream                      D  sdklog[LOG_LEVEL_WARNING]: W 2025-11-02 07:10:25.381681 [iDST::NlsConfig:10] nls config get_apikey is nullptr
2025-11-02 07:10:25.382 11311-11469 RecognitionService      com.babelstream                      I  status=SDKLog[LOG_LEVEL_WARNING]: W 2025-11-02 07:10:25.381681 [iDST::NlsConfig:10] nls config get_apikey is nullptr
2025-11-02 07:10:25.382 11311-11469 RecognitionService      com.babelstream                      I  ACTION_STATUS: SDKLog[LOG_LEVEL_WARNING]: W 2025-11-02 07:10:25.381681 [iDST::NlsConfig:10] nls config get_apikey is nullptr
2025-11-02 07:10:25.382 11311-11469 iDST::NlsConfig:10      com.babelstream                      W  nls config get_apikey is nullptr
2025-11-02 07:10:25.383 11311-11469 SdkGummyClient          com.babelstream                      D  sdklog[LOG_LEVEL_INFO]: I 2025-11-02 07:10:25.382879 [iDST::AsrEngine:1694] update nls config as key changed.
2025-11-02 07:10:25.383 11311-11469 RecognitionService      com.babelstream                      I  status=SDKLog[LOG_LEVEL_INFO]: I 2025-11-02 07:10:25.382879 [iDST::AsrEngine:1694] update nls config as key changed.
2025-11-02 07:10:25.383 11311-11469 RecognitionService      com.babelstream                      I  ACTION_STATUS: SDKLog[LOG_LEVEL_INFO]: I 2025-11-02 07:10:25.382879 [iDST::AsrEngine:1694] update nls config as key changed.
2025-11-02 07:10:25.383 11311-11469 iDST::AsrEngine:1694    com.babelstream                      I  update nls config as key changed.
2025-11-02 07:10:25.384 11311-11469 SdkGummyClient          com.babelstream                      D  sdklog[LOG_LEVEL_INFO]: I 2025-11-02 07:10:25.383864 [iDST::AsrNlsWrapper:258] update nls config service_type 4
2025-11-02 07:10:25.384 11311-11469 RecognitionService      com.babelstream                      I  status=SDKLog[LOG_LEVEL_INFO]: I 2025-11-02 07:10:25.383864 [iDST::AsrNlsWrapper:258] update nls config service_type 4
2025-11-02 07:10:25.384 11311-11469 RecognitionService      com.babelstream                      I  ACTION_STATUS: SDKLog[LOG_LEVEL_INFO]: I 2025-11-02 07:10:25.383864 [iDST::AsrNlsWrapper:258] update nls config service_type 4
2025-11-02 07:10:25.384 11311-11469 iDST::AsrNlsWrapper:258 com.babelstream                      I  update nls config service_type 4
2025-11-02 07:10:25.385 11311-11469 SdkGummyClient          com.babelstream                      D  sdklog[LOG_LEVEL_INFO]: I 2025-11-02 07:10:25.384864 [iDST::NlsSt:768] NlsSt::UpdateConfig update config
2025-11-02 07:10:25.385 11311-11469 RecognitionService      com.babelstream                      I  status=SDKLog[LOG_LEVEL_INFO]: I 2025-11-02 07:10:25.384864 [iDST::NlsSt:768] NlsSt::UpdateConfig update config
2025-11-02 07:10:25.385 11311-11469 RecognitionService      com.babelstream                      I  ACTION_STATUS: SDKLog[LOG_LEVEL_INFO]: I 2025-11-02 07:10:25.384864 [iDST::NlsSt:768] NlsSt::UpdateConfig update config
2025-11-02 07:10:25.385 11311-11469 iDST::NlsSt:768         com.babelstream                      I  NlsSt::UpdateConfig update config
2025-11-02 07:10:25.385 11311-11469 SdkGummyClient          com.babelstream                      D  sdklog[LOG_LEVEL_INFO]: I 2025-11-02 07:10:25.385703 [iDST::AsrEngine:1929] load dialog config with uuid=448a0303c7fd47aa9b6c9af081e2938c userdata={}
2025-11-02 07:10:25.385 11311-11469 RecognitionService      com.babelstream                      I  status=SDKLog[LOG_LEVEL_INFO]: I 2025-11-02 07:10:25.385703 [iDST::AsrEngine:1929] load dialog config with uuid=448a0303c7fd47aa9b6c9af081e2938c userdata={}
2025-11-02 07:10:25.386 11311-11469 RecognitionService      com.babelstream                      I  ACTION_STATUS: SDKLog[LOG_LEVEL_INFO]: I 2025-11-02 07:10:25.385703 [iDST::AsrEngine:1929] load dialog config with uuid=448a0303c7fd47aa9b6c9af081e2938c userdata={}
2025-11-02 07:10:25.386 11311-11469 iDST::AsrEngine:1929    com.babelstream                      I  load dialog config with uuid=448a0303c7fd47aa9b6c9af081e2938c userdata={}
2025-11-02 07:10:25.386 11311-11469 SdkGummyClient          com.babelstream                      D  sdklog[LOG_LEVEL_INFO]: I 2025-11-02 07:10:25.386553 [iDST::AsrEngine:1936] enable wuw hint(0)
2025-11-02 07:10:25.386 11311-11469 RecognitionService      com.babelstream                      I  status=SDKLog[LOG_LEVEL_INFO]: I 2025-11-02 07:10:25.386553 [iDST::AsrEngine:1936] enable wuw hint(0)
2025-11-02 07:10:25.387 11311-11469 RecognitionService      com.babelstream                      I  ACTION_STATUS: SDKLog[LOG_LEVEL_INFO]: I 2025-11-02 07:10:25.386553 [iDST::AsrEngine:1936] enable wuw hint(0)
2025-11-02 07:10:25.387 11311-11469 iDST::AsrEngine:1936    com.babelstream                      I  enable wuw hint(0)
2025-11-02 07:10:25.387 11311-11469 SdkGummyClient          com.babelstream                      D  sdklog[LOG_LEVEL_WARNING]: W 2025-11-02 07:10:25.387383 [iDST::NlsConfig:54] nls config get_sr_model is nullptr
2025-11-02 07:10:25.387 11311-11469 RecognitionService      com.babelstream                      I  status=SDKLog[LOG_LEVEL_WARNING]: W 2025-11-02 07:10:25.387383 [iDST::NlsConfig:54] nls config get_sr_model is nullptr
2025-11-02 07:10:25.388 11311-11469 RecognitionService      com.babelstream                      I  ACTION_STATUS: SDKLog[LOG_LEVEL_WARNING]: W 2025-11-02 07:10:25.387383 [iDST::NlsConfig:54] nls config get_sr_model is nullptr
2025-11-02 07:10:25.388 11311-11469 iDST::NlsConfig:54      com.babelstream                      W  nls config get_sr_model is nullptr
2025-11-02 07:10:25.388 11311-11469 SdkGummyClient          com.babelstream                      D  sdklog[LOG_LEVEL_INFO]: I 2025-11-02 07:10:25.388237 [iDST::AsrEngine:1962] keeps use nls config asr model [(null)]
2025-11-02 07:10:25.388 11311-11469 RecognitionService      com.babelstream                      I  status=SDKLog[LOG_LEVEL_INFO]: I 2025-11-02 07:10:25.388237 [iDST::AsrEngine:1962] keeps use nls config asr model [(null)]
2025-11-02 07:10:25.389 11311-11469 RecognitionService      com.babelstream                      I  ACTION_STATUS: SDKLog[LOG_LEVEL_INFO]: I 2025-11-02 07:10:25.388237 [iDST::AsrEngine:1962] keeps use nls config asr model [(null)]
2025-11-02 07:10:25.389 11311-11469 iDST::AsrEngine:1962    com.babelstream                      I  keeps use nls config asr model [(null)]
2025-11-02 07:10:25.389 11311-11469 SdkGummyClient          com.babelstream                      D  sdklog[LOG_LEVEL_WARNING]: W 2025-11-02 07:10:25.389201 [iDST::NlsConfig:54] nls config get_sr_model is nullptr
2025-11-02 07:10:25.389 11311-11469 RecognitionService      com.babelstream                      I  status=SDKLog[LOG_LEVEL_WARNING]: W 2025-11-02 07:10:25.389201 [iDST::NlsConfig:54] nls config get_sr_model is nullptr
2025-11-02 07:10:25.390 11311-11469 RecognitionService      com.babelstream                      I  ACTION_STATUS: SDKLog[LOG_LEVEL_WARNING]: W 2025-11-02 07:10:25.389201 [iDST::NlsConfig:54] nls config get_sr_model is nullptr
2025-11-02 07:10:25.390 11311-11469 iDST::NlsConfig:54      com.babelstream                      W  nls config get_sr_model is nullptr
2025-11-02 07:10:25.390 11311-11469 SdkGummyClient          com.babelstream                      D  sdklog[LOG_LEVEL_WARNING]: W 2025-11-02 07:10:25.390252 [iDST::NlsConfig:27] nls config get_enable_direct_host is nullptr
2025-11-02 07:10:25.390 11311-11469 RecognitionService      com.babelstream                      I  status=SDKLog[LOG_LEVEL_WARNING]: W 2025-11-02 07:10:25.390252 [iDST::NlsConfig:27] nls config get_enable_direct_host is nullptr
2025-11-02 07:10:25.391 11311-11469 RecognitionService      com.babelstream                      I  ACTION_STATUS: SDKLog[LOG_LEVEL_WARNING]: W 2025-11-02 07:10:25.390252 [iDST::NlsConfig:27] nls config get_enable_direct_host is nullptr
2025-11-02 07:10:25.391 11311-11469 iDST::NlsConfig:27      com.babelstream                      W  nls config get_enable_direct_host is nullptr
2025-11-02 07:10:25.391 11311-11469 SdkGummyClient          com.babelstream                      D  sdklog[LOG_LEVEL_INFO]: I 2025-11-02 07:10:25.391274 [iDST::AsrEngine:2003] gender detect=0
2025-11-02 07:10:25.391 11311-11469 RecognitionService      com.babelstream                      I  status=SDKLog[LOG_LEVEL_INFO]: I 2025-11-02 07:10:25.391274 [iDST::AsrEngine:2003] gender detect=0
2025-11-02 07:10:25.392 11311-11469 RecognitionService      com.babelstream                      I  ACTION_STATUS: SDKLog[LOG_LEVEL_INFO]: I 2025-11-02 07:10:25.391274 [iDST::AsrEngine:2003] gender detect=0
2025-11-02 07:10:25.392 11311-11469 iDST::AsrEngine:2003    com.babelstream                      I  gender detect=0
2025-11-02 07:10:25.392 11311-11469 SdkGummyClient          com.babelstream                      D  sdklog[LOG_LEVEL_INFO]: I 2025-11-02 07:10:25.392261 [iDST::Tracer:121] Tracer::Reset
2025-11-02 07:10:25.392 11311-11469 RecognitionService      com.babelstream                      I  status=SDKLog[LOG_LEVEL_INFO]: I 2025-11-02 07:10:25.392261 [iDST::Tracer:121] Tracer::Reset
2025-11-02 07:10:25.393 11311-11469 RecognitionService      com.babelstream                      I  ACTION_STATUS: SDKLog[LOG_LEVEL_INFO]: I 2025-11-02 07:10:25.392261 [iDST::Tracer:121] Tracer::Reset
2025-11-02 07:10:25.393 11311-11469 iDST::Tracer:121        com.babelstream                      I  Tracer::Reset
2025-11-02 07:10:25.394 11311-11469 SdkGummyClient          com.babelstream                      D  sdklog[LOG_LEVEL_DEBUG]: D 2025-11-02 07:10:25.393847 [iDST::Tracer:198] Tracer::SetTaskId
2025-11-02 07:10:25.394 11311-11469 RecognitionService      com.babelstream                      I  status=SDKLog[LOG_LEVEL_DEBUG]: D 2025-11-02 07:10:25.393847 [iDST::Tracer:198] Tracer::SetTaskId
2025-11-02 07:10:25.394 11311-11469 RecognitionService      com.babelstream                      I  ACTION_STATUS: SDKLog[LOG_LEVEL_DEBUG]: D 2025-11-02 07:10:25.393847 [iDST::Tracer:198] Tracer::SetTaskId
2025-11-02 07:10:25.394 11311-11469 iDST::Tracer:198        com.babelstream                      D  Tracer::SetTaskId
2025-11-02 07:10:25.395 11311-11469 SdkGummyClient          com.babelstream                      D  sdklog[LOG_LEVEL_INFO]: I 2025-11-02 07:10:25.394978 [iDST::Tracer:200] Tracer::SetTaskId 
2025-11-02 07:10:25.395 11311-11469 RecognitionService      com.babelstream                      I  status=SDKLog[LOG_LEVEL_INFO]: I 2025-11-02 07:10:25.394978 [iDST::Tracer:200] Tracer::SetTaskId 
2025-11-02 07:10:25.395 11311-11469 RecognitionService      com.babelstream                      I  ACTION_STATUS: SDKLog[LOG_LEVEL_INFO]: I 2025-11-02 07:10:25.394978 [iDST::Tracer:200] Tracer::SetTaskId 
2025-11-02 07:10:25.395 11311-11469 iDST::Tracer:200        com.babelstream                      I  Tracer::SetTaskId 
2025-11-02 07:10:25.396 11311-11469 SdkGummyClient          com.babelstream                      D  sdklog[LOG_LEVEL_WARNING]: W 2025-11-02 07:10:25.395991 [iDST::NlsConfig:56] nls config get_wuw_model is nullptr
2025-11-02 07:10:25.396 11311-11469 RecognitionService      com.babelstream                      I  status=SDKLog[LOG_LEVEL_WARNING]: W 2025-11-02 07:10:25.395991 [iDST::NlsConfig:56] nls config get_wuw_model is nullptr
2025-11-02 07:10:25.396 11311-11469 RecognitionService      com.babelstream                      I  ACTION_STATUS: SDKLog[LOG_LEVEL_WARNING]: W 2025-11-02 07:10:25.395991 [iDST::NlsConfig:56] nls config get_wuw_model is nullptr
2025-11-02 07:10:25.396 11311-11469 iDST::NlsConfig:56      com.babelstream                      W  nls config get_wuw_model is nullptr
2025-11-02 07:10:25.396 11311-11469 SdkGummyClient          com.babelstream                      D  sdklog[LOG_LEVEL_INFO]: I 2025-11-02 07:10:25.396787 [iDST::Tracer:121] Tracer::Reset
2025-11-02 07:10:25.397 11311-11469 RecognitionService      com.babelstream                      I  status=SDKLog[LOG_LEVEL_INFO]: I 2025-11-02 07:10:25.396787 [iDST::Tracer:121] Tracer::Reset
2025-11-02 07:10:25.397 11311-11469 RecognitionService      com.babelstream                      I  ACTION_STATUS: SDKLog[LOG_LEVEL_INFO]: I 2025-11-02 07:10:25.396787 [iDST::Tracer:121] Tracer::Reset
2025-11-02 07:10:25.397 11311-11469 iDST::Tracer:121        com.babelstream                      I  Tracer::Reset
2025-11-02 07:10:25.397 11311-11469 SdkGummyClient          com.babelstream                      D  sdklog[LOG_LEVEL_DEBUG]: D 2025-11-02 07:10:25.397623 [iDST::Tracer:84] generate timestamp 1762038625397[2025-11-02_07:10:25.397614]
2025-11-02 07:10:25.397 11311-11469 RecognitionService      com.babelstream                      I  status=SDKLog[LOG_LEVEL_DEBUG]: D 2025-11-02 07:10:25.397623 [iDST::Tracer:84] generate timestamp 1762038625397[2025-11-02_07:10:25.397614]
2025-11-02 07:10:25.398 11311-11469 RecognitionService      com.babelstream                      I  ACTION_STATUS: SDKLog[LOG_LEVEL_DEBUG]: D 2025-11-02 07:10:25.397623 [iDST::Tracer:84] generate timestamp 1762038625397[2025-11-02_07:10:25.397614]
2025-11-02 07:10:25.398 11311-11469 iDST::Tracer:84         com.babelstream                      D  generate timestamp 1762038625397[2025-11-02_07:10:25.397614]
2025-11-02 07:10:25.398 11311-11469 SdkGummyClient          com.babelstream                      D  sdklog[LOG_LEVEL_INFO]: I 2025-11-02 07:10:25.398549 [iDST::StateMachine:45] Idle -- Start --> Start
2025-11-02 07:10:25.398 11311-11469 RecognitionService      com.babelstream                      I  status=SDKLog[LOG_LEVEL_INFO]: I 2025-11-02 07:10:25.398549 [iDST::StateMachine:45] Idle -- Start --> Start
2025-11-02 07:10:25.399 11311-11469 RecognitionService      com.babelstream                      I  ACTION_STATUS: SDKLog[LOG_LEVEL_INFO]: I 2025-11-02 07:10:25.398549 [iDST::StateMachine:45] Idle -- Start --> Start
2025-11-02 07:10:25.399 11311-11469 iDST::StateMachine:45   com.babelstream                      I  Idle -- Start --> Start
2025-11-02 07:10:25.399 11311-11472 SdkGummyClient          com.babelstream                      D  sdklog[LOG_LEVEL_DEBUG]: D 2025-11-02 07:10:25.399626 [iDST::AsrEngineHandler:1609] HandleMessage[ASR_START]
2025-11-02 07:10:25.399 11311-11472 RecognitionService      com.babelstream                      I  status=SDKLog[LOG_LEVEL_DEBUG]: D 2025-11-02 07:10:25.399626 [iDST::AsrEngineHandler:1609] HandleMessage[ASR_START]
2025-11-02 07:10:25.400 11311-11472 RecognitionService      com.babelstream                      I  ACTION_STATUS: SDKLog[LOG_LEVEL_DEBUG]: D 2025-11-02 07:10:25.399626 [iDST::AsrEngineHandler:1609] HandleMessage[ASR_START]
2025-11-02 07:10:25.401 11311-11472 iDST::AsrE...ndler:1609 com.babelstream                      D  HandleMessage[ASR_START]
2025-11-02 07:10:25.401 11311-11472 SdkGummyClient          com.babelstream                      D  sdklog[LOG_LEVEL_INFO]: I 2025-11-02 07:10:25.401078 [iDST::AsrCeiIf:316] asr cei set param vad_param_front_timeout_interval, value 0
2025-11-02 07:10:25.401 11311-11472 RecognitionService      com.babelstream                      I  status=SDKLog[LOG_LEVEL_INFO]: I 2025-11-02 07:10:25.401078 [iDST::AsrCeiIf:316] asr cei set param vad_param_front_timeout_interval, value 0
2025-11-02 07:10:25.402 11311-11472 RecognitionService      com.babelstream                      I  ACTION_STATUS: SDKLog[LOG_LEVEL_INFO]: I 2025-11-02 07:10:25.401078 [iDST::AsrCeiIf:316] asr cei set param vad_param_front_timeout_interval, value 0
2025-11-02 07:10:25.402 11311-11472 iDST::AsrCeiIf:316      com.babelstream                      I  asr cei set param vad_param_front_timeout_interval, value 0
2025-11-02 07:10:25.402 11311-11472 SdkGummyClient          com.babelstream                      D  sdklog[LOG_LEVEL_ERROR]: E 2025-11-02 07:10:25.402467 [iDST::AsrCeiIf:320] asr cei set ret 2, param vad_param_front_timeout_interval, value 0
2025-11-02 07:10:25.402 11311-11472 RecognitionService      com.babelstream                      I  status=SDKLog[LOG_LEVEL_ERROR]: E 2025-11-02 07:10:25.402467 [iDST::AsrCeiIf:320] asr cei set ret 2, param vad_param_front_timeout_interval, value 0
2025-11-02 07:10:25.403 11311-11472 RecognitionService      com.babelstream                      I  ACTION_STATUS: SDKLog[LOG_LEVEL_ERROR]: E 2025-11-02 07:10:25.402467 [iDST::AsrCeiIf:320] asr cei set ret 2, param vad_param_front_timeout_interval, value 0
2025-11-02 07:10:25.403 11311-11472 iDST::AsrCeiIf:320      com.babelstream                      E  asr cei set ret 2, param vad_param_front_timeout_interval, value 0
2025-11-02 07:10:25.403 11311-11472 SdkGummyClient          com.babelstream                      D  sdklog[LOG_LEVEL_DEBUG]: D 2025-11-02 07:10:25.403605 [iDST::AsrEngineHandler:991] GetWuwSuspThres 0
2025-11-02 07:10:25.403 11311-11472 RecognitionService      com.babelstream                      I  status=SDKLog[LOG_LEVEL_DEBUG]: D 2025-11-02 07:10:25.403605 [iDST::AsrEngineHandler:991] GetWuwSuspThres 0
2025-11-02 07:10:25.405 11311-11472 RecognitionService      com.babelstream                      I  ACTION_STATUS: SDKLog[LOG_LEVEL_DEBUG]: D 2025-11-02 07:10:25.403605 [iDST::AsrEngineHandler:991] GetWuwSuspThres 0
2025-11-02 07:10:25.405 11311-11472 iDST::AsrE...andler:991 com.babelstream                      D  GetWuwSuspThres 0
2025-11-02 07:10:25.405 11311-11472 SdkGummyClient          com.babelstream                      D  sdklog[LOG_LEVEL_INFO]: I 2025-11-02 07:10:25.405311 [iDST::AsrEngineHandler:1038] disable vad ossupload
2025-11-02 07:10:25.405 11311-11472 RecognitionService      com.babelstream                      I  status=SDKLog[LOG_LEVEL_INFO]: I 2025-11-02 07:10:25.405311 [iDST::AsrEngineHandler:1038] disable vad ossupload
2025-11-02 07:10:25.406 11311-11472 RecognitionService      com.babelstream                      I  ACTION_STATUS: SDKLog[LOG_LEVEL_INFO]: I 2025-11-02 07:10:25.405311 [iDST::AsrEngineHandler:1038] disable vad ossupload
2025-11-02 07:10:25.406 11311-11472 iDST::AsrE...ndler:1038 com.babelstream                      I  disable vad ossupload
2025-11-02 07:10:25.406 11311-11472 SdkGummyClient          com.babelstream                      D  sdklog[LOG_LEVEL_INFO]: I 2025-11-02 07:10:25.406747 [iDST::AsrCeiIf:316] asr cei set param oss_upload_param_vad_in, value false
2025-11-02 07:10:25.407 11311-11468 AudioCaptureManager     com.babelstream                      I  level=0
2025-11-02 07:10:25.407 11311-11472 RecognitionService      com.babelstream                      I  status=SDKLog[LOG_LEVEL_INFO]: I 2025-11-02 07:10:25.406747 [iDST::AsrCeiIf:316] asr cei set param oss_upload_param_vad_in, value false
2025-11-02 07:10:25.407 11311-11472 RecognitionService      com.babelstream                      I  ACTION_STATUS: SDKLog[LOG_LEVEL_INFO]: I 2025-11-02 07:10:25.406747 [iDST::AsrCeiIf:316] asr cei set param oss_upload_param_vad_in, value false
2025-11-02 07:10:25.407 11311-11472 iDST::AsrCeiIf:316      com.babelstream                      I  asr cei set param oss_upload_param_vad_in, value false
2025-11-02 07:10:25.408 11311-11472 SdkGummyClient          com.babelstream                      D  sdklog[LOG_LEVEL_INFO]: I 2025-11-02 07:10:25.408064 [iDST::AsrEngineHandler:1057] disable aec kws ossupload
2025-11-02 07:10:25.408 11311-11472 RecognitionService      com.babelstream                      I  status=SDKLog[LOG_LEVEL_INFO]: I 2025-11-02 07:10:25.408064 [iDST::AsrEngineHandler:1057] disable aec kws ossupload
2025-11-02 07:10:25.409 11311-11472 RecognitionService      com.babelstream                      I  ACTION_STATUS: SDKLog[LOG_LEVEL_INFO]: I 2025-11-02 07:10:25.408064 [iDST::AsrEngineHandler:1057] disable aec kws ossupload
2025-11-02 07:10:25.409 11311-11472 iDST::AsrE...ndler:1057 com.babelstream                      I  disable aec kws ossupload
2025-11-02 07:10:25.409 11311-11472 SdkGummyClient          com.babelstream                      D  sdklog[LOG_LEVEL_INFO]: I 2025-11-02 07:10:25.409693 [iDST::AsrCeiIf:316] asr cei set param oss_upload_param_is_aec_upload, value false
2025-11-02 07:10:25.410 11311-11472 RecognitionService      com.babelstream                      I  status=SDKLog[LOG_LEVEL_INFO]: I 2025-11-02 07:10:25.409693 [iDST::AsrCeiIf:316] asr cei set param oss_upload_param_is_aec_upload, value false
2025-11-02 07:10:25.410 11311-11472 RecognitionService      com.babelstream                      I  ACTION_STATUS: SDKLog[LOG_LEVEL_INFO]: I 2025-11-02 07:10:25.409693 [iDST::AsrCeiIf:316] asr cei set param oss_upload_param_is_aec_upload, value false
2025-11-02 07:10:25.410 11311-11472 iDST::AsrCeiIf:316      com.babelstream                      I  asr cei set param oss_upload_param_is_aec_upload, value false
2025-11-02 07:10:25.411 11311-11472 SdkGummyClient          com.babelstream                      D  sdklog[LOG_LEVEL_INFO]: I 2025-11-02 07:10:25.410835 [iDST::AsrCeiIf:491] asr cei start with grammar_tag=default_tag is_need_result=0
2025-11-02 07:10:25.411 11311-11472 RecognitionService      com.babelstream                      I  status=SDKLog[LOG_LEVEL_INFO]: I 2025-11-02 07:10:25.410835 [iDST::AsrCeiIf:491] asr cei start with grammar_tag=default_tag is_need_result=0
2025-11-02 07:10:25.411 11311-11472 RecognitionService      com.babelstream                      I  ACTION_STATUS: SDKLog[LOG_LEVEL_INFO]: I 2025-11-02 07:10:25.410835 [iDST::AsrCeiIf:491] asr cei start with grammar_tag=default_tag is_need_result=0
2025-11-02 07:10:25.411 11311-11472 iDST::AsrCeiIf:491      com.babelstream                      I  asr cei start with grammar_tag=default_tag is_need_result=0
2025-11-02 07:10:25.411 11311-11472 AlsCei::As...Impl, Main com.babelstream                      W  ved does not exist, skip ...
2025-11-02 07:10:25.411 11311-11472 AlsCei::As...Impl, Main com.babelstream                      I  version is 0.824-V20251010114822.
2025-11-02 07:10:25.411 11311-11472 AlsCei::As...Impl, Main com.babelstream                      I  compiled by shichen.fsc at /home/shichen.fsc/code/public/nui_dev/se, git commit is 45573a1b20008c4ea6841803e224c35f90ead35d
2025-11-02 07:10:25.411 11311-11472 AlsCei::As...Impl, Main com.babelstream                      W  ved does not exist, skip ...
2025-11-02 07:10:25.411 11311-11472 AlsCei::As...l, Profile com.babelstream                      I  set log level to 3
2025-11-02 07:10:25.412 11311-11468 RecognitionService      com.babelstream                      I  level=0
