2025-11-02 07:16:02.783 12134-12285 SdkGummyClient          com.babelstream                      V  rms=-160.0
2025-11-02 07:16:02.783 12134-12285 AlsCei::As...Impl, Main com.babelstream                      W  ved does not exist, skip ...
2025-11-02 07:16:02.783 12134-12285 SdkGummyClient          com.babelstream                      V  rms=-160.0
2025-11-02 07:16:02.783 12134-12285 AlsCei::As...Impl, Main com.babelstream                      W  ved does not exist, skip ...
2025-11-02 07:16:02.783 12134-12285 SdkGummyClient          com.babelstream                      V  rms=-160.0
2025-11-02 07:16:02.783 12134-12285 AlsCei::As...Impl, Main com.babelstream                      W  ved does not exist, skip ...
2025-11-02 07:16:02.783 12134-12285 AlsCei::As...Impl, Main com.babelstream                      I  utterance rtf: 0.001000, average rtf: 0.000000, round: 0, frame: 2000
2025-11-02 07:16:02.784 12134-12285 SdkGummyClient          com.babelstream                      D  sdklog[LOG_LEVEL_INFO]: I 2025-11-02 07:16:02.783840 [iDST::RecorderManager:542] Recording 100frames
2025-11-02 07:16:02.784 12134-12285 RecognitionService      com.babelstream                      I  status=SDKLog[LOG_LEVEL_INFO]: I 2025-11-02 07:16:02.783840 [iDST::RecorderManager:542] Recording 100frames
2025-11-02 07:16:02.785 12134-12285 RecognitionService      com.babelstream                      I  ACTION_STATUS: SDKLog[LOG_LEVEL_INFO]: I 2025-11-02 07:16:02.783840 [iDST::RecorderManager:542] Recording 100frames
2025-11-02 07:16:02.785 12134-12285 iDST::Reco...anager:542 com.babelstream                      I  Recording 100frames
2025-11-02 07:16:02.785 12134-12285 SdkGummyClient          com.babelstream                      V  rms=-160.0
2025-11-02 07:16:02.785 12134-12285 AlsCei::As...Impl, Main com.babelstream                      W  ved does not exist, skip ...
2025-11-02 07:16:02.792 12134-12286 AlsSdk::AliOpus         com.babelstream                      I  utterance rtf: 0.005900, average rtf: 0.000000, round: 0, frame: 2000
2025-11-02 07:16:02.800 12134-12287 AlsCei::SdkListener     com.babelstream                      V  OnVoiceData: 62 bytes
2025-11-02 07:16:02.801 12134-12287 SdkGummyClient          com.babelstream                      D  sdklog[LOG_LEVEL_VERBOSE]: V 2025-11-02 07:16:02.800691 [iDST::AsrCeiIf:743] cei OnVoiceData with 62bytes
2025-11-02 07:16:02.801 12134-12287 RecognitionService      com.babelstream                      I  status=SDKLog[LOG_LEVEL_VERBOSE]: V 2025-11-02 07:16:02.800691 [iDST::AsrCeiIf:743] cei OnVoiceData with 62bytes
2025-11-02 07:16:02.801 12134-12287 RecognitionService      com.babelstream                      I  ACTION_STATUS: SDKLog[LOG_LEVEL_VERBOSE]: V 2025-11-02 07:16:02.800691 [iDST::AsrCeiIf:743] cei OnVoiceData with 62bytes
2025-11-02 07:16:02.801 12134-12287 iDST::AsrCeiIf:743      com.babelstream                      V  cei OnVoiceData with 62bytes
2025-11-02 07:16:02.802 12134-12287 AlsCei::SdkListener     com.babelstream                      V  OnVoiceData: 62 bytes finished
2025-11-02 07:16:02.802 12134-12281 SdkGummyClient          com.babelstream                      D  sdklog[LOG_LEVEL_VERBOSE]: V 2025-11-02 07:16:02.802056 [iDST::AsrCeiIf:652] cei callback MSG_VOICE_DATA len = 62
2025-11-02 07:16:02.802 12134-12281 RecognitionService      com.babelstream                      I  status=SDKLog[LOG_LEVEL_VERBOSE]: V 2025-11-02 07:16:02.802056 [iDST::AsrCeiIf:652] cei callback MSG_VOICE_DATA len = 62
2025-11-02 07:16:02.803 12134-12281 RecognitionService      com.babelstream                      I  ACTION_STATUS: SDKLog[LOG_LEVEL_VERBOSE]: V 2025-11-02 07:16:02.802056 [iDST::AsrCeiIf:652] cei callback MSG_VOICE_DATA len = 62
2025-11-02 07:16:02.803 12134-12281 iDST::AsrCeiIf:652      com.babelstream                      V  cei callback MSG_VOICE_DATA len = 62
2025-11-02 07:16:02.803 12134-12283 SdkGummyClient          com.babelstream                      D  sdklog[LOG_LEVEL_ERROR]: E 2025-11-02 07:16:02.803153 [iDST::NlsSt:501] send voice with null sdk request
2025-11-02 07:16:02.803 12134-12283 RecognitionService      com.babelstream                      I  status=SDKLog[LOG_LEVEL_ERROR]: E 2025-11-02 07:16:02.803153 [iDST::NlsSt:501] send voice with null sdk request
2025-11-02 07:16:02.804 12134-12283 RecognitionService      com.babelstream                      I  ACTION_STATUS: SDKLog[LOG_LEVEL_ERROR]: E 2025-11-02 07:16:02.803153 [iDST::NlsSt:501] send voice with null sdk request
2025-11-02 07:16:02.804 12134-12283 iDST::NlsSt:501         com.babelstream                      E  send voice with null sdk request
2025-11-02 07:16:02.883 12134-12285 SdkGummyClient          com.babelstream                      V  rms=-160.0
2025-11-02 07:16:02.883 12134-12285 AlsCei::As...Impl, Main com.babelstream                      W  ved does not exist, skip ...
2025-11-02 07:16:02.884 12134-12285 SdkGummyClient          com.babelstream                      V  rms=-160.0
2025-11-02 07:16:02.884 12134-12285 AlsCei::As...Impl, Main com.babelstream                      W  ved does not exist, skip ...
2025-11-02 07:16:02.884 12134-12285 SdkGummyClient          com.babelstream                      V  rms=-160.0
2025-11-02 07:16:02.884 12134-12285 AlsCei::As...Impl, Main com.babelstream                      W  ved does not exist, skip ...
2025-11-02 07:16:02.885 12134-12285 SdkGummyClient          com.babelstream                      V  rms=-160.0
2025-11-02 07:16:02.885 12134-12285 AlsCei::As...Impl, Main com.babelstream                      W  ved does not exist, skip ...
2025-11-02 07:16:02.962 12134-12285 SdkGummyClient          com.babelstream                      V  rms=-160.0
2025-11-02 07:16:02.962 12134-12285 AlsCei::As...Impl, Main com.babelstream                      W  ved does not exist, skip ...
2025-11-02 07:16:02.962 12134-12285 SdkGummyClient          com.babelstream                      V  rms=-160.0
2025-11-02 07:16:02.963 12134-12285 AlsCei::As...Impl, Main com.babelstream                      W  ved does not exist, skip ...
2025-11-02 07:16:02.963 12134-12285 SdkGummyClient          com.babelstream                      V  rms=-160.0
2025-11-02 07:16:02.963 12134-12285 AlsCei::As...Impl, Main com.babelstream                      W  ved does not exist, skip ...
2025-11-02 07:16:02.963 12134-12285 SdkGummyClient          com.babelstream                      V  rms=-160.0
2025-11-02 07:16:02.963 12134-12285 AlsCei::As...Impl, Main com.babelstream                      W  ved does not exist, skip ...
2025-11-02 07:16:02.973 12134-12287 AlsCei::SdkListener     com.babelstream                      V  OnVoiceData: 97 bytes
2025-11-02 07:16:02.973 12134-12287 SdkGummyClient          com.babelstream                      D  sdklog[LOG_LEVEL_VERBOSE]: V 2025-11-02 07:16:02.973573 [iDST::AsrCeiIf:743] cei OnVoiceData with 97bytes
2025-11-02 07:16:02.973 12134-12287 RecognitionService      com.babelstream                      I  status=SDKLog[LOG_LEVEL_VERBOSE]: V 2025-11-02 07:16:02.973573 [iDST::AsrCeiIf:743] cei OnVoiceData with 97bytes
2025-11-02 07:16:02.975 12134-12287 RecognitionService      com.babelstream                      I  ACTION_STATUS: SDKLog[LOG_LEVEL_VERBOSE]: V 2025-11-02 07:16:02.973573 [iDST::AsrCeiIf:743] cei OnVoiceData with 97bytes
2025-11-02 07:16:02.975 12134-12287 iDST::AsrCeiIf:743      com.babelstream                      V  cei OnVoiceData with 97bytes
2025-11-02 07:16:02.975 12134-12287 AlsCei::SdkListener     com.babelstream                      V  OnVoiceData: 97 bytes finished
2025-11-02 07:16:02.975 12134-12281 SdkGummyClient          com.babelstream                      D  sdklog[LOG_LEVEL_VERBOSE]: V 2025-11-02 07:16:02.975250 [iDST::AsrCeiIf:652] cei callback MSG_VOICE_DATA len = 97
2025-11-02 07:16:02.975 12134-12281 RecognitionService      com.babelstream                      I  status=SDKLog[LOG_LEVEL_VERBOSE]: V 2025-11-02 07:16:02.975250 [iDST::AsrCeiIf:652] cei callback MSG_VOICE_DATA len = 97
2025-11-02 07:16:02.976 12134-12281 RecognitionService      com.babelstream                      I  ACTION_STATUS: SDKLog[LOG_LEVEL_VERBOSE]: V 2025-11-02 07:16:02.975250 [iDST::AsrCeiIf:652] cei callback MSG_VOICE_DATA len = 97
2025-11-02 07:16:02.976 12134-12281 iDST::AsrCeiIf:652      com.babelstream                      V  cei callback MSG_VOICE_DATA len = 97
2025-11-02 07:16:02.976 12134-12283 SdkGummyClient          com.babelstream                      D  sdklog[LOG_LEVEL_ERROR]: E 2025-11-02 07:16:02.976573 [iDST::NlsSt:501] send voice with null sdk request
2025-11-02 07:16:02.976 12134-12283 RecognitionService      com.babelstream                      I  status=SDKLog[LOG_LEVEL_ERROR]: E 2025-11-02 07:16:02.976573 [iDST::NlsSt:501] send voice with null sdk request
2025-11-02 07:16:02.977 12134-12283 RecognitionService      com.babelstream                      I  ACTION_STATUS: SDKLog[LOG_LEVEL_ERROR]: E 2025-11-02 07:16:02.976573 [iDST::NlsSt:501] send voice with null sdk request
2025-11-02 07:16:02.977 12134-12283 iDST::NlsSt:501         com.babelstream                      E  send voice with null sdk request
2025-11-02 07:16:03.061 12134-12285 SdkGummyClient          com.babelstream                      V  rms=-160.0
2025-11-02 07:16:03.061 12134-12285 AlsCei::As...Impl, Main com.babelstream                      W  ved does not exist, skip ...
2025-11-02 07:16:03.062 12134-12285 SdkGummyClient          com.babelstream                      V  rms=-160.0
2025-11-02 07:16:03.062 12134-12285 AlsCei::As...Impl, Main com.babelstream                      W  ved does not exist, skip ...
2025-11-02 07:16:03.062 12134-12285 SdkGummyClient          com.babelstream                      V  rms=-160.0
2025-11-02 07:16:03.062 12134-12285 AlsCei::As...Impl, Main com.babelstream                      W  ved does not exist, skip ...
2025-11-02 07:16:03.063 12134-12285 SdkGummyClient          com.babelstream                      V  rms=-160.0
2025-11-02 07:16:03.063 12134-12285 AlsCei::As...Impl, Main com.babelstream                      W  ved does not exist, skip ...
2025-11-02 07:16:03.161 12134-12285 SdkGummyClient          com.babelstream                      V  rms=-160.0
2025-11-02 07:16:03.162 12134-12285 AlsCei::As...Impl, Main com.babelstream                      W  ved does not exist, skip ...
2025-11-02 07:16:03.162 12134-12285 SdkGummyClient          com.babelstream                      V  rms=-160.0
2025-11-02 07:16:03.162 12134-12285 AlsCei::As...Impl, Main com.babelstream                      W  ved does not exist, skip ...
2025-11-02 07:16:03.163 12134-12285 SdkGummyClient          com.babelstream                      V  rms=-160.0
2025-11-02 07:16:03.163 12134-12285 AlsCei::As...Impl, Main com.babelstream                      W  ved does not exist, skip ...
2025-11-02 07:16:03.163 12134-12285 SdkGummyClient          com.babelstream                      V  rms=-160.0
2025-11-02 07:16:03.163 12134-12285 AlsCei::As...Impl, Main com.babelstream                      W  ved does not exist, skip ...
2025-11-02 07:16:03.163 12134-12285 SdkGummyClient          com.babelstream                      V  rms=-160.0
2025-11-02 07:16:03.163 12134-12285 AlsCei::As...Impl, Main com.babelstream                      W  ved does not exist, skip ...
2025-11-02 07:16:03.166 12134-12287 AlsCei::SdkListener     com.babelstream                      V  OnVoiceData: 69 bytes
2025-11-02 07:16:03.167 12134-12287 SdkGummyClient          com.babelstream                      D  sdklog[LOG_LEVEL_VERBOSE]: V 2025-11-02 07:16:03.167023 [iDST::AsrCeiIf:743] cei OnVoiceData with 69bytes
2025-11-02 07:16:03.167 12134-12287 RecognitionService      com.babelstream                      I  status=SDKLog[LOG_LEVEL_VERBOSE]: V 2025-11-02 07:16:03.167023 [iDST::AsrCeiIf:743] cei OnVoiceData with 69bytes
2025-11-02 07:16:03.169 12134-12287 RecognitionService      com.babelstream                      I  ACTION_STATUS: SDKLog[LOG_LEVEL_VERBOSE]: V 2025-11-02 07:16:03.167023 [iDST::AsrCeiIf:743] cei OnVoiceData with 69bytes
2025-11-02 07:16:03.169 12134-12287 iDST::AsrCeiIf:743      com.babelstream                      V  cei OnVoiceData with 69bytes
2025-11-02 07:16:03.169 12134-12287 AlsCei::SdkListener     com.babelstream                      V  OnVoiceData: 69 bytes finished
2025-11-02 07:16:03.169 12134-12281 SdkGummyClient          com.babelstream                      D  sdklog[LOG_LEVEL_VERBOSE]: V 2025-11-02 07:16:03.169339 [iDST::AsrCeiIf:652] cei callback MSG_VOICE_DATA len = 69
2025-11-02 07:16:03.169 12134-12281 RecognitionService      com.babelstream                      I  status=SDKLog[LOG_LEVEL_VERBOSE]: V 2025-11-02 07:16:03.169339 [iDST::AsrCeiIf:652] cei callback MSG_VOICE_DATA len = 69
2025-11-02 07:16:03.170 12134-12281 RecognitionService      com.babelstream                      I  ACTION_STATUS: SDKLog[LOG_LEVEL_VERBOSE]: V 2025-11-02 07:16:03.169339 [iDST::AsrCeiIf:652] cei callback MSG_VOICE_DATA len = 69
2025-11-02 07:16:03.170 12134-12281 iDST::AsrCeiIf:652      com.babelstream                      V  cei callback MSG_VOICE_DATA len = 69
2025-11-02 07:16:03.171 12134-12283 SdkGummyClient          com.babelstream                      D  sdklog[LOG_LEVEL_ERROR]: E 2025-11-02 07:16:03.170809 [iDST::NlsSt:501] send voice with null sdk request
2025-11-02 07:16:03.171 12134-12283 RecognitionService      com.babelstream                      I  status=SDKLog[LOG_LEVEL_ERROR]: E 2025-11-02 07:16:03.170809 [iDST::NlsSt:501] send voice with null sdk request
2025-11-02 07:16:03.172 12134-12283 RecognitionService      com.babelstream                      I  ACTION_STATUS: SDKLog[LOG_LEVEL_ERROR]: E 2025-11-02 07:16:03.170809 [iDST::NlsSt:501] send voice with null sdk request
2025-11-02 07:16:03.172 12134-12283 iDST::NlsSt:501         com.babelstream                      E  send voice with null sdk request
2025-11-02 07:16:03.241 12134-12285 SdkGummyClient          com.babelstream                      V  rms=-160.0
2025-11-02 07:16:03.241 12134-12285 AlsCei::As...Impl, Main com.babelstream                      W  ved does not exist, skip ...
2025-11-02 07:16:03.241 12134-12285 SdkGummyClient          com.babelstream                      V  rms=-160.0
2025-11-02 07:16:03.242 12134-12285 AlsCei::As...Impl, Main com.babelstream                      W  ved does not exist, skip ...
2025-11-02 07:16:03.242 12134-12285 SdkGummyClient          com.babelstream                      V  rms=-160.0
2025-11-02 07:16:03.242 12134-12285 AlsCei::As...Impl, Main com.babelstream                      W  ved does not exist, skip ...
2025-11-02 07:16:03.242 12134-12285 SdkGummyClient          com.babelstream                      V  rms=-160.0
2025-11-02 07:16:03.242 12134-12285 AlsCei::As...Impl, Main com.babelstream                      W  ved does not exist, skip ...
2025-11-02 07:16:03.249 12134-12287 AlsCei::SdkListener     com.babelstream                      V  OnVoiceData: 106 bytes
2025-11-02 07:16:03.250 12134-12287 SdkGummyClient          com.babelstream                      D  sdklog[LOG_LEVEL_VERBOSE]: V 2025-11-02 07:16:03.250025 [iDST::AsrCeiIf:743] cei OnVoiceData with 106bytes
2025-11-02 07:16:03.250 12134-12287 RecognitionService      com.babelstream                      I  status=SDKLog[LOG_LEVEL_VERBOSE]: V 2025-11-02 07:16:03.250025 [iDST::AsrCeiIf:743] cei OnVoiceData with 106bytes
2025-11-02 07:16:03.251 12134-12287 RecognitionService      com.babelstream                      I  ACTION_STATUS: SDKLog[LOG_LEVEL_VERBOSE]: V 2025-11-02 07:16:03.250025 [iDST::AsrCeiIf:743] cei OnVoiceData with 106bytes
2025-11-02 07:16:03.251 12134-12287 iDST::AsrCeiIf:743      com.babelstream                      V  cei OnVoiceData with 106bytes
2025-11-02 07:16:03.251 12134-12287 AlsCei::SdkListener     com.babelstream                      V  OnVoiceData: 106 bytes finished
2025-11-02 07:16:03.252 12134-12281 SdkGummyClient          com.babelstream                      D  sdklog[LOG_LEVEL_VERBOSE]: V 2025-11-02 07:16:03.251613 [iDST::AsrCeiIf:652] cei callback MSG_VOICE_DATA len = 106
2025-11-02 07:16:03.252 12134-12281 RecognitionService      com.babelstream                      I  status=SDKLog[LOG_LEVEL_VERBOSE]: V 2025-11-02 07:16:03.251613 [iDST::AsrCeiIf:652] cei callback MSG_VOICE_DATA len = 106
2025-11-02 07:16:03.253 12134-12281 RecognitionService      com.babelstream                      I  ACTION_STATUS: SDKLog[LOG_LEVEL_VERBOSE]: V 2025-11-02 07:16:03.251613 [iDST::AsrCeiIf:652] cei callback MSG_VOICE_DATA len = 106
2025-11-02 07:16:03.253 12134-12281 iDST::AsrCeiIf:652      com.babelstream                      V  cei callback MSG_VOICE_DATA len = 106
2025-11-02 07:16:03.253 12134-12283 SdkGummyClient          com.babelstream                      D  sdklog[LOG_LEVEL_ERROR]: E 2025-11-02 07:16:03.253677 [iDST::NlsSt:501] send voice with null sdk request
2025-11-02 07:16:03.253 12134-12283 RecognitionService      com.babelstream                      I  status=SDKLog[LOG_LEVEL_ERROR]: E 2025-11-02 07:16:03.253677 [iDST::NlsSt:501] send voice with null sdk request
2025-11-02 07:16:03.254 12134-12283 RecognitionService      com.babelstream                      I  ACTION_STATUS: SDKLog[LOG_LEVEL_ERROR]: E 2025-11-02 07:16:03.253677 [iDST::NlsSt:501] send voice with null sdk request
2025-11-02 07:16:03.255 12134-12283 iDST::NlsSt:501         com.babelstream                      E  send voice with null sdk request
2025-11-02 07:16:03.340 12134-12276 RecognitionService      com.babelstream                      I  level=0
2025-11-02 07:16:03.340 12134-12285 SdkGummyClient          com.babelstream                      V  rms=-160.0
2025-11-02 07:16:03.340 12134-12285 AlsCei::As...Impl, Main com.babelstream                      W  ved does not exist, skip ...
2025-11-02 07:16:03.341 12134-12285 SdkGummyClient          com.babelstream                      V  rms=-160.0
2025-11-02 07:16:03.341 12134-12285 AlsCei::As...Impl, Main com.babelstream                      W  ved does not exist, skip ...
2025-11-02 07:16:03.341 12134-12285 SdkGummyClient          com.babelstream                      V  rms=-160.0
2025-11-02 07:16:03.341 12134-12285 AlsCei::As...Impl, Main com.babelstream                      W  ved does not exist, skip ...
2025-11-02 07:16:03.342 12134-12285 SdkGummyClient          com.babelstream                      V  rms=-160.0
2025-11-02 07:16:03.342 12134-12285 AlsCei::As...Impl, Main com.babelstream                      W  ved does not exist, skip ...
2025-11-02 07:16:03.441 12134-12285 SdkGummyClient          com.babelstream                      V  rms=-160.0
2025-11-02 07:16:03.441 12134-12285 AlsCei::As...Impl, Main com.babelstream                      W  ved does not exist, skip ...
2025-11-02 07:16:03.441 12134-12285 SdkGummyClient          com.babelstream                      V  rms=-160.0
2025-11-02 07:16:03.441 12134-12285 AlsCei::As...Impl, Main com.babelstream                      W  ved does not exist, skip ...
2025-11-02 07:16:03.442 12134-12285 SdkGummyClient          com.babelstream                      V  rms=-160.0
2025-11-02 07:16:03.442 12134-12285 AlsCei::As...Impl, Main com.babelstream                      W  ved does not exist, skip ...
2025-11-02 07:16:03.442 12134-12285 SdkGummyClient          com.babelstream                      V  rms=-160.0
2025-11-02 07:16:03.442 12134-12285 AlsCei::As...Impl, Main com.babelstream                      W  ved does not exist, skip ...
2025-11-02 07:16:03.453 12134-12287 AlsCei::SdkListener     com.babelstream                      V  OnVoiceData: 109 bytes
2025-11-02 07:16:03.454 12134-12287 SdkGummyClient          com.babelstream                      D  sdklog[LOG_LEVEL_VERBOSE]: V 2025-11-02 07:16:03.453723 [iDST::AsrCeiIf:743] cei OnVoiceData with 109bytes
2025-11-02 07:16:03.454 12134-12287 RecognitionService      com.babelstream                      I  status=SDKLog[LOG_LEVEL_VERBOSE]: V 2025-11-02 07:16:03.453723 [iDST::AsrCeiIf:743] cei OnVoiceData with 109bytes
2025-11-02 07:16:03.455 12134-12287 RecognitionService      com.babelstream                      I  ACTION_STATUS: SDKLog[LOG_LEVEL_VERBOSE]: V 2025-11-02 07:16:03.453723 [iDST::AsrCeiIf:743] cei OnVoiceData with 109bytes
2025-11-02 07:16:03.455 12134-12287 iDST::AsrCeiIf:743      com.babelstream                      V  cei OnVoiceData with 109bytes
2025-11-02 07:16:03.455 12134-12287 AlsCei::SdkListener     com.babelstream                      V  OnVoiceData: 109 bytes finished
2025-11-02 07:16:03.455 12134-12281 SdkGummyClient          com.babelstream                      D  sdklog[LOG_LEVEL_VERBOSE]: V 2025-11-02 07:16:03.455254 [iDST::AsrCeiIf:652] cei callback MSG_VOICE_DATA len = 109
2025-11-02 07:16:03.455 12134-12281 RecognitionService      com.babelstream                      I  status=SDKLog[LOG_LEVEL_VERBOSE]: V 2025-11-02 07:16:03.455254 [iDST::AsrCeiIf:652] cei callback MSG_VOICE_DATA len = 109
2025-11-02 07:16:03.457 12134-12281 RecognitionService      com.babelstream                      I  ACTION_STATUS: SDKLog[LOG_LEVEL_VERBOSE]: V 2025-11-02 07:16:03.455254 [iDST::AsrCeiIf:652] cei callback MSG_VOICE_DATA len = 109
2025-11-02 07:16:03.457 12134-12281 iDST::AsrCeiIf:652      com.babelstream                      V  cei callback MSG_VOICE_DATA len = 109
2025-11-02 07:16:03.457 12134-12283 SdkGummyClient          com.babelstream                      D  sdklog[LOG_LEVEL_ERROR]: E 2025-11-02 07:16:03.457527 [iDST::NlsSt:501] send voice with null sdk request
2025-11-02 07:16:03.458 12134-12283 RecognitionService      com.babelstream                      I  status=SDKLog[LOG_LEVEL_ERROR]: E 2025-11-02 07:16:03.457527 [iDST::NlsSt:501] send voice with null sdk request
2025-11-02 07:16:03.458 12134-12283 RecognitionService      com.babelstream                      I  ACTION_STATUS: SDKLog[LOG_LEVEL_ERROR]: E 2025-11-02 07:16:03.457527 [iDST::NlsSt:501] send voice with null sdk request
2025-11-02 07:16:03.459 12134-12283 iDST::NlsSt:501         com.babelstream                      E  send voice with null sdk request
2025-11-02 07:16:03.519 12134-12276 AudioCaptureManager     com.babelstream                      I  level=0
2025-11-02 07:16:03.525 12134-12285 SdkGummyClient          com.babelstream                      V  rms=-160.0
2025-11-02 07:16:03.525 12134-12285 AlsCei::As...Impl, Main com.babelstream                      W  ved does not exist, skip ...
2025-11-02 07:16:03.525 12134-12285 SdkGummyClient          com.babelstream                      V  rms=-160.0
2025-11-02 07:16:03.525 12134-12285 AlsCei::As...Impl, Main com.babelstream                      W  ved does not exist, skip ...
2025-11-02 07:16:03.526 12134-12285 SdkGummyClient          com.babelstream                      V  rms=-160.0
2025-11-02 07:16:03.526 12134-12285 AlsCei::As...Impl, Main com.babelstream                      W  ved does not exist, skip ...
2025-11-02 07:16:03.526 12134-12285 SdkGummyClient          com.babelstream                      V  rms=-160.0
2025-11-02 07:16:03.526 12134-12285 AlsCei::As...Impl, Main com.babelstream                      W  ved does not exist, skip ...
2025-11-02 07:16:03.527 12134-12285 SdkGummyClient          com.babelstream                      V  rms=-160.0
2025-11-02 07:16:03.527 12134-12285 AlsCei::As...Impl, Main com.babelstream                      W  ved does not exist, skip ...
2025-11-02 07:16:03.535 12134-12287 AlsCei::SdkListener     com.babelstream                      V  OnVoiceData: 64 bytes
2025-11-02 07:16:03.536 12134-12287 SdkGummyClient          com.babelstream                      D  sdklog[LOG_LEVEL_VERBOSE]: V 2025-11-02 07:16:03.536020 [iDST::AsrCeiIf:743] cei OnVoiceData with 64bytes
2025-11-02 07:16:03.536 12134-12287 RecognitionService      com.babelstream                      I  status=SDKLog[LOG_LEVEL_VERBOSE]: V 2025-11-02 07:16:03.536020 [iDST::AsrCeiIf:743] cei OnVoiceData with 64bytes
2025-11-02 07:16:03.537 12134-12287 RecognitionService      com.babelstream                      I  ACTION_STATUS: SDKLog[LOG_LEVEL_VERBOSE]: V 2025-11-02 07:16:03.536020 [iDST::AsrCeiIf:743] cei OnVoiceData with 64bytes
2025-11-02 07:16:03.537 12134-12287 iDST::AsrCeiIf:743      com.babelstream                      V  cei OnVoiceData with 64bytes
2025-11-02 07:16:03.537 12134-12281 SdkGummyClient          com.babelstream                      D  sdklog[LOG_LEVEL_VERBOSE]: V 2025-11-02 07:16:03.537406 [iDST::AsrCeiIf:652] cei callback MSG_VOICE_DATA len = 64
2025-11-02 07:16:03.537 12134-12281 RecognitionService      com.babelstream                      I  status=SDKLog[LOG_LEVEL_VERBOSE]: V 2025-11-02 07:16:03.537406 [iDST::AsrCeiIf:652] cei callback MSG_VOICE_DATA len = 64
2025-11-02 07:16:03.537 12134-12287 AlsCei::SdkListener     com.babelstream                      V  OnVoiceData: 64 bytes finished
2025-11-02 07:16:03.538 12134-12281 RecognitionService      com.babelstream                      I  ACTION_STATUS: SDKLog[LOG_LEVEL_VERBOSE]: V 2025-11-02 07:16:03.537406 [iDST::AsrCeiIf:652] cei callback MSG_VOICE_DATA len = 64
2025-11-02 07:16:03.538 12134-12281 iDST::AsrCeiIf:652      com.babelstream                      V  cei callback MSG_VOICE_DATA len = 64
2025-11-02 07:16:03.538 12134-12283 SdkGummyClient          com.babelstream                      D  sdklog[LOG_LEVEL_ERROR]: E 2025-11-02 07:16:03.538378 [iDST::NlsSt:501] send voice with null sdk request
2025-11-02 07:16:03.538 12134-12283 RecognitionService      com.babelstream                      I  status=SDKLog[LOG_LEVEL_ERROR]: E 2025-11-02 07:16:03.538378 [iDST::NlsSt:501] send voice with null sdk request
2025-11-02 07:16:03.539 12134-12283 RecognitionService      com.babelstream                      I  ACTION_STATUS: SDKLog[LOG_LEVEL_ERROR]: E 2025-11-02 07:16:03.538378 [iDST::NlsSt:501] send voice with null sdk request
2025-11-02 07:16:03.539 12134-12283 iDST::NlsSt:501         com.babelstream                      E  send voice with null sdk request
2025-11-02 07:16:03.620 12134-12285 SdkGummyClient          com.babelstream                      V  rms=-160.0
2025-11-02 07:16:03.620 12134-12285 AlsCei::As...Impl, Main com.babelstream                      W  ved does not exist, skip ...
2025-11-02 07:16:03.620 12134-12285 SdkGummyClient          com.babelstream                      V  rms=-160.0
2025-11-02 07:16:03.620 12134-12285 AlsCei::As...Impl, Main com.babelstream                      W  ved does not exist, skip ...
2025-11-02 07:16:03.621 12134-12285 SdkGummyClient          com.babelstream                      V  rms=-160.0
2025-11-02 07:16:03.621 12134-12285 AlsCei::As...Impl, Main com.babelstream                      W  ved does not exist, skip ...
2025-11-02 07:16:03.621 12134-12285 SdkGummyClient          com.babelstream                      V  rms=-160.0
2025-11-02 07:16:03.621 12134-12285 AlsCei::As...Impl, Main com.babelstream                      W  ved does not exist, skip ...
2025-11-02 07:16:03.724 12134-12285 SdkGummyClient          com.babelstream                      V  rms=-160.0
2025-11-02 07:16:03.725 12134-12285 SdkGummyClient          com.babelstream                      V  rms=-160.0
2025-11-02 07:16:03.725 12134-12285 AlsCei::As...Impl, Main com.babelstream                      W  ved does not exist, skip ...
2025-11-02 07:16:03.726 12134-12285 SdkGummyClient          com.babelstream                      V  rms=-160.0
2025-11-02 07:16:03.726 12134-12285 AlsCei::As...Impl, Main com.babelstream                      W  ved does not exist, skip ...
2025-11-02 07:16:03.726 12134-12285 SdkGummyClient          com.babelstream                      V  rms=-160.0
2025-11-02 07:16:03.726 12134-12285 AlsCei::As...Impl, Main com.babelstream                      W  ved does not exist, skip ...
2025-11-02 07:16:03.727 12134-12285 SdkGummyClient          com.babelstream                      V  rms=-160.0
2025-11-02 07:16:03.727 12134-12285 AlsCei::As...Impl, Main com.babelstream                      W  ved does not exist, skip ...
2025-11-02 07:16:03.739 12134-12287 AlsCei::SdkListener     com.babelstream                      V  OnVoiceData: 124 bytes
2025-11-02 07:16:03.740 12134-12287 SdkGummyClient          com.babelstream                      D  sdklog[LOG_LEVEL_VERBOSE]: V 2025-11-02 07:16:03.739754 [iDST::AsrCeiIf:743] cei OnVoiceData with 124bytes
2025-11-02 07:16:03.740 12134-12287 RecognitionService      com.babelstream                      I  status=SDKLog[LOG_LEVEL_VERBOSE]: V 2025-11-02 07:16:03.739754 [iDST::AsrCeiIf:743] cei OnVoiceData with 124bytes
2025-11-02 07:16:03.741 12134-12287 RecognitionService      com.babelstream                      I  ACTION_STATUS: SDKLog[LOG_LEVEL_VERBOSE]: V 2025-11-02 07:16:03.739754 [iDST::AsrCeiIf:743] cei OnVoiceData with 124bytes
2025-11-02 07:16:03.741 12134-12287 iDST::AsrCeiIf:743      com.babelstream                      V  cei OnVoiceData with 124bytes
2025-11-02 07:16:03.741 12134-12287 AlsCei::SdkListener     com.babelstream                      V  OnVoiceData: 124 bytes finished
2025-11-02 07:16:03.742 12134-12281 SdkGummyClient          com.babelstream                      D  sdklog[LOG_LEVEL_VERBOSE]: V 2025-11-02 07:16:03.741857 [iDST::AsrCeiIf:652] cei callback MSG_VOICE_DATA len = 124
2025-11-02 07:16:03.742 12134-12281 RecognitionService      com.babelstream                      I  status=SDKLog[LOG_LEVEL_VERBOSE]: V 2025-11-02 07:16:03.741857 [iDST::AsrCeiIf:652] cei callback MSG_VOICE_DATA len = 124
2025-11-02 07:16:03.743 12134-12281 RecognitionService      com.babelstream                      I  ACTION_STATUS: SDKLog[LOG_LEVEL_VERBOSE]: V 2025-11-02 07:16:03.741857 [iDST::AsrCeiIf:652] cei callback MSG_VOICE_DATA len = 124
2025-11-02 07:16:03.743 12134-12281 iDST::AsrCeiIf:652      com.babelstream                      V  cei callback MSG_VOICE_DATA len = 124
2025-11-02 07:16:03.744 12134-12283 SdkGummyClient          com.babelstream                      D  sdklog[LOG_LEVEL_ERROR]: E 2025-11-02 07:16:03.743852 [iDST::NlsSt:501] send voice with null sdk request
2025-11-02 07:16:03.744 12134-12283 RecognitionService      com.babelstream                      I  status=SDKLog[LOG_LEVEL_ERROR]: E 2025-11-02 07:16:03.743852 [iDST::NlsSt:501] send voice with null sdk request
2025-11-02 07:16:03.745 12134-12283 RecognitionService      com.babelstream                      I  ACTION_STATUS: SDKLog[LOG_LEVEL_ERROR]: E 2025-11-02 07:16:03.743852 [iDST::NlsSt:501] send voice with null sdk request
2025-11-02 07:16:03.745 12134-12283 iDST::NlsSt:501         com.babelstream                      E  send voice with null sdk request
2025-11-02 07:16:03.804 12134-12285 SdkGummyClient          com.babelstream                      V  rms=-160.0
2025-11-02 07:16:03.804 12134-12285 AlsCei::As...Impl, Main com.babelstream                      W  ved does not exist, skip ...
2025-11-02 07:16:03.805 12134-12285 SdkGummyClient          com.babelstream                      V  rms=-160.0
2025-11-02 07:16:03.805 12134-12285 AlsCei::As...Impl, Main com.babelstream                      W  ved does not exist, skip ...
2025-11-02 07:16:03.805 12134-12285 SdkGummyClient          com.babelstream                      V  rms=-160.0
2025-11-02 07:16:03.805 12134-12285 AlsCei::As...Impl, Main com.babelstream                      W  ved does not exist, skip ...
2025-11-02 07:16:03.806 12134-12285 SdkGummyClient          com.babelstream                      V  rms=-160.0
2025-11-02 07:16:03.806 12134-12285 AlsCei::As...Impl, Main com.babelstream                      W  ved does not exist, skip ...
2025-11-02 07:16:03.903 12134-12285 SdkGummyClient          com.babelstream                      V  rms=-160.0
2025-11-02 07:16:03.903 12134-12285 AlsCei::As...Impl, Main com.babelstream                      W  ved does not exist, skip ...
2025-11-02 07:16:03.904 12134-12285 SdkGummyClient          com.babelstream                      V  rms=-160.0
2025-11-02 07:16:03.904 12134-12285 AlsCei::As...Impl, Main com.babelstream                      W  ved does not exist, skip ...
2025-11-02 07:16:03.904 12134-12285 SdkGummyClient          com.babelstream                      V  rms=-160.0
2025-11-02 07:16:03.904 12134-12285 AlsCei::As...Impl, Main com.babelstream                      W  ved does not exist, skip ...
2025-11-02 07:16:03.905 12134-12285 SdkGummyClient          com.babelstream                      V  rms=-160.0
2025-11-02 07:16:03.905 12134-12285 AlsCei::As...Impl, Main com.babelstream                      W  ved does not exist, skip ...
2025-11-02 07:16:03.905 12134-12285 SdkGummyClient          com.babelstream                      V  rms=-160.0
2025-11-02 07:16:03.905 12134-12285 AlsCei::As...Impl, Main com.babelstream                      W  ved does not exist, skip ...
2025-11-02 07:16:03.913 12134-12287 AlsCei::SdkListener     com.babelstream                      V  OnVoiceData: 112 bytes
2025-11-02 07:16:03.913 12134-12287 SdkGummyClient          com.babelstream                      D  sdklog[LOG_LEVEL_VERBOSE]: V 2025-11-02 07:16:03.913143 [iDST::AsrCeiIf:743] cei OnVoiceData with 112bytes
2025-11-02 07:16:03.913 12134-12287 RecognitionService      com.babelstream                      I  status=SDKLog[LOG_LEVEL_VERBOSE]: V 2025-11-02 07:16:03.913143 [iDST::AsrCeiIf:743] cei OnVoiceData with 112bytes
2025-11-02 07:16:03.914 12134-12287 RecognitionService      com.babelstream                      I  ACTION_STATUS: SDKLog[LOG_LEVEL_VERBOSE]: V 2025-11-02 07:16:03.913143 [iDST::AsrCeiIf:743] cei OnVoiceData with 112bytes
2025-11-02 07:16:03.914 12134-12287 iDST::AsrCeiIf:743      com.babelstream                      V  cei OnVoiceData with 112bytes
2025-11-02 07:16:03.914 12134-12287 AlsCei::SdkListener     com.babelstream                      V  OnVoiceData: 112 bytes finished
2025-11-02 07:16:03.914 12134-12281 SdkGummyClient          com.babelstream                      D  sdklog[LOG_LEVEL_VERBOSE]: V 2025-11-02 07:16:03.914575 [iDST::AsrCeiIf:652] cei callback MSG_VOICE_DATA len = 112
2025-11-02 07:16:03.914 12134-12281 RecognitionService      com.babelstream                      I  status=SDKLog[LOG_LEVEL_VERBOSE]: V 2025-11-02 07:16:03.914575 [iDST::AsrCeiIf:652] cei callback MSG_VOICE_DATA len = 112
2025-11-02 07:16:03.915 12134-12281 RecognitionService      com.babelstream                      I  ACTION_STATUS: SDKLog[LOG_LEVEL_VERBOSE]: V 2025-11-02 07:16:03.914575 [iDST::AsrCeiIf:652] cei callback MSG_VOICE_DATA len = 112
2025-11-02 07:16:03.915 12134-12281 iDST::AsrCeiIf:652      com.babelstream                      V  cei callback MSG_VOICE_DATA len = 112
2025-11-02 07:16:03.916 12134-12283 SdkGummyClient          com.babelstream                      D  sdklog[LOG_LEVEL_ERROR]: E 2025-11-02 07:16:03.915833 [iDST::NlsSt:501] send voice with null sdk request
2025-11-02 07:16:03.916 12134-12283 RecognitionService      com.babelstream                      I  status=SDKLog[LOG_LEVEL_ERROR]: E 2025-11-02 07:16:03.915833 [iDST::NlsSt:501] send voice with null sdk request
2025-11-02 07:16:03.916 12134-12283 RecognitionService      com.babelstream                      I  ACTION_STATUS: SDKLog[LOG_LEVEL_ERROR]: E 2025-11-02 07:16:03.915833 [iDST::NlsSt:501] send voice with null sdk request
2025-11-02 07:16:03.916 12134-12283 iDST::NlsSt:501         com.babelstream                      E  send voice with null sdk request
2025-11-02 07:16:04.003 12134-12285 SdkGummyClient          com.babelstream                      V  rms=-160.0
2025-11-02 07:16:04.003 12134-12285 AlsCei::As...Impl, Main com.babelstream                      W  ved does not exist, skip ...
2025-11-02 07:16:04.004 12134-12285 SdkGummyClient          com.babelstream                      V  rms=-160.0
2025-11-02 07:16:04.004 12134-12285 AlsCei::As...Impl, Main com.babelstream                      W  ved does not exist, skip ...
2025-11-02 07:16:04.004 12134-12285 SdkGummyClient          com.babelstream                      V  rms=-160.0
2025-11-02 07:16:04.004 12134-12285 AlsCei::As...Impl, Main com.babelstream                      W  ved does not exist, skip ...
2025-11-02 07:16:04.005 12134-12285 SdkGummyClient          com.babelstream                      V  rms=-160.0
2025-11-02 07:16:04.005 12134-12285 AlsCei::As...Impl, Main com.babelstream                      W  ved does not exist, skip ...
2025-11-02 07:16:04.083 12134-12285 SdkGummyClient          com.babelstream                      V  rms=-160.0
2025-11-02 07:16:04.083 12134-12285 AlsCei::As...Impl, Main com.babelstream                      W  ved does not exist, skip ...
2025-11-02 07:16:04.083 12134-12285 SdkGummyClient          com.babelstream                      V  rms=-160.0
2025-11-02 07:16:04.083 12134-12285 AlsCei::As...Impl, Main com.babelstream                      W  ved does not exist, skip ...
2025-11-02 07:16:04.083 12134-12285 SdkGummyClient          com.babelstream                      V  rms=-160.0
2025-11-02 07:16:04.083 12134-12285 AlsCei::As...Impl, Main com.babelstream                      W  ved does not exist, skip ...
2025-11-02 07:16:04.084 12134-12285 SdkGummyClient          com.babelstream                      V  rms=-160.0
2025-11-02 07:16:04.084 12134-12285 AlsCei::As...Impl, Main com.babelstream                      W  ved does not exist, skip ...
2025-11-02 07:16:04.096 12134-12287 AlsCei::SdkListener     com.babelstream                      V  OnVoiceData: 106 bytes
2025-11-02 07:16:04.096 12134-12287 SdkGummyClient          com.babelstream                      D  sdklog[LOG_LEVEL_VERBOSE]: V 2025-11-02 07:16:04.096144 [iDST::AsrCeiIf:743] cei OnVoiceData with 106bytes
2025-11-02 07:16:04.096 12134-12287 RecognitionService      com.babelstream                      I  status=SDKLog[LOG_LEVEL_VERBOSE]: V 2025-11-02 07:16:04.096144 [iDST::AsrCeiIf:743] cei OnVoiceData with 106bytes
2025-11-02 07:16:04.097 12134-12287 RecognitionService      com.babelstream                      I  ACTION_STATUS: SDKLog[LOG_LEVEL_VERBOSE]: V 2025-11-02 07:16:04.096144 [iDST::AsrCeiIf:743] cei OnVoiceData with 106bytes
2025-11-02 07:16:04.097 12134-12287 iDST::AsrCeiIf:743      com.babelstream                      V  cei OnVoiceData with 106bytes
2025-11-02 07:16:04.097 12134-12287 AlsCei::SdkListener     com.babelstream                      V  OnVoiceData: 106 bytes finished
2025-11-02 07:16:04.098 12134-12281 SdkGummyClient          com.babelstream                      D  sdklog[LOG_LEVEL_VERBOSE]: V 2025-11-02 07:16:04.097810 [iDST::AsrCeiIf:652] cei callback MSG_VOICE_DATA len = 106
2025-11-02 07:16:04.098 12134-12281 RecognitionService      com.babelstream                      I  status=SDKLog[LOG_LEVEL_VERBOSE]: V 2025-11-02 07:16:04.097810 [iDST::AsrCeiIf:652] cei callback MSG_VOICE_DATA len = 106
2025-11-02 07:16:04.098 12134-12281 RecognitionService      com.babelstream                      I  ACTION_STATUS: SDKLog[LOG_LEVEL_VERBOSE]: V 2025-11-02 07:16:04.097810 [iDST::AsrCeiIf:652] cei callback MSG_VOICE_DATA len = 106
2025-11-02 07:16:04.098 12134-12281 iDST::AsrCeiIf:652      com.babelstream                      V  cei callback MSG_VOICE_DATA len = 106
2025-11-02 07:16:04.099 12134-12283 SdkGummyClient          com.babelstream                      D  sdklog[LOG_LEVEL_ERROR]: E 2025-11-02 07:16:04.098824 [iDST::NlsSt:501] send voice with null sdk request
2025-11-02 07:16:04.099 12134-12283 RecognitionService      com.babelstream                      I  status=SDKLog[LOG_LEVEL_ERROR]: E 2025-11-02 07:16:04.098824 [iDST::NlsSt:501] send voice with null sdk request
2025-11-02 07:16:04.100 12134-12283 RecognitionService      com.babelstream                      I  ACTION_STATUS: SDKLog[LOG_LEVEL_ERROR]: E 2025-11-02 07:16:04.098824 [iDST::NlsSt:501] send voice with null sdk request
2025-11-02 07:16:04.100 12134-12283 iDST::NlsSt:501         com.babelstream                      E  send voice with null sdk request
2025-11-02 07:16:04.180 12134-12276 AudioCaptureManager     com.babelstream                      I  Reconfiguring... try source=1, sr=16000
2025-11-02 07:16:04.187 12134-12285 SdkGummyClient          com.babelstream                      V  rms=-160.0
2025-11-02 07:16:04.187   919-4983  AF::RecordHandle        audioserver                          D  OpRecordAudio: track:601 uid:10059 pkg:com.babelstream usage:0 source:1 not muted
2025-11-02 07:16:04.213 12134-12276 com.babelstream         com.babelstream                      W  Binder 0xb400007ccdfe21b8 destroyed after setInheritRt before being parceled.
2025-11-02 07:16:04.213 12134-12276 com.babelstream         com.babelstream                      W  Binder 0xb400007c7bde3178 destroyed after setInheritRt before being parceled.
2025-11-02 07:16:04.228 12134-12276 AudioCaptureManager     com.babelstream                      I  Switched to source=1, sr=16000, routedDevice=15/Quest
2025-11-02 07:16:04.290 12134-12285 SdkGummyClient          com.babelstream                      V  rms=-160.0
2025-11-02 07:16:04.290 12134-12285 AlsCei::As...Impl, Main com.babelstream                      W  ved does not exist, skip ...
2025-11-02 07:16:04.394 12134-12285 SdkGummyClient          com.babelstream                      V  rms=-160.0
2025-11-02 07:16:04.490  2260-2742  [SEO] Shel...eAnalytics com.oculus.vrshell                   I  Shell Heartbeat focusedPanelTimeSpent: {"-1":55,"154":59918} visibleTimeSpent: {"154":57265,"93":57237} panelIdToComponentName: {"154":"com.babelstream/com.babelstream.MainActivity","93":"com.oculus.systemux/com.oculus.panelapp.anytimeui.AnytimeUIPanelService"} inputTimeSpent: {"-1":"{\"focus_gaze\":55}","154":"{\"focus_gaze\":13194,\"focus_hand\":46723,\"visible_gaze\":10541,\"visible_hand\":46723}","93":"{\"visible_gaze\":10513,\"visible_hand\":46723}"} inputClickCount: {"154":"{\"focused_hand\":1,\"visible_hand\":1}","93":"{\"visible_hand\":1}"} mouseMoveTimeSpent: 0 mouseScrollTimeSpent: 0 physicalKeyboardConnectedTimeSpent: 0 physicalKeyboardTrackedTimeSpent: 0 quickActionsMenuActivations: 0 quickActionsMenuTimeSpent: 0 quickActionsMenuSessionLengths: [] quickActionsMenuSelections: {} handTrackingOptIn: 1 handTrackingAutoTransition: 1 directTouchTabletEnabled: 59973
2025-11-02 07:16:04.497 12134-12285 SdkGummyClient          com.babelstream                      V  rms=-160.0
2025-11-02 07:16:04.497 12134-12285 AlsCei::As...Impl, Main com.babelstream                      W  ved does not exist, skip ...
2025-11-02 07:16:04.574 12134-12276 AudioCaptureManager     com.babelstream                      I  level=0
2025-11-02 07:16:04.578 12134-12276 RecognitionService      com.babelstream                      I  level=0
2025-11-02 07:16:04.580 12134-12285 SdkGummyClient          com.babelstream                      V  rms=-143.11632
2025-11-02 07:16:04.580 12134-12285 AlsCei::As...Impl, Main com.babelstream                      W  ved does not exist, skip ...
2025-11-02 07:16:04.580 12134-12285 SdkGummyClient          com.babelstream                      V  rms=-150.63153
2025-11-02 07:16:04.580 12134-12285 AlsCei::As...Impl, Main com.babelstream                      W  ved does not exist, skip ...
2025-11-02 07:16:04.580 12134-12285 SdkGummyClient          com.babelstream                      V  rms=-160.0
2025-11-02 07:16:04.580 12134-12285 AlsCei::As...Impl, Main com.babelstream                      W  ved does not exist, skip ...
2025-11-02 07:16:04.581 12134-12285 SdkGummyClient          com.babelstream                      V  rms=-160.0
2025-11-02 07:16:04.581 12134-12285 AlsCei::As...Impl, Main com.babelstream                      W  ved does not exist, skip ...
2025-11-02 07:16:04.592 12134-12287 AlsCei::SdkListener     com.babelstream                      V  OnVoiceData: 107 bytes
2025-11-02 07:16:04.592 12134-12287 SdkGummyClient          com.babelstream                      D  sdklog[LOG_LEVEL_VERBOSE]: V 2025-11-02 07:16:04.592552 [iDST::AsrCeiIf:743] cei OnVoiceData with 107bytes
2025-11-02 07:16:04.592 12134-12287 RecognitionService      com.babelstream                      I  status=SDKLog[LOG_LEVEL_VERBOSE]: V 2025-11-02 07:16:04.592552 [iDST::AsrCeiIf:743] cei OnVoiceData with 107bytes
2025-11-02 07:16:04.594 12134-12287 RecognitionService      com.babelstream                      I  ACTION_STATUS: SDKLog[LOG_LEVEL_VERBOSE]: V 2025-11-02 07:16:04.592552 [iDST::AsrCeiIf:743] cei OnVoiceData with 107bytes
2025-11-02 07:16:04.594 12134-12287 iDST::AsrCeiIf:743      com.babelstream                      V  cei OnVoiceData with 107bytes
2025-11-02 07:16:04.594 12134-12287 AlsCei::SdkListener     com.babelstream                      V  OnVoiceData: 107 bytes finished
2025-11-02 07:16:04.595 12134-12281 SdkGummyClient          com.babelstream                      D  sdklog[LOG_LEVEL_VERBOSE]: V 2025-11-02 07:16:04.595005 [iDST::AsrCeiIf:652] cei callback MSG_VOICE_DATA len = 107
2025-11-02 07:16:04.595 12134-12281 RecognitionService      com.babelstream                      I  status=SDKLog[LOG_LEVEL_VERBOSE]: V 2025-11-02 07:16:04.595005 [iDST::AsrCeiIf:652] cei callback MSG_VOICE_DATA len = 107
2025-11-02 07:16:04.596 12134-12281 RecognitionService      com.babelstream                      I  ACTION_STATUS: SDKLog[LOG_LEVEL_VERBOSE]: V 2025-11-02 07:16:04.595005 [iDST::AsrCeiIf:652] cei callback MSG_VOICE_DATA len = 107
2025-11-02 07:16:04.596 12134-12281 iDST::AsrCeiIf:652      com.babelstream                      V  cei callback MSG_VOICE_DATA len = 107
2025-11-02 07:16:04.596 12134-12283 SdkGummyClient          com.babelstream                      D  sdklog[LOG_LEVEL_ERROR]: E 2025-11-02 07:16:04.596354 [iDST::NlsSt:501] send voice with null sdk request
2025-11-02 07:16:04.596 12134-12283 RecognitionService      com.babelstream                      I  status=SDKLog[LOG_LEVEL_ERROR]: E 2025-11-02 07:16:04.596354 [iDST::NlsSt:501] send voice with null sdk request
2025-11-02 07:16:04.597 12134-12283 RecognitionService      com.babelstream                      I  ACTION_STATUS: SDKLog[LOG_LEVEL_ERROR]: E 2025-11-02 07:16:04.596354 [iDST::NlsSt:501] send voice with null sdk request
2025-11-02 07:16:04.597 12134-12283 iDST::NlsSt:501         com.babelstream                      E  send voice with null sdk request
2025-11-02 07:16:04.684 12134-12285 SdkGummyClient          com.babelstream                      V  rms=-159.11739
2025-11-02 07:16:04.787 12134-12285 SdkGummyClient          com.babelstream                      V  rms=-160.0
2025-11-02 07:16:04.839 12134-12285 SdkGummyClient          com.babelstream                      V  rms=-159.19766
2025-11-02 07:16:04.839 12134-12285 AlsCei::As...Impl, Main com.babelstream                      W  ved does not exist, skip ...
2025-11-02 07:16:04.840 12134-12285 SdkGummyClient          com.babelstream                      V  rms=-155.69101
2025-11-02 07:16:04.840 12134-12285 AlsCei::As...Impl, Main com.babelstream                      W  ved does not exist, skip ...
2025-11-02 07:16:04.840 12134-12285 SdkGummyClient          com.babelstream                      V  rms=-160.0
2025-11-02 07:16:04.840 12134-12285 AlsCei::As...Impl, Main com.babelstream                      W  ved does not exist, skip ...
2025-11-02 07:16:04.841 12134-12285 SdkGummyClient          com.babelstream                      V  rms=-160.0
2025-11-02 07:16:04.841 12134-12285 AlsCei::As...Impl, Main com.babelstream                      W  ved does not exist, skip ...
2025-11-02 07:16:04.841 12134-12285 SdkGummyClient          com.babelstream