2025-11-02 07:15:43.836 12134-12285 AlsCei::As...Impl, Main com.babelstream                      W  ved does not exist, skip ...
2025-11-02 07:15:43.837 12134-12285 SdkGummyClient          com.babelstream                      V  rms=-160.0
2025-11-02 07:15:43.837 12134-12285 AlsCei::As...Impl, Main com.babelstream                      W  ved does not exist, skip ...
2025-11-02 07:15:43.837 12134-12285 SdkGummyClient          com.babelstream                      V  rms=-160.0
2025-11-02 07:15:43.837 12134-12285 AlsCei::As...Impl, Main com.babelstream                      W  ved does not exist, skip ...
2025-11-02 07:15:43.935 12134-12285 SdkGummyClient          com.babelstream                      V  rms=-160.0
2025-11-02 07:15:43.935 12134-12285 AlsCei::As...Impl, Main com.babelstream                      W  ved does not exist, skip ...
2025-11-02 07:15:43.936 12134-12285 SdkGummyClient          com.babelstream                      V  rms=-160.0
2025-11-02 07:15:43.936 12134-12285 AlsCei::As...Impl, Main com.babelstream                      W  ved does not exist, skip ...
2025-11-02 07:15:43.936 12134-12285 SdkGummyClient          com.babelstream                      V  rms=-160.0
2025-11-02 07:15:43.936 12134-12285 AlsCei::As...Impl, Main com.babelstream                      W  ved does not exist, skip ...
2025-11-02 07:15:43.936 12134-12285 SdkGummyClient          com.babelstream                      V  rms=-160.0
2025-11-02 07:15:43.937 12134-12285 AlsCei::As...Impl, Main com.babelstream                      W  ved does not exist, skip ...
2025-11-02 07:15:43.937 12134-12285 SdkGummyClient          com.babelstream                      V  rms=-160.0
2025-11-02 07:15:43.937 12134-12285 AlsCei::As...Impl, Main com.babelstream                      W  ved does not exist, skip ...
2025-11-02 07:15:43.937 12134-12287 AlsCei::SdkListener     com.babelstream                      V  OnVoiceData: 98 bytes
2025-11-02 07:15:43.938 12134-12287 SdkGummyClient          com.babelstream                      D  sdklog[LOG_LEVEL_VERBOSE]: V 2025-11-02 07:15:43.937934 [iDST::AsrCeiIf:743] cei OnVoiceData with 98bytes
2025-11-02 07:15:43.938 12134-12287 RecognitionService      com.babelstream                      I  status=SDKLog[LOG_LEVEL_VERBOSE]: V 2025-11-02 07:15:43.937934 [iDST::AsrCeiIf:743] cei OnVoiceData with 98bytes
2025-11-02 07:15:43.939 12134-12287 RecognitionService      com.babelstream                      I  ACTION_STATUS: SDKLog[LOG_LEVEL_VERBOSE]: V 2025-11-02 07:15:43.937934 [iDST::AsrCeiIf:743] cei OnVoiceData with 98bytes
2025-11-02 07:15:43.939 12134-12287 iDST::AsrCeiIf:743      com.babelstream                      V  cei OnVoiceData with 98bytes
2025-11-02 07:15:43.939 12134-12287 AlsCei::SdkListener     com.babelstream                      V  OnVoiceData: 98 bytes finished
2025-11-02 07:15:43.939 12134-12281 SdkGummyClient          com.babelstream                      D  sdklog[LOG_LEVEL_VERBOSE]: V 2025-11-02 07:15:43.939457 [iDST::AsrCeiIf:652] cei callback MSG_VOICE_DATA len = 98
2025-11-02 07:15:43.939 12134-12281 RecognitionService      com.babelstream                      I  status=SDKLog[LOG_LEVEL_VERBOSE]: V 2025-11-02 07:15:43.939457 [iDST::AsrCeiIf:652] cei callback MSG_VOICE_DATA len = 98
2025-11-02 07:15:43.940 12134-12281 RecognitionService      com.babelstream                      I  ACTION_STATUS: SDKLog[LOG_LEVEL_VERBOSE]: V 2025-11-02 07:15:43.939457 [iDST::AsrCeiIf:652] cei callback MSG_VOICE_DATA len = 98
2025-11-02 07:15:43.940 12134-12281 iDST::AsrCeiIf:652      com.babelstream                      V  cei callback MSG_VOICE_DATA len = 98
2025-11-02 07:15:43.940 12134-12283 SdkGummyClient          com.babelstream                      D  sdklog[LOG_LEVEL_ERROR]: E 2025-11-02 07:15:43.940409 [iDST::NlsSt:501] send voice with null sdk request
2025-11-02 07:15:43.940 12134-12283 RecognitionService      com.babelstream                      I  status=SDKLog[LOG_LEVEL_ERROR]: E 2025-11-02 07:15:43.940409 [iDST::NlsSt:501] send voice with null sdk request
2025-11-02 07:15:43.941 12134-12283 RecognitionService      com.babelstream                      I  ACTION_STATUS: SDKLog[LOG_LEVEL_ERROR]: E 2025-11-02 07:15:43.940409 [iDST::NlsSt:501] send voice with null sdk request
2025-11-02 07:15:43.941 12134-12283 iDST::NlsSt:501         com.babelstream                      E  send voice with null sdk request
2025-11-02 07:15:44.035 12134-12285 SdkGummyClient          com.babelstream                      V  rms=-160.0
2025-11-02 07:15:44.035 12134-12285 AlsCei::As...Impl, Main com.babelstream                      W  ved does not exist, skip ...
2025-11-02 07:15:44.035 12134-12285 SdkGummyClient          com.babelstream                      V  rms=-160.0
2025-11-02 07:15:44.035 12134-12285 AlsCei::As...Impl, Main com.babelstream                      W  ved does not exist, skip ...
2025-11-02 07:15:44.036 12134-12285 SdkGummyClient          com.babelstream                      V  rms=-160.0
2025-11-02 07:15:44.036 12134-12285 AlsCei::As...Impl, Main com.babelstream                      W  ved does not exist, skip ...
2025-11-02 07:15:44.036 12134-12285 SdkGummyClient          com.babelstream                      V  rms=-160.0
2025-11-02 07:15:44.036 12134-12285 AlsCei::As...Impl, Main com.babelstream                      W  ved does not exist, skip ...
2025-11-02 07:15:44.040 12134-12287 AlsCei::SdkListener     com.babelstream                      V  OnVoiceData: 59 bytes
2025-11-02 07:15:44.040 12134-12287 SdkGummyClient          com.babelstream                      D  sdklog[LOG_LEVEL_VERBOSE]: V 2025-11-02 07:15:44.040231 [iDST::AsrCeiIf:743] cei OnVoiceData with 59bytes
2025-11-02 07:15:44.040 12134-12287 RecognitionService      com.babelstream                      I  status=SDKLog[LOG_LEVEL_VERBOSE]: V 2025-11-02 07:15:44.040231 [iDST::AsrCeiIf:743] cei OnVoiceData with 59bytes
2025-11-02 07:15:44.041 12134-12287 RecognitionService      com.babelstream                      I  ACTION_STATUS: SDKLog[LOG_LEVEL_VERBOSE]: V 2025-11-02 07:15:44.040231 [iDST::AsrCeiIf:743] cei OnVoiceData with 59bytes
2025-11-02 07:15:44.041 12134-12287 iDST::AsrCeiIf:743      com.babelstream                      V  cei OnVoiceData with 59bytes
2025-11-02 07:15:44.041 12134-12287 AlsCei::SdkListener     com.babelstream                      V  OnVoiceData: 59 bytes finished
2025-11-02 07:15:44.042 12134-12281 SdkGummyClient          com.babelstream                      D  sdklog[LOG_LEVEL_VERBOSE]: V 2025-11-02 07:15:44.041960 [iDST::AsrCeiIf:652] cei callback MSG_VOICE_DATA len = 59
2025-11-02 07:15:44.042 12134-12281 RecognitionService      com.babelstream                      I  status=SDKLog[LOG_LEVEL_VERBOSE]: V 2025-11-02 07:15:44.041960 [iDST::AsrCeiIf:652] cei callback MSG_VOICE_DATA len = 59
2025-11-02 07:15:44.042 12134-12281 RecognitionService      com.babelstream                      I  ACTION_STATUS: SDKLog[LOG_LEVEL_VERBOSE]: V 2025-11-02 07:15:44.041960 [iDST::AsrCeiIf:652] cei callback MSG_VOICE_DATA len = 59
2025-11-02 07:15:44.042 12134-12281 iDST::AsrCeiIf:652      com.babelstream                      V  cei callback MSG_VOICE_DATA len = 59
2025-11-02 07:15:44.043 12134-12283 SdkGummyClient          com.babelstream                      D  sdklog[LOG_LEVEL_ERROR]: E 2025-11-02 07:15:44.043004 [iDST::NlsSt:501] send voice with null sdk request
2025-11-02 07:15:44.043 12134-12283 RecognitionService      com.babelstream                      I  status=SDKLog[LOG_LEVEL_ERROR]: E 2025-11-02 07:15:44.043004 [iDST::NlsSt:501] send voice with null sdk request
2025-11-02 07:15:44.044 12134-12283 RecognitionService      com.babelstream                      I  ACTION_STATUS: SDKLog[LOG_LEVEL_ERROR]: E 2025-11-02 07:15:44.043004 [iDST::NlsSt:501] send voice with null sdk request
2025-11-02 07:15:44.044 12134-12283 iDST::NlsSt:501         com.babelstream                      E  send voice with null sdk request
2025-11-02 07:15:44.118 12134-12285 SdkGummyClient          com.babelstream                      V  rms=-160.0
2025-11-02 07:15:44.118 12134-12285 AlsCei::As...Impl, Main com.babelstream                      W  ved does not exist, skip ...
2025-11-02 07:15:44.119 12134-12285 SdkGummyClient          com.babelstream                      V  rms=-160.0
2025-11-02 07:15:44.119 12134-12285 AlsCei::As...Impl, Main com.babelstream                      W  ved does not exist, skip ...
2025-11-02 07:15:44.119 12134-12285 SdkGummyClient          com.babelstream                      V  rms=-160.0
2025-11-02 07:15:44.119 12134-12285 AlsCei::As...Impl, Main com.babelstream                      W  ved does not exist, skip ...
2025-11-02 07:15:44.119 12134-12285 SdkGummyClient          com.babelstream                      V  rms=-160.0
2025-11-02 07:15:44.120 12134-12285 AlsCei::As...Impl, Main com.babelstream                      W  ved does not exist, skip ...
2025-11-02 07:15:44.217 12134-12285 SdkGummyClient          com.babelstream                      V  rms=-160.0
2025-11-02 07:15:44.218 12134-12285 AlsCei::As...Impl, Main com.babelstream                      W  ved does not exist, skip ...
2025-11-02 07:15:44.218 12134-12285 SdkGummyClient          com.babelstream                      V  rms=-160.0
2025-11-02 07:15:44.218 12134-12285 AlsCei::As...Impl, Main com.babelstream                      W  ved does not exist, skip ...
2025-11-02 07:15:44.218 12134-12285 SdkGummyClient          com.babelstream                      V  rms=-160.0
2025-11-02 07:15:44.218 12134-12285 AlsCei::As...Impl, Main com.babelstream                      W  ved does not exist, skip ...
2025-11-02 07:15:44.218 12134-12285 SdkGummyClient          com.babelstream                      V  rms=-160.0
2025-11-02 07:15:44.218 12134-12285 AlsCei::As...Impl, Main com.babelstream                      W  ved does not exist, skip ...
2025-11-02 07:15:44.219 12134-12285 SdkGummyClient          com.babelstream                      V  rms=-160.0
2025-11-02 07:15:44.219 12134-12285 AlsCei::As...Impl, Main com.babelstream                      W  ved does not exist, skip ...
2025-11-02 07:15:44.219 12134-12285 AlsCei::As...Impl, Main com.babelstream                      I  utterance rtf: 0.000964, average rtf: 0.000000, round: 0, frame: 1400
2025-11-02 07:15:44.219 12134-12285 SdkGummyClient          com.babelstream                      D  sdklog[LOG_LEVEL_INFO]: I 2025-11-02 07:15:44.219276 [iDST::RecorderManager:542] Recording 100frames
2025-11-02 07:15:44.219 12134-12285 RecognitionService      com.babelstream                      I  status=SDKLog[LOG_LEVEL_INFO]: I 2025-11-02 07:15:44.219276 [iDST::RecorderManager:542] Recording 100frames
2025-11-02 07:15:44.220 12134-12285 RecognitionService      com.babelstream                      I  ACTION_STATUS: SDKLog[LOG_LEVEL_INFO]: I 2025-11-02 07:15:44.219276 [iDST::RecorderManager:542] Recording 100frames
2025-11-02 07:15:44.220 12134-12285 iDST::Reco...anager:542 com.babelstream                      I  Recording 100frames
2025-11-02 07:15:44.220 12134-12286 AlsSdk::AliOpus         com.babelstream                      I  utterance rtf: 0.006214, average rtf: 0.000000, round: 0, frame: 1400
2025-11-02 07:15:44.223 12134-12287 AlsCei::SdkListener     com.babelstream                      V  OnVoiceData: 116 bytes
2025-11-02 07:15:44.223 12134-12287 SdkGummyClient          com.babelstream                      D  sdklog[LOG_LEVEL_VERBOSE]: V 2025-11-02 07:15:44.223395 [iDST::AsrCeiIf:743] cei OnVoiceData with 116bytes
2025-11-02 07:15:44.223 12134-12287 RecognitionService      com.babelstream                      I  status=SDKLog[LOG_LEVEL_VERBOSE]: V 2025-11-02 07:15:44.223395 [iDST::AsrCeiIf:743] cei OnVoiceData with 116bytes
2025-11-02 07:15:44.228 12134-12287 RecognitionService      com.babelstream                      I  ACTION_STATUS: SDKLog[LOG_LEVEL_VERBOSE]: V 2025-11-02 07:15:44.223395 [iDST::AsrCeiIf:743] cei OnVoiceData with 116bytes
2025-11-02 07:15:44.229 12134-12287 iDST::AsrCeiIf:743      com.babelstream                      V  cei OnVoiceData with 116bytes
2025-11-02 07:15:44.229 12134-12281 SdkGummyClient          com.babelstream                      D  sdklog[LOG_LEVEL_VERBOSE]: V 2025-11-02 07:15:44.229174 [iDST::AsrCeiIf:652] cei callback MSG_VOICE_DATA len = 116
2025-11-02 07:15:44.229 12134-12281 RecognitionService      com.babelstream                      I  status=SDKLog[LOG_LEVEL_VERBOSE]: V 2025-11-02 07:15:44.229174 [iDST::AsrCeiIf:652] cei callback MSG_VOICE_DATA len = 116
2025-11-02 07:15:44.230 12134-12287 AlsCei::SdkListener     com.babelstream                      V  OnVoiceData: 116 bytes finished
2025-11-02 07:15:44.231 12134-12281 RecognitionService      com.babelstream                      I  ACTION_STATUS: SDKLog[LOG_LEVEL_VERBOSE]: V 2025-11-02 07:15:44.229174 [iDST::AsrCeiIf:652] cei callback MSG_VOICE_DATA len = 116
2025-11-02 07:15:44.231 12134-12281 iDST::AsrCeiIf:652      com.babelstream                      V  cei callback MSG_VOICE_DATA len = 116
2025-11-02 07:15:44.231 12134-12283 SdkGummyClient          com.babelstream                      D  sdklog[LOG_LEVEL_ERROR]: E 2025-11-02 07:15:44.231209 [iDST::NlsSt:501] send voice with null sdk request
2025-11-02 07:15:44.231 12134-12283 RecognitionService      com.babelstream                      I  status=SDKLog[LOG_LEVEL_ERROR]: E 2025-11-02 07:15:44.231209 [iDST::NlsSt:501] send voice with null sdk request
2025-11-02 07:15:44.232 12134-12283 RecognitionService      com.babelstream                      I  ACTION_STATUS: SDKLog[LOG_LEVEL_ERROR]: E 2025-11-02 07:15:44.231209 [iDST::NlsSt:501] send voice with null sdk request
2025-11-02 07:15:44.232 12134-12283 iDST::NlsSt:501         com.babelstream                      E  send voice with null sdk request
2025-11-02 07:15:44.297 12134-12285 SdkGummyClient          com.babelstream                      V  rms=-160.0
2025-11-02 07:15:44.297 12134-12285 AlsCei::As...Impl, Main com.babelstream                      W  ved does not exist, skip ...
2025-11-02 07:15:44.298 12134-12285 SdkGummyClient          com.babelstream                      V  rms=-160.0
2025-11-02 07:15:44.298 12134-12285 AlsCei::As...Impl, Main com.babelstream                      W  ved does not exist, skip ...
2025-11-02 07:15:44.298 12134-12285 SdkGummyClient          com.babelstream                      V  rms=-160.0
2025-11-02 07:15:44.298 12134-12285 AlsCei::As...Impl, Main com.babelstream                      W  ved does not exist, skip ...
2025-11-02 07:15:44.299 12134-12285 SdkGummyClient          com.babelstream                      V  rms=-160.0
2025-11-02 07:15:44.299 12134-12285 AlsCei::As...Impl, Main com.babelstream                      W  ved does not exist, skip ...
2025-11-02 07:15:44.398 12134-12285 SdkGummyClient          com.babelstream                      V  rms=-160.0
2025-11-02 07:15:44.398 12134-12285 AlsCei::As...Impl, Main com.babelstream                      W  ved does not exist, skip ...
2025-11-02 07:15:44.398 12134-12285 SdkGummyClient          com.babelstream                      V  rms=-160.0
2025-11-02 07:15:44.398 12134-12285 AlsCei::As...Impl, Main com.babelstream                      W  ved does not exist, skip ...
2025-11-02 07:15:44.398 12134-12285 SdkGummyClient          com.babelstream                      V  rms=-160.0
2025-11-02 07:15:44.398 12134-12285 AlsCei::As...Impl, Main com.babelstream                      W  ved does not exist, skip ...
2025-11-02 07:15:44.399 12134-12285 SdkGummyClient          com.babelstream                      V  rms=-160.0
2025-11-02 07:15:44.399 12134-12285 AlsCei::As...Impl, Main com.babelstream                      W  ved does not exist, skip ...
2025-11-02 07:15:44.412 12134-12287 AlsCei::SdkListener     com.babelstream                      V  OnVoiceData: 101 bytes
2025-11-02 07:15:44.413 12134-12287 SdkGummyClient          com.babelstream                      D  sdklog[LOG_LEVEL_VERBOSE]: V 2025-11-02 07:15:44.413023 [iDST::AsrCeiIf:743] cei OnVoiceData with 101bytes
2025-11-02 07:15:44.413 12134-12287 RecognitionService      com.babelstream                      I  status=SDKLog[LOG_LEVEL_VERBOSE]: V 2025-11-02 07:15:44.413023 [iDST::AsrCeiIf:743] cei OnVoiceData with 101bytes
2025-11-02 07:15:44.414 12134-12287 RecognitionService      com.babelstream                      I  ACTION_STATUS: SDKLog[LOG_LEVEL_VERBOSE]: V 2025-11-02 07:15:44.413023 [iDST::AsrCeiIf:743] cei OnVoiceData with 101bytes
2025-11-02 07:15:44.414 12134-12287 iDST::AsrCeiIf:743      com.babelstream                      V  cei OnVoiceData with 101bytes
2025-11-02 07:15:44.414 12134-12287 AlsCei::SdkListener     com.babelstream                      V  OnVoiceData: 101 bytes finished
2025-11-02 07:15:44.414 12134-12281 SdkGummyClient          com.babelstream                      D  sdklog[LOG_LEVEL_VERBOSE]: V 2025-11-02 07:15:44.414476 [iDST::AsrCeiIf:652] cei callback MSG_VOICE_DATA len = 101
2025-11-02 07:15:44.414 12134-12281 RecognitionService      com.babelstream                      I  status=SDKLog[LOG_LEVEL_VERBOSE]: V 2025-11-02 07:15:44.414476 [iDST::AsrCeiIf:652] cei callback MSG_VOICE_DATA len = 101
2025-11-02 07:15:44.415 12134-12281 RecognitionService      com.babelstream                      I  ACTION_STATUS: SDKLog[LOG_LEVEL_VERBOSE]: V 2025-11-02 07:15:44.414476 [iDST::AsrCeiIf:652] cei callback MSG_VOICE_DATA len = 101
2025-11-02 07:15:44.415 12134-12281 iDST::AsrCeiIf:652      com.babelstream                      V  cei callback MSG_VOICE_DATA len = 101
2025-11-02 07:15:44.415 12134-12283 SdkGummyClient          com.babelstream                      D  sdklog[LOG_LEVEL_ERROR]: E 2025-11-02 07:15:44.415532 [iDST::NlsSt:501] send voice with null sdk request
2025-11-02 07:15:44.415 12134-12283 RecognitionService      com.babelstream                      I  status=SDKLog[LOG_LEVEL_ERROR]: E 2025-11-02 07:15:44.415532 [iDST::NlsSt:501] send voice with null sdk request
2025-11-02 07:15:44.416 12134-12283 RecognitionService      com.babelstream                      I  ACTION_STATUS: SDKLog[LOG_LEVEL_ERROR]: E 2025-11-02 07:15:44.415532 [iDST::NlsSt:501] send voice with null sdk request
2025-11-02 07:15:44.416 12134-12283 iDST::NlsSt:501         com.babelstream                      E  send voice with null sdk request
2025-11-02 07:15:44.493 12134-12276 AudioCaptureManager     com.babelstream                      I  level=0
2025-11-02 07:15:44.497 12134-12285 SdkGummyClient          com.babelstream                      V  rms=-160.0
2025-11-02 07:15:44.497 12134-12285 AlsCei::As...Impl, Main com.babelstream                      W  ved does not exist, skip ...
2025-11-02 07:15:44.497 12134-12285 SdkGummyClient          com.babelstream                      V  rms=-160.0
2025-11-02 07:15:44.497 12134-12285 AlsCei::As...Impl, Main com.babelstream                      W  ved does not exist, skip ...
2025-11-02 07:15:44.498 12134-12285 SdkGummyClient          com.babelstream                      V  rms=-160.0
2025-11-02 07:15:44.498 12134-12285 AlsCei::As...Impl, Main com.babelstream                      W  ved does not exist, skip ...
2025-11-02 07:15:44.498 12134-12285 SdkGummyClient          com.babelstream                      V  rms=-160.0
2025-11-02 07:15:44.498 12134-12285 AlsCei::As...Impl, Main com.babelstream                      W  ved does not exist, skip ...
2025-11-02 07:15:44.573 12134-12276 AudioCaptureManager     com.babelstream                      I  Reconfiguring... try source=7, sr=16000
2025-11-02 07:15:44.580   919-1650  AF::RecordHandle        audioserver                          D  OpRecordAudio: track:597 uid:10059 pkg:com.babelstream usage:0 source:7 not muted
2025-11-02 07:15:44.602 12134-12285 SdkGummyClient          com.babelstream                      V  rms=-160.0
2025-11-02 07:15:44.606 12134-12276 com.babelstream         com.babelstream                      W  Binder 0xb400007ccdfe20d8 destroyed after setInheritRt before being parceled.
2025-11-02 07:15:44.606 12134-12276 com.babelstream         com.babelstream                      W  Binder 0xb400007c7bde2f48 destroyed after setInheritRt before being parceled.
2025-11-02 07:15:44.620 12134-12276 AudioCaptureManager     com.babelstream                      I  Switched to source=7, sr=16000, routedDevice=15/Quest
2025-11-02 07:15:44.705 12134-12285 SdkGummyClient          com.babelstream                      V  rms=-160.0
2025-11-02 07:15:44.705 12134-12285 AlsCei::As...Impl, Main com.babelstream                      W  ved does not exist, skip ...
2025-11-02 07:15:44.708 12134-12287 AlsCei::SdkListener     com.babelstream                      V  OnVoiceData: 59 bytes
2025-11-02 07:15:44.708 12134-12287 SdkGummyClient          com.babelstream                      D  sdklog[LOG_LEVEL_VERBOSE]: V 2025-11-02 07:15:44.708401 [iDST::AsrCeiIf:743] cei OnVoiceData with 59bytes
2025-11-02 07:15:44.708 12134-12287 RecognitionService      com.babelstream                      I  status=SDKLog[LOG_LEVEL_VERBOSE]: V 2025-11-02 07:15:44.708401 [iDST::AsrCeiIf:743] cei OnVoiceData with 59bytes
2025-11-02 07:15:44.709 12134-12287 RecognitionService      com.babelstream                      I  ACTION_STATUS: SDKLog[LOG_LEVEL_VERBOSE]: V 2025-11-02 07:15:44.708401 [iDST::AsrCeiIf:743] cei OnVoiceData with 59bytes
2025-11-02 07:15:44.709 12134-12287 iDST::AsrCeiIf:743      com.babelstream                      V  cei OnVoiceData with 59bytes
2025-11-02 07:15:44.710 12134-12281 SdkGummyClient          com.babelstream                      D  sdklog[LOG_LEVEL_VERBOSE]: V 2025-11-02 07:15:44.710109 [iDST::AsrCeiIf:652] cei callback MSG_VOICE_DATA len = 59
2025-11-02 07:15:44.710 12134-12281 RecognitionService      com.babelstream                      I  status=SDKLog[LOG_LEVEL_VERBOSE]: V 2025-11-02 07:15:44.710109 [iDST::AsrCeiIf:652] cei callback MSG_VOICE_DATA len = 59
2025-11-02 07:15:44.710 12134-12287 AlsCei::SdkListener     com.babelstream                      V  OnVoiceData: 59 bytes finished
2025-11-02 07:15:44.711 12134-12281 RecognitionService      com.babelstream                      I  ACTION_STATUS: SDKLog[LOG_LEVEL_VERBOSE]: V 2025-11-02 07:15:44.710109 [iDST::AsrCeiIf:652] cei callback MSG_VOICE_DATA len = 59
2025-11-02 07:15:44.711 12134-12281 iDST::AsrCeiIf:652      com.babelstream                      V  cei callback MSG_VOICE_DATA len = 59
2025-11-02 07:15:44.712 12134-12283 SdkGummyClient          com.babelstream                      D  sdklog[LOG_LEVEL_ERROR]: E 2025-11-02 07:15:44.712084 [iDST::NlsSt:501] send voice with null sdk request
2025-11-02 07:15:44.712 12134-12283 RecognitionService      com.babelstream                      I  status=SDKLog[LOG_LEVEL_ERROR]: E 2025-11-02 07:15:44.712084 [iDST::NlsSt:501] send voice with null sdk request
2025-11-02 07:15:44.715 12134-12283 RecognitionService      com.babelstream                      I  ACTION_STATUS: SDKLog[LOG_LEVEL_ERROR]: E 2025-11-02 07:15:44.712084 [iDST::NlsSt:501] send voice with null sdk request
2025-11-02 07:15:44.715 12134-12283 iDST::NlsSt:501         com.babelstream                      E  send voice with null sdk request
2025-11-02 07:15:44.808 12134-12285 SdkGummyClient          com.babelstream                      V  rms=-160.0
2025-11-02 07:15:44.912 12134-12285 SdkGummyClient          com.babelstream                      V  rms=-160.0
2025-11-02 07:15:44.912 12134-12285 AlsCei::As...Impl, Main com.babelstream                      W  ved does not exist, skip ...
2025-11-02 07:15:44.972 12134-12276 AudioCaptureManager     com.babelstream                      I  level=0
2025-11-02 07:15:44.974 12134-12276 RecognitionService      com.babelstream                      I  level=0
2025-11-02 07:15:44.974 12134-12285 SdkGummyClient          com.babelstream                      V  rms=-143.22992
2025-11-02 07:15:44.975 12134-12285 AlsCei::As...Impl, Main com.babelstream                      W  ved does not exist, skip ...
2025-11-02 07:15:44.975 12134-12285 SdkGummyClient          com.babelstream                      V  rms=-130.87529
2025-11-02 07:15:44.975 12134-12285 AlsCei::As...Impl, Main com.babelstream                      W  ved does not exist, skip ...
2025-11-02 07:15:44.976 12134-12285 SdkGummyClient          com.babelstream                      V  rms=-144.01512
2025-11-02 07:15:44.976 12134-12285 AlsCei::As...Impl, Main com.babelstream                      W  ved does not exist, skip ...
2025-11-02 07:15:44.976 12134-12285 SdkGummyClient          com.babelstream                      V  rms=-160.0
2025-11-02 07:15:44.976 12134-12285 AlsCei::As...Impl, Main com.babelstream                      W  ved does not exist, skip ...
2025-11-02 07:15:44.983 12134-12287 AlsCei::SdkListener     com.babelstream                      V  OnVoiceData: 125 bytes
2025-11-02 07:15:44.983 12134-12287 SdkGummyClient          com.babelstream                      D  sdklog[LOG_LEVEL_VERBOSE]: V 2025-11-02 07:15:44.983198 [iDST::AsrCeiIf:743] cei OnVoiceData with 125bytes
2025-11-02 07:15:44.983 12134-12287 RecognitionService      com.babelstream                      I  status=SDKLog[LOG_LEVEL_VERBOSE]: V 2025-11-02 07:15:44.983198 [iDST::AsrCeiIf:743] cei OnVoiceData with 125bytes
2025-11-02 07:15:44.984 12134-12287 RecognitionService      com.babelstream                      I  ACTION_STATUS: SDKLog[LOG_LEVEL_VERBOSE]: V 2025-11-02 07:15:44.983198 [iDST::AsrCeiIf:743] cei OnVoiceData with 125bytes
2025-11-02 07:15:44.984 12134-12287 iDST::AsrCeiIf:743      com.babelstream                      V  cei OnVoiceData with 125bytes
2025-11-02 07:15:44.984 12134-12287 AlsCei::SdkListener     com.babelstream                      V  OnVoiceData: 125 bytes finished
2025-11-02 07:15:44.984 12134-12281 SdkGummyClient          com.babelstream                      D  sdklog[LOG_LEVEL_VERBOSE]: V 2025-11-02 07:15:44.984622 [iDST::AsrCeiIf:652] cei callback MSG_VOICE_DATA len = 125
2025-11-02 07:15:44.984 12134-12281 RecognitionService      com.babelstream                      I  status=SDKLog[LOG_LEVEL_VERBOSE]: V 2025-11-02 07:15:44.984622 [iDST::AsrCeiIf:652] cei callback MSG_VOICE_DATA len = 125
2025-11-02 07:15:44.985 12134-12281 RecognitionService      com.babelstream                      I  ACTION_STATUS: SDKLog[LOG_LEVEL_VERBOSE]: V 2025-11-02 07:15:44.984622 [iDST::AsrCeiIf:652] cei callback MSG_VOICE_DATA len = 125
2025-11-02 07:15:44.985 12134-12281 iDST::AsrCeiIf:652      com.babelstream                      V  cei callback MSG_VOICE_DATA len = 125
2025-11-02 07:15:44.986 12134-12283 SdkGummyClient          com.babelstream                      D  sdklog[LOG_LEVEL_ERROR]: E 2025-11-02 07:15:44.985910 [iDST::NlsSt:501] send voice with null sdk request
2025-11-02 07:15:44.986 12134-12283 RecognitionService      com.babelstream                      I  status=SDKLog[LOG_LEVEL_ERROR]: E 2025-11-02 07:15:44.985910 [iDST::NlsSt:501] send voice with null sdk request
2025-11-02 07:15:44.986 12134-12283 RecognitionService      com.babelstream                      I  ACTION_STATUS: SDKLog[LOG_LEVEL_ERROR]: E 2025-11-02 07:15:44.985910 [iDST::NlsSt:501] send voice with null sdk request
2025-11-02 07:15:44.987 12134-12283 iDST::NlsSt:501         com.babelstream                      E  send voice with null sdk request
2025-11-02 07:15:45.079 12134-12285 SdkGummyClient          com.babelstream                      V  rms=-160.0
2025-11-02 07:15:45.182 12134-12285 SdkGummyClient          com.babelstream                      V  rms=-160.0
2025-11-02 07:15:45.234 12134-12285 SdkGummyClient          com.babelstream                      V  rms=-160.0
2025-11-02 07:15:45.234 12134-12285 AlsCei::As...Impl, Main com.babelstream                      W  ved does not exist, skip ...
2025-11-02 07:15:45.234 12134-12285 SdkGummyClient          com.babelstream                      V  rms=-160.0
2025-11-02 07:15:45.234 12134-12285 AlsCei::As...Impl, Main com.babelstream                      W  ved does not exist, skip ...
2025-11-02 07:15:45.234 12134-12285 SdkGummyClient          com.babelstream                      V  rms=-160.0
2025-11-02 07:15:45.234 12134-12285 AlsCei::As...Impl, Main com.babelstream                      W  ved does not exist, skip ...
2025-11-02 07:15:45.235 12134-12285 SdkGummyClient          com.babelstream                      V  rms=-160.0
2025-11-02 07:15:45.235 12134-12285 AlsCei::As...Impl, Main com.babelstream                      W  ved does not exist, skip ...
2025-11-02 07:15:45.235 12134-12285 SdkGummyClient          com.babelstream                      V  rms=-160.0
2025-11-02 07:15:45.235 12134-12285 AlsCei::As...Impl, Main com.babelstream                      W  ved does not exist, skip ...
2025-11-02 07:15:45.246 12134-12287 AlsCei::SdkListener     com.babelstream                      V  OnVoiceData: 77 bytes
2025-11-02 07:15:45.246 12134-12287 SdkGummyClient          com.babelstream                      D  sdklog[LOG_LEVEL_VERBOSE]: V 2025-11-02 07:15:45.246565 [iDST::AsrCeiIf:743] cei OnVoiceData with 77bytes
2025-11-02 07:15:45.246 12134-12287 RecognitionService      com.babelstream                      I  status=SDKLog[LOG_LEVEL_VERBOSE]: V 2025-11-02 07:15:45.246565 [iDST::AsrCeiIf:743] cei OnVoiceData with 77bytes
2025-11-02 07:15:45.247 12134-12287 RecognitionService      com.babelstream                      I  ACTION_STATUS: SDKLog[LOG_LEVEL_VERBOSE]: V 2025-11-02 07:15:45.246565 [iDST::AsrCeiIf:743] cei OnVoiceData with 77bytes
2025-11-02 07:15:45.247 12134-12287 iDST::AsrCeiIf:743      com.babelstream                      V  cei OnVoiceData with 77bytes
2025-11-02 07:15:45.247 12134-12287 AlsCei::SdkListener     com.babelstream                      V  OnVoiceData: 77 bytes finished
2025-11-02 07:15:45.248 12134-12281 SdkGummyClient          com.babelstream                      D  sdklog[LOG_LEVEL_VERBOSE]: V 2025-11-02 07:15:45.247951 [iDST::AsrCeiIf:652] cei callback MSG_VOICE_DATA len = 77
2025-11-02 07:15:45.248 12134-12281 RecognitionService      com.babelstream                      I  status=SDKLog[LOG_LEVEL_VERBOSE]: V 2025-11-02 07:15:45.247951 [iDST::AsrCeiIf:652] cei callback MSG_VOICE_DATA len = 77
2025-11-02 07:15:45.248 12134-12281 RecognitionService      com.babelstream                      I  ACTION_STATUS: SDKLog[LOG_LEVEL_VERBOSE]: V 2025-11-02 07:15:45.247951 [iDST::AsrCeiIf:652] cei callback MSG_VOICE_DATA len = 77
2025-11-02 07:15:45.249 12134-12281 iDST::AsrCeiIf:652      com.babelstream                      V  cei callback MSG_VOICE_DATA len = 77
2025-11-02 07:15:45.249 12134-12283 SdkGummyClient          com.babelstream                      D  sdklog[LOG_LEVEL_ERROR]: E 2025-11-02 07:15:45.249203 [iDST::NlsSt:501] send voice with null sdk request
2025-11-02 07:15:45.249 12134-12283 RecognitionService      com.babelstream                      I  status=SDKLog[LOG_LEVEL_ERROR]: E 2025-11-02 07:15:45.249203 [iDST::NlsSt:501] send voice with null sdk request
2025-11-02 07:15:45.250 12134-12283 RecognitionService      com.babelstream                      I  ACTION_STATUS: SDKLog[LOG_LEVEL_ERROR]: E 2025-11-02 07:15:45.249203 [iDST::NlsSt:501] send voice with null sdk request
2025-11-02 07:15:45.251 12134-12283 iDST::NlsSt:501         com.babelstream                      E  send voice with null sdk request
2025-11-02 07:15:45.339 12134-12285 SdkGummyClient          com.babelstream                      V  rms=-160.0
2025-11-02 07:15:45.443 12134-12285 SdkGummyClient          com.babelstream                      V  rms=-160.0
2025-11-02 07:15:45.494 12134-12285 SdkGummyClient          com.babelstream                      V  rms=-160.0
2025-11-02 07:15:45.494 12134-12285 AlsCei::As...Impl, Main com.babelstream                      W  ved does not exist, skip ...
2025-11-02 07:15:45.495 12134-12285 SdkGummyClient          com.babelstream                      V  rms=-160.0
2025-11-02 07:15:45.495 12134-12285 AlsCei::As...Impl, Main com.babelstream                      W  ved does not exist, skip ...
2025-11-02 07:15:45.495 12134-12285 SdkGummyClient          com.babelstream                      V  rms=-88.2323
2025-11-02 07:15:45.495 12134-12285 AlsCei::As...Impl, Main com.babelstream                      W  ved does not exist, skip ...
2025-11-02 07:15:45.496 12134-12285 SdkGummyClient          com.babelstream                      V  rms=-54.33943
2025-11-02 07:15:45.496 12134-12285 AlsCei::As...Impl, Main com.babelstream                      W  ved does not exist, skip ...
2025-11-02 07:15:45.599 12134-12285 SdkGummyClient          com.babelstream                      V  rms=-47.14938
2025-11-02 07:15:45.702 12134-12285 SdkGummyClient          com.babelstream                      V  rms=-160.0
2025-11-02 07:15:45.702 12134-12285 AlsCei::As...Impl, Main com.babelstream                      W  ved does not exist, skip ...
2025-11-02 07:15:45.711 12134-12287 AlsCei::SdkListener     com.babelstream                      V  OnVoiceData: 140 bytes
2025-11-02 07:15:45.712 12134-12287 SdkGummyClient          com.babelstream                      D  sdklog[LOG_LEVEL_VERBOSE]: V 2025-11-02 07:15:45.711850 [iDST::AsrCeiIf:743] cei OnVoiceData with 140bytes
2025-11-02 07:15:45.712 12134-12287 RecognitionService      com.babelstream                      I  status=SDKLog[LOG_LEVEL_VERBOSE]: V 2025-11-02 07:15:45.711850 [iDST::AsrCeiIf:743] cei OnVoiceData with 140bytes
2025-11-02 07:15:45.713 12134-12287 RecognitionService      com.babelstream                      I  ACTION_STATUS: SDKLog[LOG_LEVEL_VERBOSE]: V 2025-11-02 07:15:45.711850 [iDST::AsrCeiIf:743] cei OnVoiceData with 140bytes
2025-11-02 07:15:45.713 12134-12287 iDST::AsrCeiIf:743      com.babelstream                      V  cei OnVoiceData with 140bytes
2025-11-02 07:15:45.713 12134-12287 AlsCei::SdkListener     com.babelstream                      V  OnVoiceData: 140 bytes finished
2025-11-02 07:15:45.714 12134-12281 SdkGummyClient          com.babelstream                      D  sdklog[LOG_LEVEL_VERBOSE]: V 2025-11-02 07:15:45.713871 [iDST::AsrCeiIf:652] cei callback MSG_VOICE_DATA len = 140
2025-11-02 07:15:45.714 12134-12281 RecognitionService      com.babelstream                      I  status=SDKLog[LOG_LEVEL_VERBOSE]: V 2025-11-02 07:15:45.713871 [iDST::AsrCeiIf:652] cei callback MSG_VOICE_DATA len = 140
2025-11-02 07:15:45.714 12134-12281 RecognitionService      com.babelstream                      I  ACTION_STATUS: SDKLog[LOG_LEVEL_VERBOSE]: V 2025-11-02 07:15:45.713871 [iDST::AsrCeiIf:652] cei callback MSG_VOICE_DATA len = 140
2025-11-02 07:15:45.714 12134-12281 iDST::AsrCeiIf:652      com.babelstream                      V  cei callback MSG_VOICE_DATA len = 140
2025-11-02 07:15:45.715 12134-12283 SdkGummyClient          com.babelstream                      D  sdklog[LOG_LEVEL_ERROR]: E 2025-11-02 07:15:45.714932 [iDST::NlsSt:501] send voice with null sdk request
2025-11-02 07:15:45.715 12134-12283 RecognitionService      com.babelstream                      I  status=SDKLog[LOG_LEVEL_ERROR]: E 2025-11-02 07:15:45.714932 [iDST::NlsSt:501] send voice with null sdk request
2025-11-02 07:15:45.715 12134-12283 RecognitionService      com.babelstream                      I  ACTION_STATUS: SDKLog[LOG_LEVEL_ERROR]: E 2025-11-02 07:15:45.714932 [iDST::NlsSt:501] send voice with null sdk request
2025-11-02 07:15:45.715 12134-12283 iDST::NlsSt:501         com.babelstream                      E  send voice with null sdk request
2025-11-02 07:15:45.756 12134-12285 SdkGummyClient          com.babelstream                      V  rms=-45.643406
2025-11-02 07:15:45.756 12134-12285 AlsCei::As...Impl, Main com.babelstream                      W  ved does not exist, skip ...
2025-11-02 07:15:45.756 12134-12285 SdkGummyClient          com.babelstream                      V  rms=-45.34475
2025-11-02 07:15:45.756 12134-12285 AlsCei::As...Impl, Main com.babelstream                      W  ved does not exist, skip ...
2025-11-02 07:15:45.757 12134-12285 SdkGummyClient          com.babelstream                      V  rms=-46.00472
2025-11-02 07:15:45.757 12134-12285 AlsCei::As...Impl, Main com.babelstream                      W  ved does not exist, skip ...
2025-11-02 07:15:45.757 12134-12285 SdkGummyClient          com.babelstream                      V  rms=-47.714195
2025-11-02 07:15:45.757 12134-12285 AlsCei::As...Impl, Main com.babelstream                      W  ved does not exist, skip ...
2025-11-02 07:15:45.861 12134-12285 SdkGummyClient          com.babelstream                      V  rms=-52.881126
2025-11-02 07:15:45.964 12134-12285 SdkGummyClient          com.babelstream                      V  rms=-160.0
2025-11-02 07:15:46.012 12134-12276 AudioCaptureManager     com.babelstream                      I  level=44
2025-11-02 07:15:46.014 12134-12276 RecognitionService      com.babelstream                      I  level=44
2025-11-02 07:15:46.016 12134-12285 SdkGummyClient          com.babelstream                      V  rms=-57.62398
2025-11-02 07:15:46.016 12134-12285 AlsCei::As...Impl, Main com.babelstream                      W  ved does not exist, skip ...
2025-11-02 07:15:46.016 12134-12285 SdkGummyClient          com.babelstream                      V  rms=-71.02906
2025-11-02 07:15:46.016 12134-12285 AlsCei::As...Impl, Main com.babelstream                      W  ved does not exist, skip ...
2025-11-02 07:15:46.017 12134-12285 SdkGummyClient          com.babelstream                      V  rms=-80.303055
2025-11-02 07:15:46.017 12134-12285 AlsCei::As...Impl, Main com.babelstream                      W  ved does not exist, skip ...
2025-11-02 07:15:46.017 12134-12285 SdkGummyClient          com.babelstream                      V  rms=-87.2761
2025-11-02 07:15:46.017 12134-12285 AlsCei::As...Impl, Main com.babelstream                      W  ved does not exist, skip ...
2025-11-02 07:15:46.018 12134-12285 SdkGummyClient          com.babelstream                      V  rms=-54.099792
2025-11-02 07:15:46.018 12134-12285 AlsCei::As...Impl, Main com.babelstream                      W  ved does not exist, skip ...
2025-11-02 07:15:46.027 12134-12287 AlsCei::SdkListener     com.babelstream                      V  OnVoiceData: 418 bytes
2025-11-02 07:15:46.027 12134-12287 SdkGummyClient          com.babelstream                      D  sdklog[LOG_LEVEL_VERBOSE]: V 2025-11-02 07:15:46.027455 [iDST::AsrCeiIf:743] cei OnVoiceData with 418bytes
2025-11-02 07:15:46.028 12134-12287 RecognitionService      com.babelstream                      I  status=SDKLog[LOG_LEVEL_VERBOSE]: V 2025-11-02 07:15:46.027455 [iDST::AsrCeiIf:743] cei OnVoiceData with 418bytes
2025-11-02 07:15:46.029 12134-12287 RecognitionService      com.babelstream                      I  ACTION_STATUS: SDKLog[LOG_LEVEL_VERBOSE]: V 2025-11-02 07:15:46.027455 [iDST::AsrCeiIf:743] cei OnVoiceData with 418bytes
2025-11-02 07:15:46.029 12134-12287 iDST::AsrCeiIf:743      com.babelstream                      V  cei OnVoiceData with 418bytes
2025-11-02 07:15:46.029 12134-12287 AlsCei::SdkListener     com.babelstream                      V  OnVoiceData: 418 bytes finished
2025-11-02 07:15:46.030 12134-12281 SdkGummyClient          com.babelstream                      D  sdklog[LOG_LEVEL_VERBOSE]: V 2025-11-02 07:15:46.029884 [iDST::AsrCeiIf:652] cei callback MSG_VOICE_DATA len = 418
2025-11-02 07:15:46.030 12134-12281 RecognitionService      com.babelstream                      I  status=SDKLog[LOG_LEVEL_VERBOSE]: V 2025-11-02 07:15:46.029884 [iDST::AsrCeiIf:652] cei callback MSG_VOICE_DATA len = 418
2025-11-02 07:15:46.031 12134-12281 RecognitionService      com.babelstream                      I  ACTION_STATUS: SDKLog[LOG_LEVEL_VERBOSE]: V 2025-11-02 07:15:46.029884 [iDST::AsrCeiIf:652] cei callback MSG_VOICE_DATA len = 418
2025-11-02 07:15:46.031 12134-12281 iDST::AsrCeiIf:652      com.babelstream                      V  cei callback MSG_VOICE_DATA len = 418
2025-11-02 07:15:46.031 12134-12283 SdkGummyClient          com.babelstream                      D  sdklog[LOG_LEVEL_ERROR]: E 2025-11-02 07:15:46.031250 [iDST::NlsSt:501] send voice with null sdk request
2025-11-02 07:15:46.031 12134-12283 RecognitionService      com.babelstream                      I  status=SDKLog[LOG_LEVEL_ERROR]: E 2025-11-02 07:15:46.031250 [iDST::NlsSt:501] send voice with null sdk request
2025-11-02 07:15:46.032 12134-12283 RecognitionService      com.babelstream                      I  ACTION_STATUS: SDKLog[LOG_LEVEL_ERROR]: E 2025-11-02 07:15:46.031250 [iDST::NlsSt:501] send voice with null sdk request
2025-11-02 07:15:46.032 12134-12283 iDST::NlsSt:501         com.babelstream                      E  send voice with null sdk request
2025-11-02 07:15:46.058 12134-12134 Choreographer           com.babelstream                      W  Frame time is 0.091532 ms in the future!  Check that graphics HAL is generating vsync timestamps using the correct timebase.
2025-11-02 07:15:46.122 12134-12285 SdkGummyClient          com.babelstream                      V  rms=-52.572575
2025-11-02 07:15:46.224 12134-12285 SdkGummyClient          com.babelstream                      V  rms=-160.0
2025-11-02 07:15:46.256 12134-12285 SdkGummyClient          com.babelstream                      V  rms=-52.88449
2025-11-02 07:15:46.256 12134-12285 AlsCei::As...Impl, Main com.babelstream                      W  ved does not exist, skip ...
2025-11-02 07:15:46.256 12134-12285 SdkGummyClient          com.babelstream                      V  rms=-58.590958
2025-11-02 07:15:46.256 12134-12285 AlsCei::As...Impl, Main com.babelstream                      W  ved does not exist, skip ...
2025-11-02 07:15:46.257 12134-12285 SdkGummyClient          com.babelstream                      V  rms=-58.035774
2025-11-02 07:15:46.257 12134-12285 AlsCei::As...Impl, Main com.babelstream                      W  ved does not exist, skip ...
2025-11-02 07:15:46.257 12134-12285 SdkGummyClient          com.babelstream                      V  rms=-57.966644
2025-11-02 07:15:46.257 12134-12285 AlsCei::As...Impl, Main com.babelstream                      W  ved does not exist, skip ...
2025-11-02 07:15:46.361 12134-12285 SdkGummyClient          com.babelstream                      V  rms=-60.93424
2025-11-02 07:15:46.464 12134-12285 SdkGummyClient          com.babelstream                      V  rms=-160.0
2025-11-02 07:15:46.464 12134-12285 AlsCei::As...Impl, Main com.babelstream                      W  ved does not exist, skip ...
2025-11-02 07:15:46.472 12134-12287 AlsCei::SdkListener     com.babelstream                      V  OnVoiceData: 218 bytes
2025-11-02 07:15:46.473 12134-12287 SdkGummyClient          com.babelstream                      D  sdklog[LOG_LEVEL_VERBOSE]: V 2025-11-02 07:15:46.472964 [iDST::AsrCeiIf:743] cei OnVoiceData with 218bytes
2025-11-02 07:15:46.473 12134-12287 RecognitionService      com.babelstream                      I  status=SDKLog[LOG_LEVEL_VERBOSE]: V 2025-11-02 07:15:46.472964 [iDST::AsrCeiIf:743] cei OnVoiceData with 218bytes
2025-11-02 07:15:46.474 12134-12287 RecognitionService      com.babelstream                      I  ACTION_STATUS: SDKLog[LOG_LEVEL_VERBOSE]: V 2025-11-02 07:15:46.472964 [iDST::AsrCeiIf:743] cei OnVoiceData with 218bytes
2025-11-02 07:15:46.474 12134-12287 iDST::AsrCeiIf:743      com.babelstream                      V  cei OnVoiceData with 218bytes
2025-11-02 07:15:46.474 12134-12287 AlsCei::SdkListener     com.babelstream                      V  OnVoiceData: 218 bytes finished
2025-11-02 07:15:46.474 12134-12281 SdkGummyClient          com.babelstream                      D  sdklog[LOG_LEVEL_VERBOSE]: V 2025-11-02 07:15:46.474559 [iDST::AsrCeiIf:652] cei callback MSG_VOICE_DATA len = 218
2025-11-02 07:15:46.474 12134-12281 RecognitionService      com.babelstream                      I  status=SDKLog[LOG_LEVEL_VERBOSE]: V 2025-11-02 07:15:46.474559 [iDST::AsrCeiIf:652] cei callback MSG_VOICE_DATA len = 218
2025-11-02 07:15:46.475 12134-12281 RecognitionService      com.babelstream                      I  ACTION_STATUS: SDKLog[LOG_LEVEL_VERBOSE]: V 2025-11-02 07:15:46.474559 [iDST::AsrCeiIf:652] cei callback MSG_VOICE_DATA len = 218
2025-11-02 07:15:46.475 12134-12281 iDST::AsrCeiIf:652      com.babelstream                      V  cei callback MSG_VOICE_DATA len = 218
2025-11-02 07:15:46.475 12134-12283 SdkGummyClient          com.babelstream                      D  sdklog[LOG_LEVEL_ERROR]: E 2025-11-02 07:15:46.475707 [iDST::NlsSt:501] send voice with null sdk request
2025-11-02 07:15:46.475 12134-12283 RecognitionService      com.babelstream                      I  status=SDKLog[LOG_LEVEL_ERROR]: E 2025-11-02 07:15:46.475707 [iDST::NlsSt:501] send voice with null sdk request
2025-11-02 07:15:46.476 12134-12283 RecognitionService      com.babelstream                      I  ACTION_STATUS: SDKLog[LOG_LEVEL_ERROR]: E 2025-11-02 07:15:46.475707 [iDST::NlsSt:501] send voice with null sdk request
2025-11-02 07:15:46.476 12134-12283 iDST::NlsSt:501         com.babelstream                      E  send voice with null sdk request
2025-11-02 07:15:46.516 12134-12285 SdkGummyClient          com.babelstream                      V  rms=-61.78235
2025-11-02 07:15:46.516 12134-12285 AlsCei::As...Impl, Main com.babelstream                      W  ved does not exist, skip ...
2025-11-02 07:15:46.517 12134-12285 SdkGummyClient          com.babelstream                      V  rms=-60.71153
2025-11-02 07:15:46.517 12134-12285 AlsCei::As...Impl, Main com.babelstream                      W  ved does not exist, skip ...
2025-11-02 07:15:46.517 12134-12285 SdkGummyClient          com.babelstream                      V  rms=-58.02544
2025-11-02 07:15:46.517 12134-12285 AlsCei::As...Impl, Main com.babelstream                      W  ved does not exist, skip ...
2025-11-02 07:15:46.518 12134-12285 SdkGummyClient          com.babelstream                      V  rms=-59.91353
2025-11-02 07:15:46.518 12134-12285 AlsCei::As...Impl, Main com.babelstream                      W  ved does not exist, skip ...
2025-11-02 07:15:46.621 12134-12285 SdkGummyClient          com.babelstream                      V  rms=-58.259052
2025-11-02 07:15:46.724 12134-12285 SdkGummyClient          com.babelstream                      V  rms=-160.0
2025-11-02 07:15:46.776 12134-12285 SdkGummyClient          com.babelstream                      V  rms=-59.684486
2025-11-02 07:15:46.776 12134-12285 AlsCei::As...Impl, Main com.babelstream                      W  ved does not exist, skip ...
2025-11-02 07:15:46.776 12134-12285 SdkGummyClient          com.babelstream                      V  rms=-57.152958
2025-11-02 07:15:46.777 12134-12285 AlsCei::As...Impl, Main com.babelstream                      W  ved does not exist, skip ...
2025-11-02 07:15:46.777 12134-12285 SdkGummyClient          com.babelstream                      V  rms=-57.664043
2025-11-02 07:15:46.777 12134-12285 AlsCei::As...Impl, Main com.babelstream                      W  ved does not exist, skip ...
2025-11-02 07:15:46.777 12134-12285 SdkGummyClient          com.babelstream                      V  rms=-57.23276
2025-11-02 07:15:46.777 12134-12285 AlsCei::As...Impl, Main com.babelstream                      W  ved does not exist, skip ...
2025-11-02 07:15:46.778 12134-12285 SdkGummyClient          com.babelstream                      V  rms=-75.6302
2025-11-02 07:15:46.778 12134-12285 AlsCei::As...Impl, Main com.babelstream                      W  ved does not exist, skip ...
2025-11-02 07:15:46.786 12134-12287 AlsCei::SdkListener     com.babelstream                      V  OnVoiceData: 334 bytes
2025-11-02 07:15:46.787 12134-12287 SdkGummyClient          com.babelstream                      D  sdklog[LOG_LEVEL_VERBOSE]: V 2025-11-02 07:15:46.786934 [iDST::AsrCeiIf:743] cei OnVoiceData with 334bytes
2025-11-02 07:15:46.787 12134-12287 RecognitionService      com.babelstream                      I  status=SDKLog[LOG_LEVEL_VERBOSE]: V 2025-11-02 07:15:46.786934 [iDST::AsrCeiIf:743] cei OnVoiceData with 334bytes
2025-11-02 07:15:46.788 12134-12287 RecognitionService      com.babelstream                      I  ACTION_STATUS: SDKLog[LOG_LEVEL_VERBOSE]: V 2025-11-02 07:15:46.786934 [iDST::AsrCeiIf:743] cei OnVoiceData with 334bytes
2025-11-02 07:15:46.788 12134-12287 iDST::AsrCeiIf:743      com.babelstream                      V  cei OnVoiceData with 334bytes
2025-11-02 07:15:46.788 12134-12287 AlsCei::SdkListener     com.babelstream                      V  OnVoiceData: 334 bytes finished
2025-11-02 07:15:46.788 12134-12281 SdkGummyClient          com.babelstream                      D  sdklog[LOG_LEVEL_VERBOSE]: V 2025-11-02 07:15:46.788297 [iDST::AsrCeiIf:652] cei callback MSG_VOICE_DATA len = 334
2025-11-02 07:15:46.788 12134-12281 RecognitionService      com.babelstream                      I  status=SDKLog[LOG_LEVEL_VERBOSE]: V 2025-11-02 07:15:46.788297 [iDST::AsrCeiIf:652] cei callback MSG_VOICE_DATA len = 334
2025-11-02 07:15:46.789 12134-12281 RecognitionService      com.babelstream                      I  ACTION_STATUS: SDKLog[LOG_LEVEL_VERBOSE]: V 2025-11-02 07:15:46.788297 [iDST::AsrCeiIf:652] cei callback MSG_VOICE_DATA len = 334
2025-11-02 07:15:46.789 12134-12281 iDST::AsrCeiIf:652      com.babelstream                      V  cei callback MSG_VOICE_DATA len = 334
2025-11-02 07:15:46.790 12134-12283 SdkGummyClient          com.babelstream                      D  sdklog[LOG_LEVEL_ERROR]: E 2025-11-02 07:15:46.789827 [iDST::NlsSt:501] send voice with null sdk request
2025-11-02 07:15:46.790 12134-12283 RecognitionService      com.babelstream                      I  status=SDKLog[LOG_LEVEL_ERROR]: E 2025-11-02 07:15:46.789827 [iDST::NlsSt:501] send voice with null sdk request
2025-11-02 07:15:46.790 12134-12283 RecognitionService      com.babelstream                      I  ACTION_STATUS: SDKLog[LOG_LEVEL_ERROR]: E 2025-11-02 07:15:46.789827 [iDST::NlsSt:501] send voice with null sdk request
