2025-11-02 07:15:46.790 12134-12283 iDST::NlsSt:501         com.babelstream                      E  send voice with null sdk request
2025-11-02 07:15:46.883 12134-12285 SdkGummyClient          com.babelstream                      V  rms=-134.5421
2025-11-02 07:15:46.986 12134-12285 SdkGummyClient          com.babelstream                      V  rms=-160.0
2025-11-02 07:15:47.032 12134-12276 AudioCaptureManager     com.babelstream                      I  level=44
2025-11-02 07:15:47.033 12134-12285 SdkGummyClient          com.babelstream                      V  rms=-102.43471
2025-11-02 07:15:47.033 12134-12285 AlsCei::As...Impl, Main com.babelstream                      W  ved does not exist, skip ...
2025-11-02 07:15:47.033 12134-12285 SdkGummyClient          com.babelstream                      V  rms=-97.227295
2025-11-02 07:15:47.033 12134-12285 AlsCei::As...Impl, Main com.babelstream                      W  ved does not exist, skip ...
2025-11-02 07:15:47.034 12134-12276 RecognitionService      com.babelstream                      I  level=44
2025-11-02 07:15:47.034 12134-12285 SdkGummyClient          com.babelstream                      V  rms=-92.18929
2025-11-02 07:15:47.034 12134-12285 AlsCei::As...Impl, Main com.babelstream                      W  ved does not exist, skip ...
2025-11-02 07:15:47.034 12134-12285 SdkGummyClient          com.babelstream                      V  rms=-55.323463
2025-11-02 07:15:47.034 12134-12285 AlsCei::As...Impl, Main com.babelstream                      W  ved does not exist, skip ...
2025-11-02 07:15:47.135 12134-12285 SdkGummyClient          com.babelstream                      V  rms=-57.202244
2025-11-02 07:15:47.239 12134-12285 SdkGummyClient          com.babelstream                      V  rms=-160.0
2025-11-02 07:15:47.239 12134-12285 AlsCei::As...Impl, Main com.babelstream                      W  ved does not exist, skip ...
2025-11-02 07:15:47.252 12134-12287 AlsCei::SdkListener     com.babelstream                      V  OnVoiceData: 200 bytes
2025-11-02 07:15:47.253 12134-12287 SdkGummyClient          com.babelstream                      D  sdklog[LOG_LEVEL_VERBOSE]: V 2025-11-02 07:15:47.252984 [iDST::AsrCeiIf:743] cei OnVoiceData with 200bytes
2025-11-02 07:15:47.253 12134-12287 RecognitionService      com.babelstream                      I  status=SDKLog[LOG_LEVEL_VERBOSE]: V 2025-11-02 07:15:47.252984 [iDST::AsrCeiIf:743] cei OnVoiceData with 200bytes
2025-11-02 07:15:47.254 12134-12287 RecognitionService      com.babelstream                      I  ACTION_STATUS: SDKLog[LOG_LEVEL_VERBOSE]: V 2025-11-02 07:15:47.252984 [iDST::AsrCeiIf:743] cei OnVoiceData with 200bytes
2025-11-02 07:15:47.254 12134-12287 iDST::AsrCeiIf:743      com.babelstream                      V  cei OnVoiceData with 200bytes
2025-11-02 07:15:47.254 12134-12287 AlsCei::SdkListener     com.babelstream                      V  OnVoiceData: 200 bytes finished
2025-11-02 07:15:47.254 12134-12281 SdkGummyClient          com.babelstream                      D  sdklog[LOG_LEVEL_VERBOSE]: V 2025-11-02 07:15:47.254545 [iDST::AsrCeiIf:652] cei callback MSG_VOICE_DATA len = 200
2025-11-02 07:15:47.254 12134-12281 RecognitionService      com.babelstream                      I  status=SDKLog[LOG_LEVEL_VERBOSE]: V 2025-11-02 07:15:47.254545 [iDST::AsrCeiIf:652] cei callback MSG_VOICE_DATA len = 200
2025-11-02 07:15:47.255 12134-12281 RecognitionService      com.babelstream                      I  ACTION_STATUS: SDKLog[LOG_LEVEL_VERBOSE]: V 2025-11-02 07:15:47.254545 [iDST::AsrCeiIf:652] cei callback MSG_VOICE_DATA len = 200
2025-11-02 07:15:47.255 12134-12281 iDST::AsrCeiIf:652      com.babelstream                      V  cei callback MSG_VOICE_DATA len = 200
2025-11-02 07:15:47.256 12134-12283 SdkGummyClient          com.babelstream                      D  sdklog[LOG_LEVEL_ERROR]: E 2025-11-02 07:15:47.255963 [iDST::NlsSt:501] send voice with null sdk request
2025-11-02 07:15:47.256 12134-12283 RecognitionService      com.babelstream                      I  status=SDKLog[LOG_LEVEL_ERROR]: E 2025-11-02 07:15:47.255963 [iDST::NlsSt:501] send voice with null sdk request
2025-11-02 07:15:47.257 12134-12283 RecognitionService      com.babelstream                      I  ACTION_STATUS: SDKLog[LOG_LEVEL_ERROR]: E 2025-11-02 07:15:47.255963 [iDST::NlsSt:501] send voice with null sdk request
2025-11-02 07:15:47.257 12134-12283 iDST::NlsSt:501         com.babelstream                      E  send voice with null sdk request
2025-11-02 07:15:47.296 12134-12285 SdkGummyClient          com.babelstream                      V  rms=-61.20031
2025-11-02 07:15:47.296 12134-12285 AlsCei::As...Impl, Main com.babelstream                      W  ved does not exist, skip ...
2025-11-02 07:15:47.296 12134-12285 SdkGummyClient          com.babelstream                      V  rms=-64.39464
2025-11-02 07:15:47.296 12134-12285 AlsCei::As...Impl, Main com.babelstream                      W  ved does not exist, skip ...
2025-11-02 07:15:47.297 12134-12285 SdkGummyClient          com.babelstream                      V  rms=-71.35161
2025-11-02 07:15:47.297 12134-12285 AlsCei::As...Impl, Main com.babelstream                      W  ved does not exist, skip ...
2025-11-02 07:15:47.297 12134-12285 SdkGummyClient          com.babelstream                      V  rms=-107.46406
2025-11-02 07:15:47.297 12134-12285 AlsCei::As...Impl, Main com.babelstream                      W  ved does not exist, skip ...
2025-11-02 07:15:47.400 12134-12285 SdkGummyClient          com.babelstream                      V  rms=-100.64456
2025-11-02 07:15:47.503 12134-12285 SdkGummyClient          com.babelstream                      V  rms=-160.0
2025-11-02 07:15:47.535 12134-12285 SdkGummyClient          com.babelstream                      V  rms=-101.07792
2025-11-02 07:15:47.535 12134-12285 AlsCei::As...Impl, Main com.babelstream                      W  ved does not exist, skip ...
2025-11-02 07:15:47.535 12134-12285 SdkGummyClient          com.babelstream                      V  rms=-101.50483
2025-11-02 07:15:47.535 12134-12285 AlsCei::As...Impl, Main com.babelstream                      W  ved does not exist, skip ...
2025-11-02 07:15:47.536 12134-12285 SdkGummyClient          com.babelstream                      V  rms=-83.592896
2025-11-02 07:15:47.536 12134-12285 AlsCei::As...Impl, Main com.babelstream                      W  ved does not exist, skip ...
2025-11-02 07:15:47.536 12134-12285 SdkGummyClient          com.babelstream                      V  rms=-66.54299
2025-11-02 07:15:47.536 12134-12285 AlsCei::As...Impl, Main com.babelstream                      W  ved does not exist, skip ...
2025-11-02 07:15:47.536 12134-12285 SdkGummyClient          com.babelstream                      V  rms=-71.51537
2025-11-02 07:15:47.536 12134-12285 AlsCei::As...Impl, Main com.babelstream                      W  ved does not exist, skip ...
2025-11-02 07:15:47.547 12134-12287 AlsCei::SdkListener     com.babelstream                      V  OnVoiceData: 361 bytes
2025-11-02 07:15:47.547 12134-12287 SdkGummyClient          com.babelstream                      D  sdklog[LOG_LEVEL_VERBOSE]: V 2025-11-02 07:15:47.547078 [iDST::AsrCeiIf:743] cei OnVoiceData with 361bytes
2025-11-02 07:15:47.547 12134-12287 RecognitionService      com.babelstream                      I  status=SDKLog[LOG_LEVEL_VERBOSE]: V 2025-11-02 07:15:47.547078 [iDST::AsrCeiIf:743] cei OnVoiceData with 361bytes
2025-11-02 07:15:47.549 12134-12287 RecognitionService      com.babelstream                      I  ACTION_STATUS: SDKLog[LOG_LEVEL_VERBOSE]: V 2025-11-02 07:15:47.547078 [iDST::AsrCeiIf:743] cei OnVoiceData with 361bytes
2025-11-02 07:15:47.549 12134-12287 iDST::AsrCeiIf:743      com.babelstream                      V  cei OnVoiceData with 361bytes
2025-11-02 07:15:47.549 12134-12287 AlsCei::SdkListener     com.babelstream                      V  OnVoiceData: 361 bytes finished
2025-11-02 07:15:47.550 12134-12281 SdkGummyClient          com.babelstream                      D  sdklog[LOG_LEVEL_VERBOSE]: V 2025-11-02 07:15:47.550029 [iDST::AsrCeiIf:652] cei callback MSG_VOICE_DATA len = 361
2025-11-02 07:15:47.550 12134-12281 RecognitionService      com.babelstream                      I  status=SDKLog[LOG_LEVEL_VERBOSE]: V 2025-11-02 07:15:47.550029 [iDST::AsrCeiIf:652] cei callback MSG_VOICE_DATA len = 361
2025-11-02 07:15:47.551 12134-12281 RecognitionService      com.babelstream                      I  ACTION_STATUS: SDKLog[LOG_LEVEL_VERBOSE]: V 2025-11-02 07:15:47.550029 [iDST::AsrCeiIf:652] cei callback MSG_VOICE_DATA len = 361
2025-11-02 07:15:47.551 12134-12281 iDST::AsrCeiIf:652      com.babelstream                      V  cei callback MSG_VOICE_DATA len = 361
2025-11-02 07:15:47.551 12134-12283 SdkGummyClient          com.babelstream                      D  sdklog[LOG_LEVEL_ERROR]: E 2025-11-02 07:15:47.551602 [iDST::NlsSt:501] send voice with null sdk request
2025-11-02 07:15:47.551 12134-12283 RecognitionService      com.babelstream                      I  status=SDKLog[LOG_LEVEL_ERROR]: E 2025-11-02 07:15:47.551602 [iDST::NlsSt:501] send voice with null sdk request
2025-11-02 07:15:47.552 12134-12283 RecognitionService      com.babelstream                      I  ACTION_STATUS: SDKLog[LOG_LEVEL_ERROR]: E 2025-11-02 07:15:47.551602 [iDST::NlsSt:501] send voice with null sdk request
2025-11-02 07:15:47.553 12134-12283 iDST::NlsSt:501         com.babelstream                      E  send voice with null sdk request
2025-11-02 07:15:47.600 12134-12134 Choreographer           com.babelstream                      W  Frame time is 0.203881 ms in the future!  Check that graphics HAL is generating vsync timestamps using the correct timebase.
2025-11-02 07:15:47.641 12134-12285 SdkGummyClient          com.babelstream                      V  rms=-93.16731
2025-11-02 07:15:47.745 12134-12285 SdkGummyClient          com.babelstream                      V  rms=-160.0
2025-11-02 07:15:47.797 12134-12285 SdkGummyClient          com.babelstream                      V  rms=-71.03517
2025-11-02 07:15:47.797 12134-12285 AlsCei::As...Impl, Main com.babelstream                      W  ved does not exist, skip ...
2025-11-02 07:15:47.797 12134-12285 SdkGummyClient          com.babelstream                      V  rms=-71.868225
2025-11-02 07:15:47.797 12134-12285 AlsCei::As...Impl, Main com.babelstream                      W  ved does not exist, skip ...
2025-11-02 07:15:47.798 12134-12285 SdkGummyClient          com.babelstream                      V  rms=-70.76002
2025-11-02 07:15:47.798 12134-12285 AlsCei::As...Impl, Main com.babelstream                      W  ved does not exist, skip ...
2025-11-02 07:15:47.798 12134-12285 SdkGummyClient          com.babelstream                      V  rms=-70.470245
2025-11-02 07:15:47.798 12134-12285 AlsCei::As...Impl, Main com.babelstream                      W  ved does not exist, skip ...
2025-11-02 07:15:47.822 12134-12134 Choreographer           com.babelstream                      W  Frame time is 0.114581 ms in the future!  Check that graphics HAL is generating vsync timestamps using the correct timebase.
2025-11-02 07:15:47.902 12134-12285 SdkGummyClient          com.babelstream                      V  rms=-74.381226
2025-11-02 07:15:48.007 12134-12285 SdkGummyClient          com.babelstream                      V  rms=-160.0
2025-11-02 07:15:48.007 12134-12285 AlsCei::As...Impl, Main com.babelstream                      W  ved does not exist, skip ...
2025-11-02 07:15:48.024 12134-12287 AlsCei::SdkListener     com.babelstream                      V  OnVoiceData: 222 bytes
2025-11-02 07:15:48.025 12134-12287 SdkGummyClient          com.babelstream                      D  sdklog[LOG_LEVEL_VERBOSE]: V 2025-11-02 07:15:48.024607 [iDST::AsrCeiIf:743] cei OnVoiceData with 222bytes
2025-11-02 07:15:48.025 12134-12287 RecognitionService      com.babelstream                      I  status=SDKLog[LOG_LEVEL_VERBOSE]: V 2025-11-02 07:15:48.024607 [iDST::AsrCeiIf:743] cei OnVoiceData with 222bytes
2025-11-02 07:15:48.026 12134-12287 RecognitionService      com.babelstream                      I  ACTION_STATUS: SDKLog[LOG_LEVEL_VERBOSE]: V 2025-11-02 07:15:48.024607 [iDST::AsrCeiIf:743] cei OnVoiceData with 222bytes
2025-11-02 07:15:48.026 12134-12287 iDST::AsrCeiIf:743      com.babelstream                      V  cei OnVoiceData with 222bytes
2025-11-02 07:15:48.027 12134-12287 AlsCei::SdkListener     com.babelstream                      V  OnVoiceData: 222 bytes finished
2025-11-02 07:15:48.027 12134-12281 SdkGummyClient          com.babelstream                      D  sdklog[LOG_LEVEL_VERBOSE]: V 2025-11-02 07:15:48.027081 [iDST::AsrCeiIf:652] cei callback MSG_VOICE_DATA len = 222
2025-11-02 07:15:48.027 12134-12281 RecognitionService      com.babelstream                      I  status=SDKLog[LOG_LEVEL_VERBOSE]: V 2025-11-02 07:15:48.027081 [iDST::AsrCeiIf:652] cei callback MSG_VOICE_DATA len = 222
2025-11-02 07:15:48.029 12134-12281 RecognitionService      com.babelstream                      I  ACTION_STATUS: SDKLog[LOG_LEVEL_VERBOSE]: V 2025-11-02 07:15:48.027081 [iDST::AsrCeiIf:652] cei callback MSG_VOICE_DATA len = 222
2025-11-02 07:15:48.029 12134-12281 iDST::AsrCeiIf:652      com.babelstream                      V  cei callback MSG_VOICE_DATA len = 222
2025-11-02 07:15:48.029 12134-12283 SdkGummyClient          com.babelstream                      D  sdklog[LOG_LEVEL_ERROR]: E 2025-11-02 07:15:48.029501 [iDST::NlsSt:501] send voice with null sdk request
2025-11-02 07:15:48.029 12134-12283 RecognitionService      com.babelstream                      I  status=SDKLog[LOG_LEVEL_ERROR]: E 2025-11-02 07:15:48.029501 [iDST::NlsSt:501] send voice with null sdk request
2025-11-02 07:15:48.030 12134-12283 RecognitionService      com.babelstream                      I  ACTION_STATUS: SDKLog[LOG_LEVEL_ERROR]: E 2025-11-02 07:15:48.029501 [iDST::NlsSt:501] send voice with null sdk request
2025-11-02 07:15:48.030 12134-12283 iDST::NlsSt:501         com.babelstream                      E  send voice with null sdk request
2025-11-02 07:15:48.052 12134-12276 AudioCaptureManager     com.babelstream                      I  level=11
2025-11-02 07:15:48.053 12134-12276 RecognitionService      com.babelstream                      I  level=11
2025-11-02 07:15:48.054 12134-12285 SdkGummyClient          com.babelstream                      V  rms=-86.595795
2025-11-02 07:15:48.054 12134-12285 AlsCei::As...Impl, Main com.babelstream                      W  ved does not exist, skip ...
2025-11-02 07:15:48.054 12134-12285 SdkGummyClient          com.babelstream                      V  rms=-126.75656
2025-11-02 07:15:48.054 12134-12285 AlsCei::As...Impl, Main com.babelstream                      W  ved does not exist, skip ...
2025-11-02 07:15:48.055 12134-12285 SdkGummyClient          com.babelstream                      V  rms=-160.0
2025-11-02 07:15:48.055 12134-12285 AlsCei::As...Impl, Main com.babelstream                      W  ved does not exist, skip ...
2025-11-02 07:15:48.055 12134-12285 SdkGummyClient          com.babelstream                      V  rms=-160.0
2025-11-02 07:15:48.055 12134-12285 AlsCei::As...Impl, Main com.babelstream                      W  ved does not exist, skip ...
2025-11-02 07:15:48.159 12134-12285 SdkGummyClient          com.babelstream                      V  rms=-160.0
2025-11-02 07:15:48.262 12134-12285 SdkGummyClient          com.babelstream                      V  rms=-160.0
2025-11-02 07:15:48.314 12134-12285 SdkGummyClient          com.babelstream                      V  rms=-160.0
2025-11-02 07:15:48.314 12134-12285 AlsCei::As...Impl, Main com.babelstream                      W  ved does not exist, skip ...
2025-11-02 07:15:48.314 12134-12285 SdkGummyClient          com.babelstream                      V  rms=-160.0
2025-11-02 07:15:48.314 12134-12285 AlsCei::As...Impl, Main com.babelstream                      W  ved does not exist, skip ...
2025-11-02 07:15:48.315 12134-12285 SdkGummyClient          com.babelstream                      V  rms=-160.0
2025-11-02 07:15:48.315 12134-12285 AlsCei::As...Impl, Main com.babelstream                      W  ved does not exist, skip ...
2025-11-02 07:15:48.315 12134-12285 SdkGummyClient          com.babelstream                      V  rms=-160.0
2025-11-02 07:15:48.315 12134-12285 AlsCei::As...Impl, Main com.babelstream                      W  ved does not exist, skip ...
2025-11-02 07:15:48.315 12134-12285 SdkGummyClient          com.babelstream                      V  rms=-160.0
2025-11-02 07:15:48.315 12134-12285 AlsCei::As...Impl, Main com.babelstream                      W  ved does not exist, skip ...
2025-11-02 07:15:48.329 12134-12287 AlsCei::SdkListener     com.babelstream                      V  OnVoiceData: 153 bytes
2025-11-02 07:15:48.329 12134-12287 SdkGummyClient          com.babelstream                      D  sdklog[LOG_LEVEL_VERBOSE]: V 2025-11-02 07:15:48.329384 [iDST::AsrCeiIf:743] cei OnVoiceData with 153bytes
2025-11-02 07:15:48.329 12134-12287 RecognitionService      com.babelstream                      I  status=SDKLog[LOG_LEVEL_VERBOSE]: V 2025-11-02 07:15:48.329384 [iDST::AsrCeiIf:743] cei OnVoiceData with 153bytes
2025-11-02 07:15:48.330 12134-12287 RecognitionService      com.babelstream                      I  ACTION_STATUS: SDKLog[LOG_LEVEL_VERBOSE]: V 2025-11-02 07:15:48.329384 [iDST::AsrCeiIf:743] cei OnVoiceData with 153bytes
2025-11-02 07:15:48.330 12134-12287 iDST::AsrCeiIf:743      com.babelstream                      V  cei OnVoiceData with 153bytes
2025-11-02 07:15:48.331 12134-12287 AlsCei::SdkListener     com.babelstream                      V  OnVoiceData: 153 bytes finished
2025-11-02 07:15:48.331 12134-12281 SdkGummyClient          com.babelstream                      D  sdklog[LOG_LEVEL_VERBOSE]: V 2025-11-02 07:15:48.331041 [iDST::AsrCeiIf:652] cei callback MSG_VOICE_DATA len = 153
2025-11-02 07:15:48.331 12134-12281 RecognitionService      com.babelstream                      I  status=SDKLog[LOG_LEVEL_VERBOSE]: V 2025-11-02 07:15:48.331041 [iDST::AsrCeiIf:652] cei callback MSG_VOICE_DATA len = 153
2025-11-02 07:15:48.332 12134-12281 RecognitionService      com.babelstream                      I  ACTION_STATUS: SDKLog[LOG_LEVEL_VERBOSE]: V 2025-11-02 07:15:48.331041 [iDST::AsrCeiIf:652] cei callback MSG_VOICE_DATA len = 153
2025-11-02 07:15:48.332 12134-12281 iDST::AsrCeiIf:652      com.babelstream                      V  cei callback MSG_VOICE_DATA len = 153
2025-11-02 07:15:48.332 12134-12283 SdkGummyClient          com.babelstream                      D  sdklog[LOG_LEVEL_ERROR]: E 2025-11-02 07:15:48.332531 [iDST::NlsSt:501] send voice with null sdk request
2025-11-02 07:15:48.332 12134-12283 RecognitionService      com.babelstream                      I  status=SDKLog[LOG_LEVEL_ERROR]: E 2025-11-02 07:15:48.332531 [iDST::NlsSt:501] send voice with null sdk request
2025-11-02 07:15:48.333 12134-12283 RecognitionService      com.babelstream                      I  ACTION_STATUS: SDKLog[LOG_LEVEL_ERROR]: E 2025-11-02 07:15:48.332531 [iDST::NlsSt:501] send voice with null sdk request
2025-11-02 07:15:48.333 12134-12283 iDST::NlsSt:501         com.babelstream                      E  send voice with null sdk request
2025-11-02 07:15:48.420 12134-12285 SdkGummyClient          com.babelstream                      V  rms=-160.0
2025-11-02 07:15:48.523 12134-12285 SdkGummyClient          com.babelstream                      V  rms=-160.0
2025-11-02 07:15:48.575 12134-12285 SdkGummyClient          com.babelstream                      V  rms=-160.0
2025-11-02 07:15:48.575 12134-12285 AlsCei::As...Impl, Main com.babelstream                      W  ved does not exist, skip ...
2025-11-02 07:15:48.575 12134-12285 SdkGummyClient          com.babelstream                      V  rms=-160.0
2025-11-02 07:15:48.575 12134-12285 AlsCei::As...Impl, Main com.babelstream                      W  ved does not exist, skip ...
2025-11-02 07:15:48.576 12134-12285 SdkGummyClient          com.babelstream                      V  rms=-160.0
2025-11-02 07:15:48.576 12134-12285 AlsCei::As...Impl, Main com.babelstream                      W  ved does not exist, skip ...
2025-11-02 07:15:48.576 12134-12285 SdkGummyClient          com.babelstream                      V  rms=-160.0
2025-11-02 07:15:48.576 12134-12285 AlsCei::As...Impl, Main com.babelstream                      W  ved does not exist, skip ...
2025-11-02 07:15:48.679 12134-12285 SdkGummyClient          com.babelstream                      V  rms=-160.0
2025-11-02 07:15:48.782 12134-12285 SdkGummyClient          com.babelstream                      V  rms=-160.0
2025-11-02 07:15:48.782 12134-12285 AlsCei::As...Impl, Main com.babelstream                      W  ved does not exist, skip ...
2025-11-02 07:15:48.794 12134-12287 AlsCei::SdkListener     com.babelstream                      V  OnVoiceData: 58 bytes
2025-11-02 07:15:48.794 12134-12287 SdkGummyClient          com.babelstream                      D  sdklog[LOG_LEVEL_VERBOSE]: V 2025-11-02 07:15:48.794438 [iDST::AsrCeiIf:743] cei OnVoiceData with 58bytes
2025-11-02 07:15:48.794 12134-12287 RecognitionService      com.babelstream                      I  status=SDKLog[LOG_LEVEL_VERBOSE]: V 2025-11-02 07:15:48.794438 [iDST::AsrCeiIf:743] cei OnVoiceData with 58bytes
2025-11-02 07:15:48.795 12134-12287 RecognitionService      com.babelstream                      I  ACTION_STATUS: SDKLog[LOG_LEVEL_VERBOSE]: V 2025-11-02 07:15:48.794438 [iDST::AsrCeiIf:743] cei OnVoiceData with 58bytes
2025-11-02 07:15:48.795 12134-12287 iDST::AsrCeiIf:743      com.babelstream                      V  cei OnVoiceData with 58bytes
2025-11-02 07:15:48.795 12134-12287 AlsCei::SdkListener     com.babelstream                      V  OnVoiceData: 58 bytes finished
2025-11-02 07:15:48.796 12134-12281 SdkGummyClient          com.babelstream                      D  sdklog[LOG_LEVEL_VERBOSE]: V 2025-11-02 07:15:48.795956 [iDST::AsrCeiIf:652] cei callback MSG_VOICE_DATA len = 58
2025-11-02 07:15:48.796 12134-12281 RecognitionService      com.babelstream                      I  status=SDKLog[LOG_LEVEL_VERBOSE]: V 2025-11-02 07:15:48.795956 [iDST::AsrCeiIf:652] cei callback MSG_VOICE_DATA len = 58
2025-11-02 07:15:48.797 12134-12281 RecognitionService      com.babelstream                      I  ACTION_STATUS: SDKLog[LOG_LEVEL_VERBOSE]: V 2025-11-02 07:15:48.795956 [iDST::AsrCeiIf:652] cei callback MSG_VOICE_DATA len = 58
2025-11-02 07:15:48.797 12134-12281 iDST::AsrCeiIf:652      com.babelstream                      V  cei callback MSG_VOICE_DATA len = 58
2025-11-02 07:15:48.797 12134-12283 SdkGummyClient          com.babelstream                      D  sdklog[LOG_LEVEL_ERROR]: E 2025-11-02 07:15:48.797312 [iDST::NlsSt:501] send voice with null sdk request
2025-11-02 07:15:48.797 12134-12283 RecognitionService      com.babelstream                      I  status=SDKLog[LOG_LEVEL_ERROR]: E 2025-11-02 07:15:48.797312 [iDST::NlsSt:501] send voice with null sdk request
2025-11-02 07:15:48.798 12134-12283 RecognitionService      com.babelstream                      I  ACTION_STATUS: SDKLog[LOG_LEVEL_ERROR]: E 2025-11-02 07:15:48.797312 [iDST::NlsSt:501] send voice with null sdk request
2025-11-02 07:15:48.798 12134-12283 iDST::NlsSt:501         com.babelstream                      E  send voice with null sdk request
2025-11-02 07:15:48.813 12134-12285 SdkGummyClient          com.babelstream                      V  rms=-160.0
2025-11-02 07:15:48.814 12134-12285 AlsCei::As...Impl, Main com.babelstream                      W  ved does not exist, skip ...
2025-11-02 07:15:48.814 12134-12285 SdkGummyClient          com.babelstream                      V  rms=-118.12882
2025-11-02 07:15:48.814 12134-12285 AlsCei::As...Impl, Main com.babelstream                      W  ved does not exist, skip ...
2025-11-02 07:15:48.814 12134-12285 SdkGummyClient          com.babelstream                      V  rms=-160.0
2025-11-02 07:15:48.815 12134-12285 AlsCei::As...Impl, Main com.babelstream                      W  ved does not exist, skip ...
2025-11-02 07:15:48.815 12134-12285 SdkGummyClient          com.babelstream                      V  rms=-160.0
2025-11-02 07:15:48.815 12134-12285 AlsCei::As...Impl, Main com.babelstream                      W  ved does not exist, skip ...
2025-11-02 07:15:48.918 12134-12285 SdkGummyClient          com.babelstream                      V  rms=-160.0
2025-11-02 07:15:49.021 12134-12285 SdkGummyClient          com.babelstream                      V  rms=-160.0
2025-11-02 07:15:49.072 12134-12276 AudioCaptureManager     com.babelstream                      I  level=0
2025-11-02 07:15:49.073 12134-12285 SdkGummyClient          com.babelstream                      V  rms=-160.0
2025-11-02 07:15:49.073 12134-12285 AlsCei::As...Impl, Main com.babelstream                      W  ved does not exist, skip ...
2025-11-02 07:15:49.073 12134-12285 SdkGummyClient          com.babelstream                      V  rms=-160.0
2025-11-02 07:15:49.073 12134-12285 AlsCei::As...Impl, Main com.babelstream                      W  ved does not exist, skip ...
2025-11-02 07:15:49.074 12134-12276 RecognitionService      com.babelstream                      I  level=0
2025-11-02 07:15:49.074 12134-12285 SdkGummyClient          com.babelstream                      V  rms=-160.0
2025-11-02 07:15:49.074 12134-12285 AlsCei::As...Impl, Main com.babelstream                      W  ved does not exist, skip ...
2025-11-02 07:15:49.074 12134-12285 SdkGummyClient          com.babelstream                      V  rms=-160.0
2025-11-02 07:15:49.074 12134-12285 AlsCei::As...Impl, Main com.babelstream                      W  ved does not exist, skip ...
2025-11-02 07:15:49.074 12134-12285 SdkGummyClient          com.babelstream                      V  rms=-160.0
2025-11-02 07:15:49.074 12134-12285 AlsCei::As...Impl, Main com.babelstream                      W  ved does not exist, skip ...
2025-11-02 07:15:49.087 12134-12287 AlsCei::SdkListener     com.babelstream                      V  OnVoiceData: 131 bytes
2025-11-02 07:15:49.088 12134-12287 SdkGummyClient          com.babelstream                      D  sdklog[LOG_LEVEL_VERBOSE]: V 2025-11-02 07:15:49.088005 [iDST::AsrCeiIf:743] cei OnVoiceData with 131bytes
2025-11-02 07:15:49.088 12134-12287 RecognitionService      com.babelstream                      I  status=SDKLog[LOG_LEVEL_VERBOSE]: V 2025-11-02 07:15:49.088005 [iDST::AsrCeiIf:743] cei OnVoiceData with 131bytes
2025-11-02 07:15:49.090 12134-12287 RecognitionService      com.babelstream                      I  ACTION_STATUS: SDKLog[LOG_LEVEL_VERBOSE]: V 2025-11-02 07:15:49.088005 [iDST::AsrCeiIf:743] cei OnVoiceData with 131bytes
2025-11-02 07:15:49.090 12134-12287 iDST::AsrCeiIf:743      com.babelstream                      V  cei OnVoiceData with 131bytes
2025-11-02 07:15:49.090 12134-12287 AlsCei::SdkListener     com.babelstream                      V  OnVoiceData: 131 bytes finished
2025-11-02 07:15:49.090 12134-12281 SdkGummyClient          com.babelstream                      D  sdklog[LOG_LEVEL_VERBOSE]: V 2025-11-02 07:15:49.090353 [iDST::AsrCeiIf:652] cei callback MSG_VOICE_DATA len = 131
2025-11-02 07:15:49.090 12134-12281 RecognitionService      com.babelstream                      I  status=SDKLog[LOG_LEVEL_VERBOSE]: V 2025-11-02 07:15:49.090353 [iDST::AsrCeiIf:652] cei callback MSG_VOICE_DATA len = 131
2025-11-02 07:15:49.091 12134-12281 RecognitionService      com.babelstream                      I  ACTION_STATUS: SDKLog[LOG_LEVEL_VERBOSE]: V 2025-11-02 07:15:49.090353 [iDST::AsrCeiIf:652] cei callback MSG_VOICE_DATA len = 131
2025-11-02 07:15:49.091 12134-12281 iDST::AsrCeiIf:652      com.babelstream                      V  cei callback MSG_VOICE_DATA len = 131
2025-11-02 07:15:49.091 12134-12283 SdkGummyClient          com.babelstream                      D  sdklog[LOG_LEVEL_ERROR]: E 2025-11-02 07:15:49.091710 [iDST::NlsSt:501] send voice with null sdk request
2025-11-02 07:15:49.091 12134-12283 RecognitionService      com.babelstream                      I  status=SDKLog[LOG_LEVEL_ERROR]: E 2025-11-02 07:15:49.091710 [iDST::NlsSt:501] send voice with null sdk request
2025-11-02 07:15:49.092 12134-12283 RecognitionService      com.babelstream                      I  ACTION_STATUS: SDKLog[LOG_LEVEL_ERROR]: E 2025-11-02 07:15:49.091710 [iDST::NlsSt:501] send voice with null sdk request
2025-11-02 07:15:49.092 12134-12283 iDST::NlsSt:501         com.babelstream                      E  send voice with null sdk request
2025-11-02 07:15:49.178 12134-12285 SdkGummyClient          com.babelstream                      V  rms=-160.0
2025-11-02 07:15:49.282 12134-12285 SdkGummyClient          com.babelstream                      V  rms=-160.0
2025-11-02 07:15:49.333 12134-12285 SdkGummyClient          com.babelstream                      V  rms=-160.0
2025-11-02 07:15:49.333 12134-12285 AlsCei::As...Impl, Main com.babelstream                      W  ved does not exist, skip ...
2025-11-02 07:15:49.334 12134-12285 SdkGummyClient          com.babelstream                      V  rms=-160.0
2025-11-02 07:15:49.334 12134-12285 AlsCei::As...Impl, Main com.babelstream                      W  ved does not exist, skip ...
2025-11-02 07:15:49.335 12134-12285 SdkGummyClient          com.babelstream                      V  rms=-160.0
2025-11-02 07:15:49.335 12134-12285 AlsCei::As...Impl, Main com.babelstream                      W  ved does not exist, skip ...
2025-11-02 07:15:49.337 12134-12285 SdkGummyClient          com.babelstream                      V  rms=-160.0
2025-11-02 07:15:49.337 12134-12285 AlsCei::As...Impl, Main com.babelstream                      W  ved does not exist, skip ...
2025-11-02 07:15:49.440 12134-12285 SdkGummyClient          com.babelstream                      V  rms=-160.0
2025-11-02 07:15:49.543 12134-12285 SdkGummyClient          com.babelstream                      V  rms=-160.0
2025-11-02 07:15:49.543 12134-12285 AlsCei::As...Impl, Main com.babelstream                      W  ved does not exist, skip ...
2025-11-02 07:15:49.563 12134-12287 AlsCei::SdkListener     com.babelstream                      V  OnVoiceData: 61 bytes
2025-11-02 07:15:49.564 12134-12287 SdkGummyClient          com.babelstream                      D  sdklog[LOG_LEVEL_VERBOSE]: V 2025-11-02 07:15:49.563690 [iDST::AsrCeiIf:743] cei OnVoiceData with 61bytes
2025-11-02 07:15:49.564 12134-12287 RecognitionService      com.babelstream                      I  status=SDKLog[LOG_LEVEL_VERBOSE]: V 2025-11-02 07:15:49.563690 [iDST::AsrCeiIf:743] cei OnVoiceData with 61bytes
2025-11-02 07:15:49.565 12134-12287 RecognitionService      com.babelstream                      I  ACTION_STATUS: SDKLog[LOG_LEVEL_VERBOSE]: V 2025-11-02 07:15:49.563690 [iDST::AsrCeiIf:743] cei OnVoiceData with 61bytes
2025-11-02 07:15:49.565 12134-12287 iDST::AsrCeiIf:743      com.babelstream                      V  cei OnVoiceData with 61bytes
2025-11-02 07:15:49.565 12134-12287 AlsCei::SdkListener     com.babelstream                      V  OnVoiceData: 61 bytes finished
2025-11-02 07:15:49.565 12134-12281 SdkGummyClient          com.babelstream                      D  sdklog[LOG_LEVEL_VERBOSE]: V 2025-11-02 07:15:49.565291 [iDST::AsrCeiIf:652] cei callback MSG_VOICE_DATA len = 61
2025-11-02 07:15:49.565 12134-12281 RecognitionService      com.babelstream                      I  status=SDKLog[LOG_LEVEL_VERBOSE]: V 2025-11-02 07:15:49.565291 [iDST::AsrCeiIf:652] cei callback MSG_VOICE_DATA len = 61
2025-11-02 07:15:49.566 12134-12281 RecognitionService      com.babelstream                      I  ACTION_STATUS: SDKLog[LOG_LEVEL_VERBOSE]: V 2025-11-02 07:15:49.565291 [iDST::AsrCeiIf:652] cei callback MSG_VOICE_DATA len = 61
2025-11-02 07:15:49.566 12134-12281 iDST::AsrCeiIf:652      com.babelstream                      V  cei callback MSG_VOICE_DATA len = 61
2025-11-02 07:15:49.567 12134-12283 SdkGummyClient          com.babelstream                      D  sdklog[LOG_LEVEL_ERROR]: E 2025-11-02 07:15:49.566654 [iDST::NlsSt:501] send voice with null sdk request
2025-11-02 07:15:49.567 12134-12283 RecognitionService      com.babelstream                      I  status=SDKLog[LOG_LEVEL_ERROR]: E 2025-11-02 07:15:49.566654 [iDST::NlsSt:501] send voice with null sdk request
2025-11-02 07:15:49.570 12134-12283 RecognitionService      com.babelstream                      I  ACTION_STATUS: SDKLog[LOG_LEVEL_ERROR]: E 2025-11-02 07:15:49.566654 [iDST::NlsSt:501] send voice with null sdk request
2025-11-02 07:15:49.570 12134-12283 iDST::NlsSt:501         com.babelstream                      E  send voice with null sdk request
2025-11-02 07:15:49.595 12134-12285 SdkGummyClient          com.babelstream                      V  rms=-160.0
2025-11-02 07:15:49.595 12134-12285 AlsCei::As...Impl, Main com.babelstream                      W  ved does not exist, skip ...
2025-11-02 07:15:49.596 12134-12285 SdkGummyClient          com.babelstream                      V  rms=-160.0
2025-11-02 07:15:49.596 12134-12285 AlsCei::As...Impl, Main com.babelstream                      W  ved does not exist, skip ...
2025-11-02 07:15:49.596 12134-12285 AlsCei::As...Impl, Main com.babelstream                      I  utterance rtf: 0.001133, average rtf: 0.000000, round: 0, frame: 1500
2025-11-02 07:15:49.596 12134-12285 SdkGummyClient          com.babelstream                      D  sdklog[LOG_LEVEL_INFO]: I 2025-11-02 07:15:49.596226 [iDST::RecorderManager:542] Recording 100frames
2025-11-02 07:15:49.596 12134-12285 RecognitionService      com.babelstream                      I  status=SDKLog[LOG_LEVEL_INFO]: I 2025-11-02 07:15:49.596226 [iDST::RecorderManager:542] Recording 100frames
2025-11-02 07:15:49.597 12134-12285 RecognitionService      com.babelstream                      I  ACTION_STATUS: SDKLog[LOG_LEVEL_INFO]: I 2025-11-02 07:15:49.596226 [iDST::RecorderManager:542] Recording 100frames
2025-11-02 07:15:49.597 12134-12285 iDST::Reco...anager:542 com.babelstream                      I  Recording 100frames
2025-11-02 07:15:49.597 12134-12285 SdkGummyClient          com.babelstream                      V  rms=-160.0
2025-11-02 07:15:49.597 12134-12285 AlsCei::As...Impl, Main com.babelstream                      W  ved does not exist, skip ...
2025-11-02 07:15:49.598 12134-12285 SdkGummyClient          com.babelstream                      V  rms=-160.0
2025-11-02 07:15:49.598 12134-12285 AlsCei::As...Impl, Main com.babelstream                      W  ved does not exist, skip ...
2025-11-02 07:15:49.604 12134-12286 AlsSdk::AliOpus         com.babelstream                      I  utterance rtf: 0.006100, average rtf: 0.000000, round: 0, frame: 1500
2025-11-02 07:15:49.702 12134-12285 SdkGummyClient          com.babelstream                      V  rms=-160.0
2025-11-02 07:15:49.805 12134-12285 SdkGummyClient          com.babelstream                      V  rms=-160.0
2025-11-02 07:15:49.856 12134-12285 SdkGummyClient          com.babelstream                      V  rms=-160.0
2025-11-02 07:15:49.856 12134-12285 AlsCei::As...Impl, Main com.babelstream                      W  ved does not exist, skip ...
2025-11-02 07:15:49.857 12134-12285 SdkGummyClient          com.babelstream                      V  rms=-160.0
2025-11-02 07:15:49.857 12134-12285 AlsCei::As...Impl, Main com.babelstream                      W  ved does not exist, skip ...
2025-11-02 07:15:49.857 12134-12285 SdkGummyClient          com.babelstream                      V  rms=-160.0
2025-11-02 07:15:49.857 12134-12285 AlsCei::As...Impl, Main com.babelstream                      W  ved does not exist, skip ...
2025-11-02 07:15:49.857 12134-12285 SdkGummyClient          com.babelstream                      V  rms=-160.0
2025-11-02 07:15:49.857 12134-12285 AlsCei::As...Impl, Main com.babelstream                      W  ved does not exist, skip ...
2025-11-02 07:15:49.858 12134-12285 SdkGummyClient          com.babelstream                      V  rms=-160.0
2025-11-02 07:15:49.858 12134-12285 AlsCei::As...Impl, Main com.babelstream                      W  ved does not exist, skip ...
2025-11-02 07:15:49.867 12134-12287 AlsCei::SdkListener     com.babelstream                      V  OnVoiceData: 78 bytes
2025-11-02 07:15:49.867 12134-12287 SdkGummyClient          com.babelstream                      D  sdklog[LOG_LEVEL_VERBOSE]: V 2025-11-02 07:15:49.867348 [iDST::AsrCeiIf:743] cei OnVoiceData with 78bytes
2025-11-02 07:15:49.867 12134-12287 RecognitionService      com.babelstream                      I  status=SDKLog[LOG_LEVEL_VERBOSE]: V 2025-11-02 07:15:49.867348 [iDST::AsrCeiIf:743] cei OnVoiceData with 78bytes
2025-11-02 07:15:49.868 12134-12287 RecognitionService      com.babelstream                      I  ACTION_STATUS: SDKLog[LOG_LEVEL_VERBOSE]: V 2025-11-02 07:15:49.867348 [iDST::AsrCeiIf:743] cei OnVoiceData with 78bytes
2025-11-02 07:15:49.868 12134-12287 iDST::AsrCeiIf:743      com.babelstream                      V  cei OnVoiceData with 78bytes
2025-11-02 07:15:49.868 12134-12287 AlsCei::SdkListener     com.babelstream                      V  OnVoiceData: 78 bytes finished
2025-11-02 07:15:49.869 12134-12281 SdkGummyClient          com.babelstream                      D  sdklog[LOG_LEVEL_VERBOSE]: V 2025-11-02 07:15:49.868787 [iDST::AsrCeiIf:652] cei callback MSG_VOICE_DATA len = 78
2025-11-02 07:15:49.869 12134-12281 RecognitionService      com.babelstream                      I  status=SDKLog[LOG_LEVEL_VERBOSE]: V 2025-11-02 07:15:49.868787 [iDST::AsrCeiIf:652] cei callback MSG_VOICE_DATA len = 78
2025-11-02 07:15:49.869 12134-12281 RecognitionService      com.babelstream                      I  ACTION_STATUS: SDKLog[LOG_LEVEL_VERBOSE]: V 2025-11-02 07:15:49.868787 [iDST::AsrCeiIf:652] cei callback MSG_VOICE_DATA len = 78
2025-11-02 07:15:49.869 12134-12281 iDST::AsrCeiIf:652      com.babelstream                      V  cei callback MSG_VOICE_DATA len = 78
2025-11-02 07:15:49.870 12134-12283 SdkGummyClient          com.babelstream                      D  sdklog[LOG_LEVEL_ERROR]: E 2025-11-02 07:15:49.869868 [iDST::NlsSt:501] send voice with null sdk request
2025-11-02 07:15:49.870 12134-12283 RecognitionService      com.babelstream                      I  status=SDKLog[LOG_LEVEL_ERROR]: E 2025-11-02 07:15:49.869868 [iDST::NlsSt:501] send voice with null sdk request
2025-11-02 07:15:49.870 12134-12283 RecognitionService      com.babelstream                      I  ACTION_STATUS: SDKLog[LOG_LEVEL_ERROR]: E 2025-11-02 07:15:49.869868 [iDST::NlsSt:501] send voice with null sdk request
2025-11-02 07:15:49.870 12134-12283 iDST::NlsSt:501         com.babelstream                      E  send voice with null sdk request
2025-11-02 07:15:49.961 12134-12285 SdkGummyClient          com.babelstream                      V  rms=-160.0
2025-11-02 07:15:50.064 12134-12285 SdkGummyClient          com.babelstream                      V  rms=-160.0
2025-11-02 07:15:50.092 12134-12276 AudioCaptureManager     com.babelstream                      I  level=0
2025-11-02 07:15:50.093 12134-12276 RecognitionService      com.babelstream                      I  level=0
2025-11-02 07:15:50.095 12134-12285 SdkGummyClient          com.babelstream                      V  rms=-160.0
2025-11-02 07:15:50.095 12134-12285 AlsCei::As...Impl, Main com.babelstream                      W  ved does not exist, skip ...
2025-11-02 07:15:50.096 12134-12285 SdkGummyClient          com.babelstream                      V  rms=-160.0
2025-11-02 07:15:50.096 12134-12285 AlsCei::As...Impl, Main com.babelstream                      W  ved does not exist, skip ...
2025-11-02 07:15:50.096 12134-12285 SdkGummyClient          com.babelstream                      V  rms=-160.0
2025-11-02 07:15:50.096 12134-12285 AlsCei::As...Impl, Main com.babelstream                      W  ved does not exist, skip ...
2025-11-02 07:15:50.096 12134-12285 SdkGummyClient          com.babelstream                      V  rms=-160.0
2025-11-02 07:15:50.096 12134-12285 AlsCei::As...Impl, Main com.babelstream                      W  ved does not exist, skip ...
2025-11-02 07:15:50.100 12134-12287 AlsCei::SdkListener     com.babelstream                      V  OnVoiceData: 90 bytes
2025-11-02 07:15:50.100 12134-12287 SdkGummyClient          com.babelstream                      D  sdklog[LOG_LEVEL_VERBOSE]: V 2025-11-02 07:15:50.100398 [iDST::AsrCeiIf:743] cei OnVoiceData with 90bytes
2025-11-02 07:15:50.100 12134-12287 RecognitionService      com.babelstream                      I  status=SDKLog[LOG_LEVEL_VERBOSE]: V 2025-11-02 07:15:50.100398 [iDST::AsrCeiIf:743] cei OnVoiceData with 90bytes
2025-11-02 07:15:50.101 12134-12287 RecognitionService      com.babelstream                      I  ACTION_STATUS: SDKLog[LOG_LEVEL_VERBOSE]: V 2025-11-02 07:15:50.100398 [iDST::AsrCeiIf:743] cei OnVoiceData with 90bytes
2025-11-02 07:15:50.101 12134-12287 iDST::AsrCeiIf:743      com.babelstream                      V  cei OnVoiceData with 90bytes
2025-11-02 07:15:50.101 12134-12287 AlsCei::SdkListener     com.babelstream                      V  OnVoiceData: 90 bytes finished
2025-11-02 07:15:50.102 12134-12281 SdkGummyClient          com.babelstream                      D  sdklog[LOG_LEVEL_VERBOSE]: V 2025-11-02 07:15:50.101963 [iDST::AsrCeiIf:652] cei callback MSG_VOICE_DATA len = 90
2025-11-02 07:15:50.102 12134-12281 RecognitionService      com.babelstream                      I  status=SDKLog[LOG_LEVEL_VERBOSE]: V 2025-11-02 07:15:50.101963 [iDST::AsrCeiIf:652] cei callback MSG_VOICE_DATA len = 90
2025-11-02 07:15:50.103 12134-12281 RecognitionService      com.babelstream                      I  ACTION_STATUS: SDKLog[LOG_LEVEL_VERBOSE]: V 2025-11-02 07:15:50.101963 [iDST::AsrCeiIf:652] cei callback MSG_VOICE_DATA len = 90
2025-11-02 07:15:50.103 12134-12281 iDST::AsrCeiIf:652      com.babelstream                      V  cei callback MSG_VOICE_DATA len = 90
2025-11-02 07:15:50.103 12134-12283 SdkGummyClient          com.babelstream                      D  sdklog[LOG_LEVEL_ERROR]: E 2025-11-02 07:15:50.103237 [iDST::NlsSt:501] send voice with null sdk request
2025-11-02 07:15:50.103 12134-12283 RecognitionService      com.babelstream                      I  status=SDKLog[LOG_LEVEL_ERROR]: E 2025-11-02 07:15:50.103237 [iDST::NlsSt:501] send voice with null sdk request
2025-11-02 07:15:50.104 12134-12283 RecognitionService      com.babelstream                      I  ACTION_STATUS: SDKLog[LOG_LEVEL_ERROR]: E 2025-11-02 07:15:50.103237 [iDST::NlsSt:501] send voice with null sdk request
2025-11-02 07:15:50.104 12134-12283 iDST::NlsSt:501         com.babelstream                      E  send voice with null sdk request
2025-11-02 07:15:50.200 12134-12285 SdkGummyClient          com.babelstream                      V  rms=-160.0
2025-11-02 07:15:50.303 12134-12285 SdkGummyClient          com.babelstream                      V  rms=-160.0
2025-11-02 07:15:50.303 12134-12285 AlsCei::As...Impl, Main com.babelstream                      W  ved does not exist, skip ...
2025-11-02 07:15:50.353 12134-12276 AudioCaptureManager     com.babelstream                      I  Reconfiguring... try source=7, sr=8000
2025-11-02 07:15:50.356   919-3372  AF::RecordHandle        audioserver                          D  OpRecordAudio: track:598 uid:10059 pkg:com.babelstream usage:0 source:7 not muted
2025-11-02 07:15:50.386 12134-12276 com.babelstream         com.babelstream                      W  Binder 0xb400007ccdfe21b8 destroyed after setInheritRt before being parceled.
2025-11-02 07:15:50.386 12134-12276 com.babelstream         com.babelstream                      W  Binder 0xb400007c7bde2b88 destroyed after setInheritRt before being parceled.
2025-11-02 07:15:50.402 12134-12276 AudioCaptureManager     com.babelstream                      I  Switched to source=7, sr=8000, routedDevice=15/Quest
2025-11-02 07:15:50.407 12134-12285 SdkGummyClient          com.babelstream                      V  rms=-160.0
2025-11-02 07:15:50.510 12134-12285 SdkGummyClient          com.babelstream                      V  rms=-160.0
2025-11-02 07:15:50.510 12134-12285 AlsCei::As...Impl, Main com.babelstream                      W  ved does not exist, skip ...
2025-11-02 07:15:50.614 12134-12285 SdkGummyClient          com.babelstream                      V  rms=-160.0
2025-11-02 07:15:50.718 12134-12285 SdkGummyClient          com.babelstream                      V  rms=-160.0
2025-11-02 07:15:50.718 12134-12285 AlsCei::As...Impl, Main com.babelstream                      W  ved does not exist, skip ...
2025-11-02 07:15:50.821 12134-12285 SdkGummyClient          com.babelstream                      V  rms=-160.0
2025-11-02 07:15:50.924 12134-12285 SdkGummyClient          com.babelstream                      V  rms=-160.0
2025-11-02 07:15:50.924 12134-12285 AlsCei::As...Impl, Main com.babelstream                      W  ved does not exist, skip ...
2025-11-02 07:15:51.010 12134-12276 AudioCaptureManager     com.babelstream                      I  level=0
2025-11-02 07:15:51.011 12134-12285 SdkGummyClient          com.babelstream                      V  rms=-151.00427
2025-11-02 07:15:51.011 12134-12285 AlsCei::As...Impl, Main com.babelstream                      W  ved does not exist, skip ...
2025-11-02 07:15:51.012 12134-12285 SdkGummyClient          com.babelstream                      V  rms=-160.0
2025-11-02 07:15:51.012 12134-12285 AlsCei::As...Impl, Main com.babelstream                      W  ved does not exist, skip ...
2025-11-02 07:15:51.012 12134-12285 SdkGummyClient          com.babelstream                      V  rms=-160.0
2025-11-02 07:15:51.012 12134-12285 AlsCei::As...Impl, Main com.babelstream                      W  ved does not exist, skip ...
2025-11-02 07:15:51.013 12134-12285 SdkGummyClient          com.babelstream                      V  rms=-160.0
2025-11-02 07:15:51.013 12134-12285 AlsCei::As...Impl, Main com.babelstream                      W  ved does not exist, skip ...
2025-11-02 07:15:51.018 12134-12287 AlsCei::SdkListener     com.babelstream                      V  OnVoiceData: 108 bytes
2025-11-02 07:15:51.018 12134-12287 SdkGummyClient          com.babelstream                      D  sdklog[LOG_LEVEL_VERBOSE]: V 2025-11-02 07:15:51.018531 [iDST::AsrCeiIf:743] cei OnVoiceData with 108bytes
2025-11-02 07:15:51.018 12134-12287 RecognitionService      com.babelstream                      I  status=SDKLog[LOG_LEVEL_VERBOSE]: V 2025-11-02 07:15:51.018531 [iDST::AsrCeiIf:743] cei OnVoiceData with 108bytes
2025-11-02 07:15:51.020 12134-12287 RecognitionService      com.babelstream                      I  ACTION_STATUS: SDKLog[LOG_LEVEL_VERBOSE]: V 2025-11-02 07:15:51.018531 [iDST::AsrCeiIf:743] cei OnVoiceData with 108bytes
2025-11-02 07:15:51.021 12134-12287 iDST::AsrCeiIf:743      com.babelstream                      V  cei OnVoiceData with 108bytes
2025-11-02 07:15:51.021 12134-12287 AlsCei::SdkListener     com.babelstream                      V  OnVoiceData: 108 bytes finished
2025-11-02 07:15:51.021 12134-12281 SdkGummyClient          com.babelstream                      D  sdklog[LOG_LEVEL_VERBOSE]: V 2025-11-02 07:15:51.021236 [iDST::AsrCeiIf:652] cei callback MSG_VOICE_DATA len = 108
2025-11-02 07:15:51.021 12134-12281 RecognitionService      com.babelstream                      I  status=SDKLog[LOG_LEVEL_VERBOSE]: V 2025-11-02 07:15:51.021236 [iDST::AsrCeiIf:652] cei callback MSG_VOICE_DATA len = 108
2025-11-02 07:15:51.022 12134-12281 RecognitionService      com.babelstream                      I  ACTION_STATUS: SDKLog[LOG_LEVEL_VERBOSE]: V 2025-11-02 07:15:51.021236 [iDST::AsrCeiIf:652] cei callback MSG_VOICE_DATA len = 108
2025-11-02 07:15:51.022 12134-12281 iDST::AsrCeiIf:652      com.babelstream                      V  cei callback MSG_VOICE_DATA len = 108
2025-11-02 07:15:51.023 12134-12283 SdkGummyClient          com.babelstream                      D  sdklog[LOG_LEVEL_ERROR]: E 2025-11-02 07:15:51.023131 [iDST::NlsSt:501] send voice with null sdk request
2025-11-02 07:15:51.023 12134-12283 RecognitionService      com.babelstream                      I  status=SDKLog[LOG_LEVEL_ERROR]: E 2025-11-02 07:15:51.023131 [iDST::NlsSt:501] send voice with null sdk request
2025-11-02 07:15:51.024 12134-12283 RecognitionService      com.babelstream                      I  ACTION_STATUS: SDKLog[LOG_LEVEL_ERROR]: E 2025-11-02 07:15:51.023131 [iDST::NlsSt:501] send voice with null sdk request
2025-11-02 07:15:51.024 12134-12283 iDST::NlsSt:501         com.babelstream                      E  send voice with null sdk request
2025-11-02 07:15:51.116 12134-12285 SdkGummyClient          com.babelstream                      V  rms=-160.0
2025-11-02 07:15:51.219 12134-12285 SdkGummyClient          com.babelstream                      V  rms=-160.0
2025-11-02 07:15:51.323 12134-12285 SdkGummyClient          com.babelstream                      V  rms=-160.0
2025-11-02 07:15:51.323 12134-12285 AlsCei::As...Impl, Main com.babelstream                      W  ved does not exist, skip ...
2025-11-02 07:15:51.426 12134-12285 SdkGummyClient          com.babelstream                      V  rms=-160.0
2025-11-02 07:15:51.529 12134-12285 SdkGummyClient          com.babelstream                      V  rms=-160.0
2025-11-02 07:15:51.529 12134-12285 AlsCei::As...Impl, Main com.babelstream                      W  ved does not exist, skip ...
2025-11-02 07:15:51.531 12134-12276 RecognitionService      com.babelstream                      I  level=0
2025-11-02 07:15:51.532 12134-12276 RecognitionService      com.babelstream                      I  ACTION_STATUS: 
2025-11-02 07:15:51.535 12134-12285 SdkGummyClient          com.babelstream                      V  rms=-160.0
