2025-11-02 09:13:37.496 30538-27532 AlsCei::As...Impl, Main com.babelstream                      W  ved does not exist, skip ...
2025-11-02 09:13:37.505 30538-27535 AlsCei::SdkListener     com.babelstream                      V  OnVoiceData: 209 bytes
2025-11-02 09:13:37.505 30538-27535 SdkGummyClient          com.babelstream                      D  sdklog[LOG_LEVEL_VERBOSE]: V 2025-11-02 09:13:37.505799 [iDST::AsrCeiIf:743] cei OnVoiceData with 209bytes
2025-11-02 09:13:37.506 30538-27535 RecognitionService      com.babelstream                      I  status=SDKLog[LOG_LEVEL_VERBOSE]: V 2025-11-02 09:13:37.505799 [iDST::AsrCeiIf:743] cei OnVoiceData with 209bytes
2025-11-02 09:13:37.507 30538-27535 RecognitionService      com.babelstream                      I  ACTION_STATUS: SDKLog[LOG_LEVEL_VERBOSE]: V 2025-11-02 09:13:37.505799 [iDST::AsrCeiIf:743] cei OnVoiceData with 209bytes
2025-11-02 09:13:37.507 30538-27535 iDST::AsrCeiIf:743      com.babelstream                      V  cei OnVoiceData with 209bytes
2025-11-02 09:13:37.507 30538-27535 AlsCei::SdkListener     com.babelstream                      V  OnVoiceData: 209 bytes finished
2025-11-02 09:13:37.507 30538-27527 SdkGummyClient          com.babelstream                      D  sdklog[LOG_LEVEL_VERBOSE]: V 2025-11-02 09:13:37.507699 [iDST::AsrCeiIf:652] cei callback MSG_VOICE_DATA len = 209
2025-11-02 09:13:37.507 30538-27527 RecognitionService      com.babelstream                      I  status=SDKLog[LOG_LEVEL_VERBOSE]: V 2025-11-02 09:13:37.507699 [iDST::AsrCeiIf:652] cei callback MSG_VOICE_DATA len = 209
2025-11-02 09:13:37.508 30538-27527 RecognitionService      com.babelstream                      I  ACTION_STATUS: SDKLog[LOG_LEVEL_VERBOSE]: V 2025-11-02 09:13:37.507699 [iDST::AsrCeiIf:652] cei callback MSG_VOICE_DATA len = 209
2025-11-02 09:13:37.508 30538-27527 iDST::AsrCeiIf:652      com.babelstream                      V  cei callback MSG_VOICE_DATA len = 209
2025-11-02 09:13:37.509 30538-27530 SdkGummyClient          com.babelstream                      D  sdklog[LOG_LEVEL_ERROR]: E 2025-11-02 09:13:37.509157 [iDST::NlsSt:501] send voice with null sdk request
2025-11-02 09:13:37.509 30538-27530 RecognitionService      com.babelstream                      I  status=SDKLog[LOG_LEVEL_ERROR]: E 2025-11-02 09:13:37.509157 [iDST::NlsSt:501] send voice with null sdk request
2025-11-02 09:13:37.510 30538-27530 RecognitionService      com.babelstream                      I  ACTION_STATUS: SDKLog[LOG_LEVEL_ERROR]: E 2025-11-02 09:13:37.509157 [iDST::NlsSt:501] send voice with null sdk request
2025-11-02 09:13:37.510 30538-27530 RecognitionService      com.babelstream                      E  error=SDK会话未建立：请检查API Key/网络/设备时间
2025-11-02 09:13:37.511 30538-27530 RecognitionService      com.babelstream                      I  ACTION_STATUS: SDK会话未建立：请检查API Key/网络/设备时间
2025-11-02 09:13:37.511 30538-27530 iDST::NlsSt:501         com.babelstream                      E  send voice with null sdk request
2025-11-02 09:13:37.594 30538-27532 SdkGummyClient          com.babelstream                      V  rms=-60.917862
2025-11-02 09:13:37.595 30538-27532 AlsCei::As...Impl, Main com.babelstream                      W  ved does not exist, skip ...
2025-11-02 09:13:37.595 30538-27532 SdkGummyClient          com.babelstream                      V  rms=-60.35144
2025-11-02 09:13:37.596 30538-27532 AlsCei::As...Impl, Main com.babelstream                      W  ved does not exist, skip ...
2025-11-02 09:13:37.596 30538-27532 SdkGummyClient          com.babelstream                      V  rms=-58.69666
2025-11-02 09:13:37.596 30538-27532 AlsCei::As...Impl, Main com.babelstream                      W  ved does not exist, skip ...
2025-11-02 09:13:37.597 30538-27532 SdkGummyClient          com.babelstream                      V  rms=-60.53275
2025-11-02 09:13:37.597 30538-27532 AlsCei::As...Impl, Main com.babelstream                      W  ved does not exist, skip ...
2025-11-02 09:13:37.606  2313-5758  PerfShielderService     system_server                        D  com.babelstream|com.babelstream/com.babelstream.MainActivity|75|269612824633868|25|5|6
2025-11-02 09:13:37.607  8192-19036 MiuiPerfServiceClient   com.miui.daemon                      W  interceptAndQueuing:30538|com.babelstream|75|25|269612824633868|Slow issue draw commands|6
2025-11-02 09:13:37.675 30538-27532 SdkGummyClient          com.babelstream                      V  rms=-60.143562
2025-11-02 09:13:37.676 30538-27532 AlsCei::As...Impl, Main com.babelstream                      W  ved does not exist, skip ...
2025-11-02 09:13:37.676 30538-27532 SdkGummyClient          com.babelstream                      V  rms=-61.264374
2025-11-02 09:13:37.676 30538-27532 AlsCei::As...Impl, Main com.babelstream                      W  ved does not exist, skip ...
2025-11-02 09:13:37.677 30538-27532 SdkGummyClient          com.babelstream                      V  rms=-62.022057
2025-11-02 09:13:37.677 30538-27532 AlsCei::As...Impl, Main com.babelstream                      W  ved does not exist, skip ...
2025-11-02 09:13:37.677 30538-27532 SdkGummyClient          com.babelstream                      V  rms=-69.66105
2025-11-02 09:13:37.677 30538-27532 AlsCei::As...Impl, Main com.babelstream                      W  ved does not exist, skip ...
2025-11-02 09:13:37.681 30538-27535 AlsCei::SdkListener     com.babelstream                      V  OnVoiceData: 266 bytes
2025-11-02 09:13:37.681 30538-27535 SdkGummyClient          com.babelstream                      D  sdklog[LOG_LEVEL_VERBOSE]: V 2025-11-02 09:13:37.681473 [iDST::AsrCeiIf:743] cei OnVoiceData with 266bytes
2025-11-02 09:13:37.682 30538-27535 RecognitionService      com.babelstream                      I  status=SDKLog[LOG_LEVEL_VERBOSE]: V 2025-11-02 09:13:37.681473 [iDST::AsrCeiIf:743] cei OnVoiceData with 266bytes
2025-11-02 09:13:37.684 30538-27535 RecognitionService      com.babelstream                      I  ACTION_STATUS: SDKLog[LOG_LEVEL_VERBOSE]: V 2025-11-02 09:13:37.681473 [iDST::AsrCeiIf:743] cei OnVoiceData with 266bytes
2025-11-02 09:13:37.684 30538-27535 iDST::AsrCeiIf:743      com.babelstream                      V  cei OnVoiceData with 266bytes
2025-11-02 09:13:37.684 30538-27535 AlsCei::SdkListener     com.babelstream                      V  OnVoiceData: 266 bytes finished
2025-11-02 09:13:37.684 30538-27527 SdkGummyClient          com.babelstream                      D  sdklog[LOG_LEVEL_VERBOSE]: V 2025-11-02 09:13:37.684750 [iDST::AsrCeiIf:652] cei callback MSG_VOICE_DATA len = 266
2025-11-02 09:13:37.684 30538-27527 RecognitionService      com.babelstream                      I  status=SDKLog[LOG_LEVEL_VERBOSE]: V 2025-11-02 09:13:37.684750 [iDST::AsrCeiIf:652] cei callback MSG_VOICE_DATA len = 266
2025-11-02 09:13:37.685 30538-27527 RecognitionService      com.babelstream                      I  ACTION_STATUS: SDKLog[LOG_LEVEL_VERBOSE]: V 2025-11-02 09:13:37.684750 [iDST::AsrCeiIf:652] cei callback MSG_VOICE_DATA len = 266
2025-11-02 09:13:37.685 30538-27527 iDST::AsrCeiIf:652      com.babelstream                      V  cei callback MSG_VOICE_DATA len = 266
2025-11-02 09:13:37.686 30538-27530 SdkGummyClient          com.babelstream                      D  sdklog[LOG_LEVEL_ERROR]: E 2025-11-02 09:13:37.685912 [iDST::NlsSt:501] send voice with null sdk request
2025-11-02 09:13:37.686 30538-27530 RecognitionService      com.babelstream                      I  status=SDKLog[LOG_LEVEL_ERROR]: E 2025-11-02 09:13:37.685912 [iDST::NlsSt:501] send voice with null sdk request
2025-11-02 09:13:37.686 30538-27530 RecognitionService      com.babelstream                      I  ACTION_STATUS: SDKLog[LOG_LEVEL_ERROR]: E 2025-11-02 09:13:37.685912 [iDST::NlsSt:501] send voice with null sdk request
2025-11-02 09:13:37.686 30538-27530 RecognitionService      com.babelstream                      E  error=SDK会话未建立：请检查API Key/网络/设备时间
2025-11-02 09:13:37.687 30538-27530 RecognitionService      com.babelstream                      I  ACTION_STATUS: SDK会话未建立：请检查API Key/网络/设备时间
2025-11-02 09:13:37.687 30538-27530 iDST::NlsSt:501         com.babelstream                      E  send voice with null sdk request
2025-11-02 09:13:37.755 30538-27532 SdkGummyClient          com.babelstream                      V  rms=-82.080185
2025-11-02 09:13:37.755 30538-27532 AlsCei::As...Impl, Main com.babelstream                      W  ved does not exist, skip ...
2025-11-02 09:13:37.755 30538-27532 SdkGummyClient          com.babelstream                      V  rms=-92.13263
2025-11-02 09:13:37.755 30538-27532 AlsCei::As...Impl, Main com.babelstream                      W  ved does not exist, skip ...
2025-11-02 09:13:37.756 30538-27532 SdkGummyClient          com.babelstream                      V  rms=-103.68079
2025-11-02 09:13:37.756 30538-27532 AlsCei::As...Impl, Main com.babelstream                      W  ved does not exist, skip ...
2025-11-02 09:13:37.756 30538-27532 SdkGummyClient          com.babelstream                      V  rms=-98.84613
2025-11-02 09:13:37.756 30538-27532 AlsCei::As...Impl, Main com.babelstream                      W  ved does not exist, skip ...
2025-11-02 09:13:37.765 30538-27535 AlsCei::SdkListener     com.babelstream                      V  OnVoiceData: 187 bytes
2025-11-02 09:13:37.765 30538-27535 SdkGummyClient          com.babelstream                      D  sdklog[LOG_LEVEL_VERBOSE]: V 2025-11-02 09:13:37.765705 [iDST::AsrCeiIf:743] cei OnVoiceData with 187bytes
2025-11-02 09:13:37.766 30538-27535 RecognitionService      com.babelstream                      I  status=SDKLog[LOG_LEVEL_VERBOSE]: V 2025-11-02 09:13:37.765705 [iDST::AsrCeiIf:743] cei OnVoiceData with 187bytes
2025-11-02 09:13:37.767 30538-27535 RecognitionService      com.babelstream                      I  ACTION_STATUS: SDKLog[LOG_LEVEL_VERBOSE]: V 2025-11-02 09:13:37.765705 [iDST::AsrCeiIf:743] cei OnVoiceData with 187bytes
2025-11-02 09:13:37.767 30538-27535 iDST::AsrCeiIf:743      com.babelstream                      V  cei OnVoiceData with 187bytes
2025-11-02 09:13:37.767 30538-27535 AlsCei::SdkListener     com.babelstream                      V  OnVoiceData: 187 bytes finished
2025-11-02 09:13:37.767 30538-27527 SdkGummyClient          com.babelstream                      D  sdklog[LOG_LEVEL_VERBOSE]: V 2025-11-02 09:13:37.767638 [iDST::AsrCeiIf:652] cei callback MSG_VOICE_DATA len = 187
2025-11-02 09:13:37.768 30538-27527 RecognitionService      com.babelstream                      I  status=SDKLog[LOG_LEVEL_VERBOSE]: V 2025-11-02 09:13:37.767638 [iDST::AsrCeiIf:652] cei callback MSG_VOICE_DATA len = 187
2025-11-02 09:13:37.769 30538-27527 RecognitionService      com.babelstream                      I  ACTION_STATUS: SDKLog[LOG_LEVEL_VERBOSE]: V 2025-11-02 09:13:37.767638 [iDST::AsrCeiIf:652] cei callback MSG_VOICE_DATA len = 187
2025-11-02 09:13:37.769 30538-27527 iDST::AsrCeiIf:652      com.babelstream                      V  cei callback MSG_VOICE_DATA len = 187
2025-11-02 09:13:37.769 30538-27530 SdkGummyClient          com.babelstream                      D  sdklog[LOG_LEVEL_ERROR]: E 2025-11-02 09:13:37.769719 [iDST::NlsSt:501] send voice with null sdk request
2025-11-02 09:13:37.770 30538-27530 RecognitionService      com.babelstream                      I  status=SDKLog[LOG_LEVEL_ERROR]: E 2025-11-02 09:13:37.769719 [iDST::NlsSt:501] send voice with null sdk request
2025-11-02 09:13:37.771 30538-27530 RecognitionService      com.babelstream                      I  ACTION_STATUS: SDKLog[LOG_LEVEL_ERROR]: E 2025-11-02 09:13:37.769719 [iDST::NlsSt:501] send voice with null sdk request
2025-11-02 09:13:37.771 30538-27530 RecognitionService      com.babelstream                      E  error=SDK会话未建立：请检查API Key/网络/设备时间
2025-11-02 09:13:37.772 30538-27530 RecognitionService      com.babelstream                      I  ACTION_STATUS: SDK会话未建立：请检查API Key/网络/设备时间
2025-11-02 09:13:37.773 30538-27530 iDST::NlsSt:501         com.babelstream                      E  send voice with null sdk request
2025-11-02 09:13:37.854 30538-27532 SdkGummyClient          com.babelstream                      V  rms=-90.00949
2025-11-02 09:13:37.854 30538-27532 AlsCei::As...Impl, Main com.babelstream                      W  ved does not exist, skip ...
2025-11-02 09:13:37.855 30538-27532 SdkGummyClient          com.babelstream                      V  rms=-80.5325
2025-11-02 09:13:37.855 30538-27532 AlsCei::As...Impl, Main com.babelstream                      W  ved does not exist, skip ...
2025-11-02 09:13:37.855 30538-27532 SdkGummyClient          com.babelstream                      V  rms=-80.23512
2025-11-02 09:13:37.855 30538-27532 AlsCei::As...Impl, Main com.babelstream                      W  ved does not exist, skip ...
2025-11-02 09:13:37.855 30538-27532 SdkGummyClient          com.babelstream                      V  rms=-82.701385
2025-11-02 09:13:37.855 30538-27532 AlsCei::As...Impl, Main com.babelstream                      W  ved does not exist, skip ...
2025-11-02 09:13:37.856 30538-27532 SdkGummyClient          com.babelstream                      V  rms=-88.17414
2025-11-02 09:13:37.856 30538-27532 AlsCei::As...Impl, Main com.babelstream                      W  ved does not exist, skip ...
2025-11-02 09:13:37.868 30538-27535 AlsCei::SdkListener     com.babelstream                      V  OnVoiceData: 170 bytes
2025-11-02 09:13:37.869 30538-27535 SdkGummyClient          com.babelstream                      D  sdklog[LOG_LEVEL_VERBOSE]: V 2025-11-02 09:13:37.869024 [iDST::AsrCeiIf:743] cei OnVoiceData with 170bytes
2025-11-02 09:13:37.869 30538-27535 RecognitionService      com.babelstream                      I  status=SDKLog[LOG_LEVEL_VERBOSE]: V 2025-11-02 09:13:37.869024 [iDST::AsrCeiIf:743] cei OnVoiceData with 170bytes
2025-11-02 09:13:37.870 30538-27535 RecognitionService      com.babelstream                      I  ACTION_STATUS: SDKLog[LOG_LEVEL_VERBOSE]: V 2025-11-02 09:13:37.869024 [iDST::AsrCeiIf:743] cei OnVoiceData with 170bytes
2025-11-02 09:13:37.870 30538-27535 iDST::AsrCeiIf:743      com.babelstream                      V  cei OnVoiceData with 170bytes
2025-11-02 09:13:37.870 30538-27535 AlsCei::SdkListener     com.babelstream                      V  OnVoiceData: 170 bytes finished
2025-11-02 09:13:37.871 30538-27527 SdkGummyClient          com.babelstream                      D  sdklog[LOG_LEVEL_VERBOSE]: V 2025-11-02 09:13:37.870837 [iDST::AsrCeiIf:652] cei callback MSG_VOICE_DATA len = 170
2025-11-02 09:13:37.871 30538-27527 RecognitionService      com.babelstream                      I  status=SDKLog[LOG_LEVEL_VERBOSE]: V 2025-11-02 09:13:37.870837 [iDST::AsrCeiIf:652] cei callback MSG_VOICE_DATA len = 170
2025-11-02 09:13:37.871 30538-27527 RecognitionService      com.babelstream                      I  ACTION_STATUS: SDKLog[LOG_LEVEL_VERBOSE]: V 2025-11-02 09:13:37.870837 [iDST::AsrCeiIf:652] cei callback MSG_VOICE_DATA len = 170
2025-11-02 09:13:37.871 30538-27527 iDST::AsrCeiIf:652      com.babelstream                      V  cei callback MSG_VOICE_DATA len = 170
2025-11-02 09:13:37.872 30538-27530 SdkGummyClient          com.babelstream                      D  sdklog[LOG_LEVEL_ERROR]: E 2025-11-02 09:13:37.872190 [iDST::NlsSt:501] send voice with null sdk request
2025-11-02 09:13:37.872 30538-27530 RecognitionService      com.babelstream                      I  status=SDKLog[LOG_LEVEL_ERROR]: E 2025-11-02 09:13:37.872190 [iDST::NlsSt:501] send voice with null sdk request
2025-11-02 09:13:37.873 30538-27530 RecognitionService      com.babelstream                      I  ACTION_STATUS: SDKLog[LOG_LEVEL_ERROR]: E 2025-11-02 09:13:37.872190 [iDST::NlsSt:501] send voice with null sdk request
2025-11-02 09:13:37.873 30538-27530 RecognitionService      com.babelstream                      E  error=SDK会话未建立：请检查API Key/网络/设备时间
2025-11-02 09:13:37.873 30538-27530 RecognitionService      com.babelstream                      I  ACTION_STATUS: SDK会话未建立：请检查API Key/网络/设备时间
2025-11-02 09:13:37.873 30538-27530 iDST::NlsSt:501         com.babelstream                      E  send voice with null sdk request
2025-11-02 09:13:37.939 30538-27532 SdkGummyClient          com.babelstream                      V  rms=-102.975266
2025-11-02 09:13:37.939 30538-27532 AlsCei::As...Impl, Main com.babelstream                      W  ved does not exist, skip ...
2025-11-02 09:13:37.939 30538-27532 SdkGummyClient          com.babelstream                      V  rms=-92.07499
2025-11-02 09:13:37.939 30538-27532 AlsCei::As...Impl, Main com.babelstream                      W  ved does not exist, skip ...
2025-11-02 09:13:37.940 30538-27532 SdkGummyClient          com.babelstream                      V  rms=-73.84798
2025-11-02 09:13:37.940 30538-27532 AlsCei::As...Impl, Main com.babelstream                      W  ved does not exist, skip ...
2025-11-02 09:13:37.940 30538-27532 SdkGummyClient          com.babelstream                      V  rms=-60.80817
2025-11-02 09:13:37.940 30538-27532 AlsCei::As...Impl, Main com.babelstream                      W  ved does not exist, skip ...
2025-11-02 09:13:38.018 30538-27532 SdkGummyClient          com.babelstream                      V  rms=-62.765694
2025-11-02 09:13:38.018 30538-27532 AlsCei::As...Impl, Main com.babelstream                      W  ved does not exist, skip ...
2025-11-02 09:13:38.019 30538-27532 SdkGummyClient          com.babelstream                      V  rms=-70.14361
2025-11-02 09:13:38.019 30538-27532 AlsCei::As...Impl, Main com.babelstream                      W  ved does not exist, skip ...
2025-11-02 09:13:38.020 30538-27532 SdkGummyClient          com.babelstream                      V  rms=-86.03821
2025-11-02 09:13:38.020 30538-27532 AlsCei::As...Impl, Main com.babelstream                      W  ved does not exist, skip ...
2025-11-02 09:13:38.021 30538-27532 SdkGummyClient          com.babelstream                      V  rms=-83.59358
2025-11-02 09:13:38.022 30538-27532 AlsCei::As...Impl, Main com.babelstream                      W  ved does not exist, skip ...
2025-11-02 09:13:38.031  2313-4734  PerfShielderService     system_server                        D  com.babelstream|com.babelstream/com.babelstream.MainActivity|77|269613001951732|26|5|6
2025-11-02 09:13:38.032  2313-4734  PerfShielderService     system_server                        D  com.babelstream|com.babelstream/com.babelstream.MainActivity|172|269613254899649|29|5|15
2025-11-02 09:13:38.033  8192-19036 MiuiPerfServiceClient   com.miui.daemon                      W  interceptAndQueuing:30538|com.babelstream|77|26|269613001951732|Slow issue draw commands|6
2025-11-02 09:13:38.033  8192-19036 MiuiPerfServiceClient   com.miui.daemon                      W  interceptAndQueuing:30538|com.babelstream|172|29|269613254899649|Slow issue draw commands|15
2025-11-02 09:13:38.035 30538-27535 AlsCei::SdkListener     com.babelstream                      V  OnVoiceData: 342 bytes
2025-11-02 09:13:38.035 30538-27535 SdkGummyClient          com.babelstream                      D  sdklog[LOG_LEVEL_VERBOSE]: V 2025-11-02 09:13:38.035252 [iDST::AsrCeiIf:743] cei OnVoiceData with 342bytes
2025-11-02 09:13:38.036 30538-27535 RecognitionService      com.babelstream                      I  status=SDKLog[LOG_LEVEL_VERBOSE]: V 2025-11-02 09:13:38.035252 [iDST::AsrCeiIf:743] cei OnVoiceData with 342bytes
2025-11-02 09:13:38.039 30538-27535 RecognitionService      com.babelstream                      I  ACTION_STATUS: SDKLog[LOG_LEVEL_VERBOSE]: V 2025-11-02 09:13:38.035252 [iDST::AsrCeiIf:743] cei OnVoiceData with 342bytes
2025-11-02 09:13:38.039 30538-27535 iDST::AsrCeiIf:743      com.babelstream                      V  cei OnVoiceData with 342bytes
2025-11-02 09:13:38.039 30538-27535 AlsCei::SdkListener     com.babelstream                      V  OnVoiceData: 342 bytes finished
2025-11-02 09:13:38.040 30538-27527 SdkGummyClient          com.babelstream                      D  sdklog[LOG_LEVEL_VERBOSE]: V 2025-11-02 09:13:38.039893 [iDST::AsrCeiIf:652] cei callback MSG_VOICE_DATA len = 342
2025-11-02 09:13:38.040 30538-27527 RecognitionService      com.babelstream                      I  status=SDKLog[LOG_LEVEL_VERBOSE]: V 2025-11-02 09:13:38.039893 [iDST::AsrCeiIf:652] cei callback MSG_VOICE_DATA len = 342
2025-11-02 09:13:38.041 30538-27527 RecognitionService      com.babelstream                      I  ACTION_STATUS: SDKLog[LOG_LEVEL_VERBOSE]: V 2025-11-02 09:13:38.039893 [iDST::AsrCeiIf:652] cei callback MSG_VOICE_DATA len = 342
2025-11-02 09:13:38.041 30538-27527 iDST::AsrCeiIf:652      com.babelstream                      V  cei callback MSG_VOICE_DATA len = 342
2025-11-02 09:13:38.043 30538-27530 SdkGummyClient          com.babelstream                      D  sdklog[LOG_LEVEL_ERROR]: E 2025-11-02 09:13:38.042907 [iDST::NlsSt:501] send voice with null sdk request
2025-11-02 09:13:38.043 30538-27530 RecognitionService      com.babelstream                      I  status=SDKLog[LOG_LEVEL_ERROR]: E 2025-11-02 09:13:38.042907 [iDST::NlsSt:501] send voice with null sdk request
2025-11-02 09:13:38.044 30538-27530 RecognitionService      com.babelstream                      I  ACTION_STATUS: SDKLog[LOG_LEVEL_ERROR]: E 2025-11-02 09:13:38.042907 [iDST::NlsSt:501] send voice with null sdk request
2025-11-02 09:13:38.044 30538-27530 RecognitionService      com.babelstream                      E  error=SDK会话未建立：请检查API Key/网络/设备时间
2025-11-02 09:13:38.045 30538-27530 RecognitionService      com.babelstream                      I  ACTION_STATUS: SDK会话未建立：请检查API Key/网络/设备时间
2025-11-02 09:13:38.046 30538-27530 iDST::NlsSt:501         com.babelstream                      E  send voice with null sdk request
2025-11-02 09:13:38.050  2313-4109  MIUIInput               system_server                        I  [MotionEvent] publisher action=0x0, deviceId=-1, 269613322, channel '51b1e8f com.babelstream/com.babelstream.MainActivity (server)'
2025-11-02 09:13:38.051 30538-30538 MIUIInput               com.babelstream                      I  [MotionEvent] ViewRootImpl windowName 'com.babelstream/com.babelstream.MainActivity', { action=ACTION_DOWN, id[0]=0, pointerCount=1, eventTime=269613322, downTime=269613322, phoneEventTime=09:13:38.031 } moveCount:0
2025-11-02 09:13:38.056 30538-26054 RenderInspector         com.babelstream                      W  DequeueBuffer time out on com.babelstream/com.babelstream.MainActivity, count=41, avg=8 ms, max=15 ms.
2025-11-02 09:13:38.093 30538-27513 AudioCaptureManager     com.babelstream                      I  level=16
2025-11-02 09:13:38.095 30538-27532 SdkGummyClient          com.babelstream                      V  rms=-83.31193
2025-11-02 09:13:38.095 30538-27532 AlsCei::As...Impl, Main com.babelstream                      W  ved does not exist, skip ...
2025-11-02 09:13:38.095 30538-27532 SdkGummyClient          com.babelstream                      V  rms=-87.70987
2025-11-02 09:13:38.095 30538-27532 AlsCei::As...Impl, Main com.babelstream                      W  ved does not exist, skip ...
2025-11-02 09:13:38.096 30538-27532 SdkGummyClient          com.babelstream                      V  rms=-93.45518
2025-11-02 09:13:38.096 30538-27532 AlsCei::As...Impl, Main com.babelstream                      W  ved does not exist, skip ...
2025-11-02 09:13:38.096 30538-27532 SdkGummyClient          com.babelstream                      V  rms=-95.34317
2025-11-02 09:13:38.096 30538-27532 AlsCei::As...Impl, Main com.babelstream                      W  ved does not exist, skip ...
2025-11-02 09:13:38.115  2313-4109  MIUIInput               system_server                        I  [MotionEvent] publisher action=0x1, deviceId=-1, 269613404, channel '51b1e8f com.babelstream/com.babelstream.MainActivity (server)'
2025-11-02 09:13:38.118 30538-30538 MIUIInput               com.babelstream                      I  [MotionEvent] ViewRootImpl windowName 'com.babelstream/com.babelstream.MainActivity', { action=ACTION_UP, id[0]=0, pointerCount=1, eventTime=269613404, downTime=269613322, phoneEventTime=09:13:38.114 } moveCount:0
2025-11-02 09:13:38.194 30538-27532 SdkGummyClient          com.babelstream                      V  rms=-96.12797
2025-11-02 09:13:38.194 30538-27532 AlsCei::As...Impl, Main com.babelstream                      W  ved does not exist, skip ...
2025-11-02 09:13:38.194 30538-30538 AudioRecord             com.babelstream                      I  stop mSessionID=11185, packageName: com.babelstream
2025-11-02 09:13:38.195 30538-30538 AudioRecord             com.babelstream                      D  stop(3766): mActive:1
2025-11-02 09:13:38.195 30538-27532 SdkGummyClient          com.babelstream                      V  rms=-83.40502
2025-11-02 09:13:38.195 30538-27532 AlsCei::As...Impl, Main com.babelstream                      W  ved does not exist, skip ...
2025-11-02 09:13:38.195 30538-27532 SdkGummyClient          com.babelstream                      V  rms=-69.65674
2025-11-02 09:13:38.195 30538-27532 AlsCei::As...Impl, Main com.babelstream                      W  ved does not exist, skip ...
2025-11-02 09:13:38.196 30538-27532 SdkGummyClient          com.babelstream                      V  rms=-68.5422
2025-11-02 09:13:38.196 30538-27532 AlsCei::As...Impl, Main com.babelstream                      W  ved does not exist, skip ...
2025-11-02 09:13:38.196 30538-27532 SdkGummyClient          com.babelstream                      V  rms=-68.80858
2025-11-02 09:13:38.196 30538-27532 AlsCei::As...Impl, Main com.babelstream                      W  ved does not exist, skip ...
2025-11-02 09:13:38.202 30538-27535 AlsCei::SdkListener     com.babelstream                      V  OnVoiceData: 340 bytes
2025-11-02 09:13:38.203 30538-27535 SdkGummyClient          com.babelstream                      D  sdklog[LOG_LEVEL_VERBOSE]: V 2025-11-02 09:13:38.202784 [iDST::AsrCeiIf:743] cei OnVoiceData with 340bytes
2025-11-02 09:13:38.203 30538-27535 RecognitionService      com.babelstream                      I  status=SDKLog[LOG_LEVEL_VERBOSE]: V 2025-11-02 09:13:38.202784 [iDST::AsrCeiIf:743] cei OnVoiceData with 340bytes
2025-11-02 09:13:38.204 30538-27535 RecognitionService      com.babelstream                      I  ACTION_STATUS: SDKLog[LOG_LEVEL_VERBOSE]: V 2025-11-02 09:13:38.202784 [iDST::AsrCeiIf:743] cei OnVoiceData with 340bytes
2025-11-02 09:13:38.204 30538-27535 iDST::AsrCeiIf:743      com.babelstream                      V  cei OnVoiceData with 340bytes
2025-11-02 09:13:38.205 30538-27535 AlsCei::SdkListener     com.babelstream                      V  OnVoiceData: 340 bytes finished
2025-11-02 09:13:38.205 30538-27527 SdkGummyClient          com.babelstream                      D  sdklog[LOG_LEVEL_VERBOSE]: V 2025-11-02 09:13:38.205476 [iDST::AsrCeiIf:652] cei callback MSG_VOICE_DATA len = 340
2025-11-02 09:13:38.206 30538-27527 RecognitionService      com.babelstream                      I  status=SDKLog[LOG_LEVEL_VERBOSE]: V 2025-11-02 09:13:38.205476 [iDST::AsrCeiIf:652] cei callback MSG_VOICE_DATA len = 340
2025-11-02 09:13:38.207 30538-27527 RecognitionService      com.babelstream                      I  ACTION_STATUS: SDKLog[LOG_LEVEL_VERBOSE]: V 2025-11-02 09:13:38.205476 [iDST::AsrCeiIf:652] cei callback MSG_VOICE_DATA len = 340
2025-11-02 09:13:38.207 30538-27527 iDST::AsrCeiIf:652      com.babelstream                      V  cei callback MSG_VOICE_DATA len = 340
2025-11-02 09:13:38.208 30538-27530 SdkGummyClient          com.babelstream                      D  sdklog[LOG_LEVEL_ERROR]: E 2025-11-02 09:13:38.207882 [iDST::NlsSt:501] send voice with null sdk request
2025-11-02 09:13:38.208 30538-27530 RecognitionService      com.babelstream                      I  status=SDKLog[LOG_LEVEL_ERROR]: E 2025-11-02 09:13:38.207882 [iDST::NlsSt:501] send voice with null sdk request
2025-11-02 09:13:38.209 30538-27530 RecognitionService      com.babelstream                      I  ACTION_STATUS: SDKLog[LOG_LEVEL_ERROR]: E 2025-11-02 09:13:38.207882 [iDST::NlsSt:501] send voice with null sdk request
2025-11-02 09:13:38.209 30538-27530 RecognitionService      com.babelstream                      E  error=SDK会话未建立：请检查API Key/网络/设备时间
2025-11-02 09:13:38.211 30538-27530 RecognitionService      com.babelstream                      I  ACTION_STATUS: SDK会话未建立：请检查API Key/网络/设备时间
2025-11-02 09:13:38.211 30538-27530 iDST::NlsSt:501         com.babelstream                      E  send voice with null sdk request
2025-11-02 09:13:38.291  8522-10456 MIUISafety-Monitor      com.miui.securitycenter.remote       W  sync com.babelstream,userId:0,op:27,active:false,isNote:false,isTerminal:false,notify:true
2025-11-02 09:13:38.297  1910-27499 AudioFlingerImpl        audioserver                          D  checkForGameParameter_l() set events appname=-com.babelstream
2025-11-02 09:13:38.297  1584-1627  AHAL: AudioStream       android.hardware.audio.service_64    D  astream_in_set_parameters: 2049: Enter: appname=-com.babelstream
2025-11-02 09:13:38.298  1584-1627  AHAL: AudioStreamCustom android.hardware.audio.service_64    D  SetParameters: 892: Enter: kvpairs is appname=-com.babelstream
2025-11-02 09:13:38.298  1584-1627  AHAL: AudioStreamCustom android.hardware.audio.service_64    D  SetParameters: 963: [hal_apptype] SetParameters(), in: set app name -com.babelstream [55, 0x1 0x0]
2025-11-02 09:13:38.298  1584-1627  AHAL: AudioStream       android.hardware.audio.service_64    D  SetParameters: 6352: enter: kvpairs: appname=-com.babelstream
2025-11-02 09:13:38.299 30538-30538 AudioRecord             com.babelstream                      I  stop mSessionID=11185, packageName: com.babelstream
2025-11-02 09:13:38.299 30538-30538 AudioRecord             com.babelstream                      D  stop(3766): mActive:0
2025-11-02 09:13:38.299  2313-4734  MediaFunctionStubImpl   system_server                        D  report record event.{"name":"recording_parameters","audio_event":{"device_name":"mic", "packg_name":"com.babelstream", "record_source":"VOICE_COMMUNICATION", "record_encoding":"2", "record_channel_num":"1", "record_sample_rate":"48000", "record_time_during":"4"},"dgt":"null","audio_ext":"null"}
2025-11-02 09:13:38.299 30538-30538 AudioRecord             com.babelstream                      I  stop mSessionID=11185, packageName: com.babelstream
2025-11-02 09:13:38.299 30538-30538 AudioRecord             com.babelstream                      D  stop(3766): mActive:0
2025-11-02 09:13:38.300 30538-27532 SdkGummyClient          com.babelstream                      V  rms=-70.67754
2025-11-02 09:13:38.300 30538-30538 AudioRecordStub         com.babelstream                      D  ~AudioRecordStub() destroy
2025-11-02 09:13:38.300 30538-30538 AudioCaptureManager     com.babelstream                      I  Recording stopped
2025-11-02 09:13:38.301 30538-30538 SdkGummyClient          com.babelstream                      D  sdklog[LOG_LEVEL_INFO]: I 2025-11-02 09:13:38.300981 [iDST::NativeNui:830] [0xb400007c1410bd50] sync cancel(false)
2025-11-02 09:13:38.301 30538-30538 RecognitionService      com.babelstream                      I  status=SDKLog[LOG_LEVEL_INFO]: I 2025-11-02 09:13:38.300981 [iDST::NativeNui:830] [0xb400007c1410bd50] sync cancel(false)
2025-11-02 09:13:38.301 30538-30538 RecognitionService      com.babelstream                      I  ACTION_STATUS: SDKLog[LOG_LEVEL_INFO]: I 2025-11-02 09:13:38.300981 [iDST::NativeNui:830] [0xb400007c1410bd50] sync cancel(false)
2025-11-02 09:13:38.301 30538-30538 iDST::NativeNui:830     com.babelstream                      I  [0xb400007c1410bd50] sync cancel(false)
2025-11-02 09:13:38.301 30538-30538 SdkGummyClient          com.babelstream                      D  sdklog[LOG_LEVEL_INFO]: I 2025-11-02 09:13:38.301927 [iDST::NUISDK:458] [Key Events] nui_dialog_cancel force:false
2025-11-02 09:13:38.302 30538-30538 RecognitionService      com.babelstream                      I  status=SDKLog[LOG_LEVEL_INFO]: I 2025-11-02 09:13:38.301927 [iDST::NUISDK:458] [Key Events] nui_dialog_cancel force:false
2025-11-02 09:13:38.302  2313-4734  xlog_client             system_server                        V   xlog_send_java  JNI test, msg is {"name":"recording_parameters","audio_event":{"device_name":"mic", "packg_name":"com.babelstream", "record_source":"VOICE_COMMUNICATION", "record_encoding":"2", "record_channel_num":"1", "record_sample_rate":"48000", "record_time_during":"4"},"dgt":"null","audio_ext":"null"}
2025-11-02 09:13:38.302 30538-30538 RecognitionService      com.babelstream                      I  ACTION_STATUS: SDKLog[LOG_LEVEL_INFO]: I 2025-11-02 09:13:38.301927 [iDST::NUISDK:458] [Key Events] nui_dialog_cancel force:false
2025-11-02 09:13:38.302 30538-30538 iDST::NUISDK:458        com.babelstream                      I  [Key Events] nui_dialog_cancel force:false
2025-11-02 09:13:38.302 30538-30538 SdkGummyClient          com.babelstream                      D  sdklog[LOG_LEVEL_INFO]: I 2025-11-02 09:13:38.302501 [iDST::NUISDK:460] sync invoke
2025-11-02 09:13:38.302 30538-30538 RecognitionService      com.babelstream                      I  status=SDKLog[LOG_LEVEL_INFO]: I 2025-11-02 09:13:38.302501 [iDST::NUISDK:460] sync invoke
2025-11-02 09:13:38.303 30538-30538 RecognitionService      com.babelstream                      I  ACTION_STATUS: SDKLog[LOG_LEVEL_INFO]: I 2025-11-02 09:13:38.302501 [iDST::NUISDK:460] sync invoke
2025-11-02 09:13:38.304 30538-30538 iDST::NUISDK:460        com.babelstream                      I  sync invoke
2025-11-02 09:13:38.304 30538-30538 SdkGummyClient          com.babelstream                      D  sdklog[LOG_LEVEL_INFO]: I 2025-11-02 09:13:38.304123 [iDST::NuiAbsLayer:2689] send message 7:MSG_API_STOP
2025-11-02 09:13:38.304 30538-30538 RecognitionService      com.babelstream                      I  status=SDKLog[LOG_LEVEL_INFO]: I 2025-11-02 09:13:38.304123 [iDST::NuiAbsLayer:2689] send message 7:MSG_API_STOP
2025-11-02 09:13:38.304 30538-30538 RecognitionService      com.babelstream                      I  ACTION_STATUS: SDKLog[LOG_LEVEL_INFO]: I 2025-11-02 09:13:38.304123 [iDST::NuiAbsLayer:2689] send message 7:MSG_API_STOP
2025-11-02 09:13:38.304 30538-30538 iDST::NuiAbsLayer:2689  com.babelstream                      I  send message 7:MSG_API_STOP
2025-11-02 09:13:38.305 30538-27514 SdkGummyClient          com.babelstream                      D  sdklog[LOG_LEVEL_VERBOSE]: V 2025-11-02 09:13:38.305278 [iDST::DialogeEngine:89] StopDialog
2025-11-02 09:13:38.305 30538-27514 RecognitionService      com.babelstream                      I  status=SDKLog[LOG_LEVEL_VERBOSE]: V 2025-11-02 09:13:38.305278 [iDST::DialogeEngine:89] StopDialog
2025-11-02 09:13:38.306 30538-27514 RecognitionService      com.babelstream                      I  ACTION_STATUS: SDKLog[LOG_LEVEL_VERBOSE]: V 2025-11-02 09:13:38.305278 [iDST::DialogeEngine:89] StopDialog
2025-11-02 09:13:38.306 30538-27514 iDST::DialogeEngine:89  com.babelstream                      V  StopDialog
2025-11-02 09:13:38.306 30538-27514 SdkGummyClient          com.babelstream                      D  sdklog[LOG_LEVEL_INFO]: I 2025-11-02 09:13:38.306248 [iDST::StateMachine:45] Asr -- Stop --> Asr
2025-11-02 09:13:38.306 30538-27514 RecognitionService      com.babelstream                      I  status=SDKLog[LOG_LEVEL_INFO]: I 2025-11-02 09:13:38.306248 [iDST::StateMachine:45] Asr -- Stop --> Asr
2025-11-02 09:13:38.307 30538-27514 RecognitionService      com.babelstream                      I  ACTION_STATUS: SDKLog[LOG_LEVEL_INFO]: I 2025-11-02 09:13:38.306248 [iDST::StateMachine:45] Asr -- Stop --> Asr
2025-11-02 09:13:38.307 30538-27514 iDST::StateMachine:45   com.babelstream                      I  Asr -- Stop --> Asr
2025-11-02 09:13:38.307 30538-27525 SdkGummyClient          com.babelstream                      D  sdklog[LOG_LEVEL_DEBUG]: D 2025-11-02 09:13:38.307314 [iDST::AsrEngineHandler:1618] HandleMessage[ASR_STOP]
2025-11-02 09:13:38.307 30538-27525 RecognitionService      com.babelstream                      I  status=SDKLog[LOG_LEVEL_DEBUG]: D 2025-11-02 09:13:38.307314 [iDST::AsrEngineHandler:1618] HandleMessage[ASR_STOP]
2025-11-02 09:13:38.307 30538-27525 RecognitionService      com.babelstream                      I  ACTION_STATUS: SDKLog[LOG_LEVEL_DEBUG]: D 2025-11-02 09:13:38.307314 [iDST::AsrEngineHandler:1618] HandleMessage[ASR_STOP]
2025-11-02 09:13:38.308 30538-27525 iDST::AsrE...ndler:1618 com.babelstream                      D  HandleMessage[ASR_STOP]
2025-11-02 09:13:38.308 30538-27525 SdkGummyClient          com.babelstream                      D  sdklog[LOG_LEVEL_INFO]: I 2025-11-02 09:13:38.308118 [iDST::AsrEngineHandler:1160] cmd stop with AsrEngine state:Asr, session ready is true, vad_mode is 1(0.ModeVad; 1.ModeP2t; 2.ModeKws; 3.ModeParallel; 4.ModeKws2Parallel; 5.ModeAutoContinual; 8.ModeOnlyKws)
2025-11-02 09:13:38.308 30538-27525 RecognitionService      com.babelstream                      I  status=SDKLog[LOG_LEVEL_INFO]: I 2025-11-02 09:13:38.308118 [iDST::AsrEngineHandler:1160] cmd stop with AsrEngine state:Asr, session ready is true, vad_mode is 1(0.ModeVad; 1.ModeP2t; 2.ModeKws; 3.ModeParallel; 4.ModeKws2Parallel; 5.ModeAutoContinual; 8.ModeOnlyKws)
2025-11-02 09:13:38.308 30538-27525 RecognitionService      com.babelstream                      I  ACTION_STATUS: SDKLog[LOG_LEVEL_INFO]: I 2025-11-02 09:13:38.308118 [iDST::AsrEngineHandler:1160] cmd stop with AsrEngine state:Asr, session ready is true, vad_mode is 1(0.ModeVad; 1.ModeP2t; 2.ModeKws; 3.ModeParallel; 4.ModeKws2Parallel; 5.ModeAutoContinual; 8.ModeOnlyKws)
2025-11-02 09:13:38.308 30538-27525 iDST::AsrE...ndler:1160 com.babelstream                      I  cmd stop with AsrEngine state:Asr, session ready is true, vad_mode is 1(0.ModeVad; 1.ModeP2t; 2.ModeKws; 3.ModeParallel; 4.ModeKws2Parallel; 5.ModeAutoContinual; 8.ModeOnlyKws)
2025-11-02 09:13:38.309 30538-27525 SdkGummyClient          com.babelstream                      D  sdklog[LOG_LEVEL_INFO]: I 2025-11-02 09:13:38.308985 [iDST::NlsSt:944] send stop-cmd
2025-11-02 09:13:38.309 30538-27525 RecognitionService      com.babelstream                      I  status=SDKLog[LOG_LEVEL_INFO]: I 2025-11-02 09:13:38.308985 [iDST::NlsSt:944] send stop-cmd
2025-11-02 09:13:38.309 30538-27525 RecognitionService      com.babelstream                      I  ACTION_STATUS: SDKLog[LOG_LEVEL_INFO]: I 2025-11-02 09:13:38.308985 [iDST::NlsSt:944] send stop-cmd
2025-11-02 09:13:38.309 30538-27525 iDST::NlsSt:944         com.babelstream                      I  send stop-cmd
2025-11-02 09:13:38.309 30538-27530 SdkGummyClient          com.babelstream                      D  sdklog[LOG_LEVEL_ERROR]: E 2025-11-02 09:13:38.309838 [iDST::NlsSt:558] end voice with null sdk request
2025-11-02 09:13:38.310 30538-27530 RecognitionService      com.babelstream                      I  status=SDKLog[LOG_LEVEL_ERROR]: E 2025-11-02 09:13:38.309838 [iDST::NlsSt:558] end voice with null sdk request
2025-11-02 09:13:38.310 30538-27530 RecognitionService      com.babelstream                      I  ACTION_STATUS: SDKLog[LOG_LEVEL_ERROR]: E 2025-11-02 09:13:38.309838 [iDST::NlsSt:558] end voice with null sdk request
2025-11-02 09:13:38.310 30538-27530 RecognitionService      com.babelstream                      E  error=SDK会话未建立：请检查API Key/网络/设备时间
2025-11-02 09:13:38.311 30538-27530 RecognitionService      com.babelstream                      I  ACTION_STATUS: SDK会话未建立：请检查API Key/网络/设备时间
2025-11-02 09:13:38.311 30538-27530 iDST::NlsSt:558         com.babelstream                      E  end voice with null sdk request
2025-11-02 09:13:38.311 30538-27525 SdkGummyClient          com.babelstream                      D  sdklog[LOG_LEVEL_INFO]: I 2025-11-02 09:13:38.311214 [iDST::AsrCeiIf:502] [Key Events] Ready to stop CEI.
2025-11-02 09:13:38.311 30538-27525 RecognitionService      com.babelstream                      I  status=SDKLog[LOG_LEVEL_INFO]: I 2025-11-02 09:13:38.311214 [iDST::AsrCeiIf:502] [Key Events] Ready to stop CEI.
2025-11-02 09:13:38.312 30538-27525 RecognitionService      com.babelstream                      I  ACTION_STATUS: SDKLog[LOG_LEVEL_INFO]: I 2025-11-02 09:13:38.311214 [iDST::AsrCeiIf:502] [Key Events] Ready to stop CEI.
2025-11-02 09:13:38.312 30538-27525 iDST::AsrCeiIf:502      com.babelstream                      I  [Key Events] Ready to stop CEI.
2025-11-02 09:13:38.312 30538-27525 AlsCei::As...Impl, Main com.babelstream                      W  ved does not exist, skip ...
2025-11-02 09:13:38.312 30538-27525 AlsCei::As...Impl, Main com.babelstream                      W  ignore local engine, skip StopVed ...
2025-11-02 09:13:38.312 30538-27525 AlsCei::AsrCeiImpl, Sr  com.babelstream                      I  stop sr [begin]
2025-11-02 09:13:38.312 30538-27525 AlsSdk::SrImpl, Main    com.babelstream                      I  stop 0
2025-11-02 09:13:38.312 30538-27525 Idec::WaveDebug         com.babelstream                      I  close debug file /storage/emulated/0/Android/data/com.babelstream/cache/debug/20251102_091335/sr_0.wav
2025-11-02 09:13:38.312 30538-27525 AlsSdk::SrImpl, Main    com.babelstream                      I  join encode thread [begin]
2025-11-02 09:13:38.315 30538-27534 AlsSdk::SrImpl, Encode  com.babelstream                      I  finish encoder
2025-11-02 09:13:38.315 30538-27534 AlsSdk::AliOpus         com.babelstream                      I  utterance rtf: 0.011728, average rtf: 0.011728, round: 1, frame: 162
2025-11-02 09:13:38.315 30538-27534 AlsSdk::AliOpus         com.babelstream                      I  utterance response: 40.000000ms, average response: 40.000000ms
2025-11-02 09:13:38.315 30538-27534 AlsSdk::AliOpus         com.babelstream                      I  utterance elapsed time: 3280.000000ms, average elapsed time: 3280.000000ms
2025-11-02 09:13:38.315 30538-27525 AlsSdk::SrImpl, Main    com.babelstream                      I  join encode thread [done]
2025-11-02 09:13:38.315 30538-27525 AlsSdk::SrImpl, Main    com.babelstream                      I  join callback thread [begin]
2025-11-02 09:13:38.317 30538-27535 AlsSdk::Sr..., Callback com.babelstream                      I  thread is stopping and encoded data is empty
2025-11-02 09:13:38.317 30538-27535 AlsSdk::Sr..., Callback com.babelstream                      I  callback voice end
2025-11-02 09:13:38.317 30538-27535 AlsCei::SdkListener     com.babelstream                      I  OnVoiceEnd
2025-11-02 09:13:38.317 30538-27535 SdkGummyClient          com.babelstream                      D  sdklog[LOG_LEVEL_INFO]: I 2025-11-02 09:13:38.317245 [iDST::AsrCeiIf:753] [Key Events] cei OnVoiceEnd
2025-11-02 09:13:38.317 30538-27535 RecognitionService      com.babelstream                      I  status=SDKLog[LOG_LEVEL_INFO]: I 2025-11-02 09:13:38.317245 [iDST::AsrCeiIf:753] [Key Events] cei OnVoiceEnd
2025-11-02 09:13:38.317 30538-27535 RecognitionService      com.babelstream                      I  ACTION_STATUS: SDKLog[LOG_LEVEL_INFO]: I 2025-11-02 09:13:38.317245 [iDST::AsrCeiIf:753] [Key Events] cei OnVoiceEnd
2025-11-02 09:13:38.318 30538-27535 iDST::AsrCeiIf:753      com.babelstream                      I  [Key Events] cei OnVoiceEnd
2025-11-02 09:13:38.318 30538-27535 Idec::WaveDebug         com.babelstream                      I  close debug file /storage/emulated/0/Android/data/com.babelstream/cache/debug/20251102_091335/sr_callback_0.bin
2025-11-02 09:13:38.318 30538-27535 AlsSdk::Sr..., Callback com.babelstream                      I  callback empty result for needing voice data only
2025-11-02 09:13:38.318 30538-27535 AlsCei::SdkListener     com.babelstream                      I  OnSrResult: state 2
2025-11-02 09:13:38.318 30538-27527 SdkGummyClient          com.babelstream                      D  sdklog[LOG_LEVEL_INFO]: I 2025-11-02 09:13:38.318188 [iDST::AsrCeiIf:657] cei callback MSG_VOICE_END
2025-11-02 09:13:38.318 30538-27527 RecognitionService      com.babelstream                      I  status=SDKLog[LOG_LEVEL_INFO]: I 2025-11-02 09:13:38.318188 [iDST::AsrCeiIf:657] cei callback MSG_VOICE_END
2025-11-02 09:13:38.318 30538-27527 RecognitionService      com.babelstream                      I  ACTION_STATUS: SDKLog[LOG_LEVEL_INFO]: I 2025-11-02 09:13:38.318188 [iDST::AsrCeiIf:657] cei callback MSG_VOICE_END
2025-11-02 09:13:38.318 30538-27527 iDST::AsrCeiIf:657      com.babelstream                      I  cei callback MSG_VOICE_END
2025-11-02 09:13:38.319 30538-27527 SdkGummyClient          com.babelstream                      D  sdklog[LOG_LEVEL_DEBUG]: D 2025-11-02 09:13:38.319069 [iDST::AsrEngine:3380] OnVoiceEnd
2025-11-02 09:13:38.319 30538-27527 RecognitionService      com.babelstream                      I  status=SDKLog[LOG_LEVEL_DEBUG]: D 2025-11-02 09:13:38.319069 [iDST::AsrEngine:3380] OnVoiceEnd
2025-11-02 09:13:38.319 30538-27527 RecognitionService      com.babelstream                      I  ACTION_STATUS: SDKLog[LOG_LEVEL_DEBUG]: D 2025-11-02 09:13:38.319069 [iDST::AsrEngine:3380] OnVoiceEnd
2025-11-02 09:13:38.319 30538-27527 iDST::AsrEngine:3380    com.babelstream                      D  OnVoiceEnd
2025-11-02 09:13:38.319 30538-27527 SdkGummyClient          com.babelstream                      D  sdklog[LOG_LEVEL_DEBUG]: D 2025-11-02 09:13:38.319831 [iDST::Tracer:84] generate timestamp 1762046018319[2025-11-02_09:13:38.319825]
2025-11-02 09:13:38.319 30538-27527 RecognitionService      com.babelstream                      I  status=SDKLog[LOG_LEVEL_DEBUG]: D 2025-11-02 09:13:38.319831 [iDST::Tracer:84] generate timestamp 1762046018319[2025-11-02_09:13:38.319825]
2025-11-02 09:13:38.320 30538-27527 RecognitionService      com.babelstream                      I  ACTION_STATUS: SDKLog[LOG_LEVEL_DEBUG]: D 2025-11-02 09:13:38.319831 [iDST::Tracer:84] generate timestamp 1762046018319[2025-11-02_09:13:38.319825]
2025-11-02 09:13:38.320 30538-27527 iDST::Tracer:84         com.babelstream                      D  generate timestamp 1762046018319[2025-11-02_09:13:38.319825]
2025-11-02 09:13:38.320 30538-27527 SdkGummyClient          com.babelstream                      D  sdklog[LOG_LEVEL_INFO]: I 2025-11-02 09:13:38.320722 [iDST::StateMachine:45] Asr -- LocalVoiceEnd --> LocalVadEnd
2025-11-02 09:13:38.320 30538-27527 RecognitionService      com.babelstream                      I  status=SDKLog[LOG_LEVEL_INFO]: I 2025-11-02 09:13:38.320722 [iDST::StateMachine:45] Asr -- LocalVoiceEnd --> LocalVadEnd
2025-11-02 09:13:38.321 30538-27527 RecognitionService      com.babelstream                      I  ACTION_STATUS: SDKLog[LOG_LEVEL_INFO]: I 2025-11-02 09:13:38.320722 [iDST::StateMachine:45] Asr -- LocalVoiceEnd --> LocalVadEnd
2025-11-02 09:13:38.321 30538-27527 iDST::StateMachine:45   com.babelstream                      I  Asr -- LocalVoiceEnd --> LocalVadEnd
2025-11-02 09:13:38.322 30538-27527 SdkGummyClient          com.babelstream                      D  sdklog[LOG_LEVEL_INFO]: I 2025-11-02 09:13:38.321713 [iDST::AsrEngine:3396] on voice end ->
2025-11-02 09:13:38.322 30538-27527 RecognitionService      com.babelstream                      I  status=SDKLog[LOG_LEVEL_INFO]: I 2025-11-02 09:13:38.321713 [iDST::AsrEngine:3396] on voice end ->
2025-11-02 09:13:38.322 30538-27527 RecognitionService      com.babelstream                      I  ACTION_STATUS: SDKLog[LOG_LEVEL_INFO]: I 2025-11-02 09:13:38.321713 [iDST::AsrEngine:3396] on voice end ->
2025-11-02 09:13:38.323 30538-27527 iDST::AsrEngine:3396    com.babelstream                      I  on voice end ->
2025-11-02 09:13:38.323 30538-27527 SdkGummyClient          com.babelstream                      D  sdklog[LOG_LEVEL_DEBUG]: D 2025-11-02 09:13:38.323174 [iDST::DialogEventCallback:202] SendAsrEventVadEnd
2025-11-02 09:13:38.323 30538-27527 RecognitionService      com.babelstream                      I  status=SDKLog[LOG_LEVEL_DEBUG]: D 2025-11-02 09:13:38.323174 [iDST::DialogEventCallback:202] SendAsrEventVadEnd
2025-11-02 09:13:38.324 30538-27527 RecognitionService      com.babelstream                      I  ACTION_STATUS: SDKLog[LOG_LEVEL_DEBUG]: D 2025-11-02 09:13:38.323174 [iDST::DialogEventCallback:202] SendAsrEventVadEnd
2025-11-02 09:13:38.324 30538-27527 iDST::Dial...llback:202 com.babelstream                      D  SendAsrEventVadEnd
2025-11-02 09:13:38.324 30538-27535 SdkGummyClient          com.babelstream                      D  sdklog[LOG_LEVEL_DEBUG]: D 2025-11-02 09:13:38.324203 [iDST::AsrCeiIf:726] cei OnSrResult result_state=AsrSrFinalResult
2025-11-02 09:13:38.324 30538-27535 RecognitionService      com.babelstream                      I  status=SDKLog[LOG_LEVEL_DEBUG]: D 2025-11-02 09:13:38.324203 [iDST::AsrCeiIf:726] cei OnSrResult result_state=AsrSrFinalResult
2025-11-02 09:13:38.324 30538-27535 RecognitionService      com.babelstream                      I  ACTION_STATUS: SDKLog[LOG_LEVEL_DEBUG]: D 2025-11-02 09:13:38.324203 [iDST::AsrCeiIf:726] cei OnSrResult result_state=AsrSrFinalResult
2025-11-02 09:13:38.325 30538-27535 iDST::AsrCeiIf:726      com.babelstream                      D  cei OnSrResult result_state=AsrSrFinalResult
2025-11-02 09:13:38.325 30538-27535 AlsSdk::Sr..., Callback com.babelstream                      I  callback thread finished
2025-11-02 09:13:38.325 30538-27527 SdkGummyClient          com.babelstream                      D  sdklog[LOG_LEVEL_INFO]: I 2025-11-02 09:13:38.325197 [iDST::AsrEngine:3404] ready to asr_nls_wrapper pause SendAudio ...
2025-11-02 09:13:38.325 30538-27525 AlsSdk::SrImpl, Main    com.babelstream                      I  join callback thread [done]
2025-11-02 09:13:38.325 30538-27527 RecognitionService      com.babelstream                      I  status=SDKLog[LOG_LEVEL_INFO]: I 2025-11-02 09:13:38.325197 [iDST::AsrEngine:3404] ready to asr_nls_wrapper pause SendAudio ...
