2025-11-02 09:13:35.027 30538-27525 RecognitionService      com.babelstream                      I  status=SDKLog[LOG_LEVEL_ERROR]: E 2025-11-02 09:13:35.027677 [iDST::AsrCeiIf:320] asr cei set ret 2, param vad_param_front_timeout_interval, value 0
2025-11-02 09:13:35.028 30538-27525 RecognitionService      com.babelstream                      I  ACTION_STATUS: SDKLog[LOG_LEVEL_ERROR]: E 2025-11-02 09:13:35.027677 [iDST::AsrCeiIf:320] asr cei set ret 2, param vad_param_front_timeout_interval, value 0
2025-11-02 09:13:35.028 30538-27525 iDST::AsrCeiIf:320      com.babelstream                      E  asr cei set ret 2, param vad_param_front_timeout_interval, value 0
2025-11-02 09:13:35.028 30538-27525 SdkGummyClient          com.babelstream                      D  sdklog[LOG_LEVEL_DEBUG]: D 2025-11-02 09:13:35.028404 [iDST::AsrEngineHandler:991] GetWuwSuspThres 0
2025-11-02 09:13:35.028 30538-27525 RecognitionService      com.babelstream                      I  status=SDKLog[LOG_LEVEL_DEBUG]: D 2025-11-02 09:13:35.028404 [iDST::AsrEngineHandler:991] GetWuwSuspThres 0
2025-11-02 09:13:35.028 30538-27525 RecognitionService      com.babelstream                      I  ACTION_STATUS: SDKLog[LOG_LEVEL_DEBUG]: D 2025-11-02 09:13:35.028404 [iDST::AsrEngineHandler:991] GetWuwSuspThres 0
2025-11-02 09:13:35.029 30538-27525 iDST::AsrE...andler:991 com.babelstream                      D  GetWuwSuspThres 0
2025-11-02 09:13:35.029 30538-27525 SdkGummyClient          com.babelstream                      D  sdklog[LOG_LEVEL_INFO]: I 2025-11-02 09:13:35.029123 [iDST::AsrEngineHandler:1038] disable vad ossupload
2025-11-02 09:13:35.029 30538-27525 RecognitionService      com.babelstream                      I  status=SDKLog[LOG_LEVEL_INFO]: I 2025-11-02 09:13:35.029123 [iDST::AsrEngineHandler:1038] disable vad ossupload
2025-11-02 09:13:35.029 30538-27525 RecognitionService      com.babelstream                      I  ACTION_STATUS: SDKLog[LOG_LEVEL_INFO]: I 2025-11-02 09:13:35.029123 [iDST::AsrEngineHandler:1038] disable vad ossupload
2025-11-02 09:13:35.029 30538-27525 iDST::AsrE...ndler:1038 com.babelstream                      I  disable vad ossupload
2025-11-02 09:13:35.030 30538-27525 SdkGummyClient          com.babelstream                      D  sdklog[LOG_LEVEL_INFO]: I 2025-11-02 09:13:35.029945 [iDST::AsrCeiIf:316] asr cei set param oss_upload_param_vad_in, value false
2025-11-02 09:13:35.030 30538-27525 RecognitionService      com.babelstream                      I  status=SDKLog[LOG_LEVEL_INFO]: I 2025-11-02 09:13:35.029945 [iDST::AsrCeiIf:316] asr cei set param oss_upload_param_vad_in, value false
2025-11-02 09:13:35.030 30538-27525 RecognitionService      com.babelstream                      I  ACTION_STATUS: SDKLog[LOG_LEVEL_INFO]: I 2025-11-02 09:13:35.029945 [iDST::AsrCeiIf:316] asr cei set param oss_upload_param_vad_in, value false
2025-11-02 09:13:35.030 30538-27525 iDST::AsrCeiIf:316      com.babelstream                      I  asr cei set param oss_upload_param_vad_in, value false
2025-11-02 09:13:35.030 30538-27525 SdkGummyClient          com.babelstream                      D  sdklog[LOG_LEVEL_INFO]: I 2025-11-02 09:13:35.030704 [iDST::AsrEngineHandler:1057] disable aec kws ossupload
2025-11-02 09:13:35.030 30538-27525 RecognitionService      com.babelstream                      I  status=SDKLog[LOG_LEVEL_INFO]: I 2025-11-02 09:13:35.030704 [iDST::AsrEngineHandler:1057] disable aec kws ossupload
2025-11-02 09:13:35.031 30538-27525 RecognitionService      com.babelstream                      I  ACTION_STATUS: SDKLog[LOG_LEVEL_INFO]: I 2025-11-02 09:13:35.030704 [iDST::AsrEngineHandler:1057] disable aec kws ossupload
2025-11-02 09:13:35.031 30538-27525 iDST::AsrE...ndler:1057 com.babelstream                      I  disable aec kws ossupload
2025-11-02 09:13:35.031 30538-27525 SdkGummyClient          com.babelstream                      D  sdklog[LOG_LEVEL_INFO]: I 2025-11-02 09:13:35.031500 [iDST::AsrCeiIf:316] asr cei set param oss_upload_param_is_aec_upload, value false
2025-11-02 09:13:35.031 30538-27525 RecognitionService      com.babelstream                      I  status=SDKLog[LOG_LEVEL_INFO]: I 2025-11-02 09:13:35.031500 [iDST::AsrCeiIf:316] asr cei set param oss_upload_param_is_aec_upload, value false
2025-11-02 09:13:35.032 30538-27525 RecognitionService      com.babelstream                      I  ACTION_STATUS: SDKLog[LOG_LEVEL_INFO]: I 2025-11-02 09:13:35.031500 [iDST::AsrCeiIf:316] asr cei set param oss_upload_param_is_aec_upload, value false
2025-11-02 09:13:35.032 30538-27525 iDST::AsrCeiIf:316      com.babelstream                      I  asr cei set param oss_upload_param_is_aec_upload, value false
2025-11-02 09:13:35.032 30538-27525 SdkGummyClient          com.babelstream                      D  sdklog[LOG_LEVEL_INFO]: I 2025-11-02 09:13:35.032197 [iDST::AsrCeiIf:491] asr cei start with grammar_tag=default_tag is_need_result=0
2025-11-02 09:13:35.032 30538-27525 RecognitionService      com.babelstream                      I  status=SDKLog[LOG_LEVEL_INFO]: I 2025-11-02 09:13:35.032197 [iDST::AsrCeiIf:491] asr cei start with grammar_tag=default_tag is_need_result=0
2025-11-02 09:13:35.032 30538-27525 RecognitionService      com.babelstream                      I  ACTION_STATUS: SDKLog[LOG_LEVEL_INFO]: I 2025-11-02 09:13:35.032197 [iDST::AsrCeiIf:491] asr cei start with grammar_tag=default_tag is_need_result=0
2025-11-02 09:13:35.032 30538-27525 iDST::AsrCeiIf:491      com.babelstream                      I  asr cei start with grammar_tag=default_tag is_need_result=0
2025-11-02 09:13:35.032 30538-27525 AlsCei::As...Impl, Main com.babelstream                      W  ved does not exist, skip ...
2025-11-02 09:13:35.032 30538-27525 AlsCei::As...Impl, Main com.babelstream                      I  version is 0.824-V20251010114822.
2025-11-02 09:13:35.032 30538-27525 AlsCei::As...Impl, Main com.babelstream                      I  compiled by shichen.fsc at /home/shichen.fsc/code/public/nui_dev/se, git commit is 45573a1b20008c4ea6841803e224c35f90ead35d
2025-11-02 09:13:35.032 30538-27525 AlsCei::As...Impl, Main com.babelstream                      W  ved does not exist, skip ...
2025-11-02 09:13:35.032 30538-27525 AlsCei::As...l, Profile com.babelstream                      I  set log level to 3
2025-11-02 09:13:35.034 30538-27513 AudioCaptureManager     com.babelstream                      I  level=0
2025-11-02 09:13:35.034 30538-27525 Idec::WaveDebug         com.babelstream                      I  open debug file /storage/emulated/0/Android/data/com.babelstream/cache/debug/20251102_091335/origin_0.wav to write
2025-11-02 09:13:35.034 30538-27525 AlsCei::AsrCeiImpl, Sr  com.babelstream                      I  start sr with grammar default_tag [begin]
2025-11-02 09:13:35.034 30538-27525 Idec::WaveDebug         com.babelstream                      I  open debug file /storage/emulated/0/Android/data/com.babelstream/cache/debug/20251102_091335/sr_0.wav to write
2025-11-02 09:13:35.034 30538-27525 AlsSdk::SrImpl, Main    com.babelstream                      I  create encode thread [begin]
2025-11-02 09:13:35.034 30538-27525 AlsSdk::SrImpl, Main    com.babelstream                      I  create encode thread [done]
2025-11-02 09:13:35.034 30538-27525 AlsSdk::SrImpl, Main    com.babelstream                      I  create callback thread [begin]
2025-11-02 09:13:35.034 30538-27525 AlsSdk::SrImpl, Main    com.babelstream                      I  create callback thread [done]
2025-11-02 09:13:35.034 30538-27525 AlsCei::AsrCeiImpl, Sr  com.babelstream                      I  start sr with grammar default_tag [done]
2025-11-02 09:13:35.034 30538-27535 AlsSdk::Sr..., Callback com.babelstream                      I  callback thread started
2025-11-02 09:13:35.034 30538-27513 RecognitionService      com.babelstream                      I  level=0
2025-11-02 09:13:35.034 30538-27534 AlsSdk::SrImpl, Encode  com.babelstream                      I  encode thread started
2025-11-02 09:13:35.035 30538-27534 AlsSdk::AliOpus         com.babelstream                      I  framesamplenum:320
2025-11-02 09:13:35.035 30538-27525 AlsCei::As...Impl, Main com.babelstream                      W  ignore local engine, skip StartVed ...
2025-11-02 09:13:35.035 30538-27525 SdkGummyClient          com.babelstream                      D  sdklog[LOG_LEVEL_INFO]: I 2025-11-02 09:13:35.035126 [iDST::RecorderManager:882] RecorderManager(0xb400007d3412f3c0) RecorderThread(0xb400007d24128390) start
2025-11-02 09:13:35.035 30538-27525 RecognitionService      com.babelstream                      I  status=SDKLog[LOG_LEVEL_INFO]: I 2025-11-02 09:13:35.035126 [iDST::RecorderManager:882] RecorderManager(0xb400007d3412f3c0) RecorderThread(0xb400007d24128390) start
2025-11-02 09:13:35.035 30538-27525 RecognitionService      com.babelstream                      I  ACTION_STATUS: SDKLog[LOG_LEVEL_INFO]: I 2025-11-02 09:13:35.035126 [iDST::RecorderManager:882] RecorderManager(0xb400007d3412f3c0) RecorderThread(0xb400007d24128390) start
2025-11-02 09:13:35.035 30538-27525 iDST::Reco...anager:882 com.babelstream                      I  RecorderManager(0xb400007d3412f3c0) RecorderThread(0xb400007d24128390) start
2025-11-02 09:13:35.036 30538-27532 SdkGummyClient          com.babelstream                      D  sdklog[LOG_LEVEL_INFO]: I 2025-11-02 09:13:35.036088 [iDST::RecorderManager:241] RecorderThread(0xb400007d24128390) start
2025-11-02 09:13:35.036 30538-27532 RecognitionService      com.babelstream                      I  status=SDKLog[LOG_LEVEL_INFO]: I 2025-11-02 09:13:35.036088 [iDST::RecorderManager:241] RecorderThread(0xb400007d24128390) start
2025-11-02 09:13:35.036 30538-27532 RecognitionService      com.babelstream                      I  ACTION_STATUS: SDKLog[LOG_LEVEL_INFO]: I 2025-11-02 09:13:35.036088 [iDST::RecorderManager:241] RecorderThread(0xb400007d24128390) start
2025-11-02 09:13:35.036 30538-27532 iDST::Reco...anager:241 com.babelstream                      I  RecorderThread(0xb400007d24128390) start
2025-11-02 09:13:35.037 30538-27531 SdkGummyClient          com.babelstream                      D  sdklog[LOG_LEVEL_INFO]: I 2025-11-02 09:13:35.037094 [iDST::AudioManagerIf:64] kAudioStateOpen
2025-11-02 09:13:35.037 30538-27531 RecognitionService      com.babelstream                      I  status=SDKLog[LOG_LEVEL_INFO]: I 2025-11-02 09:13:35.037094 [iDST::AudioManagerIf:64] kAudioStateOpen
2025-11-02 09:13:35.037 30538-27531 RecognitionService      com.babelstream                      I  ACTION_STATUS: SDKLog[LOG_LEVEL_INFO]: I 2025-11-02 09:13:35.037094 [iDST::AudioManagerIf:64] kAudioStateOpen
2025-11-02 09:13:35.037 30538-27531 iDST::AudioManagerIf:64 com.babelstream                      I  kAudioStateOpen
2025-11-02 09:13:35.038 30538-27531 SdkGummyClient          com.babelstream                      D  sdklog[LOG_LEVEL_INFO]: I 2025-11-02 09:13:35.038074 [iDST::NativeNui:533] [0xb400007c1410bd50] audio state change to 0(0:OPEN 1:PAUSE 2:CLOSE)
2025-11-02 09:13:35.038 30538-27531 RecognitionService      com.babelstream                      I  status=SDKLog[LOG_LEVEL_INFO]: I 2025-11-02 09:13:35.038074 [iDST::NativeNui:533] [0xb400007c1410bd50] audio state change to 0(0:OPEN 1:PAUSE 2:CLOSE)
2025-11-02 09:13:35.038 30538-27531 RecognitionService      com.babelstream                      I  ACTION_STATUS: SDKLog[LOG_LEVEL_INFO]: I 2025-11-02 09:13:35.038074 [iDST::NativeNui:533] [0xb400007c1410bd50] audio state change to 0(0:OPEN 1:PAUSE 2:CLOSE)
2025-11-02 09:13:35.038 30538-27531 iDST::NativeNui:533     com.babelstream                      I  [0xb400007c1410bd50] audio state change to 0(0:OPEN 1:PAUSE 2:CLOSE)
2025-11-02 09:13:35.038 30538-27531 SdkGummyClient          com.babelstream                      I  audioState=STATE_OPEN
2025-11-02 09:13:35.038 30538-27531 SdkGummyClient          com.babelstream                      D  sdklog[LOG_LEVEL_INFO]: I 2025-11-02 09:13:35.038800 [iDST::NativeNui:536] [0xb400007c1410bd50] audio state callback done
2025-11-02 09:13:35.038 30538-27531 RecognitionService      com.babelstream                      I  status=SDKLog[LOG_LEVEL_INFO]: I 2025-11-02 09:13:35.038800 [iDST::NativeNui:536] [0xb400007c1410bd50] audio state callback done
2025-11-02 09:13:35.039 30538-27531 RecognitionService      com.babelstream                      I  ACTION_STATUS: SDKLog[LOG_LEVEL_INFO]: I 2025-11-02 09:13:35.038800 [iDST::NativeNui:536] [0xb400007c1410bd50] audio state callback done
2025-11-02 09:13:35.039 30538-27531 iDST::NativeNui:536     com.babelstream                      I  [0xb400007c1410bd50] audio state callback done
2025-11-02 09:13:35.039 30538-27532 SdkGummyClient          com.babelstream                      D  sdklog[LOG_LEVEL_INFO]: I 2025-11-02 09:13:35.039498 [iDST::AudioManagerIf:169] wait open complete
2025-11-02 09:13:35.039 30538-27532 RecognitionService      com.babelstream                      I  status=SDKLog[LOG_LEVEL_INFO]: I 2025-11-02 09:13:35.039498 [iDST::AudioManagerIf:169] wait open complete
2025-11-02 09:13:35.040 30538-27532 RecognitionService      com.babelstream                      I  ACTION_STATUS: SDKLog[LOG_LEVEL_INFO]: I 2025-11-02 09:13:35.039498 [iDST::AudioManagerIf:169] wait open complete
2025-11-02 09:13:35.040 30538-27532 iDST::Audi...agerIf:169 com.babelstream                      I  wait open complete
2025-11-02 09:13:35.040 30538-27532 SdkGummyClient          com.babelstream                      D  sdklog[LOG_LEVEL_INFO]: I 2025-11-02 09:13:35.040336 [iDST::RecorderManager:273] use recording interval 10, first provide data will callback 50ms later.
2025-11-02 09:13:35.040 30538-27532 RecognitionService      com.babelstream                      I  status=SDKLog[LOG_LEVEL_INFO]: I 2025-11-02 09:13:35.040336 [iDST::RecorderManager:273] use recording interval 10, first provide data will callback 50ms later.
2025-11-02 09:13:35.040 30538-27532 RecognitionService      com.babelstream                      I  ACTION_STATUS: SDKLog[LOG_LEVEL_INFO]: I 2025-11-02 09:13:35.040336 [iDST::RecorderManager:273] use recording interval 10, first provide data will callback 50ms later.
2025-11-02 09:13:35.041 30538-27532 iDST::Reco...anager:273 com.babelstream                      I  use recording interval 10, first provide data will callback 50ms later.
2025-11-02 09:13:35.041 30538-27525 SdkGummyClient          com.babelstream                      D  sdklog[LOG_LEVEL_INFO]: I 2025-11-02 09:13:35.041161 [iDST::RecorderManager:123] start end
2025-11-02 09:13:35.041 30538-27525 RecognitionService      com.babelstream                      I  status=SDKLog[LOG_LEVEL_INFO]: I 2025-11-02 09:13:35.041161 [iDST::RecorderManager:123] start end
2025-11-02 09:13:35.041 30538-27525 RecognitionService      com.babelstream                      I  ACTION_STATUS: SDKLog[LOG_LEVEL_INFO]: I 2025-11-02 09:13:35.041161 [iDST::RecorderManager:123] start end
2025-11-02 09:13:35.041 30538-27525 iDST::Reco...anager:123 com.babelstream                      I  start end
2025-11-02 09:13:35.042 30538-27514 SdkGummyClient          com.babelstream                      D  sdklog[LOG_LEVEL_INFO]: I 2025-11-02 09:13:35.042028 [iDST::NuiAbsLayer:619] [0xb400007d141b71d0] dialogListenerOnEvent 0 [kEventAsrInitialized]
2025-11-02 09:13:35.042 30538-27514 RecognitionService      com.babelstream                      I  status=SDKLog[LOG_LEVEL_INFO]: I 2025-11-02 09:13:35.042028 [iDST::NuiAbsLayer:619] [0xb400007d141b71d0] dialogListenerOnEvent 0 [kEventAsrInitialized]
2025-11-02 09:13:35.042 30538-27514 RecognitionService      com.babelstream                      I  ACTION_STATUS: SDKLog[LOG_LEVEL_INFO]: I 2025-11-02 09:13:35.042028 [iDST::NuiAbsLayer:619] [0xb400007d141b71d0] dialogListenerOnEvent 0 [kEventAsrInitialized]
2025-11-02 09:13:35.042 30538-27514 iDST::NuiAbsLayer:619   com.babelstream                      I  [0xb400007d141b71d0] dialogListenerOnEvent 0 [kEventAsrInitialized]
2025-11-02 09:13:35.043 30538-27514 SdkGummyClient          com.babelstream                      D  sdklog[LOG_LEVEL_DEBUG]: D 2025-11-02 09:13:35.042952 [iDST::NuiAbsLayer:976] invalid event 0 [kEventAsrInitialized]
2025-11-02 09:13:35.043 30538-27514 RecognitionService      com.babelstream                      I  status=SDKLog[LOG_LEVEL_DEBUG]: D 2025-11-02 09:13:35.042952 [iDST::NuiAbsLayer:976] invalid event 0 [kEventAsrInitialized]
2025-11-02 09:13:35.043 30538-27514 RecognitionService      com.babelstream                      I  ACTION_STATUS: SDKLog[LOG_LEVEL_DEBUG]: D 2025-11-02 09:13:35.042952 [iDST::NuiAbsLayer:976] invalid event 0 [kEventAsrInitialized]
2025-11-02 09:13:35.043 30538-27514 iDST::NuiAbsLayer:976   com.babelstream                      D  invalid event 0 [kEventAsrInitialized]
2025-11-02 09:13:35.043 30538-27514 SdkGummyClient          com.babelstream                      D  sdklog[LOG_LEVEL_INFO]: I 2025-11-02 09:13:35.043680 [iDST::DialogEngineImpl:561] start dialog end
2025-11-02 09:13:35.043 30538-27514 RecognitionService      com.babelstream                      I  status=SDKLog[LOG_LEVEL_INFO]: I 2025-11-02 09:13:35.043680 [iDST::DialogEngineImpl:561] start dialog end
2025-11-02 09:13:35.044 30538-27514 RecognitionService      com.babelstream                      I  ACTION_STATUS: SDKLog[LOG_LEVEL_INFO]: I 2025-11-02 09:13:35.043680 [iDST::DialogEngineImpl:561] start dialog end
2025-11-02 09:13:35.044 30538-27514 iDST::Dial...neImpl:561 com.babelstream                      I  start dialog end
2025-11-02 09:13:35.044 30538-27514 SdkGummyClient          com.babelstream                      D  sdklog[LOG_LEVEL_INFO]: I 2025-11-02 09:13:35.044394 [iDST::NuiAbsLayer:2275] update dialog id 9496dbd23f774c9dbafe838722bd0e9d
2025-11-02 09:13:35.044 30538-27514 RecognitionService      com.babelstream                      I  status=SDKLog[LOG_LEVEL_INFO]: I 2025-11-02 09:13:35.044394 [iDST::NuiAbsLayer:2275] update dialog id 9496dbd23f774c9dbafe838722bd0e9d
2025-11-02 09:13:35.045 30538-27514 RecognitionService      com.babelstream                      I  ACTION_STATUS: SDKLog[LOG_LEVEL_INFO]: I 2025-11-02 09:13:35.044394 [iDST::NuiAbsLayer:2275] update dialog id 9496dbd23f774c9dbafe838722bd0e9d
2025-11-02 09:13:35.045 30538-27514 iDST::NuiAbsLayer:2275  com.babelstream                      I  update dialog id 9496dbd23f774c9dbafe838722bd0e9d
2025-11-02 09:13:35.045 30538-27514 SdkGummyClient          com.babelstream                      D  sdklog[LOG_LEVEL_INFO]: I 2025-11-02 09:13:35.045354 [iDST::NuiAbsLayer:2503] NuiAbsLayer[0xb400007d141b71d0] api start ret 0
2025-11-02 09:13:35.045 30538-27514 RecognitionService      com.babelstream                      I  status=SDKLog[LOG_LEVEL_INFO]: I 2025-11-02 09:13:35.045354 [iDST::NuiAbsLayer:2503] NuiAbsLayer[0xb400007d141b71d0] api start ret 0
2025-11-02 09:13:35.046 30538-27514 RecognitionService      com.babelstream                      I  ACTION_STATUS: SDKLog[LOG_LEVEL_INFO]: I 2025-11-02 09:13:35.045354 [iDST::NuiAbsLayer:2503] NuiAbsLayer[0xb400007d141b71d0] api start ret 0
2025-11-02 09:13:35.046 30538-27514 iDST::NuiAbsLayer:2503  com.babelstream                      I  NuiAbsLayer[0xb400007d141b71d0] api start ret 0
2025-11-02 09:13:35.046 30538-27514 SdkGummyClient          com.babelstream                      D  sdklog[LOG_LEVEL_INFO]: I 2025-11-02 09:13:35.046249 [iDST::NuiAbsLayer:2551] sync call or api async callback is nullptr skip. msg:4/MSG_API_START.
2025-11-02 09:13:35.046 30538-27514 RecognitionService      com.babelstream                      I  status=SDKLog[LOG_LEVEL_INFO]: I 2025-11-02 09:13:35.046249 [iDST::NuiAbsLayer:2551] sync call or api async callback is nullptr skip. msg:4/MSG_API_START.
2025-11-02 09:13:35.046 30538-27514 RecognitionService      com.babelstream                      I  ACTION_STATUS: SDKLog[LOG_LEVEL_INFO]: I 2025-11-02 09:13:35.046249 [iDST::NuiAbsLayer:2551] sync call or api async callback is nullptr skip. msg:4/MSG_API_START.
2025-11-02 09:13:35.046 30538-27514 iDST::NuiAbsLayer:2551  com.babelstream                      I  sync call or api async callback is nullptr skip. msg:4/MSG_API_START.
2025-11-02 09:13:35.047 30538-30538 SdkGummyClient          com.babelstream                      D  sdklog[LOG_LEVEL_INFO]: I 2025-11-02 09:13:35.047099 [iDST::NUISDK:451] nui_dialog_start result:0
2025-11-02 09:13:35.047 30538-30538 RecognitionService      com.babelstream                      I  status=SDKLog[LOG_LEVEL_INFO]: I 2025-11-02 09:13:35.047099 [iDST::NUISDK:451] nui_dialog_start result:0
2025-11-02 09:13:35.047 30538-30538 RecognitionService      com.babelstream                      I  ACTION_STATUS: SDKLog[LOG_LEVEL_INFO]: I 2025-11-02 09:13:35.047099 [iDST::NUISDK:451] nui_dialog_start result:0
2025-11-02 09:13:35.047 30538-30538 iDST::NUISDK:451        com.babelstream                      I  nui_dialog_start result:0
2025-11-02 09:13:35.047 30538-30538 SdkGummyClient          com.babelstream                      I  startDialog ret=0
2025-11-02 09:13:35.047 30538-30538 RecognitionService      com.babelstream                      I  status=startDialog ret=0
2025-11-02 09:13:35.048 30538-30538 RecognitionService      com.babelstream                      I  ACTION_STATUS: startDialog ret=0
2025-11-02 09:13:35.048 30538-30538 SdkGummyClient          com.babelstream                      I  dialog json(apikey masked)={"apikey":"sk-5430dc5d8799428e8d44ccd475650140"}
2025-11-02 09:13:35.048 30538-30538 RecognitionService      com.babelstream                      I  status=识别中...
2025-11-02 09:13:35.048 30538-30538 RecognitionService      com.babelstream                      I  ACTION_STATUS: 识别中...
2025-11-02 09:13:35.048 30538-30538 RecognitionService      com.babelstream                      I  recognizer.start returned=true
2025-11-02 09:13:35.049 30538-30538 RecognitionService      com.babelstream                      I  ACTION_STATUS: 识别中...
2025-11-02 09:13:35.049 30538-30538 Choreographer           com.babelstream                      I  Skipped 40 frames!  The application may be doing too much work on its main thread.
2025-11-02 09:13:35.052  2793-2891  misight_perf            misight                              E   [902001003, com.babelstream, 30538, doframe latency due to msg]
2025-11-02 09:13:35.090 30538-26054 RenderInspector         com.babelstream                      W  DequeueBuffer time out on com.babelstream/com.babelstream.MainActivity, count=7, avg=12 ms, max=17 ms.
2025-11-02 09:13:35.091 30538-27531 SdkGummyClient          com.babelstream                      D  sdklog[LOG_LEVEL_INFO]: I 2025-11-02 09:13:35.091298 [iDST::DialogEngineImpl:1427] try to get first user audio data with buffer(0xb400007be40f3130) and len(640) and callback(0x7a93091f8c).
2025-11-02 09:13:35.091 30538-27531 RecognitionService      com.babelstream                      I  status=SDKLog[LOG_LEVEL_INFO]: I 2025-11-02 09:13:35.091298 [iDST::DialogEngineImpl:1427] try to get first user audio data with buffer(0xb400007be40f3130) and len(640) and callback(0x7a93091f8c).
2025-11-02 09:13:35.092 30538-27531 RecognitionService      com.babelstream                      I  ACTION_STATUS: SDKLog[LOG_LEVEL_INFO]: I 2025-11-02 09:13:35.091298 [iDST::DialogEngineImpl:1427] try to get first user audio data with buffer(0xb400007be40f3130) and len(640) and callback(0x7a93091f8c).
2025-11-02 09:13:35.092 30538-27531 iDST::Dial...eImpl:1427 com.babelstream                      I  try to get first user audio data with buffer(0xb400007be40f3130) and len(640) and callback(0x7a93091f8c).
2025-11-02 09:13:35.092 30538-27531 SdkGummyClient          com.babelstream                      D  sdklog[LOG_LEVEL_INFO]: I 2025-11-02 09:13:35.092644 [iDST::NuiAbsLayer:993] try to get first user audio data with buffer(0xb400007be40f3130) and len(640) and callback(0x7b17613c5c).
2025-11-02 09:13:35.092 30538-27531 RecognitionService      com.babelstream                      I  status=SDKLog[LOG_LEVEL_INFO]: I 2025-11-02 09:13:35.092644 [iDST::NuiAbsLayer:993] try to get first user audio data with buffer(0xb400007be40f3130) and len(640) and callback(0x7b17613c5c).
2025-11-02 09:13:35.093 30538-27531 RecognitionService      com.babelstream                      I  ACTION_STATUS: SDKLog[LOG_LEVEL_INFO]: I 2025-11-02 09:13:35.092644 [iDST::NuiAbsLayer:993] try to get first user audio data with buffer(0xb400007be40f3130) and len(640) and callback(0x7b17613c5c).
2025-11-02 09:13:35.093 30538-27531 iDST::NuiAbsLayer:993   com.babelstream                      I  try to get first user audio data with buffer(0xb400007be40f3130) and len(640) and callback(0x7b17613c5c).
2025-11-02 09:13:35.093 30538-27531 SdkGummyClient          com.babelstream                      D  sdklog[LOG_LEVEL_INFO]: I 2025-11-02 09:13:35.093569 [iDST::DialogEngineImpl:1432] get first user audio data 640bytes.
2025-11-02 09:13:35.093 30538-27531 RecognitionService      com.babelstream                      I  status=SDKLog[LOG_LEVEL_INFO]: I 2025-11-02 09:13:35.093569 [iDST::DialogEngineImpl:1432] get first user audio data 640bytes.
2025-11-02 09:13:35.094 30538-27531 RecognitionService      com.babelstream                      I  ACTION_STATUS: SDKLog[LOG_LEVEL_INFO]: I 2025-11-02 09:13:35.093569 [iDST::DialogEngineImpl:1432] get first user audio data 640bytes.
2025-11-02 09:13:35.094 30538-27531 iDST::Dial...eImpl:1432 com.babelstream                      I  get first user audio data 640bytes.
2025-11-02 09:13:35.094 30538-27532 SdkGummyClient          com.babelstream                      V  rms=-160.0
2025-11-02 09:13:35.094 30538-27532 AlsCei::As...Impl, Main com.babelstream                      W  ved does not exist, skip ...
2025-11-02 09:13:35.095 30538-27532 SdkGummyClient          com.babelstream                      V  rms=-160.0
2025-11-02 09:13:35.095 30538-27532 AlsCei::As...Impl, Main com.babelstream                      W  ved does not exist, skip ...
2025-11-02 09:13:35.095 30538-27532 SdkGummyClient          com.babelstream                      V  rms=-160.0
2025-11-02 09:13:35.095 30538-27532 AlsCei::As...Impl, Main com.babelstream                      W  ved does not exist, skip ...
2025-11-02 09:13:35.096 30538-27532 SdkGummyClient          com.babelstream                      V  rms=-160.0
2025-11-02 09:13:35.096 30538-27532 AlsCei::As...Impl, Main com.babelstream                      W  ved does not exist, skip ...
2025-11-02 09:13:35.105 30538-27535 AlsSdk::Sr..., Callback com.babelstream                      I  break in case 39
2025-11-02 09:13:35.105 30538-27535 AlsCei::SdkListener     com.babelstream                      I  OnDebugWavPath: /storage/emulated/0/Android/data/com.babelstream/cache/debug/20251102_091335/sr_0.wav
2025-11-02 09:13:35.105 30538-27535 SdkGummyClient          com.babelstream                      D  sdklog[LOG_LEVEL_DEBUG]: D 2025-11-02 09:13:35.105843 [iDST::AsrCeiIf:167] OnDebugWavPath
2025-11-02 09:13:35.106 30538-27535 RecognitionService      com.babelstream                      I  status=SDKLog[LOG_LEVEL_DEBUG]: D 2025-11-02 09:13:35.105843 [iDST::AsrCeiIf:167] OnDebugWavPath
2025-11-02 09:13:35.107 30538-27535 RecognitionService      com.babelstream                      I  ACTION_STATUS: SDKLog[LOG_LEVEL_DEBUG]: D 2025-11-02 09:13:35.105843 [iDST::AsrCeiIf:167] OnDebugWavPath
2025-11-02 09:13:35.107 30538-27535 iDST::AsrCeiIf:167      com.babelstream                      D  OnDebugWavPath
2025-11-02 09:13:35.107 30538-27535 SdkGummyClient          com.babelstream                      D  sdklog[LOG_LEVEL_INFO]: I 2025-11-02 09:13:35.107327 [iDST::AsrCeiIf:804] debug path type=5, path=/storage/emulated/0/Android/data/com.babelstream/cache/debug/20251102_091335/sr_0.wav
2025-11-02 09:13:35.107 30538-27535 RecognitionService      com.babelstream                      I  status=SDKLog[LOG_LEVEL_INFO]: I 2025-11-02 09:13:35.107327 [iDST::AsrCeiIf:804] debug path type=5, path=/storage/emulated/0/Android/data/com.babelstream/cache/debug/20251102_091335/sr_0.wav
2025-11-02 09:13:35.108 30538-27535 RecognitionService      com.babelstream                      I  ACTION_STATUS: SDKLog[LOG_LEVEL_INFO]: I 2025-11-02 09:13:35.107327 [iDST::AsrCeiIf:804] debug path type=5, path=/storage/emulated/0/Android/data/com.babelstream/cache/debug/20251102_091335/sr_0.wav
2025-11-02 09:13:35.108 30538-27535 iDST::AsrCeiIf:804      com.babelstream                      I  debug path type=5, path=/storage/emulated/0/Android/data/com.babelstream/cache/debug/20251102_091335/sr_0.wav
2025-11-02 09:13:35.109 30538-27527 SdkGummyClient          com.babelstream                      D  sdklog[LOG_LEVEL_INFO]: I 2025-11-02 09:13:35.108841 [iDST::AsrCeiIf:693] cei callback MSG_ON_DEBUG_PATH
2025-11-02 09:13:35.109 30538-27527 RecognitionService      com.babelstream                      I  status=SDKLog[LOG_LEVEL_INFO]: I 2025-11-02 09:13:35.108841 [iDST::AsrCeiIf:693] cei callback MSG_ON_DEBUG_PATH
2025-11-02 09:13:35.109 30538-27527 RecognitionService      com.babelstream                      I  ACTION_STATUS: SDKLog[LOG_LEVEL_INFO]: I 2025-11-02 09:13:35.108841 [iDST::AsrCeiIf:693] cei callback MSG_ON_DEBUG_PATH
2025-11-02 09:13:35.109 30538-27527 iDST::AsrCeiIf:693      com.babelstream                      I  cei callback MSG_ON_DEBUG_PATH
2025-11-02 09:13:35.110 30538-27535 SdkGummyClient          com.babelstream                      D  sdklog[LOG_LEVEL_INFO]: I 2025-11-02 09:13:35.110278 [iDST::AsrCeiIf:170] OnDebugWavPath done
2025-11-02 09:13:35.110 30538-27535 RecognitionService      com.babelstream                      I  status=SDKLog[LOG_LEVEL_INFO]: I 2025-11-02 09:13:35.110278 [iDST::AsrCeiIf:170] OnDebugWavPath done
2025-11-02 09:13:35.111 30538-27535 RecognitionService      com.babelstream                      I  ACTION_STATUS: SDKLog[LOG_LEVEL_INFO]: I 2025-11-02 09:13:35.110278 [iDST::AsrCeiIf:170] OnDebugWavPath done
2025-11-02 09:13:35.111 30538-27535 iDST::AsrCeiIf:170      com.babelstream                      I  OnDebugWavPath done
2025-11-02 09:13:35.111 30538-27535 AlsCei::SdkListener     com.babelstream                      I  OnVoiceStart
2025-11-02 09:13:35.111 30538-27535 SdkGummyClient          com.babelstream                      D  sdklog[LOG_LEVEL_DEBUG]: D 2025-11-02 09:13:35.111414 [iDST::AsrCeiIf:82] OnVoiceStart
2025-11-02 09:13:35.111 30538-27535 RecognitionService      com.babelstream                      I  status=SDKLog[LOG_LEVEL_DEBUG]: D 2025-11-02 09:13:35.111414 [iDST::AsrCeiIf:82] OnVoiceStart
2025-11-02 09:13:35.112 30538-27535 RecognitionService      com.babelstream                      I  ACTION_STATUS: SDKLog[LOG_LEVEL_DEBUG]: D 2025-11-02 09:13:35.111414 [iDST::AsrCeiIf:82] OnVoiceStart
2025-11-02 09:13:35.112 30538-27535 iDST::AsrCeiIf:82       com.babelstream                      D  OnVoiceStart
2025-11-02 09:13:35.112 30538-27535 SdkGummyClient          com.babelstream                      D  sdklog[LOG_LEVEL_INFO]: I 2025-11-02 09:13:35.112591 [iDST::AsrCeiIf:736] [Key Events] cei OnVoiceStart
2025-11-02 09:13:35.112 30538-27535 RecognitionService      com.babelstream                      I  status=SDKLog[LOG_LEVEL_INFO]: I 2025-11-02 09:13:35.112591 [iDST::AsrCeiIf:736] [Key Events] cei OnVoiceStart
2025-11-02 09:13:35.113 30538-27535 RecognitionService      com.babelstream                      I  ACTION_STATUS: SDKLog[LOG_LEVEL_INFO]: I 2025-11-02 09:13:35.112591 [iDST::AsrCeiIf:736] [Key Events] cei OnVoiceStart
2025-11-02 09:13:35.113 30538-27535 iDST::AsrCeiIf:736      com.babelstream                      I  [Key Events] cei OnVoiceStart
2025-11-02 09:13:35.113 30538-27535 Idec::WaveDebug         com.babelstream                      I  open debug file /storage/emulated/0/Android/data/com.babelstream/cache/debug/20251102_091335/sr_callback_0.bin to write
2025-11-02 09:13:35.113 30538-27527 SdkGummyClient          com.babelstream                      D  sdklog[LOG_LEVEL_INFO]: I 2025-11-02 09:13:35.113607 [iDST::AsrCeiIf:648] cei callback MSG_VOICE_START
2025-11-02 09:13:35.113 30538-27527 RecognitionService      com.babelstream                      I  status=SDKLog[LOG_LEVEL_INFO]: I 2025-11-02 09:13:35.113607 [iDST::AsrCeiIf:648] cei callback MSG_VOICE_START
2025-11-02 09:13:35.115 30538-27527 RecognitionService      com.babelstream                      I  ACTION_STATUS: SDKLog[LOG_LEVEL_INFO]: I 2025-11-02 09:13:35.113607 [iDST::AsrCeiIf:648] cei callback MSG_VOICE_START
2025-11-02 09:13:35.115 30538-27527 iDST::AsrCeiIf:648      com.babelstream                      I  cei callback MSG_VOICE_START
2025-11-02 09:13:35.115 30538-27527 SdkGummyClient          com.babelstream                      D  sdklog[LOG_LEVEL_INFO]: I 2025-11-02 09:13:35.115201 [iDST::AsrEngine:3304] on voice start vad_mode=1
2025-11-02 09:13:35.115 30538-27527 RecognitionService      com.babelstream                      I  status=SDKLog[LOG_LEVEL_INFO]: I 2025-11-02 09:13:35.115201 [iDST::AsrEngine:3304] on voice start vad_mode=1
2025-11-02 09:13:35.115 30538-27527 RecognitionService      com.babelstream                      I  ACTION_STATUS: SDKLog[LOG_LEVEL_INFO]: I 2025-11-02 09:13:35.115201 [iDST::AsrEngine:3304] on voice start vad_mode=1
2025-11-02 09:13:35.115 30538-27527 iDST::AsrEngine:3304    com.babelstream                      I  on voice start vad_mode=1
2025-11-02 09:13:35.116 30538-27527 SdkGummyClient          com.babelstream                      D  sdklog[LOG_LEVEL_INFO]: I 2025-11-02 09:13:35.116020 [iDST::AsrEngine:3306] get sr callback data type 5
2025-11-02 09:13:35.116 30538-27527 RecognitionService      com.babelstream                      I  status=SDKLog[LOG_LEVEL_INFO]: I 2025-11-02 09:13:35.116020 [iDST::AsrEngine:3306] get sr callback data type 5
2025-11-02 09:13:35.116 30538-27527 RecognitionService      com.babelstream                      I  ACTION_STATUS: SDKLog[LOG_LEVEL_INFO]: I 2025-11-02 09:13:35.116020 [iDST::AsrEngine:3306] get sr callback data type 5
2025-11-02 09:13:35.116 30538-27527 iDST::AsrEngine:3306    com.babelstream                      I  get sr callback data type 5
2025-11-02 09:13:35.117 30538-27527 SdkGummyClient          com.babelstream                      D  sdklog[LOG_LEVEL_INFO]: I 2025-11-02 09:13:35.116908 [iDST::StateMachine:45] Start -- VoiceStart --> Asr
2025-11-02 09:13:35.117 30538-27527 RecognitionService      com.babelstream                      I  status=SDKLog[LOG_LEVEL_INFO]: I 2025-11-02 09:13:35.116908 [iDST::StateMachine:45] Start -- VoiceStart --> Asr
2025-11-02 09:13:35.117 30538-27532 SdkGummyClient          com.babelstream                      V  rms=-160.0
2025-11-02 09:13:35.117 30538-27532 AlsCei::As...Impl, Main com.babelstream                      W  ved does not exist, skip ...
2025-11-02 09:13:35.117 30538-27532 SdkGummyClient          com.babelstream                      V  rms=-160.0
2025-11-02 09:13:35.117 30538-27532 AlsCei::As...Impl, Main com.babelstream                      W  ved does not exist, skip ...
2025-11-02 09:13:35.117 30538-27527 RecognitionService      com.babelstream                      I  ACTION_STATUS: SDKLog[LOG_LEVEL_INFO]: I 2025-11-02 09:13:35.116908 [iDST::StateMachine:45] Start -- VoiceStart --> Asr
2025-11-02 09:13:35.117 30538-27527 iDST::StateMachine:45   com.babelstream                      I  Start -- VoiceStart --> Asr
2025-11-02 09:13:35.118 30538-27527 SdkGummyClient          com.babelstream                      D  sdklog[LOG_LEVEL_DEBUG]: D 2025-11-02 09:13:35.117966 [iDST::Tracer:84] generate timestamp 1762046015117[2025-11-02_09:13:35.117959]
2025-11-02 09:13:35.118 30538-27527 RecognitionService      com.babelstream                      I  status=SDKLog[LOG_LEVEL_DEBUG]: D 2025-11-02 09:13:35.117966 [iDST::Tracer:84] generate timestamp 1762046015117[2025-11-02_09:13:35.117959]
2025-11-02 09:13:35.118 30538-27532 SdkGummyClient          com.babelstream                      V  rms=-120.527336
2025-11-02 09:13:35.118 30538-27532 AlsCei::As...Impl, Main com.babelstream                      W  ved does not exist, skip ...
2025-11-02 09:13:35.118 30538-27527 RecognitionService      com.babelstream                      I  ACTION_STATUS: SDKLog[LOG_LEVEL_DEBUG]: D 2025-11-02 09:13:35.117966 [iDST::Tracer:84] generate timestamp 1762046015117[2025-11-02_09:13:35.117959]
2025-11-02 09:13:35.119 30538-27527 iDST::Tracer:84         com.babelstream                      D  generate timestamp 1762046015117[2025-11-02_09:13:35.117959]
2025-11-02 09:13:35.119 30538-27532 SdkGummyClient          com.babelstream                      V  rms=-102.80915
2025-11-02 09:13:35.119 30538-27532 AlsCei::As...Impl, Main com.babelstream                      W  ved does not exist, skip ...
2025-11-02 09:13:35.119 30538-27527 SdkGummyClient          com.babelstream                      D  sdklog[LOG_LEVEL_WARNING]: W 2025-11-02 09:13:35.119162 [iDST::AsrNlsWrapper:35] current session isnot ready with service_type:4.
2025-11-02 09:13:35.119 30538-27527 RecognitionService      com.babelstream                      I  status=SDKLog[LOG_LEVEL_WARNING]: W 2025-11-02 09:13:35.119162 [iDST::AsrNlsWrapper:35] current session isnot ready with service_type:4.
2025-11-02 09:13:35.119 30538-27527 RecognitionService      com.babelstream                      I  ACTION_STATUS: SDKLog[LOG_LEVEL_WARNING]: W 2025-11-02 09:13:35.119162 [iDST::AsrNlsWrapper:35] current session isnot ready with service_type:4.
2025-11-02 09:13:35.120 30538-27527 iDST::AsrNlsWrapper:35  com.babelstream                      W  current session isnot ready with service_type:4.
2025-11-02 09:13:35.120 30538-27527 SdkGummyClient          com.babelstream                      D  sdklog[LOG_LEVEL_INFO]: I 2025-11-02 09:13:35.120133 [iDST::DialogEngineImpl:1483] RequestUpdateDialog
2025-11-02 09:13:35.120 30538-27527 RecognitionService      com.babelstream                      I  status=SDKLog[LOG_LEVEL_INFO]: I 2025-11-02 09:13:35.120133 [iDST::DialogEngineImpl:1483] RequestUpdateDialog
2025-11-02 09:13:35.120 30538-27527 RecognitionService      com.babelstream                      I  ACTION_STATUS: SDKLog[LOG_LEVEL_INFO]: I 2025-11-02 09:13:35.120133 [iDST::DialogEngineImpl:1483] RequestUpdateDialog
2025-11-02 09:13:35.120 30538-27527 iDST::Dial...eImpl:1483 com.babelstream                      I  RequestUpdateDialog
2025-11-02 09:13:35.121 30538-27527 SdkGummyClient          com.babelstream                      D  sdklog[LOG_LEVEL_ERROR]: E 2025-11-02 09:13:35.121017 [iDST::DialogEngineImpl:1495] RequestUpdateDialog with listener null
2025-11-02 09:13:35.121 30538-27527 RecognitionService      com.babelstream                      I  status=SDKLog[LOG_LEVEL_ERROR]: E 2025-11-02 09:13:35.121017 [iDST::DialogEngineImpl:1495] RequestUpdateDialog with listener null
2025-11-02 09:13:35.121 30538-27527 RecognitionService      com.babelstream                      I  ACTION_STATUS: SDKLog[LOG_LEVEL_ERROR]: E 2025-11-02 09:13:35.121017 [iDST::DialogEngineImpl:1495] RequestUpdateDialog with listener null
2025-11-02 09:13:35.121 30538-27527 iDST::Dial...eImpl:1495 com.babelstream                      E  RequestUpdateDialog with listener null
2025-11-02 09:13:35.122 30538-27527 SdkGummyClient          com.babelstream                      D  sdklog[LOG_LEVEL_INFO]: I 2025-11-02 09:13:35.121927 [iDST::AsrNlsWrapper:94] dialog user data not update
2025-11-02 09:13:35.122 30538-27527 RecognitionService      com.babelstream                      I  status=SDKLog[LOG_LEVEL_INFO]: I 2025-11-02 09:13:35.121927 [iDST::AsrNlsWrapper:94] dialog user data not update
2025-11-02 09:13:35.122 30538-27527 RecognitionService      com.babelstream                      I  ACTION_STATUS: SDKLog[LOG_LEVEL_INFO]: I 2025-11-02 09:13:35.121927 [iDST::AsrNlsWrapper:94] dialog user data not update
2025-11-02 09:13:35.122 30538-27527 iDST::AsrNlsWrapper:94  com.babelstream                      I  dialog user data not update
2025-11-02 09:13:35.122 30538-27527 SdkGummyClient          com.babelstream                      D  sdklog[LOG_LEVEL_INFO]: I 2025-11-02 09:13:35.122769 [iDST::AsrNlsWrapper:98] vad start with tiangong or vad mode vad/p2t
2025-11-02 09:13:35.123 30538-27527 RecognitionService      com.babelstream                      I  status=SDKLog[LOG_LEVEL_INFO]: I 2025-11-02 09:13:35.122769 [iDST::AsrNlsWrapper:98] vad start with tiangong or vad mode vad/p2t
2025-11-02 09:13:35.123 30538-27527 RecognitionService      com.babelstream                      I  ACTION_STATUS: SDKLog[LOG_LEVEL_INFO]: I 2025-11-02 09:13:35.122769 [iDST::AsrNlsWrapper:98] vad start with tiangong or vad mode vad/p2t
2025-11-02 09:13:35.123 30538-27527 iDST::AsrNlsWrapper:98  com.babelstream                      I  vad start with tiangong or vad mode vad/p2t
2025-11-02 09:13:35.124 30538-27527 SdkGummyClient          com.babelstream                      D  sdklog[LOG_LEVEL_INFO]: I 2025-11-02 09:13:35.123824 [iDST::AsrNlsWrapper:129] start with uuid[9496dbd23f774c9dbafe838722bd0e9d] task_id[]
2025-11-02 09:13:35.124 30538-27527 RecognitionService      com.babelstream                      I  status=SDKLog[LOG_LEVEL_INFO]: I 2025-11-02 09:13:35.123824 [iDST::AsrNlsWrapper:129] start with uuid[9496dbd23f774c9dbafe838722bd0e9d] task_id[]
2025-11-02 09:13:35.124 30538-27527 RecognitionService      com.babelstream                      I  ACTION_STATUS: SDKLog[LOG_LEVEL_INFO]: I 2025-11-02 09:13:35.123824 [iDST::AsrNlsWrapper:129] start with uuid[9496dbd23f774c9dbafe838722bd0e9d] task_id[]
2025-11-02 09:13:35.124 30538-27527 iDST::AsrNlsWrapper:129 com.babelstream                      I  start with uuid[9496dbd23f774c9dbafe838722bd0e9d] task_id[]
2025-11-02 09:13:35.124 30538-27527 SdkGummyClient          com.babelstream                      D  sdklog[LOG_LEVEL_INFO]: I 2025-11-02 09:13:35.124789 [iDST::AsrNlsWrapper:130] user_data={}
2025-11-02 09:13:35.124 30538-27527 RecognitionService      com.babelstream                      I  status=SDKLog[LOG_LEVEL_INFO]: I 2025-11-02 09:13:35.124789 [iDST::AsrNlsWrapper:130] user_data={}
2025-11-02 09:13:35.125 30538-27527 RecognitionService      com.babelstream                      I  ACTION_STATUS: SDKLog[LOG_LEVEL_INFO]: I 2025-11-02 09:13:35.124789 [iDST::AsrNlsWrapper:130] user_data={}
2025-11-02 09:13:35.125 30538-27527 iDST::AsrNlsWrapper:130 com.babelstream                      I  user_data={}
2025-11-02 09:13:35.125 30538-27527 SdkGummyClient          com.babelstream                      D  sdklog[LOG_LEVEL_INFO]: I 2025-11-02 09:13:35.125492 [iDST::AsrNlsWrapper:131] service_type is 4
2025-11-02 09:13:35.125 30538-27527 RecognitionService      com.babelstream                      I  status=SDKLog[LOG_LEVEL_INFO]: I 2025-11-02 09:13:35.125492 [iDST::AsrNlsWrapper:131] service_type is 4
2025-11-02 09:13:35.126 30538-27527 RecognitionService      com.babelstream                      I  ACTION_STATUS: SDKLog[LOG_LEVEL_INFO]: I 2025-11-02 09:13:35.125492 [iDST::AsrNlsWrapper:131] service_type is 4
2025-11-02 09:13:35.126 30538-27527 iDST::AsrNlsWrapper:131 com.babelstream                      I  service_type is 4
2025-11-02 09:13:35.126 30538-27527 SdkGummyClient          com.babelstream                      D  sdklog[LOG_LEVEL_INFO]: I 2025-11-02 09:13:35.126324 [iDST::AsrNlsWrapper:136] nls st start
2025-11-02 09:13:35.126 30538-27527 RecognitionService      com.babelstream                      I  status=SDKLog[LOG_LEVEL_INFO]: I 2025-11-02 09:13:35.126324 [iDST::AsrNlsWrapper:136] nls st start
2025-11-02 09:13:35.126 30538-27527 RecognitionService      com.babelstream                      I  ACTION_STATUS: SDKLog[LOG_LEVEL_INFO]: I 2025-11-02 09:13:35.126324 [iDST::AsrNlsWrapper:136] nls st start
2025-11-02 09:13:35.126 30538-27527 iDST::AsrNlsWrapper:136 com.babelstream                      I  nls st start
2025-11-02 09:13:35.127 30538-27530 SdkGummyClient          com.babelstream                      D  sdklog[LOG_LEVEL_INFO]: I 2025-11-02 09:13:35.127096 [iDST::NlsConfig:63] nls config get_enable_event_tracker true
2025-11-02 09:13:35.127 30538-27530 RecognitionService      com.babelstream                      I  status=SDKLog[LOG_LEVEL_INFO]: I 2025-11-02 09:13:35.127096 [iDST::NlsConfig:63] nls config get_enable_event_tracker true
2025-11-02 09:13:35.127 30538-27530 RecognitionService      com.babelstream                      I  ACTION_STATUS: SDKLog[LOG_LEVEL_INFO]: I 2025-11-02 09:13:35.127096 [iDST::NlsConfig:63] nls config get_enable_event_tracker true
2025-11-02 09:13:35.127 30538-27530 iDST::NlsConfig:63      com.babelstream                      I  nls config get_enable_event_tracker true
2025-11-02 09:13:35.128 30538-27530 SdkGummyClient          com.babelstream                      D  sdklog[LOG_LEVEL_DEBUG]: D 2025-11-02 09:13:35.127954 [iDST::NlsConfig:65] nls config get_service_protocol 1
2025-11-02 09:13:35.128 30538-27530 RecognitionService      com.babelstream                      I  status=SDKLog[LOG_LEVEL_DEBUG]: D 2025-11-02 09:13:35.127954 [iDST::NlsConfig:65] nls config get_service_protocol 1
2025-11-02 09:13:35.128 30538-27530 RecognitionService      com.babelstream                      I  ACTION_STATUS: SDKLog[LOG_LEVEL_DEBUG]: D 2025-11-02 09:13:35.127954 [iDST::NlsConfig:65] nls config get_service_protocol 1
2025-11-02 09:13:35.128 30538-27530 iDST::NlsConfig:65      com.babelstream                      D  nls config get_service_protocol 1
2025-11-02 09:13:35.128 30538-27530 SdkGummyClient          com.babelstream                      D  sdklog[LOG_LEVEL_DEBUG]: D 2025-11-02 09:13:35.128741 [iDST::NlsConfig:5] nls config get_url wss://dashscope.aliyuncs.com/api-ws/v1/inference/
2025-11-02 09:13:35.128 30538-27530 RecognitionService      com.babelstream                      I  status=SDKLog[LOG_LEVEL_DEBUG]: D 2025-11-02 09:13:35.128741 [iDST::NlsConfig:5] nls config get_url wss://dashscope.aliyuncs.com/api-ws/v1/inference/
2025-11-02 09:13:35.129 30538-27530 RecognitionService      com.babelstream                      I  ACTION_STATUS: SDKLog[LOG_LEVEL_DEBUG]: D 2025-11-02 09:13:35.128741 [iDST::NlsConfig:5] nls config get_url wss://dashscope.aliyuncs.com/api-ws/v1/inference/
2025-11-02 09:13:35.129 30538-27530 iDST::NlsConfig:5       com.babelstream                      D  nls config get_url wss://dashscope.aliyuncs.com/api-ws/v1/inference/
2025-11-02 09:13:35.129 30538-27530 SdkGummyClient          com.babelstream                      D  sdklog[LOG_LEVEL_DEBUG]: D 2025-11-02 09:13:35.129594 [iDST::NlsConfig:10] nls config get_apikey sk-54
2025-11-02 09:13:35.129 30538-27530 RecognitionService      com.babelstream                      I  status=SDKLog[LOG_LEVEL_DEBUG]: D 2025-11-02 09:13:35.129594 [iDST::NlsConfig:10] nls config get_apikey sk-54
2025-11-02 09:13:35.130 30538-27530 RecognitionService      com.babelstream                      I  ACTION_STATUS: SDKLog[LOG_LEVEL_DEBUG]: D 2025-11-02 09:13:35.129594 [iDST::NlsConfig:10] nls config get_apikey sk-54
2025-11-02 09:13:35.130 30538-27530 iDST::NlsConfig:10      com.babelstream                      D  nls config get_apikey sk-54
2025-11-02 09:13:35.130 30538-27530 SdkGummyClient          com.babelstream                      D  sdklog[LOG_LEVEL_DEBUG]: D 2025-11-02 09:13:35.130427 [iDST::NlsConfig:53] nls config get_sr_format opus
2025-11-02 09:13:35.130 30538-27530 RecognitionService      com.babelstream                      I  status=SDKLog[LOG_LEVEL_DEBUG]: D 2025-11-02 09:13:35.130427 [iDST::NlsConfig:53] nls config get_sr_format opus
2025-11-02 09:13:35.131 30538-27530 RecognitionService      com.babelstream                      I  ACTION_STATUS: SDKLog[LOG_LEVEL_DEBUG]: D 2025-11-02 09:13:35.130427 [iDST::NlsConfig:53] nls config get_sr_format opus
2025-11-02 09:13:35.131 30538-27530 iDST::NlsConfig:53      com.babelstream                      D  nls config get_sr_format opus
2025-11-02 09:13:35.131 30538-27530 SdkGummyClient          com.babelstream                      D  sdklog[LOG_LEVEL_DEBUG]: D 2025-11-02 09:13:35.131211 [iDST::NlsConfig:31] nls config get_sample_rate 16000
2025-11-02 09:13:35.131 30538-27530 RecognitionService      com.babelstream                      I  status=SDKLog[LOG_LEVEL_DEBUG]: D 2025-11-02 09:13:35.131211 [iDST::NlsConfig:31] nls config get_sample_rate 16000
2025-11-02 09:13:35.132 30538-27530 RecognitionService      com.babelstream                      I  ACTION_STATUS: SDKLog[LOG_LEVEL_DEBUG]: D 2025-11-02 09:13:35.131211 [iDST::NlsConfig:31] nls config get_sample_rate 16000
2025-11-02 09:13:35.132 30538-27530 iDST::NlsConfig:31      com.babelstream                      D  nls config get_sample_rate 16000
2025-11-02 09:13:35.132 30538-27530 SdkGummyClient          com.babelstream                      D  sdklog[LOG_LEVEL_WARNING]: W 2025-11-02 09:13:35.132175 [iDST::NlsSt:378] connect to wss://dashscope.aliyuncs.com/api-ws/v1/inference/ with apikey sk-54 format opus samplerate 16000
2025-11-02 09:13:35.132 30538-27530 RecognitionService      com.babelstream                      I  status=SDKLog[LOG_LEVEL_WARNING]: W 2025-11-02 09:13:35.132175 [iDST::NlsSt:378] connect to wss://dashscope.aliyuncs.com/api-ws/v1/inference/ with apikey sk-54 format opus samplerate 16000
2025-11-02 09:13:35.132 30538-27530 RecognitionService      com.babelstream                      I  ACTION_STATUS: SDKLog[LOG_LEVEL_WARNING]: W 2025-11-02 09:13:35.132175 [iDST::NlsSt:378] connect to wss://dashscope.aliyuncs.com/api-ws/v1/inference/ with apikey sk-54 format opus samplerate 16000
2025-11-02 09:13:35.133 30538-27530 iDST::NlsSt:378         com.babelstream                      W  connect to wss://dashscope.aliyuncs.com/api-ws/v1/inference/ with apikey sk-54 format opus samplerate 16000
2025-11-02 09:13:35.133 30538-27530 SdkGummyClient          com.babelstream                      D  sdklog[LOG_LEVEL_WARNING]: W 2025-11-02 09:13:35.133138 [iDST::NlsConfig:69] nls config get_model_basename is nullptr
