2025-11-02 09:13:35.133 30538-27530 RecognitionService      com.babelstream                      I  status=SDKLog[LOG_LEVEL_WARNING]: W 2025-11-02 09:13:35.133138 [iDST::NlsConfig:69] nls config get_model_basename is nullptr
2025-11-02 09:13:35.133 30538-27530 RecognitionService      com.babelstream                      I  ACTION_STATUS: SDKLog[LOG_LEVEL_WARNING]: W 2025-11-02 09:13:35.133138 [iDST::NlsConfig:69] nls config get_model_basename is nullptr
2025-11-02 09:13:35.134 30538-27530 iDST::NlsConfig:69      com.babelstream                      W  nls config get_model_basename is nullptr
2025-11-02 09:13:35.134 30538-27530 SdkGummyClient          com.babelstream                      D  sdklog[LOG_LEVEL_WARNING]: W 2025-11-02 09:13:35.134103 [iDST::NlsConfig:68] nls config get_model is nullptr
2025-11-02 09:13:35.134 30538-27535 AlsCei::SdkListener     com.babelstream                      V  OnVoiceData: 115 bytes
2025-11-02 09:13:35.134 30538-27530 RecognitionService      com.babelstream                      I  status=SDKLog[LOG_LEVEL_WARNING]: W 2025-11-02 09:13:35.134103 [iDST::NlsConfig:68] nls config get_model is nullptr
2025-11-02 09:13:35.134 30538-27530 RecognitionService      com.babelstream                      I  ACTION_STATUS: SDKLog[LOG_LEVEL_WARNING]: W 2025-11-02 09:13:35.134103 [iDST::NlsConfig:68] nls config get_model is nullptr
2025-11-02 09:13:35.135 30538-27530 iDST::NlsConfig:68      com.babelstream                      W  nls config get_model is nullptr
2025-11-02 09:13:35.135 30538-27530 SdkGummyClient          com.babelstream                      D  sdklog[LOG_LEVEL_DEBUG]: D 2025-11-02 09:13:35.135143 [iDST::NlsSt:408] service_protocol(1) start DashScope with (null)/(null)...
2025-11-02 09:13:35.135 30538-27530 RecognitionService      com.babelstream                      I  status=SDKLog[LOG_LEVEL_DEBUG]: D 2025-11-02 09:13:35.135143 [iDST::NlsSt:408] service_protocol(1) start DashScope with (null)/(null)...
2025-11-02 09:13:35.135 30538-27530 RecognitionService      com.babelstream                      I  ACTION_STATUS: SDKLog[LOG_LEVEL_DEBUG]: D 2025-11-02 09:13:35.135143 [iDST::NlsSt:408] service_protocol(1) start DashScope with (null)/(null)...
2025-11-02 09:13:35.135 30538-27530 iDST::NlsSt:408         com.babelstream                      D  service_protocol(1) start DashScope with (null)/(null)...
2025-11-02 09:13:35.136 30538-27530 SdkGummyClient          com.babelstream                      D  sdklog[LOG_LEVEL_ERROR]: E 2025-11-02 09:13:35.135985 [iDST::NlsSt:442] start failed because of non-model.
2025-11-02 09:13:35.136 30538-27530 RecognitionService      com.babelstream                      I  status=SDKLog[LOG_LEVEL_ERROR]: E 2025-11-02 09:13:35.135985 [iDST::NlsSt:442] start failed because of non-model.
2025-11-02 09:13:35.136 30538-27530 RecognitionService      com.babelstream                      I  ACTION_STATUS: SDKLog[LOG_LEVEL_ERROR]: E 2025-11-02 09:13:35.135985 [iDST::NlsSt:442] start failed because of non-model.
2025-11-02 09:13:35.136 30538-27530 iDST::NlsSt:442         com.babelstream                      E  start failed because of non-model.
2025-11-02 09:13:35.136 30538-27527 SdkGummyClient          com.babelstream                      D  sdklog[LOG_LEVEL_INFO]: I 2025-11-02 09:13:35.136802 [iDST::NlsSt:862] nls start finish
2025-11-02 09:13:35.136 30538-27527 RecognitionService      com.babelstream                      I  status=SDKLog[LOG_LEVEL_INFO]: I 2025-11-02 09:13:35.136802 [iDST::NlsSt:862] nls start finish
2025-11-02 09:13:35.137 30538-27527 RecognitionService      com.babelstream                      I  ACTION_STATUS: SDKLog[LOG_LEVEL_INFO]: I 2025-11-02 09:13:35.136802 [iDST::NlsSt:862] nls start finish
2025-11-02 09:13:35.137 30538-27527 iDST::NlsSt:862         com.babelstream                      I  nls start finish
2025-11-02 09:13:35.137 30538-27527 SdkGummyClient          com.babelstream                      D  sdklog[LOG_LEVEL_DEBUG]: D 2025-11-02 09:13:35.137800 [iDST::Tracer:84] generate timestamp 1762046015137[2025-11-02_09:13:35.137793]
2025-11-02 09:13:35.137 30538-27527 RecognitionService      com.babelstream                      I  status=SDKLog[LOG_LEVEL_DEBUG]: D 2025-11-02 09:13:35.137800 [iDST::Tracer:84] generate timestamp 1762046015137[2025-11-02_09:13:35.137793]
2025-11-02 09:13:35.138 30538-27527 RecognitionService      com.babelstream                      I  ACTION_STATUS: SDKLog[LOG_LEVEL_DEBUG]: D 2025-11-02 09:13:35.137800 [iDST::Tracer:84] generate timestamp 1762046015137[2025-11-02_09:13:35.137793]
2025-11-02 09:13:35.138 30538-27527 iDST::Tracer:84         com.babelstream                      D  generate timestamp 1762046015137[2025-11-02_09:13:35.137793]
2025-11-02 09:13:35.138 30538-27527 SdkGummyClient          com.babelstream                      D  sdklog[LOG_LEVEL_INFO]: I 2025-11-02 09:13:35.138507 [iDST::AsrNlsWrapper:247] Start finish
2025-11-02 09:13:35.138 30538-27527 RecognitionService      com.babelstream                      I  status=SDKLog[LOG_LEVEL_INFO]: I 2025-11-02 09:13:35.138507 [iDST::AsrNlsWrapper:247] Start finish
2025-11-02 09:13:35.139 30538-27527 RecognitionService      com.babelstream                      I  ACTION_STATUS: SDKLog[LOG_LEVEL_INFO]: I 2025-11-02 09:13:35.138507 [iDST::AsrNlsWrapper:247] Start finish
2025-11-02 09:13:35.139 30538-27527 iDST::AsrNlsWrapper:247 com.babelstream                      I  Start finish
2025-11-02 09:13:35.139 30538-27527 SdkGummyClient          com.babelstream                      D  sdklog[LOG_LEVEL_INFO]: I 2025-11-02 09:13:35.139545 [iDST::AsrArbitration:38] set session ready to true
2025-11-02 09:13:35.139 30538-27527 RecognitionService      com.babelstream                      I  status=SDKLog[LOG_LEVEL_INFO]: I 2025-11-02 09:13:35.139545 [iDST::AsrArbitration:38] set session ready to true
2025-11-02 09:13:35.140 30538-27527 RecognitionService      com.babelstream                      I  ACTION_STATUS: SDKLog[LOG_LEVEL_INFO]: I 2025-11-02 09:13:35.139545 [iDST::AsrArbitration:38] set session ready to true
2025-11-02 09:13:35.140 30538-27527 iDST::AsrArbitration:38 com.babelstream                      I  set session ready to true
2025-11-02 09:13:35.140 30538-27527 SdkGummyClient          com.babelstream                      D  sdklog[LOG_LEVEL_INFO]: I 2025-11-02 09:13:35.140522 [iDST::AsrEngine:3354] OnVoiceStart finish
2025-11-02 09:13:35.140 30538-27527 RecognitionService      com.babelstream                      I  status=SDKLog[LOG_LEVEL_INFO]: I 2025-11-02 09:13:35.140522 [iDST::AsrEngine:3354] OnVoiceStart finish
2025-11-02 09:13:35.141 30538-27527 RecognitionService      com.babelstream                      I  ACTION_STATUS: SDKLog[LOG_LEVEL_INFO]: I 2025-11-02 09:13:35.140522 [iDST::AsrEngine:3354] OnVoiceStart finish
2025-11-02 09:13:35.141 30538-27527 iDST::AsrEngine:3354    com.babelstream                      I  OnVoiceStart finish
2025-11-02 09:13:35.141 30538-27535 SdkGummyClient          com.babelstream                      D  sdklog[LOG_LEVEL_VERBOSE]: V 2025-11-02 09:13:35.141498 [iDST::AsrCeiIf:743] cei OnVoiceData with 115bytes
2025-11-02 09:13:35.141 30538-27535 RecognitionService      com.babelstream                      I  status=SDKLog[LOG_LEVEL_VERBOSE]: V 2025-11-02 09:13:35.141498 [iDST::AsrCeiIf:743] cei OnVoiceData with 115bytes
2025-11-02 09:13:35.142 30538-27535 RecognitionService      com.babelstream                      I  ACTION_STATUS: SDKLog[LOG_LEVEL_VERBOSE]: V 2025-11-02 09:13:35.141498 [iDST::AsrCeiIf:743] cei OnVoiceData with 115bytes
2025-11-02 09:13:35.142 30538-27535 iDST::AsrCeiIf:743      com.babelstream                      V  cei OnVoiceData with 115bytes
2025-11-02 09:13:35.142 30538-27535 AlsCei::SdkListener     com.babelstream                      V  OnVoiceData: 115 bytes finished
2025-11-02 09:13:35.142 30538-27523 SdkGummyClient          com.babelstream                      D  sdklog[LOG_LEVEL_INFO]: I 2025-11-02 09:13:35.142563 [iDST::DialogEventCallback:14] [DialogEventCallback::DialogEventHandler::HandleMessage] Get Message (2)MSG_ASR_EVENT_VAD_START
2025-11-02 09:13:35.142 30538-27523 RecognitionService      com.babelstream                      I  status=SDKLog[LOG_LEVEL_INFO]: I 2025-11-02 09:13:35.142563 [iDST::DialogEventCallback:14] [DialogEventCallback::DialogEventHandler::HandleMessage] Get Message (2)MSG_ASR_EVENT_VAD_START
2025-11-02 09:13:35.143 30538-27523 RecognitionService      com.babelstream                      I  ACTION_STATUS: SDKLog[LOG_LEVEL_INFO]: I 2025-11-02 09:13:35.142563 [iDST::DialogEventCallback:14] [DialogEventCallback::DialogEventHandler::HandleMessage] Get Message (2)MSG_ASR_EVENT_VAD_START
2025-11-02 09:13:35.143 30538-27523 iDST::Dial...allback:14 com.babelstream                      I  [DialogEventCallback::DialogEventHandler::HandleMessage] Get Message (2)MSG_ASR_EVENT_VAD_START
2025-11-02 09:13:35.143 30538-27523 SdkGummyClient          com.babelstream                      D  sdklog[LOG_LEVEL_DEBUG]: D 2025-11-02 09:13:35.143416 [iDST::DialogEngineImpl:1686] dialog engine rcv vad start
2025-11-02 09:13:35.143 30538-27523 RecognitionService      com.babelstream                      I  status=SDKLog[LOG_LEVEL_DEBUG]: D 2025-11-02 09:13:35.143416 [iDST::DialogEngineImpl:1686] dialog engine rcv vad start
2025-11-02 09:13:35.144 30538-27523 RecognitionService      com.babelstream                      I  ACTION_STATUS: SDKLog[LOG_LEVEL_DEBUG]: D 2025-11-02 09:13:35.143416 [iDST::DialogEngineImpl:1686] dialog engine rcv vad start
2025-11-02 09:13:35.144 30538-27523 iDST::Dial...eImpl:1686 com.babelstream                      D  dialog engine rcv vad start
2025-11-02 09:13:35.144 30538-27523 SdkGummyClient          com.babelstream                      D  sdklog[LOG_LEVEL_INFO]: I 2025-11-02 09:13:35.144251 [iDST::DialogSched:39] test foreground_dialog[event:6/EventVadStart]
2025-11-02 09:13:35.144 30538-27523 RecognitionService      com.babelstream                      I  status=SDKLog[LOG_LEVEL_INFO]: I 2025-11-02 09:13:35.144251 [iDST::DialogSched:39] test foreground_dialog[event:6/EventVadStart]
2025-11-02 09:13:35.144 30538-27523 RecognitionService      com.babelstream                      I  ACTION_STATUS: SDKLog[LOG_LEVEL_INFO]: I 2025-11-02 09:13:35.144251 [iDST::DialogSched:39] test foreground_dialog[event:6/EventVadStart]
2025-11-02 09:13:35.144 30538-27523 iDST::DialogSched:39    com.babelstream                      I  test foreground_dialog[event:6/EventVadStart]
2025-11-02 09:13:35.145 30538-27523 SdkGummyClient          com.babelstream                      D  sdklog[LOG_LEVEL_INFO]: I 2025-11-02 09:13:35.145030 [iDST::DialogImpl:364] dialog event=EventVadStart, current state=StateStartIdle parallel_mode=false event.task_id=
2025-11-02 09:13:35.145 30538-27523 RecognitionService      com.babelstream                      I  status=SDKLog[LOG_LEVEL_INFO]: I 2025-11-02 09:13:35.145030 [iDST::DialogImpl:364] dialog event=EventVadStart, current state=StateStartIdle parallel_mode=false event.task_id=
2025-11-02 09:13:35.146 30538-27523 RecognitionService      com.babelstream                      I  ACTION_STATUS: SDKLog[LOG_LEVEL_INFO]: I 2025-11-02 09:13:35.145030 [iDST::DialogImpl:364] dialog event=EventVadStart, current state=StateStartIdle parallel_mode=false event.task_id=
2025-11-02 09:13:35.146 30538-27523 iDST::DialogImpl:364    com.babelstream                      I  dialog event=EventVadStart, current state=StateStartIdle parallel_mode=false event.task_id=
2025-11-02 09:13:35.146 30538-27527 SdkGummyClient          com.babelstream                      D  sdklog[LOG_LEVEL_VERBOSE]: V 2025-11-02 09:13:35.146237 [iDST::AsrCeiIf:652] cei callback MSG_VOICE_DATA len = 115
2025-11-02 09:13:35.146 30538-27527 RecognitionService      com.babelstream                      I  status=SDKLog[LOG_LEVEL_VERBOSE]: V 2025-11-02 09:13:35.146237 [iDST::AsrCeiIf:652] cei callback MSG_VOICE_DATA len = 115
2025-11-02 09:13:35.147 30538-27527 RecognitionService      com.babelstream                      I  ACTION_STATUS: SDKLog[LOG_LEVEL_VERBOSE]: V 2025-11-02 09:13:35.146237 [iDST::AsrCeiIf:652] cei callback MSG_VOICE_DATA len = 115
2025-11-02 09:13:35.147 30538-27527 iDST::AsrCeiIf:652      com.babelstream                      V  cei callback MSG_VOICE_DATA len = 115
2025-11-02 09:13:35.148 30538-27530 SdkGummyClient          com.babelstream                      D  sdklog[LOG_LEVEL_ERROR]: E 2025-11-02 09:13:35.147904 [iDST::NlsSt:501] send voice with null sdk request
2025-11-02 09:13:35.148 30538-27530 RecognitionService      com.babelstream                      I  status=SDKLog[LOG_LEVEL_ERROR]: E 2025-11-02 09:13:35.147904 [iDST::NlsSt:501] send voice with null sdk request
2025-11-02 09:13:35.149 30538-27530 RecognitionService      com.babelstream                      I  ACTION_STATUS: SDKLog[LOG_LEVEL_ERROR]: E 2025-11-02 09:13:35.147904 [iDST::NlsSt:501] send voice with null sdk request
2025-11-02 09:13:35.149 30538-27530 RecognitionService      com.babelstream                      E  error=SDK会话未建立：请检查API Key/网络/设备时间
2025-11-02 09:13:35.149 30538-27530 RecognitionService      com.babelstream                      I  ACTION_STATUS: SDK会话未建立：请检查API Key/网络/设备时间
2025-11-02 09:13:35.149 30538-27530 iDST::NlsSt:501         com.babelstream                      E  send voice with null sdk request
2025-11-02 09:13:35.150 30538-27523 SdkGummyClient          com.babelstream                      D  sdklog[LOG_LEVEL_INFO]: I 2025-11-02 09:13:35.149888 [iDST::DialogSched:51] foreground accepted foreground_dialog[6/EventVadStart] state set StateVoiceStage sched[false]
2025-11-02 09:13:35.150 30538-27523 RecognitionService      com.babelstream                      I  status=SDKLog[LOG_LEVEL_INFO]: I 2025-11-02 09:13:35.149888 [iDST::DialogSched:51] foreground accepted foreground_dialog[6/EventVadStart] state set StateVoiceStage sched[false]
2025-11-02 09:13:35.150 30538-27523 RecognitionService      com.babelstream                      I  ACTION_STATUS: SDKLog[LOG_LEVEL_INFO]: I 2025-11-02 09:13:35.149888 [iDST::DialogSched:51] foreground accepted foreground_dialog[6/EventVadStart] state set StateVoiceStage sched[false]
2025-11-02 09:13:35.150 30538-27523 iDST::DialogSched:51    com.babelstream                      I  foreground accepted foreground_dialog[6/EventVadStart] state set StateVoiceStage sched[false]
2025-11-02 09:13:35.150 30538-27523 SdkGummyClient          com.babelstream                      D  sdklog[LOG_LEVEL_INFO]: I 2025-11-02 09:13:35.150753 [iDST::DialogEngineImpl:1698] dialog[9496dbd23f774c9dbafe838722bd0e9d] occur vad start
2025-11-02 09:13:35.150 30538-27523 RecognitionService      com.babelstream                      I  status=SDKLog[LOG_LEVEL_INFO]: I 2025-11-02 09:13:35.150753 [iDST::DialogEngineImpl:1698] dialog[9496dbd23f774c9dbafe838722bd0e9d] occur vad start
2025-11-02 09:13:35.151 30538-27523 RecognitionService      com.babelstream                      I  ACTION_STATUS: SDKLog[LOG_LEVEL_INFO]: I 2025-11-02 09:13:35.150753 [iDST::DialogEngineImpl:1698] dialog[9496dbd23f774c9dbafe838722bd0e9d] occur vad start
2025-11-02 09:13:35.151 30538-27523 iDST::Dial...eImpl:1698 com.babelstream                      I  dialog[9496dbd23f774c9dbafe838722bd0e9d] occur vad start
2025-11-02 09:13:35.151 30538-27523 SdkGummyClient          com.babelstream                      D  sdklog[LOG_LEVEL_VERBOSE]: V 2025-11-02 09:13:35.151568 [iDST::DialogEngineImpl:67] HandleMessage what MSG_ASR_EVENT_EX
2025-11-02 09:13:35.151 30538-27523 RecognitionService      com.babelstream                      I  status=SDKLog[LOG_LEVEL_VERBOSE]: V 2025-11-02 09:13:35.151568 [iDST::DialogEngineImpl:67] HandleMessage what MSG_ASR_EVENT_EX
2025-11-02 09:13:35.152 30538-27523 RecognitionService      com.babelstream                      I  ACTION_STATUS: SDKLog[LOG_LEVEL_VERBOSE]: V 2025-11-02 09:13:35.151568 [iDST::DialogEngineImpl:67] HandleMessage what MSG_ASR_EVENT_EX
2025-11-02 09:13:35.152 30538-27523 iDST::Dial...ineImpl:67 com.babelstream                      V  HandleMessage what MSG_ASR_EVENT_EX
2025-11-02 09:13:35.152 30538-27523 SdkGummyClient          com.babelstream                      D  sdklog[LOG_LEVEL_VERBOSE]: V 2025-11-02 09:13:35.152280 [iDST::DialogEngineImpl:88] event callback EventVadStart
2025-11-02 09:13:35.152 30538-27523 RecognitionService      com.babelstream                      I  status=SDKLog[LOG_LEVEL_VERBOSE]: V 2025-11-02 09:13:35.152280 [iDST::DialogEngineImpl:88] event callback EventVadStart
2025-11-02 09:13:35.152 30538-27523 RecognitionService      com.babelstream                      I  ACTION_STATUS: SDKLog[LOG_LEVEL_VERBOSE]: V 2025-11-02 09:13:35.152280 [iDST::DialogEngineImpl:88] event callback EventVadStart
2025-11-02 09:13:35.152 30538-27523 iDST::Dial...ineImpl:88 com.babelstream                      V  event callback EventVadStart
2025-11-02 09:13:35.153 30538-27523 SdkGummyClient          com.babelstream                      D  sdklog[LOG_LEVEL_INFO]: I 2025-11-02 09:13:35.152983 [iDST::NuiAbsLayer:619] [0xb400007d141b71d0] dialogListenerOnEvent 6 [kEventVadStart]
2025-11-02 09:13:35.153 30538-27523 RecognitionService      com.babelstream                      I  status=SDKLog[LOG_LEVEL_INFO]: I 2025-11-02 09:13:35.152983 [iDST::NuiAbsLayer:619] [0xb400007d141b71d0] dialogListenerOnEvent 6 [kEventVadStart]
2025-11-02 09:13:35.153 30538-27523 RecognitionService      com.babelstream                      I  ACTION_STATUS: SDKLog[LOG_LEVEL_INFO]: I 2025-11-02 09:13:35.152983 [iDST::NuiAbsLayer:619] [0xb400007d141b71d0] dialogListenerOnEvent 6 [kEventVadStart]
2025-11-02 09:13:35.153 30538-27523 iDST::NuiAbsLayer:619   com.babelstream                      I  [0xb400007d141b71d0] dialogListenerOnEvent 6 [kEventVadStart]
2025-11-02 09:13:35.153 30538-27523 SdkGummyClient          com.babelstream                      D  sdklog[LOG_LEVEL_DEBUG]: D 2025-11-02 09:13:35.153854 [iDST::DialogEngineImpl:848] all_result is empty!
2025-11-02 09:13:35.154 30538-27523 RecognitionService      com.babelstream                      I  status=SDKLog[LOG_LEVEL_DEBUG]: D 2025-11-02 09:13:35.153854 [iDST::DialogEngineImpl:848] all_result is empty!
2025-11-02 09:13:35.154 30538-27523 RecognitionService      com.babelstream                      I  ACTION_STATUS: SDKLog[LOG_LEVEL_DEBUG]: D 2025-11-02 09:13:35.153854 [iDST::DialogEngineImpl:848] all_result is empty!
2025-11-02 09:13:35.154 30538-27523 iDST::Dial...neImpl:848 com.babelstream                      D  all_result is empty!
2025-11-02 09:13:35.154 30538-27523 SdkGummyClient          com.babelstream                      D  sdklog[LOG_LEVEL_WARNING]: W 2025-11-02 09:13:35.154791 [iDST::DialogeEngine:277] illegal length for ObtainBuffer len=-1
2025-11-02 09:13:35.154 30538-27523 RecognitionService      com.babelstream                      I  status=SDKLog[LOG_LEVEL_WARNING]: W 2025-11-02 09:13:35.154791 [iDST::DialogeEngine:277] illegal length for ObtainBuffer len=-1
2025-11-02 09:13:35.155 30538-27523 RecognitionService      com.babelstream                      I  ACTION_STATUS: SDKLog[LOG_LEVEL_WARNING]: W 2025-11-02 09:13:35.154791 [iDST::DialogeEngine:277] illegal length for ObtainBuffer len=-1
2025-11-02 09:13:35.155 30538-27523 iDST::DialogeEngine:277 com.babelstream                      W  illegal length for ObtainBuffer len=-1
2025-11-02 09:13:35.155 30538-27523 SdkGummyClient          com.babelstream                      D  sdklog[LOG_LEVEL_WARNING]: W 2025-11-02 09:13:35.155689 [iDST::NuiAbsLayer:452] GetAllResponse obtain buffer fail
2025-11-02 09:13:35.155 30538-27523 RecognitionService      com.babelstream                      I  status=SDKLog[LOG_LEVEL_WARNING]: W 2025-11-02 09:13:35.155689 [iDST::NuiAbsLayer:452] GetAllResponse obtain buffer fail
2025-11-02 09:13:35.156 30538-27523 RecognitionService      com.babelstream                      I  ACTION_STATUS: SDKLog[LOG_LEVEL_WARNING]: W 2025-11-02 09:13:35.155689 [iDST::NuiAbsLayer:452] GetAllResponse obtain buffer fail
2025-11-02 09:13:35.156 30538-27523 iDST::NuiAbsLayer:452   com.babelstream                      W  GetAllResponse obtain buffer fail
2025-11-02 09:13:35.156 30538-27523 SdkGummyClient          com.babelstream                      D  sdklog[LOG_LEVEL_INFO]: I 2025-11-02 09:13:35.156878 [iDST::NativeNui:413] got event 0:EVENT_VAD_START
2025-11-02 09:13:35.157 30538-27523 RecognitionService      com.babelstream                      I  status=SDKLog[LOG_LEVEL_INFO]: I 2025-11-02 09:13:35.156878 [iDST::NativeNui:413] got event 0:EVENT_VAD_START
2025-11-02 09:13:35.157 30538-27523 RecognitionService      com.babelstream                      I  ACTION_STATUS: SDKLog[LOG_LEVEL_INFO]: I 2025-11-02 09:13:35.156878 [iDST::NativeNui:413] got event 0:EVENT_VAD_START
2025-11-02 09:13:35.157 30538-27523 iDST::NativeNui:413     com.babelstream                      I  got event 0:EVENT_VAD_START
2025-11-02 09:13:35.158  6629-6629  SpaceNotif...ionService com.miui.securitycore.remote         D  onNotificationPosted pkgname:com.babelstream userId:0 currentUserId:0 isFloat: false
2025-11-02 09:13:35.159  9743-11525 NotifySync...9743_11525 com.mi.health                        I  onNotificationPosted Id:2147483647 key:0|com.babelstream|2147483647|ranker_group|10431|ranker_group PackageName:com.babelstream IsOngoing:true PostTime:1762045952170 currentDeviceModel.connected: true
2025-11-02 09:13:35.196 30538-27523 NativeNui_JAVA          com.babelstream                      D  nui native callback event 0
2025-11-02 09:13:35.196 30538-27523 NativeNui_JAVA          com.babelstream                      D  asrResult is null object
2025-11-02 09:13:35.196 30538-27523 RecognitionService      com.babelstream                      I  status=NuiEvent=EVENT_VAD_START, code=0
2025-11-02 09:13:35.197 30538-27523 RecognitionService      com.babelstream                      I  ACTION_STATUS: NuiEvent=EVENT_VAD_START, code=0
2025-11-02 09:13:35.197 30538-27523 SdkGummyClient          com.babelstream                      D  sdklog[LOG_LEVEL_VERBOSE]: V 2025-11-02 09:13:35.197763 [iDST::DialogEngineImpl:131] HandleMessage what MSG_ASR_EVENT_EX finish
2025-11-02 09:13:35.198 30538-27523 RecognitionService      com.babelstream                      I  status=SDKLog[LOG_LEVEL_VERBOSE]: V 2025-11-02 09:13:35.197763 [iDST::DialogEngineImpl:131] HandleMessage what MSG_ASR_EVENT_EX finish
2025-11-02 09:13:35.198 30538-27523 RecognitionService      com.babelstream                      I  ACTION_STATUS: SDKLog[LOG_LEVEL_VERBOSE]: V 2025-11-02 09:13:35.197763 [iDST::DialogEngineImpl:131] HandleMessage what MSG_ASR_EVENT_EX finish
2025-11-02 09:13:35.198 30538-27523 iDST::Dial...neImpl:131 com.babelstream                      V  HandleMessage what MSG_ASR_EVENT_EX finish
2025-11-02 09:13:35.199 30538-27532 SdkGummyClient          com.babelstream                      V  rms=-113.52076
2025-11-02 09:13:35.199 30538-27532 AlsCei::As...Impl, Main com.babelstream                      W  ved does not exist, skip ...
2025-11-02 09:13:35.199 30538-27532 SdkGummyClient          com.babelstream                      V  rms=-118.57436
2025-11-02 09:13:35.199 30538-27532 AlsCei::As...Impl, Main com.babelstream                      W  ved does not exist, skip ...
2025-11-02 09:13:35.200 30538-27532 SdkGummyClient          com.babelstream                      V  rms=-116.73802
2025-11-02 09:13:35.200 30538-27532 AlsCei::As...Impl, Main com.babelstream                      W  ved does not exist, skip ...
2025-11-02 09:13:35.200 30538-27532 SdkGummyClient          com.babelstream                      V  rms=-115.98616
2025-11-02 09:13:35.200 30538-27532 AlsCei::As...Impl, Main com.babelstream                      W  ved does not exist, skip ...
2025-11-02 09:13:35.298 30538-27532 SdkGummyClient          com.babelstream                      V  rms=-119.79249
2025-11-02 09:13:35.299 30538-27532 AlsCei::As...Impl, Main com.babelstream                      W  ved does not exist, skip ...
2025-11-02 09:13:35.299 30538-27532 SdkGummyClient          com.babelstream                      V  rms=-122.01181
2025-11-02 09:13:35.299 30538-27532 AlsCei::As...Impl, Main com.babelstream                      W  ved does not exist, skip ...
2025-11-02 09:13:35.299 30538-27532 SdkGummyClient          com.babelstream                      V  rms=-109.119576
2025-11-02 09:13:35.299 30538-27532 AlsCei::As...Impl, Main com.babelstream                      W  ved does not exist, skip ...
2025-11-02 09:13:35.300 30538-27532 SdkGummyClient          com.babelstream                      V  rms=-100.56715
2025-11-02 09:13:35.300 30538-27532 AlsCei::As...Impl, Main com.babelstream                      W  ved does not exist, skip ...
2025-11-02 09:13:35.300 30538-27532 SdkGummyClient          com.babelstream                      V  rms=-66.457184
2025-11-02 09:13:35.300 30538-27532 AlsCei::As...Impl, Main com.babelstream                      W  ved does not exist, skip ...
2025-11-02 09:13:35.304  2313-4734  PerfShielderService     system_server                        D  com.babelstream|com.babelstream/com.babelstream.MainActivity|437|269610342433921|337|0|7
2025-11-02 09:13:35.304 30538-27535 AlsCei::SdkListener     com.babelstream                      V  OnVoiceData: 337 bytes
2025-11-02 09:13:35.304 30538-27535 SdkGummyClient          com.babelstream                      D  sdklog[LOG_LEVEL_VERBOSE]: V 2025-11-02 09:13:35.304773 [iDST::AsrCeiIf:743] cei OnVoiceData with 337bytes
2025-11-02 09:13:35.305 30538-27535 RecognitionService      com.babelstream                      I  status=SDKLog[LOG_LEVEL_VERBOSE]: V 2025-11-02 09:13:35.304773 [iDST::AsrCeiIf:743] cei OnVoiceData with 337bytes
2025-11-02 09:13:35.306  8192-19036 MiuiPerfServiceClient   com.miui.daemon                      W  interceptAndQueuing:30538|com.babelstream|437|337|269610342433921|Slow main thread|7
2025-11-02 09:13:35.308 30538-27535 RecognitionService      com.babelstream                      I  ACTION_STATUS: SDKLog[LOG_LEVEL_VERBOSE]: V 2025-11-02 09:13:35.304773 [iDST::AsrCeiIf:743] cei OnVoiceData with 337bytes
2025-11-02 09:13:35.309 30538-27535 iDST::AsrCeiIf:743      com.babelstream                      V  cei OnVoiceData with 337bytes
2025-11-02 09:13:35.309 30538-27535 AlsCei::SdkListener     com.babelstream                      V  OnVoiceData: 337 bytes finished
2025-11-02 09:13:35.309 30538-27527 SdkGummyClient          com.babelstream                      D  sdklog[LOG_LEVEL_VERBOSE]: V 2025-11-02 09:13:35.309321 [iDST::AsrCeiIf:652] cei callback MSG_VOICE_DATA len = 337
2025-11-02 09:13:35.310 30538-27527 RecognitionService      com.babelstream                      I  status=SDKLog[LOG_LEVEL_VERBOSE]: V 2025-11-02 09:13:35.309321 [iDST::AsrCeiIf:652] cei callback MSG_VOICE_DATA len = 337
2025-11-02 09:13:35.311 30538-27527 RecognitionService      com.babelstream                      I  ACTION_STATUS: SDKLog[LOG_LEVEL_VERBOSE]: V 2025-11-02 09:13:35.309321 [iDST::AsrCeiIf:652] cei callback MSG_VOICE_DATA len = 337
2025-11-02 09:13:35.311 30538-27527 iDST::AsrCeiIf:652      com.babelstream                      V  cei callback MSG_VOICE_DATA len = 337
2025-11-02 09:13:35.312 30538-27530 SdkGummyClient          com.babelstream                      D  sdklog[LOG_LEVEL_ERROR]: E 2025-11-02 09:13:35.311695 [iDST::NlsSt:501] send voice with null sdk request
2025-11-02 09:13:35.312 30538-27530 RecognitionService      com.babelstream                      I  status=SDKLog[LOG_LEVEL_ERROR]: E 2025-11-02 09:13:35.311695 [iDST::NlsSt:501] send voice with null sdk request
2025-11-02 09:13:35.313 30538-27530 RecognitionService      com.babelstream                      I  ACTION_STATUS: SDKLog[LOG_LEVEL_ERROR]: E 2025-11-02 09:13:35.311695 [iDST::NlsSt:501] send voice with null sdk request
2025-11-02 09:13:35.313 30538-27530 RecognitionService      com.babelstream                      E  error=SDK会话未建立：请检查API Key/网络/设备时间
2025-11-02 09:13:35.313 30538-27530 RecognitionService      com.babelstream                      I  ACTION_STATUS: SDK会话未建立：请检查API Key/网络/设备时间
2025-11-02 09:13:35.314 30538-27530 iDST::NlsSt:501         com.babelstream                      E  send voice with null sdk request
2025-11-02 09:13:35.368  5110-5110  MiuiBubbleSettings      com.android.systemui                 I  com.babelstream 0isAppEnableBubbleNotification: false
2025-11-02 09:13:35.378 30538-27532 SdkGummyClient          com.babelstream                      V  rms=-55.168945
2025-11-02 09:13:35.378 30538-27532 AlsCei::As...Impl, Main com.babelstream                      W  ved does not exist, skip ...
2025-11-02 09:13:35.378 30538-27532 SdkGummyClient          com.babelstream                      V  rms=-51.6566
2025-11-02 09:13:35.378 30538-27532 AlsCei::As...Impl, Main com.babelstream                      W  ved does not exist, skip ...
2025-11-02 09:13:35.378 30538-27532 SdkGummyClient          com.babelstream                      V  rms=-47.442444
2025-11-02 09:13:35.378 30538-27532 AlsCei::As...Impl, Main com.babelstream                      W  ved does not exist, skip ...
2025-11-02 09:13:35.379 30538-27532 SdkGummyClient          com.babelstream                      V  rms=-44.722885
2025-11-02 09:13:35.379 30538-27532 AlsCei::As...Impl, Main com.babelstream                      W  ved does not exist, skip ...
2025-11-02 09:13:35.410  5110-5110  AlertCoordinator        com.android.systemui                 D  onViewBound, buzzBeep for 0|com.babelstream|2147483647|ranker_group|10431|ranker_group
2025-11-02 09:13:35.456 30538-27532 SdkGummyClient          com.babelstream                      V  rms=-43.391083
2025-11-02 09:13:35.456 30538-27532 AlsCei::As...Impl, Main com.babelstream                      W  ved does not exist, skip ...
2025-11-02 09:13:35.457 30538-27532 SdkGummyClient          com.babelstream                      V  rms=-42.142624
2025-11-02 09:13:35.457 30538-27532 AlsCei::As...Impl, Main com.babelstream                      W  ved does not exist, skip ...
2025-11-02 09:13:35.458 30538-27532 SdkGummyClient          com.babelstream                      V  rms=-44.365307
2025-11-02 09:13:35.458 30538-27532 AlsCei::As...Impl, Main com.babelstream                      W  ved does not exist, skip ...
2025-11-02 09:13:35.458 30538-27532 SdkGummyClient          com.babelstream                      V  rms=-47.24525
2025-11-02 09:13:35.458 30538-27532 AlsCei::As...Impl, Main com.babelstream                      W  ved does not exist, skip ...
2025-11-02 09:13:35.471 30538-27535 AlsCei::SdkListener     com.babelstream                      V  OnVoiceData: 309 bytes
2025-11-02 09:13:35.472 30538-27535 SdkGummyClient          com.babelstream                      D  sdklog[LOG_LEVEL_VERBOSE]: V 2025-11-02 09:13:35.471816 [iDST::AsrCeiIf:743] cei OnVoiceData with 309bytes
2025-11-02 09:13:35.472 30538-27535 RecognitionService      com.babelstream                      I  status=SDKLog[LOG_LEVEL_VERBOSE]: V 2025-11-02 09:13:35.471816 [iDST::AsrCeiIf:743] cei OnVoiceData with 309bytes
2025-11-02 09:13:35.475 30538-27535 RecognitionService      com.babelstream                      I  ACTION_STATUS: SDKLog[LOG_LEVEL_VERBOSE]: V 2025-11-02 09:13:35.471816 [iDST::AsrCeiIf:743] cei OnVoiceData with 309bytes
2025-11-02 09:13:35.475 30538-27535 iDST::AsrCeiIf:743      com.babelstream                      V  cei OnVoiceData with 309bytes
2025-11-02 09:13:35.476 30538-27535 AlsCei::SdkListener     com.babelstream                      V  OnVoiceData: 309 bytes finished
2025-11-02 09:13:35.476 30538-27527 SdkGummyClient          com.babelstream                      D  sdklog[LOG_LEVEL_VERBOSE]: V 2025-11-02 09:13:35.476598 [iDST::AsrCeiIf:652] cei callback MSG_VOICE_DATA len = 309
2025-11-02 09:13:35.477 30538-27527 RecognitionService      com.babelstream                      I  status=SDKLog[LOG_LEVEL_VERBOSE]: V 2025-11-02 09:13:35.476598 [iDST::AsrCeiIf:652] cei callback MSG_VOICE_DATA len = 309
2025-11-02 09:13:35.478 30538-27527 RecognitionService      com.babelstream                      I  ACTION_STATUS: SDKLog[LOG_LEVEL_VERBOSE]: V 2025-11-02 09:13:35.476598 [iDST::AsrCeiIf:652] cei callback MSG_VOICE_DATA len = 309
2025-11-02 09:13:35.479 30538-27527 iDST::AsrCeiIf:652      com.babelstream                      V  cei callback MSG_VOICE_DATA len = 309
2025-11-02 09:13:35.479 30538-27530 SdkGummyClient          com.babelstream                      D  sdklog[LOG_LEVEL_ERROR]: E 2025-11-02 09:13:35.479457 [iDST::NlsSt:501] send voice with null sdk request
2025-11-02 09:13:35.480 30538-27530 RecognitionService      com.babelstream                      I  status=SDKLog[LOG_LEVEL_ERROR]: E 2025-11-02 09:13:35.479457 [iDST::NlsSt:501] send voice with null sdk request
2025-11-02 09:13:35.481 30538-27530 RecognitionService      com.babelstream                      I  ACTION_STATUS: SDKLog[LOG_LEVEL_ERROR]: E 2025-11-02 09:13:35.479457 [iDST::NlsSt:501] send voice with null sdk request
2025-11-02 09:13:35.482 30538-27530 RecognitionService      com.babelstream                      E  error=SDK会话未建立：请检查API Key/网络/设备时间
2025-11-02 09:13:35.483 30538-27530 RecognitionService      com.babelstream                      I  ACTION_STATUS: SDK会话未建立：请检查API Key/网络/设备时间
2025-11-02 09:13:35.483 30538-27530 iDST::NlsSt:501         com.babelstream                      E  send voice with null sdk request
2025-11-02 09:13:35.496 30538-26054 RenderInspector         com.babelstream                      W  DequeueBuffer time out on com.babelstream/com.babelstream.MainActivity, count=7, avg=9 ms, max=10 ms.
2025-11-02 09:13:35.537 30538-27532 SdkGummyClient          com.babelstream                      V  rms=-49.44433
2025-11-02 09:13:35.538 30538-27532 AlsCei::As...Impl, Main com.babelstream                      W  ved does not exist, skip ...
2025-11-02 09:13:35.538 30538-27532 SdkGummyClient          com.babelstream                      V  rms=-50.215603
2025-11-02 09:13:35.538 30538-27532 AlsCei::As...Impl, Main com.babelstream                      W  ved does not exist, skip ...
2025-11-02 09:13:35.539 30538-27532 SdkGummyClient          com.babelstream                      V  rms=-51.366444
2025-11-02 09:13:35.539 30538-27532 AlsCei::As...Impl, Main com.babelstream                      W  ved does not exist, skip ...
2025-11-02 09:13:35.539 30538-27532 SdkGummyClient          com.babelstream                      V  rms=-50.94933
2025-11-02 09:13:35.539 30538-27532 AlsCei::As...Impl, Main com.babelstream                      W  ved does not exist, skip ...
2025-11-02 09:13:35.638 30538-27532 SdkGummyClient          com.babelstream                      V  rms=-51.90983
2025-11-02 09:13:35.638 30538-27532 AlsCei::As...Impl, Main com.babelstream                      W  ved does not exist, skip ...
2025-11-02 09:13:35.639 30538-27532 SdkGummyClient          com.babelstream                      V  rms=-54.63688
2025-11-02 09:13:35.639 30538-27532 AlsCei::As...Impl, Main com.babelstream                      W  ved does not exist, skip ...
2025-11-02 09:13:35.639 30538-27532 SdkGummyClient          com.babelstream                      V  rms=-57.013012
2025-11-02 09:13:35.640 30538-27532 AlsCei::As...Impl, Main com.babelstream                      W  ved does not exist, skip ...
2025-11-02 09:13:35.640 30538-27532 SdkGummyClient          com.babelstream                      V  rms=-61.54909
2025-11-02 09:13:35.641 30538-27532 AlsCei::As...Impl, Main com.babelstream                      W  ved does not exist, skip ...
2025-11-02 09:13:35.641 30538-27532 SdkGummyClient          com.babelstream                      V  rms=-62.923733
2025-11-02 09:13:35.641 30538-27532 AlsCei::As...Impl, Main com.babelstream                      W  ved does not exist, skip ...
2025-11-02 09:13:35.650 30538-27535 AlsCei::SdkListener     com.babelstream                      V  OnVoiceData: 351 bytes
2025-11-02 09:13:35.650 30538-27535 SdkGummyClient          com.babelstream                      D  sdklog[LOG_LEVEL_VERBOSE]: V 2025-11-02 09:13:35.650194 [iDST::AsrCeiIf:743] cei OnVoiceData with 351bytes
2025-11-02 09:13:35.650 30538-27535 RecognitionService      com.babelstream                      I  status=SDKLog[LOG_LEVEL_VERBOSE]: V 2025-11-02 09:13:35.650194 [iDST::AsrCeiIf:743] cei OnVoiceData with 351bytes
2025-11-02 09:13:35.655 30538-27535 RecognitionService      com.babelstream                      I  ACTION_STATUS: SDKLog[LOG_LEVEL_VERBOSE]: V 2025-11-02 09:13:35.650194 [iDST::AsrCeiIf:743] cei OnVoiceData with 351bytes
2025-11-02 09:13:35.655 30538-27535 iDST::AsrCeiIf:743      com.babelstream                      V  cei OnVoiceData with 351bytes
2025-11-02 09:13:35.656 30538-27535 AlsCei::SdkListener     com.babelstream                      V  OnVoiceData: 351 bytes finished
2025-11-02 09:13:35.656 30538-27527 SdkGummyClient          com.babelstream                      D  sdklog[LOG_LEVEL_VERBOSE]: V 2025-11-02 09:13:35.656563 [iDST::AsrCeiIf:652] cei callback MSG_VOICE_DATA len = 351
2025-11-02 09:13:35.657 30538-27527 RecognitionService      com.babelstream                      I  status=SDKLog[LOG_LEVEL_VERBOSE]: V 2025-11-02 09:13:35.656563 [iDST::AsrCeiIf:652] cei callback MSG_VOICE_DATA len = 351
2025-11-02 09:13:35.659 30538-27527 RecognitionService      com.babelstream                      I  ACTION_STATUS: SDKLog[LOG_LEVEL_VERBOSE]: V 2025-11-02 09:13:35.656563 [iDST::AsrCeiIf:652] cei callback MSG_VOICE_DATA len = 351
2025-11-02 09:13:35.659 30538-27527 iDST::AsrCeiIf:652      com.babelstream                      V  cei callback MSG_VOICE_DATA len = 351
2025-11-02 09:13:35.659 30538-27530 SdkGummyClient          com.babelstream                      D  sdklog[LOG_LEVEL_ERROR]: E 2025-11-02 09:13:35.659631 [iDST::NlsSt:501] send voice with null sdk request
2025-11-02 09:13:35.660 30538-27530 RecognitionService      com.babelstream                      I  status=SDKLog[LOG_LEVEL_ERROR]: E 2025-11-02 09:13:35.659631 [iDST::NlsSt:501] send voice with null sdk request
2025-11-02 09:13:35.661 30538-27530 RecognitionService      com.babelstream                      I  ACTION_STATUS: SDKLog[LOG_LEVEL_ERROR]: E 2025-11-02 09:13:35.659631 [iDST::NlsSt:501] send voice with null sdk request
2025-11-02 09:13:35.661 30538-27530 RecognitionService      com.babelstream                      E  error=SDK会话未建立：请检查API Key/网络/设备时间
2025-11-02 09:13:35.663 30538-27530 RecognitionService      com.babelstream                      I  ACTION_STATUS: SDK会话未建立：请检查API Key/网络/设备时间
2025-11-02 09:13:35.663 30538-27530 iDST::NlsSt:501         com.babelstream                      E  send voice with null sdk request
2025-11-02 09:13:35.715 30538-27532 SdkGummyClient          com.babelstream                      V  rms=-61.846615
2025-11-02 09:13:35.715 30538-27532 AlsCei::As...Impl, Main com.babelstream                      W  ved does not exist, skip ...
2025-11-02 09:13:35.716 30538-27532 SdkGummyClient          com.babelstream                      V  rms=-60.189762
2025-11-02 09:13:35.716 30538-27532 AlsCei::As...Impl, Main com.babelstream                      W  ved does not exist, skip ...
2025-11-02 09:13:35.716 30538-27532 SdkGummyClient          com.babelstream                      V  rms=-57.204643
2025-11-02 09:13:35.716 30538-27532 AlsCei::As...Impl, Main com.babelstream                      W  ved does not exist, skip ...
2025-11-02 09:13:35.717 30538-27532 SdkGummyClient          com.babelstream                      V  rms=-54.441795
2025-11-02 09:13:35.717 30538-27532 AlsCei::As...Impl, Main com.babelstream                      W  ved does not exist, skip ...
2025-11-02 09:13:35.727 30538-27535 AlsCei::SdkListener     com.babelstream                      V  OnVoiceData: 234 bytes
2025-11-02 09:13:35.727 30538-27535 SdkGummyClient          com.babelstream                      D  sdklog[LOG_LEVEL_VERBOSE]: V 2025-11-02 09:13:35.727199 [iDST::AsrCeiIf:743] cei OnVoiceData with 234bytes
2025-11-02 09:13:35.727 30538-27535 RecognitionService      com.babelstream                      I  status=SDKLog[LOG_LEVEL_VERBOSE]: V 2025-11-02 09:13:35.727199 [iDST::AsrCeiIf:743] cei OnVoiceData with 234bytes
2025-11-02 09:13:35.728 30538-27535 RecognitionService      com.babelstream                      I  ACTION_STATUS: SDKLog[LOG_LEVEL_VERBOSE]: V 2025-11-02 09:13:35.727199 [iDST::AsrCeiIf:743] cei OnVoiceData with 234bytes
2025-11-02 09:13:35.728 30538-27535 iDST::AsrCeiIf:743      com.babelstream                      V  cei OnVoiceData with 234bytes
2025-11-02 09:13:35.728 30538-27535 AlsCei::SdkListener     com.babelstream                      V  OnVoiceData: 234 bytes finished
2025-11-02 09:13:35.729 30538-27527 SdkGummyClient          com.babelstream                      D  sdklog[LOG_LEVEL_VERBOSE]: V 2025-11-02 09:13:35.728898 [iDST::AsrCeiIf:652] cei callback MSG_VOICE_DATA len = 234
2025-11-02 09:13:35.729 30538-27527 RecognitionService      com.babelstream                      I  status=SDKLog[LOG_LEVEL_VERBOSE]: V 2025-11-02 09:13:35.728898 [iDST::AsrCeiIf:652] cei callback MSG_VOICE_DATA len = 234
2025-11-02 09:13:35.729 30538-27527 RecognitionService      com.babelstream                      I  ACTION_STATUS: SDKLog[LOG_LEVEL_VERBOSE]: V 2025-11-02 09:13:35.728898 [iDST::AsrCeiIf:652] cei callback MSG_VOICE_DATA len = 234
2025-11-02 09:13:35.729 30538-27527 iDST::AsrCeiIf:652      com.babelstream                      V  cei callback MSG_VOICE_DATA len = 234
2025-11-02 09:13:35.730 30538-27530 SdkGummyClient          com.babelstream                      D  sdklog[LOG_LEVEL_ERROR]: E 2025-11-02 09:13:35.730160 [iDST::NlsSt:501] send voice with null sdk request
2025-11-02 09:13:35.730 30538-27530 RecognitionService      com.babelstream                      I  status=SDKLog[LOG_LEVEL_ERROR]: E 2025-11-02 09:13:35.730160 [iDST::NlsSt:501] send voice with null sdk request
2025-11-02 09:13:35.730 30538-27530 RecognitionService      com.babelstream                      I  ACTION_STATUS: SDKLog[LOG_LEVEL_ERROR]: E 2025-11-02 09:13:35.730160 [iDST::NlsSt:501] send voice with null sdk request
2025-11-02 09:13:35.731 30538-27530 RecognitionService      com.babelstream                      E  error=SDK会话未建立：请检查API Key/网络/设备时间
2025-11-02 09:13:35.731 30538-27530 RecognitionService      com.babelstream                      I  ACTION_STATUS: SDK会话未建立：请检查API Key/网络/设备时间
2025-11-02 09:13:35.731 30538-27530 iDST::NlsSt:501         com.babelstream                      E  send voice with null sdk request
2025-11-02 09:13:35.799 30538-27532 SdkGummyClient          com.babelstream                      V  rms=-55.99813
2025-11-02 09:13:35.799 30538-27532 AlsCei::As...Impl, Main com.babelstream                      W  ved does not exist, skip ...
2025-11-02 09:13:35.800 30538-27532 SdkGummyClient          com.babelstream                      V  rms=-55.234795
2025-11-02 09:13:35.800 30538-27532 AlsCei::As...Impl, Main com.babelstream                      W  ved does not exist, skip ...
2025-11-02 09:13:35.801 30538-27532 SdkGummyClient          com.babelstream                      V  rms=-55.36441
2025-11-02 09:13:35.801 30538-27532 AlsCei::As...Impl, Main com.babelstream                      W  ved does not exist, skip ...
2025-11-02 09:13:35.802 30538-27532 SdkGummyClient          com.babelstream                      V  rms=-55.56517
2025-11-02 09:13:35.803 30538-27532 AlsCei::As...Impl, Main com.babelstream                      W  ved does not exist, skip ...
2025-11-02 09:13:35.809  2313-4027  PerfShielderService     system_server                        D  com.babelstream|com.babelstream/com.babelstream.MainActivity|75|269611036685014|25|5|6
2025-11-02 09:13:35.810  8192-19036 MiuiPerfServiceClient   com.miui.daemon                      W  interceptAndQueuing:30538|com.babelstream|75|25|269611036685014|Slow issue draw commands|6
2025-11-02 09:13:35.830 30538-26054 RenderInspector         com.babelstream                      W  DequeueBuffer time out on com.babelstream/com.babelstream.MainActivity, count=16, avg=9 ms, max=15 ms.
2025-11-02 09:13:35.877 30538-27532 SdkGummyClient          com.babelstream                      V  rms=-52.20388
2025-11-02 09:13:35.877 30538-27532 AlsCei::As...Impl, Main com.babelstream                      W  ved does not exist, skip ...
2025-11-02 09:13:35.877 30538-27532 SdkGummyClient          com.babelstream                      V  rms=-52.198193
2025-11-02 09:13:35.877 30538-27532 AlsCei::As...Impl, Main com.babelstream                      W  ved does not exist, skip ...
2025-11-02 09:13:35.878 30538-27532 SdkGummyClient          com.babelstream                      V  rms=-52.110386
2025-11-02 09:13:35.878 30538-27532 AlsCei::As...Impl, Main com.babelstream                      W  ved does not exist, skip ...
2025-11-02 09:13:35.878 30538-27532 SdkGummyClient          com.babelstream                      V  rms=-51.030132
2025-11-02 09:13:35.878 30538-27532 AlsCei::As...Impl, Main com.babelstream                      W  ved does not exist, skip ...
2025-11-02 09:13:35.880 30538-27535 AlsCei::SdkListener     com.babelstream                      V  OnVoiceData: 234 bytes
2025-11-02 09:13:35.881 30538-27535 SdkGummyClient          com.babelstream                      D  sdklog[LOG_LEVEL_VERBOSE]: V 2025-11-02 09:13:35.881058 [iDST::AsrCeiIf:743] cei OnVoiceData with 234bytes
2025-11-02 09:13:35.881 30538-27535 RecognitionService      com.babelstream                      I  status=SDKLog[LOG_LEVEL_VERBOSE]: V 2025-11-02 09:13:35.881058 [iDST::AsrCeiIf:743] cei OnVoiceData with 234bytes
2025-11-02 09:13:35.884 30538-27535 RecognitionService      com.babelstream                      I  ACTION_STATUS: SDKLog[LOG_LEVEL_VERBOSE]: V 2025-11-02 09:13:35.881058 [iDST::AsrCeiIf:743] cei OnVoiceData with 234bytes
2025-11-02 09:13:35.884 30538-27535 iDST::AsrCeiIf:743      com.babelstream                      V  cei OnVoiceData with 234bytes
2025-11-02 09:13:35.884 30538-27535 AlsCei::SdkListener     com.babelstream                      V  OnVoiceData: 234 bytes finished
2025-11-02 09:13:35.884 30538-27527 SdkGummyClient          com.babelstream                      D  sdklog[LOG_LEVEL_VERBOSE]: V 2025-11-02 09:13:35.884647 [iDST::AsrCeiIf:652] cei callback MSG_VOICE_DATA len = 234
2025-11-02 09:13:35.884 30538-27527 RecognitionService      com.babelstream                      I  status=SDKLog[LOG_LEVEL_VERBOSE]: V 2025-11-02 09:13:35.884647 [iDST::AsrCeiIf:652] cei callback MSG_VOICE_DATA len = 234
2025-11-02 09:13:35.886 30538-27527 RecognitionService      com.babelstream                      I  ACTION_STATUS: SDKLog[LOG_LEVEL_VERBOSE]: V 2025-11-02 09:13:35.884647 [iDST::AsrCeiIf:652] cei callback MSG_VOICE_DATA len = 234
2025-11-02 09:13:35.886 30538-27527 iDST::AsrCeiIf:652      com.babelstream                      V  cei callback MSG_VOICE_DATA len = 234
2025-11-02 09:13:35.886 30538-27530 SdkGummyClient          com.babelstream                      D  sdklog[LOG_LEVEL_ERROR]: E 2025-11-02 09:13:35.886409 [iDST::NlsSt:501] send voice with null sdk request
2025-11-02 09:13:35.886 30538-27530 RecognitionService      com.babelstream                      I  status=SDKLog[LOG_LEVEL_ERROR]: E 2025-11-02 09:13:35.886409 [iDST::NlsSt:501] send voice with null sdk request
2025-11-02 09:13:35.887 30538-27530 RecognitionService      com.babelstream                      I  ACTION_STATUS: SDKLog[LOG_LEVEL_ERROR]: E 2025-11-02 09:13:35.886409 [iDST::NlsSt:501] send voice with null sdk request
2025-11-02 09:13:35.887 30538-27530 RecognitionService      com.babelstream                      E  error=SDK会话未建立：请检查API Key/网络/设备时间
2025-11-02 09:13:35.888 30538-27530 RecognitionService      com.babelstream                      I  ACTION_STATUS: SDK会话未建立：请检查API Key/网络/设备时间
2025-11-02 09:13:35.888 30538-27530 iDST::NlsSt:501         com.babelstream                      E  send voice with null sdk request
2025-11-02 09:13:35.976 30538-27532 SdkGummyClient          com.babelstream                      V  rms=-55.56428
2025-11-02 09:13:35.977 30538-27532 AlsCei::As...Impl, Main com.babelstream                      W  ved does not exist, skip ...
2025-11-02 09:13:35.978 30538-27532 SdkGummyClient          com.babelstream                      V  rms=-59.284172
2025-11-02 09:13:35.978 30538-27532 AlsCei::As...Impl, Main com.babelstream                      W  ved does not exist, skip ...
2025-11-02 09:13:35.979 30538-27532 SdkGummyClient          com.babelstream                      V  rms=-73.53829
2025-11-02 09:13:35.979 30538-27532 AlsCei::As...Impl, Main com.babelstream                      W  ved does not exist, skip ...
2025-11-02 09:13:35.979 30538-27532 SdkGummyClient          com.babelstream                      V  rms=-95.47566
2025-11-02 09:13:35.979 30538-27532 AlsCei::As...Impl, Main com.babelstream                      W  ved does not exist, skip ...
2025-11-02 09:13:35.980 30538-27532 SdkGummyClient          com.babelstream                      V  rms=-102.29711
2025-11-02 09:13:35.980 30538-27532 AlsCei::As...Impl, Main com.babelstream                      W  ved does not exist, skip ...
2025-11-02 09:13:35.985 30538-27535 AlsCei::SdkListener     com.babelstream                      V  OnVoiceData: 291 bytes
2025-11-02 09:13:35.985 30538-27535 SdkGummyClient          com.babelstream                      D  sdklog[LOG_LEVEL_VERBOSE]: V 2025-11-02 09:13:35.985679 [iDST::AsrCeiIf:743] cei OnVoiceData with 291bytes
2025-11-02 09:13:35.985 30538-27535 RecognitionService      com.babelstream                      I  status=SDKLog[LOG_LEVEL_VERBOSE]: V 2025-11-02 09:13:35.985679 [iDST::AsrCeiIf:743] cei OnVoiceData with 291bytes
2025-11-02 09:13:35.986 30538-27535 RecognitionService      com.babelstream                      I  ACTION_STATUS: SDKLog[LOG_LEVEL_VERBOSE]: V 2025-11-02 09:13:35.985679 [iDST::AsrCeiIf:743] cei OnVoiceData with 291bytes
