2025-11-02 09:13:35.986 30538-27535 iDST::AsrCeiIf:743      com.babelstream                      V  cei OnVoiceData with 291bytes
2025-11-02 09:13:35.986 30538-27535 AlsCei::SdkListener     com.babelstream                      V  OnVoiceData: 291 bytes finished
2025-11-02 09:13:35.987 30538-27527 SdkGummyClient          com.babelstream                      D  sdklog[LOG_LEVEL_VERBOSE]: V 2025-11-02 09:13:35.986921 [iDST::AsrCeiIf:652] cei callback MSG_VOICE_DATA len = 291
2025-11-02 09:13:35.987 30538-27527 RecognitionService      com.babelstream                      I  status=SDKLog[LOG_LEVEL_VERBOSE]: V 2025-11-02 09:13:35.986921 [iDST::AsrCeiIf:652] cei callback MSG_VOICE_DATA len = 291
2025-11-02 09:13:35.987 30538-27527 RecognitionService      com.babelstream                      I  ACTION_STATUS: SDKLog[LOG_LEVEL_VERBOSE]: V 2025-11-02 09:13:35.986921 [iDST::AsrCeiIf:652] cei callback MSG_VOICE_DATA len = 291
2025-11-02 09:13:35.987 30538-27527 iDST::AsrCeiIf:652      com.babelstream                      V  cei callback MSG_VOICE_DATA len = 291
2025-11-02 09:13:35.988 30538-27530 SdkGummyClient          com.babelstream                      D  sdklog[LOG_LEVEL_ERROR]: E 2025-11-02 09:13:35.988010 [iDST::NlsSt:501] send voice with null sdk request
2025-11-02 09:13:35.988 30538-27530 RecognitionService      com.babelstream                      I  status=SDKLog[LOG_LEVEL_ERROR]: E 2025-11-02 09:13:35.988010 [iDST::NlsSt:501] send voice with null sdk request
2025-11-02 09:13:35.988 30538-27530 RecognitionService      com.babelstream                      I  ACTION_STATUS: SDKLog[LOG_LEVEL_ERROR]: E 2025-11-02 09:13:35.988010 [iDST::NlsSt:501] send voice with null sdk request
2025-11-02 09:13:35.988 30538-27530 RecognitionService      com.babelstream                      E  error=SDK会话未建立：请检查API Key/网络/设备时间
2025-11-02 09:13:35.989 30538-27530 RecognitionService      com.babelstream                      I  ACTION_STATUS: SDK会话未建立：请检查API Key/网络/设备时间
2025-11-02 09:13:35.989 30538-27530 iDST::NlsSt:501         com.babelstream                      E  send voice with null sdk request
2025-11-02 09:13:36.021 30538-26054 RenderInspector         com.babelstream                      W  DequeueBuffer time out on com.babelstream/com.babelstream.MainActivity, count=3, avg=9 ms, max=10 ms.
2025-11-02 09:13:36.053 30538-27513 AudioCaptureManager     com.babelstream                      I  level=38
2025-11-02 09:13:36.058 30538-27532 SdkGummyClient          com.babelstream                      V  rms=-111.64608
2025-11-02 09:13:36.058 30538-27532 AlsCei::As...Impl, Main com.babelstream                      W  ved does not exist, skip ...
2025-11-02 09:13:36.058 30538-27532 SdkGummyClient          com.babelstream                      V  rms=-104.48225
2025-11-02 09:13:36.058 30538-27532 AlsCei::As...Impl, Main com.babelstream                      W  ved does not exist, skip ...
2025-11-02 09:13:36.058 30538-27532 SdkGummyClient          com.babelstream                      V  rms=-67.428116
2025-11-02 09:13:36.058 30538-27532 AlsCei::As...Impl, Main com.babelstream                      W  ved does not exist, skip ...
2025-11-02 09:13:36.059 30538-27532 SdkGummyClient          com.babelstream                      V  rms=-64.474556
2025-11-02 09:13:36.059 30538-27532 AlsCei::As...Impl, Main com.babelstream                      W  ved does not exist, skip ...
2025-11-02 09:13:36.067 30538-27535 AlsCei::SdkListener     com.babelstream                      V  OnVoiceData: 212 bytes
2025-11-02 09:13:36.068 30538-27535 SdkGummyClient          com.babelstream                      D  sdklog[LOG_LEVEL_VERBOSE]: V 2025-11-02 09:13:36.068071 [iDST::AsrCeiIf:743] cei OnVoiceData with 212bytes
2025-11-02 09:13:36.068 30538-27535 RecognitionService      com.babelstream                      I  status=SDKLog[LOG_LEVEL_VERBOSE]: V 2025-11-02 09:13:36.068071 [iDST::AsrCeiIf:743] cei OnVoiceData with 212bytes
2025-11-02 09:13:36.070 30538-27535 RecognitionService      com.babelstream                      I  ACTION_STATUS: SDKLog[LOG_LEVEL_VERBOSE]: V 2025-11-02 09:13:36.068071 [iDST::AsrCeiIf:743] cei OnVoiceData with 212bytes
2025-11-02 09:13:36.070 30538-27535 iDST::AsrCeiIf:743      com.babelstream                      V  cei OnVoiceData with 212bytes
2025-11-02 09:13:36.070 30538-27535 AlsCei::SdkListener     com.babelstream                      V  OnVoiceData: 212 bytes finished
2025-11-02 09:13:36.070 30538-27527 SdkGummyClient          com.babelstream                      D  sdklog[LOG_LEVEL_VERBOSE]: V 2025-11-02 09:13:36.070859 [iDST::AsrCeiIf:652] cei callback MSG_VOICE_DATA len = 212
2025-11-02 09:13:36.071 30538-27527 RecognitionService      com.babelstream                      I  status=SDKLog[LOG_LEVEL_VERBOSE]: V 2025-11-02 09:13:36.070859 [iDST::AsrCeiIf:652] cei callback MSG_VOICE_DATA len = 212
2025-11-02 09:13:36.071 30538-27527 RecognitionService      com.babelstream                      I  ACTION_STATUS: SDKLog[LOG_LEVEL_VERBOSE]: V 2025-11-02 09:13:36.070859 [iDST::AsrCeiIf:652] cei callback MSG_VOICE_DATA len = 212
2025-11-02 09:13:36.071 30538-27527 iDST::AsrCeiIf:652      com.babelstream                      V  cei callback MSG_VOICE_DATA len = 212
2025-11-02 09:13:36.072 30538-27530 SdkGummyClient          com.babelstream                      D  sdklog[LOG_LEVEL_ERROR]: E 2025-11-02 09:13:36.072265 [iDST::NlsSt:501] send voice with null sdk request
2025-11-02 09:13:36.072 30538-27530 RecognitionService      com.babelstream                      I  status=SDKLog[LOG_LEVEL_ERROR]: E 2025-11-02 09:13:36.072265 [iDST::NlsSt:501] send voice with null sdk request
2025-11-02 09:13:36.074 30538-27530 RecognitionService      com.babelstream                      I  ACTION_STATUS: SDKLog[LOG_LEVEL_ERROR]: E 2025-11-02 09:13:36.072265 [iDST::NlsSt:501] send voice with null sdk request
2025-11-02 09:13:36.074 30538-27530 RecognitionService      com.babelstream                      E  error=SDK会话未建立：请检查API Key/网络/设备时间
2025-11-02 09:13:36.074 30538-27530 RecognitionService      com.babelstream                      I  ACTION_STATUS: SDK会话未建立：请检查API Key/网络/设备时间
2025-11-02 09:13:36.074 30538-27530 iDST::NlsSt:501         com.babelstream                      E  send voice with null sdk request
2025-11-02 09:13:36.135 30538-27513 RecognitionService      com.babelstream                      I  level=37
2025-11-02 09:13:36.136 30538-27532 SdkGummyClient          com.babelstream                      V  rms=-69.224815
2025-11-02 09:13:36.136 30538-27532 AlsCei::As...Impl, Main com.babelstream                      W  ved does not exist, skip ...
2025-11-02 09:13:36.137 30538-27532 SdkGummyClient          com.babelstream                      V  rms=-70.822495
2025-11-02 09:13:36.137 30538-27532 AlsCei::As...Impl, Main com.babelstream                      W  ved does not exist, skip ...
2025-11-02 09:13:36.138 30538-27532 SdkGummyClient          com.babelstream                      V  rms=-74.048775
2025-11-02 09:13:36.138 30538-27532 AlsCei::As...Impl, Main com.babelstream                      W  ved does not exist, skip ...
2025-11-02 09:13:36.138 30538-27532 SdkGummyClient          com.babelstream                      V  rms=-71.00934
2025-11-02 09:13:36.138 30538-27532 AlsCei::As...Impl, Main com.babelstream                      W  ved does not exist, skip ...
2025-11-02 09:13:36.163 30538-26054 RenderInspector         com.babelstream                      W  DequeueBuffer time out on com.babelstream/com.babelstream.MainActivity, count=7, avg=9 ms, max=9 ms.
2025-11-02 09:13:36.216 30538-27532 SdkGummyClient          com.babelstream                      V  rms=-75.81927
2025-11-02 09:13:36.216 30538-27532 AlsCei::As...Impl, Main com.babelstream                      W  ved does not exist, skip ...
2025-11-02 09:13:36.216 30538-27532 SdkGummyClient          com.babelstream                      V  rms=-84.013275
2025-11-02 09:13:36.216 30538-27532 AlsCei::As...Impl, Main com.babelstream                      W  ved does not exist, skip ...
2025-11-02 09:13:36.216 30538-27532 SdkGummyClient          com.babelstream                      V  rms=-81.05324
2025-11-02 09:13:36.216 30538-27532 AlsCei::As...Impl, Main com.babelstream                      W  ved does not exist, skip ...
2025-11-02 09:13:36.216 30538-27532 SdkGummyClient          com.babelstream                      V  rms=-85.19999
2025-11-02 09:13:36.217 30538-27532 AlsCei::As...Impl, Main com.babelstream                      W  ved does not exist, skip ...
2025-11-02 09:13:36.217 30538-27532 SdkGummyClient          com.babelstream                      V  rms=-96.378296
2025-11-02 09:13:36.217 30538-27532 AlsCei::As...Impl, Main com.babelstream                      W  ved does not exist, skip ...
2025-11-02 09:13:36.233 30538-27535 AlsCei::SdkListener     com.babelstream                      V  OnVoiceData: 340 bytes
2025-11-02 09:13:36.233 30538-27535 SdkGummyClient          com.babelstream                      D  sdklog[LOG_LEVEL_VERBOSE]: V 2025-11-02 09:13:36.233391 [iDST::AsrCeiIf:743] cei OnVoiceData with 340bytes
2025-11-02 09:13:36.233 30538-27535 RecognitionService      com.babelstream                      I  status=SDKLog[LOG_LEVEL_VERBOSE]: V 2025-11-02 09:13:36.233391 [iDST::AsrCeiIf:743] cei OnVoiceData with 340bytes
2025-11-02 09:13:36.237 30538-27535 RecognitionService      com.babelstream                      I  ACTION_STATUS: SDKLog[LOG_LEVEL_VERBOSE]: V 2025-11-02 09:13:36.233391 [iDST::AsrCeiIf:743] cei OnVoiceData with 340bytes
2025-11-02 09:13:36.237 30538-27535 iDST::AsrCeiIf:743      com.babelstream                      V  cei OnVoiceData with 340bytes
2025-11-02 09:13:36.237 30538-27535 AlsCei::SdkListener     com.babelstream                      V  OnVoiceData: 340 bytes finished
2025-11-02 09:13:36.237 30538-27527 SdkGummyClient          com.babelstream                      D  sdklog[LOG_LEVEL_VERBOSE]: V 2025-11-02 09:13:36.237604 [iDST::AsrCeiIf:652] cei callback MSG_VOICE_DATA len = 340
2025-11-02 09:13:36.237 30538-27527 RecognitionService      com.babelstream                      I  status=SDKLog[LOG_LEVEL_VERBOSE]: V 2025-11-02 09:13:36.237604 [iDST::AsrCeiIf:652] cei callback MSG_VOICE_DATA len = 340
2025-11-02 09:13:36.238 30538-27527 RecognitionService      com.babelstream                      I  ACTION_STATUS: SDKLog[LOG_LEVEL_VERBOSE]: V 2025-11-02 09:13:36.237604 [iDST::AsrCeiIf:652] cei callback MSG_VOICE_DATA len = 340
2025-11-02 09:13:36.238 30538-27527 iDST::AsrCeiIf:652      com.babelstream                      V  cei callback MSG_VOICE_DATA len = 340
2025-11-02 09:13:36.239 30538-27530 SdkGummyClient          com.babelstream                      D  sdklog[LOG_LEVEL_ERROR]: E 2025-11-02 09:13:36.238877 [iDST::NlsSt:501] send voice with null sdk request
2025-11-02 09:13:36.239 30538-27530 RecognitionService      com.babelstream                      I  status=SDKLog[LOG_LEVEL_ERROR]: E 2025-11-02 09:13:36.238877 [iDST::NlsSt:501] send voice with null sdk request
2025-11-02 09:13:36.239 30538-27530 RecognitionService      com.babelstream                      I  ACTION_STATUS: SDKLog[LOG_LEVEL_ERROR]: E 2025-11-02 09:13:36.238877 [iDST::NlsSt:501] send voice with null sdk request
2025-11-02 09:13:36.239 30538-27530 RecognitionService      com.babelstream                      E  error=SDK会话未建立：请检查API Key/网络/设备时间
2025-11-02 09:13:36.240 30538-27530 RecognitionService      com.babelstream                      I  ACTION_STATUS: SDK会话未建立：请检查API Key/网络/设备时间
2025-11-02 09:13:36.240 30538-27530 iDST::NlsSt:501         com.babelstream                      E  send voice with null sdk request
2025-11-02 09:13:36.316 30538-27532 SdkGummyClient          com.babelstream                      V  rms=-110.22229
2025-11-02 09:13:36.316 30538-27532 AlsCei::As...Impl, Main com.babelstream                      W  ved does not exist, skip ...
2025-11-02 09:13:36.316 30538-27532 SdkGummyClient          com.babelstream                      V  rms=-116.48235
2025-11-02 09:13:36.316 30538-27532 AlsCei::As...Impl, Main com.babelstream                      W  ved does not exist, skip ...
2025-11-02 09:13:36.317 30538-27532 SdkGummyClient          com.babelstream                      V  rms=-108.09876
2025-11-02 09:13:36.317 30538-27532 AlsCei::As...Impl, Main com.babelstream                      W  ved does not exist, skip ...
2025-11-02 09:13:36.317 30538-27532 SdkGummyClient          com.babelstream                      V  rms=-98.54742
2025-11-02 09:13:36.317 30538-27532 AlsCei::As...Impl, Main com.babelstream                      W  ved does not exist, skip ...
2025-11-02 09:13:36.394 30538-27532 SdkGummyClient          com.babelstream                      V  rms=-90.81465
2025-11-02 09:13:36.394 30538-27532 AlsCei::As...Impl, Main com.babelstream                      W  ved does not exist, skip ...
2025-11-02 09:13:36.395 30538-27532 SdkGummyClient          com.babelstream                      V  rms=-88.52926
2025-11-02 09:13:36.395 30538-27532 AlsCei::As...Impl, Main com.babelstream                      W  ved does not exist, skip ...
2025-11-02 09:13:36.395 30538-27532 SdkGummyClient          com.babelstream                      V  rms=-90.40576
2025-11-02 09:13:36.395 30538-27532 AlsCei::As...Impl, Main com.babelstream                      W  ved does not exist, skip ...
2025-11-02 09:13:36.396 30538-27532 SdkGummyClient          com.babelstream                      V  rms=-83.38136
2025-11-02 09:13:36.396 30538-27532 AlsCei::As...Impl, Main com.babelstream                      W  ved does not exist, skip ...
2025-11-02 09:13:36.400 30538-27535 AlsCei::SdkListener     com.babelstream                      V  OnVoiceData: 300 bytes
2025-11-02 09:13:36.401 30538-27535 SdkGummyClient          com.babelstream                      D  sdklog[LOG_LEVEL_VERBOSE]: V 2025-11-02 09:13:36.400971 [iDST::AsrCeiIf:743] cei OnVoiceData with 300bytes
2025-11-02 09:13:36.401 30538-27535 RecognitionService      com.babelstream                      I  status=SDKLog[LOG_LEVEL_VERBOSE]: V 2025-11-02 09:13:36.400971 [iDST::AsrCeiIf:743] cei OnVoiceData with 300bytes
2025-11-02 09:13:36.402 30538-27535 RecognitionService      com.babelstream                      I  ACTION_STATUS: SDKLog[LOG_LEVEL_VERBOSE]: V 2025-11-02 09:13:36.400971 [iDST::AsrCeiIf:743] cei OnVoiceData with 300bytes
2025-11-02 09:13:36.402 30538-27535 iDST::AsrCeiIf:743      com.babelstream                      V  cei OnVoiceData with 300bytes
2025-11-02 09:13:36.402 30538-27535 AlsCei::SdkListener     com.babelstream                      V  OnVoiceData: 300 bytes finished
2025-11-02 09:13:36.402 30538-27527 SdkGummyClient          com.babelstream                      D  sdklog[LOG_LEVEL_VERBOSE]: V 2025-11-02 09:13:36.402621 [iDST::AsrCeiIf:652] cei callback MSG_VOICE_DATA len = 300
2025-11-02 09:13:36.402 30538-27527 RecognitionService      com.babelstream                      I  status=SDKLog[LOG_LEVEL_VERBOSE]: V 2025-11-02 09:13:36.402621 [iDST::AsrCeiIf:652] cei callback MSG_VOICE_DATA len = 300
2025-11-02 09:13:36.403 30538-27527 RecognitionService      com.babelstream                      I  ACTION_STATUS: SDKLog[LOG_LEVEL_VERBOSE]: V 2025-11-02 09:13:36.402621 [iDST::AsrCeiIf:652] cei callback MSG_VOICE_DATA len = 300
2025-11-02 09:13:36.403 30538-27527 iDST::AsrCeiIf:652      com.babelstream                      V  cei callback MSG_VOICE_DATA len = 300
2025-11-02 09:13:36.403 30538-27530 SdkGummyClient          com.babelstream                      D  sdklog[LOG_LEVEL_ERROR]: E 2025-11-02 09:13:36.403738 [iDST::NlsSt:501] send voice with null sdk request
2025-11-02 09:13:36.403 30538-27530 RecognitionService      com.babelstream                      I  status=SDKLog[LOG_LEVEL_ERROR]: E 2025-11-02 09:13:36.403738 [iDST::NlsSt:501] send voice with null sdk request
2025-11-02 09:13:36.404 30538-27530 RecognitionService      com.babelstream                      I  ACTION_STATUS: SDKLog[LOG_LEVEL_ERROR]: E 2025-11-02 09:13:36.403738 [iDST::NlsSt:501] send voice with null sdk request
2025-11-02 09:13:36.404 30538-27530 RecognitionService      com.babelstream                      E  error=SDK会话未建立：请检查API Key/网络/设备时间
2025-11-02 09:13:36.404 30538-27530 RecognitionService      com.babelstream                      I  ACTION_STATUS: SDK会话未建立：请检查API Key/网络/设备时间
2025-11-02 09:13:36.404 30538-27530 iDST::NlsSt:501         com.babelstream                      E  send voice with null sdk request
2025-11-02 09:13:36.478 30538-27532 SdkGummyClient          com.babelstream                      V  rms=-68.17903
2025-11-02 09:13:36.478 30538-27532 AlsCei::As...Impl, Main com.babelstream                      W  ved does not exist, skip ...
2025-11-02 09:13:36.479 30538-27532 SdkGummyClient          com.babelstream                      V  rms=-64.38901
2025-11-02 09:13:36.479 30538-27532 AlsCei::As...Impl, Main com.babelstream                      W  ved does not exist, skip ...
2025-11-02 09:13:36.479 30538-27532 SdkGummyClient          com.babelstream                      V  rms=-61.37412
2025-11-02 09:13:36.479 30538-27532 AlsCei::As...Impl, Main com.babelstream                      W  ved does not exist, skip ...
2025-11-02 09:13:36.480 30538-27532 SdkGummyClient          com.babelstream                      V  rms=-54.632732
2025-11-02 09:13:36.480 30538-27532 AlsCei::As...Impl, Main com.babelstream                      W  ved does not exist, skip ...
2025-11-02 09:13:36.577 30538-27532 SdkGummyClient          com.babelstream                      V  rms=-65.21076
2025-11-02 09:13:36.578 30538-27532 AlsCei::As...Impl, Main com.babelstream                      W  ved does not exist, skip ...
2025-11-02 09:13:36.578 30538-27532 SdkGummyClient          com.babelstream                      V  rms=-70.55671
2025-11-02 09:13:36.578 30538-27532 AlsCei::As...Impl, Main com.babelstream                      W  ved does not exist, skip ...
2025-11-02 09:13:36.578 30538-27532 SdkGummyClient          com.babelstream                      V  rms=-73.095764
2025-11-02 09:13:36.579 30538-27532 AlsCei::As...Impl, Main com.babelstream                      W  ved does not exist, skip ...
2025-11-02 09:13:36.579 30538-27532 SdkGummyClient          com.babelstream                      V  rms=-67.23969
2025-11-02 09:13:36.579 30538-27532 AlsCei::As...Impl, Main com.babelstream                      W  ved does not exist, skip ...
2025-11-02 09:13:36.579 30538-27532 SdkGummyClient          com.babelstream                      V  rms=-55.62198
2025-11-02 09:13:36.579 30538-27532 AlsCei::As...Impl, Main com.babelstream                      W  ved does not exist, skip ...
2025-11-02 09:13:36.586 30538-27535 AlsCei::SdkListener     com.babelstream                      V  OnVoiceData: 456 bytes
2025-11-02 09:13:36.586 30538-27535 SdkGummyClient          com.babelstream                      D  sdklog[LOG_LEVEL_VERBOSE]: V 2025-11-02 09:13:36.586169 [iDST::AsrCeiIf:743] cei OnVoiceData with 456bytes
2025-11-02 09:13:36.586 30538-27535 RecognitionService      com.babelstream                      I  status=SDKLog[LOG_LEVEL_VERBOSE]: V 2025-11-02 09:13:36.586169 [iDST::AsrCeiIf:743] cei OnVoiceData with 456bytes
2025-11-02 09:13:36.588 30538-27535 RecognitionService      com.babelstream                      I  ACTION_STATUS: SDKLog[LOG_LEVEL_VERBOSE]: V 2025-11-02 09:13:36.586169 [iDST::AsrCeiIf:743] cei OnVoiceData with 456bytes
2025-11-02 09:13:36.589 30538-27535 iDST::AsrCeiIf:743      com.babelstream                      V  cei OnVoiceData with 456bytes
2025-11-02 09:13:36.589 30538-27535 AlsCei::SdkListener     com.babelstream                      V  OnVoiceData: 456 bytes finished
2025-11-02 09:13:36.589 30538-27527 SdkGummyClient          com.babelstream                      D  sdklog[LOG_LEVEL_VERBOSE]: V 2025-11-02 09:13:36.589403 [iDST::AsrCeiIf:652] cei callback MSG_VOICE_DATA len = 456
2025-11-02 09:13:36.589 30538-27527 RecognitionService      com.babelstream                      I  status=SDKLog[LOG_LEVEL_VERBOSE]: V 2025-11-02 09:13:36.589403 [iDST::AsrCeiIf:652] cei callback MSG_VOICE_DATA len = 456
2025-11-02 09:13:36.590 30538-27527 RecognitionService      com.babelstream                      I  ACTION_STATUS: SDKLog[LOG_LEVEL_VERBOSE]: V 2025-11-02 09:13:36.589403 [iDST::AsrCeiIf:652] cei callback MSG_VOICE_DATA len = 456
2025-11-02 09:13:36.590 30538-27527 iDST::AsrCeiIf:652      com.babelstream                      V  cei callback MSG_VOICE_DATA len = 456
2025-11-02 09:13:36.590 30538-27530 SdkGummyClient          com.babelstream                      D  sdklog[LOG_LEVEL_ERROR]: E 2025-11-02 09:13:36.590552 [iDST::NlsSt:501] send voice with null sdk request
2025-11-02 09:13:36.590 30538-27530 RecognitionService      com.babelstream                      I  status=SDKLog[LOG_LEVEL_ERROR]: E 2025-11-02 09:13:36.590552 [iDST::NlsSt:501] send voice with null sdk request
2025-11-02 09:13:36.591 30538-27530 RecognitionService      com.babelstream                      I  ACTION_STATUS: SDKLog[LOG_LEVEL_ERROR]: E 2025-11-02 09:13:36.590552 [iDST::NlsSt:501] send voice with null sdk request
2025-11-02 09:13:36.591 30538-27530 RecognitionService      com.babelstream                      E  error=SDK会话未建立：请检查API Key/网络/设备时间
2025-11-02 09:13:36.592 30538-27530 RecognitionService      com.babelstream                      I  ACTION_STATUS: SDK会话未建立：请检查API Key/网络/设备时间
2025-11-02 09:13:36.592 30538-27530 iDST::NlsSt:501         com.babelstream                      E  send voice with null sdk request
2025-11-02 09:13:36.656 30538-27532 SdkGummyClient          com.babelstream                      V  rms=-61.896442
2025-11-02 09:13:36.657 30538-27532 AlsCei::As...Impl, Main com.babelstream                      W  ved does not exist, skip ...
2025-11-02 09:13:36.657 30538-27532 SdkGummyClient          com.babelstream                      V  rms=-66.6718
2025-11-02 09:13:36.657 30538-27532 AlsCei::As...Impl, Main com.babelstream                      W  ved does not exist, skip ...
2025-11-02 09:13:36.657 30538-27532 SdkGummyClient          com.babelstream                      V  rms=-74.70963
2025-11-02 09:13:36.657 30538-27532 AlsCei::As...Impl, Main com.babelstream                      W  ved does not exist, skip ...
2025-11-02 09:13:36.658 30538-27532 SdkGummyClient          com.babelstream                      V  rms=-76.683395
2025-11-02 09:13:36.658 30538-27532 AlsCei::As...Impl, Main com.babelstream                      W  ved does not exist, skip ...
2025-11-02 09:13:36.735 30538-27532 SdkGummyClient          com.babelstream                      V  rms=-58.962345
2025-11-02 09:13:36.735 30538-27532 AlsCei::As...Impl, Main com.babelstream                      W  ved does not exist, skip ...
2025-11-02 09:13:36.735 30538-27532 SdkGummyClient          com.babelstream                      V  rms=-49.22277
2025-11-02 09:13:36.735 30538-27532 AlsCei::As...Impl, Main com.babelstream                      W  ved does not exist, skip ...
2025-11-02 09:13:36.736 30538-27532 SdkGummyClient          com.babelstream                      V  rms=-52.747288
2025-11-02 09:13:36.736 30538-27532 AlsCei::As...Impl, Main com.babelstream                      W  ved does not exist, skip ...
2025-11-02 09:13:36.736 30538-27532 SdkGummyClient          com.babelstream                      V  rms=-58.824146
2025-11-02 09:13:36.736 30538-27532 AlsCei::As...Impl, Main com.babelstream                      W  ved does not exist, skip ...
2025-11-02 09:13:36.748  2313-4027  PerfShielderService     system_server                        D  com.babelstream|com.babelstream/com.babelstream.MainActivity|137|269611971752931|27|5|12
2025-11-02 09:13:36.748  8192-19036 MiuiPerfServiceClient   com.miui.daemon                      W  interceptAndQueuing:30538|com.babelstream|137|27|269611971752931|Slow issue draw commands|12
2025-11-02 09:13:36.751 30538-27535 AlsCei::SdkListener     com.babelstream                      V  OnVoiceData: 336 bytes
2025-11-02 09:13:36.752 30538-27535 SdkGummyClient          com.babelstream                      D  sdklog[LOG_LEVEL_VERBOSE]: V 2025-11-02 09:13:36.751744 [iDST::AsrCeiIf:743] cei OnVoiceData with 336bytes
2025-11-02 09:13:36.752 30538-27535 RecognitionService      com.babelstream                      I  status=SDKLog[LOG_LEVEL_VERBOSE]: V 2025-11-02 09:13:36.751744 [iDST::AsrCeiIf:743] cei OnVoiceData with 336bytes
2025-11-02 09:13:36.755 30538-27535 RecognitionService      com.babelstream                      I  ACTION_STATUS: SDKLog[LOG_LEVEL_VERBOSE]: V 2025-11-02 09:13:36.751744 [iDST::AsrCeiIf:743] cei OnVoiceData with 336bytes
2025-11-02 09:13:36.755 30538-27535 iDST::AsrCeiIf:743      com.babelstream                      V  cei OnVoiceData with 336bytes
2025-11-02 09:13:36.756 30538-27535 AlsCei::SdkListener     com.babelstream                      V  OnVoiceData: 336 bytes finished
2025-11-02 09:13:36.756 30538-27527 SdkGummyClient          com.babelstream                      D  sdklog[LOG_LEVEL_VERBOSE]: V 2025-11-02 09:13:36.756096 [iDST::AsrCeiIf:652] cei callback MSG_VOICE_DATA len = 336
2025-11-02 09:13:36.756 30538-27527 RecognitionService      com.babelstream                      I  status=SDKLog[LOG_LEVEL_VERBOSE]: V 2025-11-02 09:13:36.756096 [iDST::AsrCeiIf:652] cei callback MSG_VOICE_DATA len = 336
2025-11-02 09:13:36.758 30538-27527 RecognitionService      com.babelstream                      I  ACTION_STATUS: SDKLog[LOG_LEVEL_VERBOSE]: V 2025-11-02 09:13:36.756096 [iDST::AsrCeiIf:652] cei callback MSG_VOICE_DATA len = 336
2025-11-02 09:13:36.758 30538-27527 iDST::AsrCeiIf:652      com.babelstream                      V  cei callback MSG_VOICE_DATA len = 336
2025-11-02 09:13:36.759 30538-27530 SdkGummyClient          com.babelstream                      D  sdklog[LOG_LEVEL_ERROR]: E 2025-11-02 09:13:36.758764 [iDST::NlsSt:501] send voice with null sdk request
2025-11-02 09:13:36.759 30538-27530 RecognitionService      com.babelstream                      I  status=SDKLog[LOG_LEVEL_ERROR]: E 2025-11-02 09:13:36.758764 [iDST::NlsSt:501] send voice with null sdk request
2025-11-02 09:13:36.760 30538-27530 RecognitionService      com.babelstream                      I  ACTION_STATUS: SDKLog[LOG_LEVEL_ERROR]: E 2025-11-02 09:13:36.758764 [iDST::NlsSt:501] send voice with null sdk request
2025-11-02 09:13:36.760 30538-27530 RecognitionService      com.babelstream                      E  error=SDK会话未建立：请检查API Key/网络/设备时间
2025-11-02 09:13:36.761 30538-27530 RecognitionService      com.babelstream                      I  ACTION_STATUS: SDK会话未建立：请检查API Key/网络/设备时间
2025-11-02 09:13:36.761 30538-27530 iDST::NlsSt:501         com.babelstream                      E  send voice with null sdk request
2025-11-02 09:13:36.819 30538-27532 SdkGummyClient          com.babelstream                      V  rms=-70.43398
2025-11-02 09:13:36.819 30538-27532 AlsCei::As...Impl, Main com.babelstream                      W  ved does not exist, skip ...
2025-11-02 09:13:36.819 30538-27532 SdkGummyClient          com.babelstream                      V  rms=-84.518684
2025-11-02 09:13:36.819 30538-27532 AlsCei::As...Impl, Main com.babelstream                      W  ved does not exist, skip ...
2025-11-02 09:13:36.820 30538-27532 SdkGummyClient          com.babelstream                      V  rms=-101.11331
2025-11-02 09:13:36.820 30538-27532 AlsCei::As...Impl, Main com.babelstream                      W  ved does not exist, skip ...
2025-11-02 09:13:36.822 30538-27532 SdkGummyClient          com.babelstream                      V  rms=-109.09456
2025-11-02 09:13:36.822 30538-27532 AlsCei::As...Impl, Main com.babelstream                      W  ved does not exist, skip ...
2025-11-02 09:13:36.915 30538-27532 SdkGummyClient          com.babelstream                      V  rms=-110.9218
2025-11-02 09:13:36.915 30538-27532 AlsCei::As...Impl, Main com.babelstream                      W  ved does not exist, skip ...
2025-11-02 09:13:36.915 30538-27532 SdkGummyClient          com.babelstream                      V  rms=-110.55434
2025-11-02 09:13:36.915 30538-27532 AlsCei::As...Impl, Main com.babelstream                      W  ved does not exist, skip ...
2025-11-02 09:13:36.916 30538-27532 SdkGummyClient          com.babelstream                      V  rms=-118.24467
2025-11-02 09:13:36.916 30538-27532 AlsCei::As...Impl, Main com.babelstream                      W  ved does not exist, skip ...
2025-11-02 09:13:36.917 30538-27532 SdkGummyClient          com.babelstream                      V  rms=-82.899506
2025-11-02 09:13:36.917 30538-27532 AlsCei::As...Impl, Main com.babelstream                      W  ved does not exist, skip ...
2025-11-02 09:13:36.918 30538-27532 SdkGummyClient          com.babelstream                      V  rms=-57.078182
2025-11-02 09:13:36.918 30538-27532 AlsCei::As...Impl, Main com.babelstream                      W  ved does not exist, skip ...
2025-11-02 09:13:36.919 30538-27535 AlsCei::SdkListener     com.babelstream                      V  OnVoiceData: 333 bytes
2025-11-02 09:13:36.920 30538-27535 SdkGummyClient          com.babelstream                      D  sdklog[LOG_LEVEL_VERBOSE]: V 2025-11-02 09:13:36.920124 [iDST::AsrCeiIf:743] cei OnVoiceData with 333bytes
2025-11-02 09:13:36.921 30538-27535 RecognitionService      com.babelstream                      I  status=SDKLog[LOG_LEVEL_VERBOSE]: V 2025-11-02 09:13:36.920124 [iDST::AsrCeiIf:743] cei OnVoiceData with 333bytes
2025-11-02 09:13:36.924  2313-5758  PerfShielderService     system_server                        D  com.babelstream|com.babelstream/com.babelstream.MainActivity|72|269612140167566|33|5|5
2025-11-02 09:13:36.924 30538-27535 RecognitionService      com.babelstream                      I  ACTION_STATUS: SDKLog[LOG_LEVEL_VERBOSE]: V 2025-11-02 09:13:36.920124 [iDST::AsrCeiIf:743] cei OnVoiceData with 333bytes
2025-11-02 09:13:36.924 30538-27535 iDST::AsrCeiIf:743      com.babelstream                      V  cei OnVoiceData with 333bytes
2025-11-02 09:13:36.925  8192-19036 MiuiPerfServiceClient   com.miui.daemon                      W  interceptAndQueuing:30538|com.babelstream|72|33|269612140167566|Slow issue draw commands|5
2025-11-02 09:13:36.925 30538-27535 AlsCei::SdkListener     com.babelstream                      V  OnVoiceData: 333 bytes finished
2025-11-02 09:13:36.925 30538-27527 SdkGummyClient          com.babelstream                      D  sdklog[LOG_LEVEL_VERBOSE]: V 2025-11-02 09:13:36.925275 [iDST::AsrCeiIf:652] cei callback MSG_VOICE_DATA len = 333
2025-11-02 09:13:36.925 30538-27527 RecognitionService      com.babelstream                      I  status=SDKLog[LOG_LEVEL_VERBOSE]: V 2025-11-02 09:13:36.925275 [iDST::AsrCeiIf:652] cei callback MSG_VOICE_DATA len = 333
2025-11-02 09:13:36.926 30538-27527 RecognitionService      com.babelstream                      I  ACTION_STATUS: SDKLog[LOG_LEVEL_VERBOSE]: V 2025-11-02 09:13:36.925275 [iDST::AsrCeiIf:652] cei callback MSG_VOICE_DATA len = 333
2025-11-02 09:13:36.926 30538-27527 iDST::AsrCeiIf:652      com.babelstream                      V  cei callback MSG_VOICE_DATA len = 333
2025-11-02 09:13:36.927 30538-27530 SdkGummyClient          com.babelstream                      D  sdklog[LOG_LEVEL_ERROR]: E 2025-11-02 09:13:36.927081 [iDST::NlsSt:501] send voice with null sdk request
2025-11-02 09:13:36.927 30538-27530 RecognitionService      com.babelstream                      I  status=SDKLog[LOG_LEVEL_ERROR]: E 2025-11-02 09:13:36.927081 [iDST::NlsSt:501] send voice with null sdk request
2025-11-02 09:13:36.928 30538-27530 RecognitionService      com.babelstream                      I  ACTION_STATUS: SDKLog[LOG_LEVEL_ERROR]: E 2025-11-02 09:13:36.927081 [iDST::NlsSt:501] send voice with null sdk request
2025-11-02 09:13:36.928 30538-27530 RecognitionService      com.babelstream                      E  error=SDK会话未建立：请检查API Key/网络/设备时间
2025-11-02 09:13:36.929 30538-27530 RecognitionService      com.babelstream                      I  ACTION_STATUS: SDK会话未建立：请检查API Key/网络/设备时间
2025-11-02 09:13:36.929 30538-27530 iDST::NlsSt:501         com.babelstream                      E  send voice with null sdk request
2025-11-02 09:13:36.995 30538-27532 SdkGummyClient          com.babelstream                      V  rms=-53.397984
2025-11-02 09:13:36.995 30538-27532 AlsCei::As...Impl, Main com.babelstream                      W  ved does not exist, skip ...
2025-11-02 09:13:36.996 30538-27532 SdkGummyClient          com.babelstream                      V  rms=-54.30702
2025-11-02 09:13:36.996 30538-27532 AlsCei::As...Impl, Main com.babelstream                      W  ved does not exist, skip ...
2025-11-02 09:13:36.996 30538-27532 AlsCei::As...Impl, Main com.babelstream                      I  utterance rtf: 0.002500, average rtf: 0.000000, round: 0, frame: 100
2025-11-02 09:13:36.996 30538-27532 SdkGummyClient          com.babelstream                      D  sdklog[LOG_LEVEL_INFO]: I 2025-11-02 09:13:36.996205 [iDST::RecorderManager:542] Recording 100frames
2025-11-02 09:13:36.996 30538-27532 RecognitionService      com.babelstream                      I  status=SDKLog[LOG_LEVEL_INFO]: I 2025-11-02 09:13:36.996205 [iDST::RecorderManager:542] Recording 100frames
2025-11-02 09:13:36.997 30538-27532 RecognitionService      com.babelstream                      I  ACTION_STATUS: SDKLog[LOG_LEVEL_INFO]: I 2025-11-02 09:13:36.996205 [iDST::RecorderManager:542] Recording 100frames
2025-11-02 09:13:36.997 30538-27532 iDST::Reco...anager:542 com.babelstream                      I  Recording 100frames
2025-11-02 09:13:36.998 30538-27532 SdkGummyClient          com.babelstream                      V  rms=-52.199177
2025-11-02 09:13:36.998 30538-27532 AlsCei::As...Impl, Main com.babelstream                      W  ved does not exist, skip ...
2025-11-02 09:13:36.998 30538-27532 SdkGummyClient          com.babelstream                      V  rms=-64.68578
2025-11-02 09:13:36.998 30538-27532 AlsCei::As...Impl, Main com.babelstream                      W  ved does not exist, skip ...
2025-11-02 09:13:37.000 30538-27534 AlsSdk::AliOpus         com.babelstream                      I  utterance rtf: 0.010500, average rtf: 0.000000, round: 0, frame: 100
2025-11-02 09:13:37.074 30538-27513 AudioCaptureManager     com.babelstream                      I  level=38
2025-11-02 09:13:37.076 30538-27532 SdkGummyClient          com.babelstream                      V  rms=-67.483154
2025-11-02 09:13:37.076 30538-27532 AlsCei::As...Impl, Main com.babelstream                      W  ved does not exist, skip ...
2025-11-02 09:13:37.076 30538-27532 SdkGummyClient          com.babelstream                      V  rms=-66.76089
2025-11-02 09:13:37.076 30538-27532 AlsCei::As...Impl, Main com.babelstream                      W  ved does not exist, skip ...
2025-11-02 09:13:37.077 30538-27532 SdkGummyClient          com.babelstream                      V  rms=-66.8543
2025-11-02 09:13:37.077 30538-27532 AlsCei::As...Impl, Main com.babelstream                      W  ved does not exist, skip ...
2025-11-02 09:13:37.077 30538-27532 SdkGummyClient          com.babelstream                      V  rms=-71.88747
2025-11-02 09:13:37.078 30538-27532 AlsCei::As...Impl, Main com.babelstream                      W  ved does not exist, skip ...
2025-11-02 09:13:37.087 30538-27535 AlsCei::SdkListener     com.babelstream                      V  OnVoiceData: 333 bytes
2025-11-02 09:13:37.087 30538-27535 SdkGummyClient          com.babelstream                      D  sdklog[LOG_LEVEL_VERBOSE]: V 2025-11-02 09:13:37.087481 [iDST::AsrCeiIf:743] cei OnVoiceData with 333bytes
2025-11-02 09:13:37.087 30538-27535 RecognitionService      com.babelstream                      I  status=SDKLog[LOG_LEVEL_VERBOSE]: V 2025-11-02 09:13:37.087481 [iDST::AsrCeiIf:743] cei OnVoiceData with 333bytes
2025-11-02 09:13:37.090 30538-27535 RecognitionService      com.babelstream                      I  ACTION_STATUS: SDKLog[LOG_LEVEL_VERBOSE]: V 2025-11-02 09:13:37.087481 [iDST::AsrCeiIf:743] cei OnVoiceData with 333bytes
2025-11-02 09:13:37.091 30538-27535 iDST::AsrCeiIf:743      com.babelstream                      V  cei OnVoiceData with 333bytes
2025-11-02 09:13:37.091 30538-27535 AlsCei::SdkListener     com.babelstream                      V  OnVoiceData: 333 bytes finished
2025-11-02 09:13:37.092 30538-27527 SdkGummyClient          com.babelstream                      D  sdklog[LOG_LEVEL_VERBOSE]: V 2025-11-02 09:13:37.091818 [iDST::AsrCeiIf:652] cei callback MSG_VOICE_DATA len = 333
2025-11-02 09:13:37.092 30538-27527 RecognitionService      com.babelstream                      I  status=SDKLog[LOG_LEVEL_VERBOSE]: V 2025-11-02 09:13:37.091818 [iDST::AsrCeiIf:652] cei callback MSG_VOICE_DATA len = 333
2025-11-02 09:13:37.093 30538-27527 RecognitionService      com.babelstream                      I  ACTION_STATUS: SDKLog[LOG_LEVEL_VERBOSE]: V 2025-11-02 09:13:37.091818 [iDST::AsrCeiIf:652] cei callback MSG_VOICE_DATA len = 333
2025-11-02 09:13:37.094 30538-27527 iDST::AsrCeiIf:652      com.babelstream                      V  cei callback MSG_VOICE_DATA len = 333
2025-11-02 09:13:37.094 30538-27530 SdkGummyClient          com.babelstream                      D  sdklog[LOG_LEVEL_ERROR]: E 2025-11-02 09:13:37.094577 [iDST::NlsSt:501] send voice with null sdk request
2025-11-02 09:13:37.095 30538-27530 RecognitionService      com.babelstream                      I  status=SDKLog[LOG_LEVEL_ERROR]: E 2025-11-02 09:13:37.094577 [iDST::NlsSt:501] send voice with null sdk request
2025-11-02 09:13:37.096 30538-27530 RecognitionService      com.babelstream                      I  ACTION_STATUS: SDKLog[LOG_LEVEL_ERROR]: E 2025-11-02 09:13:37.094577 [iDST::NlsSt:501] send voice with null sdk request
2025-11-02 09:13:37.096 30538-27530 RecognitionService      com.babelstream                      E  error=SDK会话未建立：请检查API Key/网络/设备时间
2025-11-02 09:13:37.098 30538-27530 RecognitionService      com.babelstream                      I  ACTION_STATUS: SDK会话未建立：请检查API Key/网络/设备时间
2025-11-02 09:13:37.098 30538-27530 iDST::NlsSt:501         com.babelstream                      E  send voice with null sdk request
2025-11-02 09:13:37.155 30538-27532 SdkGummyClient          com.babelstream                      V  rms=-79.09006
2025-11-02 09:13:37.156 30538-27532 AlsCei::As...Impl, Main com.babelstream                      W  ved does not exist, skip ...
2025-11-02 09:13:37.156 30538-27532 SdkGummyClient          com.babelstream                      V  rms=-92.18929
2025-11-02 09:13:37.156 30538-27532 AlsCei::As...Impl, Main com.babelstream                      W  ved does not exist, skip ...
2025-11-02 09:13:37.156 30538-27532 SdkGummyClient          com.babelstream                      V  rms=-99.60956
2025-11-02 09:13:37.157 30538-27532 AlsCei::As...Impl, Main com.babelstream                      W  ved does not exist, skip ...
2025-11-02 09:13:37.157 30538-27532 SdkGummyClient          com.babelstream                      V  rms=-113.56125
2025-11-02 09:13:37.157 30538-27532 AlsCei::As...Impl, Main com.babelstream                      W  ved does not exist, skip ...
2025-11-02 09:13:37.255 30538-27532 SdkGummyClient          com.babelstream                      V  rms=-126.18439
2025-11-02 09:13:37.255 30538-27532 AlsCei::As...Impl, Main com.babelstream                      W  ved does not exist, skip ...
2025-11-02 09:13:37.255 30538-27513 RecognitionService      com.babelstream                      I  level=34
2025-11-02 09:13:37.256 30538-27532 SdkGummyClient          com.babelstream                      V  rms=-115.88881
2025-11-02 09:13:37.256 30538-27532 AlsCei::As...Impl, Main com.babelstream                      W  ved does not exist, skip ...
2025-11-02 09:13:37.257 30538-27532 SdkGummyClient          com.babelstream                      V  rms=-115.44872
2025-11-02 09:13:37.257 30538-27532 AlsCei::As...Impl, Main com.babelstream                      W  ved does not exist, skip ...
2025-11-02 09:13:37.258 30538-27532 SdkGummyClient          com.babelstream                      V  rms=-73.882996
2025-11-02 09:13:37.258 30538-27532 AlsCei::As...Impl, Main com.babelstream                      W  ved does not exist, skip ...
2025-11-02 09:13:37.259 30538-27532 SdkGummyClient          com.babelstream                      V  rms=-64.22128
2025-11-02 09:13:37.259 30538-27532 AlsCei::As...Impl, Main com.babelstream                      W  ved does not exist, skip ...
2025-11-02 09:13:37.265  2313-4734  PerfShielderService     system_server                        D  com.babelstream|com.babelstream/com.babelstream.MainActivity|79|269612488135795|26|5|6
2025-11-02 09:13:37.266  8192-19036 MiuiPerfServiceClient   com.miui.daemon                      W  interceptAndQueuing:30538|com.babelstream|79|26|269612488135795|Slow issue draw commands|6
2025-11-02 09:13:37.268 30538-27535 AlsCei::SdkListener     com.babelstream                      V  OnVoiceData: 333 bytes
2025-11-02 09:13:37.268 30538-27535 SdkGummyClient          com.babelstream                      D  sdklog[LOG_LEVEL_VERBOSE]: V 2025-11-02 09:13:37.268785 [iDST::AsrCeiIf:743] cei OnVoiceData with 333bytes
2025-11-02 09:13:37.268 30538-27535 RecognitionService      com.babelstream                      I  status=SDKLog[LOG_LEVEL_VERBOSE]: V 2025-11-02 09:13:37.268785 [iDST::AsrCeiIf:743] cei OnVoiceData with 333bytes
2025-11-02 09:13:37.269 30538-27535 RecognitionService      com.babelstream                      I  ACTION_STATUS: SDKLog[LOG_LEVEL_VERBOSE]: V 2025-11-02 09:13:37.268785 [iDST::AsrCeiIf:743] cei OnVoiceData with 333bytes
2025-11-02 09:13:37.269 30538-27535 iDST::AsrCeiIf:743      com.babelstream                      V  cei OnVoiceData with 333bytes
2025-11-02 09:13:37.270 30538-27535 AlsCei::SdkListener     com.babelstream                      V  OnVoiceData: 333 bytes finished
2025-11-02 09:13:37.270 30538-27527 SdkGummyClient          com.babelstream                      D  sdklog[LOG_LEVEL_VERBOSE]: V 2025-11-02 09:13:37.270213 [iDST::AsrCeiIf:652] cei callback MSG_VOICE_DATA len = 333
2025-11-02 09:13:37.270 30538-27527 RecognitionService      com.babelstream                      I  status=SDKLog[LOG_LEVEL_VERBOSE]: V 2025-11-02 09:13:37.270213 [iDST::AsrCeiIf:652] cei callback MSG_VOICE_DATA len = 333
2025-11-02 09:13:37.271 30538-27527 RecognitionService      com.babelstream                      I  ACTION_STATUS: SDKLog[LOG_LEVEL_VERBOSE]: V 2025-11-02 09:13:37.270213 [iDST::AsrCeiIf:652] cei callback MSG_VOICE_DATA len = 333
2025-11-02 09:13:37.271 30538-27527 iDST::AsrCeiIf:652      com.babelstream                      V  cei callback MSG_VOICE_DATA len = 333
2025-11-02 09:13:37.271 30538-27530 SdkGummyClient          com.babelstream                      D  sdklog[LOG_LEVEL_ERROR]: E 2025-11-02 09:13:37.271515 [iDST::NlsSt:501] send voice with null sdk request
2025-11-02 09:13:37.271 30538-27530 RecognitionService      com.babelstream                      I  status=SDKLog[LOG_LEVEL_ERROR]: E 2025-11-02 09:13:37.271515 [iDST::NlsSt:501] send voice with null sdk request
2025-11-02 09:13:37.272 30538-27530 RecognitionService      com.babelstream                      I  ACTION_STATUS: SDKLog[LOG_LEVEL_ERROR]: E 2025-11-02 09:13:37.271515 [iDST::NlsSt:501] send voice with null sdk request
2025-11-02 09:13:37.272 30538-27530 RecognitionService      com.babelstream                      E  error=SDK会话未建立：请检查API Key/网络/设备时间
2025-11-02 09:13:37.273 30538-27530 RecognitionService      com.babelstream                      I  ACTION_STATUS: SDK会话未建立：请检查API Key/网络/设备时间
2025-11-02 09:13:37.273 30538-27530 iDST::NlsSt:501         com.babelstream                      E  send voice with null sdk request
2025-11-02 09:13:37.286 30538-26054 RenderInspector         com.babelstream                      W  DequeueBuffer time out on com.babelstream/com.babelstream.MainActivity, count=54, avg=8 ms, max=17 ms.
2025-11-02 09:13:37.337 30538-27532 SdkGummyClient          com.babelstream                      V  rms=-63.44482
2025-11-02 09:13:37.337 30538-27532 AlsCei::As...Impl, Main com.babelstream                      W  ved does not exist, skip ...
2025-11-02 09:13:37.337 30538-27532 SdkGummyClient          com.babelstream                      V  rms=-60.195026
2025-11-02 09:13:37.338 30538-27532 AlsCei::As...Impl, Main com.babelstream                      W  ved does not exist, skip ...
2025-11-02 09:13:37.338 30538-27532 SdkGummyClient          com.babelstream                      V  rms=-58.36639
2025-11-02 09:13:37.338 30538-27532 AlsCei::As...Impl, Main com.babelstream                      W  ved does not exist, skip ...
2025-11-02 09:13:37.338 30538-27532 SdkGummyClient          com.babelstream                      V  rms=-58.72468
2025-11-02 09:13:37.338 30538-27532 AlsCei::As...Impl, Main com.babelstream                      W  ved does not exist, skip ...
2025-11-02 09:13:37.415 30538-27532 SdkGummyClient          com.babelstream                      V  rms=-57.017784
2025-11-02 09:13:37.416 30538-27532 AlsCei::As...Impl, Main com.babelstream                      W  ved does not exist, skip ...
2025-11-02 09:13:37.416 30538-27532 SdkGummyClient          com.babelstream                      V  rms=-58.35904
2025-11-02 09:13:37.416 30538-27532 AlsCei::As...Impl, Main com.babelstream                      W  ved does not exist, skip ...
2025-11-02 09:13:37.416 30538-27532 SdkGummyClient          com.babelstream                      V  rms=-57.597633
2025-11-02 09:13:37.416 30538-27532 AlsCei::As...Impl, Main com.babelstream                      W  ved does not exist, skip ...
2025-11-02 09:13:37.417 30538-27532 SdkGummyClient          com.babelstream                      V  rms=-49.807972
2025-11-02 09:13:37.417 30538-27532 AlsCei::As...Impl, Main com.babelstream                      W  ved does not exist, skip ...
2025-11-02 09:13:37.421 30538-27535 AlsCei::SdkListener     com.babelstream                      V  OnVoiceData: 334 bytes
2025-11-02 09:13:37.422 30538-27535 SdkGummyClient          com.babelstream                      D  sdklog[LOG_LEVEL_VERBOSE]: V 2025-11-02 09:13:37.422133 [iDST::AsrCeiIf:743] cei OnVoiceData with 334bytes
2025-11-02 09:13:37.422 30538-27535 RecognitionService      com.babelstream                      I  status=SDKLog[LOG_LEVEL_VERBOSE]: V 2025-11-02 09:13:37.422133 [iDST::AsrCeiIf:743] cei OnVoiceData with 334bytes
2025-11-02 09:13:37.424 30538-27535 RecognitionService      com.babelstream                      I  ACTION_STATUS: SDKLog[LOG_LEVEL_VERBOSE]: V 2025-11-02 09:13:37.422133 [iDST::AsrCeiIf:743] cei OnVoiceData with 334bytes
2025-11-02 09:13:37.424 30538-27535 iDST::AsrCeiIf:743      com.babelstream                      V  cei OnVoiceData with 334bytes
2025-11-02 09:13:37.424 30538-27535 AlsCei::SdkListener     com.babelstream                      V  OnVoiceData: 334 bytes finished
2025-11-02 09:13:37.424 30538-27527 SdkGummyClient          com.babelstream                      D  sdklog[LOG_LEVEL_VERBOSE]: V 2025-11-02 09:13:37.424681 [iDST::AsrCeiIf:652] cei callback MSG_VOICE_DATA len = 334
2025-11-02 09:13:37.425 30538-27527 RecognitionService      com.babelstream                      I  status=SDKLog[LOG_LEVEL_VERBOSE]: V 2025-11-02 09:13:37.424681 [iDST::AsrCeiIf:652] cei callback MSG_VOICE_DATA len = 334
2025-11-02 09:13:37.426 30538-27527 RecognitionService      com.babelstream                      I  ACTION_STATUS: SDKLog[LOG_LEVEL_VERBOSE]: V 2025-11-02 09:13:37.424681 [iDST::AsrCeiIf:652] cei callback MSG_VOICE_DATA len = 334
2025-11-02 09:13:37.426 30538-27527 iDST::AsrCeiIf:652      com.babelstream                      V  cei callback MSG_VOICE_DATA len = 334
2025-11-02 09:13:37.427 30538-27530 SdkGummyClient          com.babelstream                      D  sdklog[LOG_LEVEL_ERROR]: E 2025-11-02 09:13:37.426821 [iDST::NlsSt:501] send voice with null sdk request
2025-11-02 09:13:37.427 30538-27530 RecognitionService      com.babelstream                      I  status=SDKLog[LOG_LEVEL_ERROR]: E 2025-11-02 09:13:37.426821 [iDST::NlsSt:501] send voice with null sdk request
2025-11-02 09:13:37.428 30538-27530 RecognitionService      com.babelstream                      I  ACTION_STATUS: SDKLog[LOG_LEVEL_ERROR]: E 2025-11-02 09:13:37.426821 [iDST::NlsSt:501] send voice with null sdk request
2025-11-02 09:13:37.428 30538-27530 RecognitionService      com.babelstream                      E  error=SDK会话未建立：请检查API Key/网络/设备时间
2025-11-02 09:13:37.429 30538-27530 RecognitionService      com.babelstream                      I  ACTION_STATUS: SDK会话未建立：请检查API Key/网络/设备时间
2025-11-02 09:13:37.429 30538-27530 iDST::NlsSt:501         com.babelstream                      E  send voice with null sdk request
2025-11-02 09:13:37.495 30538-27532 SdkGummyClient          com.babelstream                      V  rms=-46.482895
2025-11-02 09:13:37.495 30538-27532 AlsCei::As...Impl, Main com.babelstream                      W  ved does not exist, skip ...
2025-11-02 09:13:37.495 30538-27532 SdkGummyClient          com.babelstream                      V  rms=-46.570835
2025-11-02 09:13:37.495 30538-27532 AlsCei::As...Impl, Main com.babelstream                      W  ved does not exist, skip ...
2025-11-02 09:13:37.496 30538-27532 SdkGummyClient          com.babelstream                      V  rms=-48.531437
2025-11-02 09:13:37.496 30538-27532 AlsCei::As...Impl, Main com.babelstream                      W  ved does not exist, skip ...
2025-11-02 09:13:37.496 30538-27532 SdkGummyClient          com.babelstream                      V  rms=-56.54632
2025-11-02 09:13:37.496 30538-27532 AlsCei::As...Impl, Main com.babelstream                      W  ved does not exist, skip ...
2025-11-02 09:13:37.496 30538-27532 SdkGummyClient          com.babelstream                      V  rms=-63.084312
